data/DailyScrapeLog.csv
ScrapingDate,ProductID,DiscountPercentage,SellingPrice,IsPromotional,UnitsSold
2026-03-17,P1004,0.0496,35553.87,0,0
2026-03-18,P1004,0.2566,27809.61,1,0
2026-03-19,P1004,0.1992,29957.41,1,1
2026-03-20,P1004,0.2349,28621.72,1,0
2026-03-21,P1004,0.2212,29135.03,1,1
2026-03-22,P1004,0.2204,29164.55,1,2
2026-03-23,P1004,0.184,30526.05,1,1
2026-03-24,P1004,0.0443,35751.37,0,0
2026-03-25,P1004,0.081,34377.38,0,0
2026-03-26,P1004,0.0463,35675.45,0,0
2026-03-27,P1004,0.0535,35407.42,0,0
2026-03-28,P1004,0.0284,36347.76,0,1
2026-03-29,P1004,0.0433,35788.17,0,1
2026-03-30,P1004,0.0315,36231.23,0,0
2026-03-31,P1004,0.0418,35845.88,0,1
2026-04-01,P1004,0.0369,36028.91,0,0
2026-04-02,P1004,0.0196,36674.33,0,1
2026-04-03,P1004,0.0449,35728.07,0,1
2026-04-04,P1004,0.0447,35736.02,0,0
2026-04-05,P1004,0.0353,36086.65,0,1
2026-04-06,P1004,0.027,36399.76,0,0
2026-04-07,P1004,0.1329,32435.12,1,3
2026-04-08,P1004,0.2639,27534.97,1,2
2026-04-09,P1004,0.2314,28753.22,1,3
2026-04-10,P1004,0.3347,24889.38,1,0
2026-04-11,P1004,0.2555,27850.81,1,1
2026-04-12,P1004,0.2768,27053.76,1,0
2026-04-13,P1004,0.0181,36730.89,0,0
2026-04-14,P1004,0.0439,35765.18,0,1
2026-04-15,P1004,0.043,35798.76,0,1
2026-04-16,P1004,0.0503,35527.91,0,0
2026-04-17,P1004,0.0393,35937.93,0,0
2026-04-18,P1004,0.0705,34770.76,0,0
2026-04-19,P1004,0.0218,36593.89,0,0
2026-04-20,P1004,0.0224,36571.89,0,0
2026-04-21,P1004,0.0638,35021.26,0,1
2026-04-22,P1004,0.054,35386.91,0,0
2026-04-23,P1004,0.0388,35955.62,0,0
2026-04-24,P1004,0.0392,35942.99,0,0
2026-04-25,P1004,0.3026,26087.41,1,1
2026-04-26,P1004,0.346,24466.98,1,1
2026-04-27,P1004,0.2831,26819.23,1,0
2026-04-28,P1004,0.2426,28332.33,1,2
2026-04-29,P1004,0.3198,25443.82,1,0
2026-04-30,P1004,0.1168,33040.06,1,0
2026-05-01,P1004,0.2052,29732.87,1,0
2026-05-02,P1004,0.2351,28612.2,1,1
2026-05-03,P1004,0.1903,30291.22,1,0
2026-05-04,P1004,0.0337,36149.3,0,0
2026-05-05,P1004,0.0369,36027.13,0,1
2026-05-06,P1004,0.0558,35321.18,0,0
2026-05-07,P1004,0.0492,35568.16,0,0
2026-05-08,P1004,0.0866,34168.82,0,0
2026-05-09,P1004,0.065,34976.99,0,0
2026-05-10,P1004,0.0423,35824.81,0,0
2026-05-11,P1004,0.0576,35252.04,0,0
2026-05-12,P1004,0.0492,35569.27,0,0
2026-05-13,P1004,0.0362,36055.37,0,0
2026-05-14,P1004,0.0529,35427.72,0,0
2026-05-15,P1004,0.0505,35518.89,0,0
2026-05-16,P1004,0.067,34902.58,0,0
2026-05-17,P1004,0.022,36587.27,0,0
2026-05-18,P1004,0.0227,36560.47,0,0
2026-05-19,P1004,0.0315,36229.19,0,0
2026-05-20,P1004,0.053,35425.01,0,0
2026-05-21,P1004,0.0593,35190.82,0,1
2026-05-22,P1004,0.0455,35705.89,0,0
2026-05-23,P1004,0.0363,36051.5,0,0
2026-05-24,P1004,0.0684,34850.65,0,0
2026-05-25,P1004,0.0481,35608.64,0,0
2026-05-26,P1004,0.047,35648.73,0,0
2026-05-27,P1004,0.0434,35786.01,0,0
2026-05-28,P1004,0.0204,36645.78,0,0
2026-05-29,P1004,0.0352,36092.11,0,0
2026-05-30,P1004,0.047,35651.31,0,0
2026-05-31,P1004,0.0329,36177.93,0,0
2026-06-01,P1004,0.0675,34881.7,0,0
2026-06-02,P1004,0.0481,35609.08,0,0
2026-06-03,P1004,0.0657,34950.63,0,0
2026-06-04,P1004,0.0447,35737.65,0,1
2026-06-05,P1004,0.0575,35258.03,0,0
2026-06-06,P1004,0.055,35351.29,0,0
2026-06-07,P1004,0.0524,35449.5,0,0
2026-06-08,P1004,0.0643,35003.64,0,0
2026-06-09,P1004,0.0411,35871.89,0,0
2026-06-10,P1004,0.0575,35258.26,0,0
2026-06-11,P1004,0.05,35536.62,0,1
2026-06-12,P1004,0.0452,35719.18,0,0
2026-06-13,P1004,0.0246,36487.52,0,1
2026-06-14,P1004,0.0164,36793.21,0,1
2026-06-15,P1004,0.047,35651.41,0,0
2026-06-16,P1004,0.0743,34627.42,0,0
2026-06-17,P1004,0.034,36135.02,0,0
2026-06-18,P1004,0.041,35875.32,0,0
2026-06-19,P1004,0.0699,34794.62,0,0
2026-06-20,P1004,0.0269,36402.45,0,0
2026-06-21,P1004,0.0493,35565.32,0,0
2026-06-22,P1004,0.0237,36523.38,0,0
2026-06-23,P1004,0.0523,35453.64,0,0
2026-06-24,P1004,0.0346,36114.61,0,0
2026-06-25,P1004,0.0528,35432.8,0,0
2026-06-26,P1004,0.0396,35928.79,0,0
2026-06-27,P1004,0.0356,36075.25,0,1
2026-06-28,P1004,0.0555,35331.66,0,1
2026-06-29,P1004,0.0834,34287.28,0,0
2026-06-30,P1004,0.0586,35216.7,0,0
2026-07-01,P1004,0.059,35202.08,0,0
2026-07-02,P1004,0.0268,36405.38,0,0
2026-07-03,P1004,0.0335,36155.02,0,0
2026-07-04,P1004,0.0867,34166.31,0,0
2026-07-05,P1004,0.0715,34733.51,0,0
2026-07-06,P1004,0.0662,34930.23,0,1
2026-07-07,P1004,0.0439,35765.58,0,0
2026-07-08,P1004,0.0416,35853.18,0,1
2026-07-09,P1004,0.0456,35702.09,0,1
2026-07-10,P1004,0.0426,35814.84,0,0
2026-07-11,P1004,0.0637,35025.55,0,0
2026-07-12,P1004,0.0624,35075.34,0,0
2026-07-13,P1004,0.0392,35942.72,0,1
2026-07-14,P1004,0.0401,35910.23,0,1
2026-03-17,P1005,0.1281,35814.35,0,0
2026-03-18,P1005,0.1671,34209.81,0,0
2026-03-19,P1005,0.1525,34808.49,0,1
2026-03-20,P1005,0.1697,34102.2,0,0
2026-03-21,P1005,0.1403,35312.08,0,0
2026-03-22,P1005,0.1497,34926.82,0,0
2026-03-23,P1005,0.1544,34731.95,0,0
2026-03-24,P1005,0.1392,35355.24,0,0
2026-03-25,P1005,0.1387,35378.34,0,0
2026-03-26,P1005,0.1431,35195.24,0,0
2026-03-27,P1005,0.1468,35043.73,0,0
2026-03-28,P1005,0.124,35981.06,0,0
2026-03-29,P1005,0.1312,35687.29,0,0
2026-03-30,P1005,0.1709,34054.79,0,0
2026-03-31,P1005,0.1401,35321.38,0,0
2026-04-01,P1005,0.1226,36038.96,0,0
2026-04-02,P1005,0.1355,35510.4,0,0
2026-04-03,P1005,0.1851,33472.91,0,0
2026-04-04,P1005,0.1298,35741.86,0,0
2026-04-05,P1005,0.1421,35238.26,0,0
2026-04-06,P1005,0.1231,36019.97,0,0
2026-04-07,P1005,0.1523,34817.78,0,0
2026-04-08,P1005,0.1633,34367.23,0,0
2026-04-09,P1005,0.1805,33658.72,0,0
2026-04-10,P1005,0.1492,34946.32,0,0
2026-04-11,P1005,0.1265,35878.17,0,0
2026-04-12,P1005,0.1312,35686.97,0,0
2026-04-13,P1005,0.1444,35144.16,0,1
2026-04-14,P1005,0.1376,35422.93,0,0
2026-04-15,P1005,0.1566,34641.79,0,1
2026-04-16,P1005,0.1317,35664.98,0,0
2026-04-17,P1005,0.1438,35167.72,0,1
2026-04-18,P1005,0.1579,34586.76,0,0
2026-04-19,P1005,0.1427,35212.1,0,1
2026-04-20,P1005,0.1679,34176.14,0,0
2026-04-21,P1005,0.1302,35724.32,0,0
2026-04-22,P1005,0.1389,35369.27,0,0
2026-04-23,P1005,0.1393,35351.93,0,0
2026-04-24,P1005,0.127,35856.7,0,0
2026-04-25,P1005,0.1529,34793.74,0,1
2026-04-26,P1005,0.1676,34188.32,0,0
2026-04-27,P1005,0.1561,34664.25,0,0
2026-04-28,P1005,0.1269,35859.94,0,0
2026-04-29,P1005,0.1708,34059.98,0,0
2026-04-30,P1005,0.1568,34634.64,0,0
2026-05-01,P1005,0.1352,35519.08,0,0
2026-05-02,P1005,0.132,35653.21,0,0
2026-05-03,P1005,0.1358,35495.22,0,0
2026-05-04,P1005,0.1475,35013.82,0,0
2026-05-05,P1005,0.1235,36000.03,0,1
2026-05-06,P1005,0.1565,34647.98,0,0
2026-05-07,P1005,0.1439,35162.36,0,0
2026-05-08,P1005,0.1516,34846.45,0,1
2026-05-09,P1005,0.1901,33265.0,0,0
2026-05-10,P1005,0.1606,34477.86,0,0
2026-05-11,P1005,0.1436,35176.59,0,0
2026-05-12,P1005,0.1271,35853.81,0,0
2026-05-13,P1005,0.1678,34180.73,0,0
2026-05-14,P1005,0.1389,35370.58,0,0
2026-05-15,P1005,0.1384,35387.51,0,3
2026-05-16,P1005,0.1556,34682.48,0,0
2026-05-17,P1005,0.1055,36741.98,0,0
2026-05-18,P1005,0.1288,35781.84,0,0
2026-05-19,P1005,0.169,34131.69,0,0
2026-05-20,P1005,0.2999,28755.91,1,0
2026-05-21,P1005,0.4604,22164.28,1,1
2026-05-22,P1005,0.4411,22954.39,1,1
2026-05-23,P1005,0.3584,26354.91,1,0
2026-05-24,P1005,0.3657,26051.56,1,0
2026-05-25,P1005,0.4101,24229.27,1,0
2026-05-26,P1005,0.3241,27763.49,1,0
2026-05-27,P1005,0.1252,35930.73,0,0
2026-05-28,P1005,0.1379,35409.7,0,0
2026-05-29,P1005,0.1641,34334.36,0,0
2026-05-30,P1005,0.1456,35093.05,0,1
2026-05-31,P1005,0.1398,35330.65,0,0
2026-06-01,P1005,0.1516,34847.74,0,0
2026-06-02,P1005,0.1464,35059.88,0,0
2026-06-03,P1005,0.115,36351.61,0,0
2026-06-04,P1005,0.1409,35285.42,0,0
2026-06-05,P1005,0.1199,36148.01,0,0
2026-06-06,P1005,0.1447,35131.24,0,0
2026-06-07,P1005,0.1278,35825.33,0,0
2026-06-08,P1005,0.1266,35876.04,0,0
2026-06-09,P1005,0.4458,22763.32,1,0
2026-06-10,P1005,0.4315,23350.61,1,0
2026-06-11,P1005,0.3789,25509.46,1,1
2026-06-12,P1005,0.3032,28620.27,1,1
2026-06-13,P1005,0.3839,25307.73,1,0
2026-06-14,P1005,0.39,25055.85,1,0
2026-06-15,P1005,0.1705,34072.56,0,0
2026-06-16,P1005,0.3261,27679.01,1,0
2026-06-17,P1005,0.309,28381.29,1,1
2026-06-18,P1005,0.3525,26597.03,1,0
2026-06-19,P1005,0.3768,25596.35,1,0
2026-06-20,P1005,0.3339,27359.83,1,0
2026-06-21,P1005,0.3335,27375.83,1,1
2026-06-22,P1005,0.3767,25602.79,1,0
2026-06-23,P1005,0.4521,22502.72,1,0
2026-06-24,P1005,0.2787,29627.46,1,0
2026-06-25,P1005,0.1417,35255.79,0,1
2026-06-26,P1005,0.1395,35344.63,0,0
2026-06-27,P1005,0.1415,35263.32,0,0
2026-06-28,P1005,0.1514,34855.28,0,0
2026-06-29,P1005,0.1313,35679.73,0,0
2026-06-30,P1005,0.1475,35016.41,0,0
2026-07-01,P1005,0.1367,35459.7,0,1
2026-07-02,P1005,0.163,34378.64,0,0
2026-07-03,P1005,0.1682,34167.57,0,0
2026-07-04,P1005,0.1385,35385.18,0,0
2026-07-05,P1005,0.1233,36009.26,0,0
2026-07-06,P1005,0.126,35900.75,0,0
2026-07-07,P1005,0.1404,35306.59,0,0
2026-07-08,P1005,0.1468,35044.85,0,0
2026-07-09,P1005,0.1527,34800.91,0,0
2026-07-10,P1005,0.1354,35513.26,0,0
2026-07-11,P1005,0.128,35818.46,0,0
2026-07-12,P1005,0.1302,35725.96,0,0
2026-07-13,P1005,0.1542,34742.61,0,2
2026-07-14,P1005,0.1315,35673.3,0,0
2026-03-17,P1006,0.0051,23496.41,0,0
2026-03-18,P1006,0.0051,23495.3,0,1
2026-03-19,P1006,0.0184,23181.06,0,0
2026-03-20,P1006,0.0,23616.66,0,0
2026-03-21,P1006,0.0025,23558.3,0,2
2026-03-22,P1006,0.0117,23341.2,0,0
2026-03-23,P1006,0.0097,23386.53,0,0
2026-03-24,P1006,0.2367,18027.69,1,0
2026-03-25,P1006,0.2589,17502.41,1,0
2026-03-26,P1006,0.0773,21790.72,1,1
2026-03-27,P1006,0.1094,21032.22,1,1
2026-03-28,P1006,0.1645,19732.73,1,1
2026-03-29,P1006,0.1776,19421.44,1,0
2026-03-30,P1006,0.2914,16734.12,1,1
2026-03-31,P1006,0.2903,16760.3,1,1
2026-04-01,P1006,0.0,23616.66,0,0
2026-04-02,P1006,0.0,23616.66,0,1
2026-04-03,P1006,0.0,23616.66,0,1
2026-04-04,P1006,0.0,23616.66,0,1
2026-04-05,P1006,0.0073,23444.45,0,1
2026-04-06,P1006,0.0206,23129.35,0,0
2026-04-07,P1006,0.0,23616.66,0,0
2026-04-08,P1006,0.0021,23567.08,0,0
2026-04-09,P1006,0.0,23616.66,0,0
2026-04-10,P1006,0.0044,23511.71,0,1
2026-04-11,P1006,0.0106,23365.26,0,0
2026-04-12,P1006,0.0061,23472.48,0,0
2026-04-13,P1006,0.0068,23455.16,0,0
2026-04-14,P1006,0.0,23616.66,0,1
2026-04-15,P1006,0.0,23616.66,0,0
2026-04-16,P1006,0.0154,23253.45,0,0
2026-04-17,P1006,0.0,23616.66,0,1
2026-04-18,P1006,0.0,23616.66,0,0
2026-04-19,P1006,0.0055,23485.59,0,0
2026-04-20,P1006,0.0113,23350.2,0,0
2026-04-21,P1006,0.0,23616.66,0,0
2026-04-22,P1006,0.0,23616.66,0,1
2026-04-23,P1006,0.0,23616.66,0,1
2026-04-24,P1006,0.0212,23116.7,0,0
2026-04-25,P1006,0.0151,23259.54,0,1
2026-04-26,P1006,0.0,23616.66,0,0
2026-04-27,P1006,0.0284,22945.01,0,1
2026-04-28,P1006,0.0336,22822.41,0,0
2026-04-29,P1006,0.0,23616.66,0,0
2026-04-30,P1006,0.0,23616.66,0,2
2026-05-01,P1006,0.0,23616.66,0,0
2026-05-02,P1006,0.0002,23611.65,0,1
2026-05-03,P1006,0.0,23616.66,0,1
2026-05-04,P1006,0.0,23616.66,0,1
2026-05-05,P1006,0.0088,23408.18,0,0
2026-05-06,P1006,0.0,23616.66,0,1
2026-05-07,P1006,0.0054,23489.01,0,0
2026-05-08,P1006,0.001,23593.92,0,0
2026-05-09,P1006,0.0155,23250.85,0,0
2026-05-10,P1006,0.0,23616.66,0,0
2026-05-11,P1006,0.0153,23255.14,0,0
2026-05-12,P1006,0.0169,23218.5,0,0
2026-05-13,P1006,0.0179,23193.1,0,0
2026-05-14,P1006,0.0107,23362.87,0,0
2026-05-15,P1006,0.006,23475.78,0,0
2026-05-16,P1006,0.0034,23536.63,0,0
2026-05-17,P1006,0.0,23616.66,0,1
2026-05-18,P1006,0.0,23616.66,0,0
2026-05-19,P1006,0.0148,23267.59,0,0
2026-05-20,P1006,0.0,23616.66,0,0
2026-05-21,P1006,0.0,23616.66,0,0
2026-05-22,P1006,0.0,23616.66,0,0
2026-05-23,P1006,0.0323,22853.18,0,0
2026-05-24,P1006,0.014,23285.54,0,0
2026-05-25,P1006,0.0053,23491.75,0,1
2026-05-26,P1006,0.0,23616.66,0,0
2026-05-27,P1006,0.0045,23509.47,0,0
2026-05-28,P1006,0.0,23616.66,0,0
2026-05-29,P1006,0.0,23616.66,0,1
2026-05-30,P1006,0.0,23616.66,0,0
2026-05-31,P1006,0.0222,23092.41,0,0
2026-06-01,P1006,0.0153,23256.49,0,0
2026-06-02,P1006,0.0,23616.66,0,0
2026-06-03,P1006,0.0,23616.66,0,1
2026-06-04,P1006,0.0,23616.66,0,0
2026-06-05,P1006,0.0019,23572.79,0,0
2026-06-06,P1006,0.0,23616.66,0,1
2026-06-07,P1006,0.0,23616.66,0,0
2026-06-08,P1006,0.0,23616.66,0,0
2026-06-09,P1006,0.0,23616.66,0,0
2026-06-10,P1006,0.0199,23145.84,0,0
2026-06-11,P1006,0.0,23616.66,0,0
2026-06-12,P1006,0.0048,23502.25,0,0
2026-06-13,P1006,0.0045,23509.28,0,1
2026-06-14,P1006,0.0,23616.66,0,0
2026-06-15,P1006,0.0,23616.66,0,0
2026-06-16,P1006,0.0,23616.66,0,0
2026-06-17,P1006,0.0,23616.66,0,0
2026-06-18,P1006,0.0139,23289.25,0,0
2026-06-19,P1006,0.0,23616.66,0,0
2026-06-20,P1006,0.0,23616.66,0,1
2026-06-21,P1006,0.0,23616.66,0,0
2026-06-22,P1006,0.0,23616.66,0,0
2026-06-23,P1006,0.0079,23429.28,0,1
2026-06-24,P1006,0.0,23616.66,0,0
2026-06-25,P1006,0.0074,23442.24,0,1
2026-06-26,P1006,0.0,23616.66,0,0
2026-06-27,P1006,0.0015,23581.49,0,1
2026-06-28,P1006,0.0,23616.66,0,0
2026-06-29,P1006,0.2557,17576.85,1,0
2026-06-30,P1006,0.2791,17025.36,1,0
2026-07-01,P1006,0.1731,19527.78,1,0
2026-07-02,P1006,0.1757,19467.3,1,0
2026-07-03,P1006,0.1901,19126.83,1,1
2026-07-04,P1006,0.1474,20136.12,1,1
2026-07-05,P1006,0.0094,23393.8,0,0
2026-07-06,P1006,0.0,23616.66,0,0
2026-07-07,P1006,0.0,23616.66,0,0
2026-07-08,P1006,0.0097,23386.42,0,0
2026-07-09,P1006,0.0001,23615.22,0,0
2026-07-10,P1006,0.0072,23446.83,0,0
2026-07-11,P1006,0.0206,23130.52,0,0
2026-07-12,P1006,0.0,23616.66,0,0
2026-07-13,P1006,0.0037,23528.29,0,0
2026-07-14,P1006,0.0406,22658.95,0,0
2026-03-17,P1007,0.0017,11044.55,0,0
2026-03-18,P1007,0.0,11063.19,0,0
2026-03-19,P1007,0.0051,11006.47,0,0
2026-03-20,P1007,0.0,11063.19,0,1
2026-03-21,P1007,0.0,11063.19,0,0
2026-03-22,P1007,0.0,11063.19,0,0
2026-03-23,P1007,0.0,11063.19,0,0
2026-03-24,P1007,0.0108,10944.09,0,0
2026-03-25,P1007,0.0036,11023.4,0,0
2026-03-26,P1007,0.0197,10845.75,0,0
2026-03-27,P1007,0.0035,11024.11,0,1
2026-03-28,P1007,0.0147,10901.11,0,0
2026-03-29,P1007,0.0044,11013.97,0,0
2026-03-30,P1007,0.0,11063.19,0,1
2026-03-31,P1007,0.0063,10992.98,0,0
2026-04-01,P1007,0.0141,10907.09,0,0
2026-04-02,P1007,0.0,11063.19,0,0
2026-04-03,P1007,0.0053,11005.02,0,0
2026-04-04,P1007,0.0,11063.19,0,0
2026-04-05,P1007,0.0023,11037.37,0,0
2026-04-06,P1007,0.0317,10712.47,0,0
2026-04-07,P1007,0.0,11063.19,0,0
2026-04-08,P1007,0.0,11063.19,0,1
2026-04-09,P1007,0.0,11063.19,0,1
2026-04-10,P1007,0.0129,10920.53,0,1
2026-04-11,P1007,0.0073,10982.84,0,0
2026-04-12,P1007,0.0,11063.19,0,0
2026-04-13,P1007,0.0,11063.19,0,0
2026-04-14,P1007,0.0,11063.19,0,1
2026-04-15,P1007,0.0218,10822.36,0,0
2026-04-16,P1007,0.0001,11062.31,0,0
2026-04-17,P1007,0.0,11063.19,0,0
2026-04-18,P1007,0.0009,11053.12,0,1
2026-04-19,P1007,0.0003,11059.71,0,0
2026-04-20,P1007,0.0,11063.19,0,1
2026-04-21,P1007,0.0,11063.19,0,0
2026-04-22,P1007,0.009,10963.59,0,0
2026-04-23,P1007,0.0,11063.19,0,0
2026-04-24,P1007,0.0259,10776.16,0,0
2026-04-25,P1007,0.0,11063.19,0,0
2026-04-26,P1007,0.005,11007.47,0,0
2026-04-27,P1007,0.0,11063.19,0,1
2026-04-28,P1007,0.0314,10715.38,0,0
2026-04-29,P1007,0.0,11063.19,0,0
2026-04-30,P1007,0.2116,8721.84,1,0
2026-05-01,P1007,0.2192,8637.68,1,0
2026-05-02,P1007,0.2162,8671.26,1,0
2026-05-03,P1007,0.2022,8825.93,1,1
2026-05-04,P1007,0.1568,9329.01,1,2
2026-05-05,P1007,0.0143,10904.81,0,0
2026-05-06,P1007,0.0,11063.19,0,1
2026-05-07,P1007,0.0111,10939.88,0,0
2026-05-08,P1007,0.0149,10898.55,0,0
2026-05-09,P1007,0.0,11063.19,0,1
2026-05-10,P1007,0.0,11063.19,0,0
2026-05-11,P1007,0.0023,11037.77,0,0
2026-05-12,P1007,0.0174,10870.43,0,0
2026-05-13,P1007,0.0,11063.19,0,0
2026-05-14,P1007,0.0,11063.19,0,0
2026-05-15,P1007,0.0373,10650.13,0,0
2026-05-16,P1007,0.0011,11050.81,0,1
2026-05-17,P1007,0.0097,10956.23,0,1
2026-05-18,P1007,0.0236,10802.38,0,1
2026-05-19,P1007,0.0174,10870.93,0,0
2026-05-20,P1007,0.0,11063.19,0,1
2026-05-21,P1007,0.0,11063.19,0,0
2026-05-22,P1007,0.0,11063.19,0,1
2026-05-23,P1007,0.0084,10970.54,0,0
2026-05-24,P1007,0.0228,10811.23,0,0
2026-05-25,P1007,0.0129,10920.98,0,0
2026-05-26,P1007,0.0269,10765.63,0,0
2026-05-27,P1007,0.0192,10850.43,0,1
2026-05-28,P1007,0.0,11063.19,0,0
2026-05-29,P1007,0.0,11063.19,0,0
2026-05-30,P1007,0.0074,10981.18,0,2
2026-05-31,P1007,0.0,11063.19,0,0
2026-06-01,P1007,0.0,11063.19,0,0
2026-06-02,P1007,0.0,11063.19,0,1
2026-06-03,P1007,0.0,11063.19,0,2
2026-06-04,P1007,0.028,10753.76,0,0
2026-06-05,P1007,0.0,11063.19,0,0
2026-06-06,P1007,0.0,11063.19,0,0
2026-06-07,P1007,0.0109,10942.72,0,0
2026-06-08,P1007,0.0009,11052.8,0,1
2026-06-09,P1007,0.021,10830.58,0,1
2026-06-10,P1007,0.0,11063.19,0,0
2026-06-11,P1007,0.0,11063.19,0,0
2026-06-12,P1007,0.0,11063.19,0,0
2026-06-13,P1007,0.0071,10985.05,0,1
2026-06-14,P1007,0.0143,10905.28,0,0
2026-06-15,P1007,0.0,11063.19,0,0
2026-06-16,P1007,0.0,11063.19,0,0
2026-06-17,P1007,0.029,10742.81,0,0
2026-06-18,P1007,0.0057,10999.96,0,0
2026-06-19,P1007,0.0,11063.19,0,1
2026-06-20,P1007,0.0023,11037.84,0,0
2026-06-21,P1007,0.0104,10948.2,0,0
2026-06-22,P1007,0.0222,10817.86,0,1
2026-06-23,P1007,0.0152,10894.97,0,1
2026-06-24,P1007,0.0,11063.19,0,0
2026-06-25,P1007,0.0209,10831.89,0,0
2026-06-26,P1007,0.0145,10902.71,0,0
2026-06-27,P1007,0.0,11063.19,0,0
2026-06-28,P1007,0.0,11063.19,0,0
2026-06-29,P1007,0.0,11063.19,0,0
2026-06-30,P1007,0.0283,10750.14,0,0
2026-07-01,P1007,0.0,11063.19,0,0
2026-07-02,P1007,0.018,10864.25,0,0
2026-07-03,P1007,0.005,11008.07,0,0
2026-07-04,P1007,0.0,11063.19,0,1
2026-07-05,P1007,0.0218,10822.08,0,1
2026-07-06,P1007,0.0097,10955.97,0,0
2026-07-07,P1007,0.0233,10805.27,0,0
2026-07-08,P1007,0.0177,10867.17,0,0
2026-07-09,P1007,0.0,11063.19,0,0
2026-07-10,P1007,0.0,11063.19,0,0
2026-07-11,P1007,0.0,11063.19,0,0
2026-07-12,P1007,0.0218,10822.17,0,0
2026-07-13,P1007,0.0098,10955.3,0,0
2026-07-14,P1007,0.0,11063.19,0,0
