data/DailyScrapeLog.csv
ScrapingDate,ProductID,DiscountPercentage,SellingPrice,IsPromotional,UnitsSold
2026-03-17,P1008,0.0865,31431.37,0,0
2026-03-18,P1008,0.0971,31066.56,0,0
2026-03-19,P1008,0.1066,30738.92,0,0
2026-03-20,P1008,0.0868,31421.05,0,0
2026-03-21,P1008,0.0887,31354.82,0,0
2026-03-22,P1008,0.0853,31473.51,0,3
2026-03-23,P1008,0.0854,31468.94,0,0
2026-03-24,P1008,0.0939,31177.4,0,0
2026-03-25,P1008,0.0836,31530.92,0,0
2026-03-26,P1008,0.094,31174.14,0,0
2026-03-27,P1008,0.1113,30577.3,0,0
2026-03-28,P1008,0.0827,31562.29,0,1
2026-03-29,P1008,0.1082,30685.06,0,0
2026-03-30,P1008,0.0793,31680.42,0,1
2026-03-31,P1008,0.0942,31166.89,0,0
2026-04-01,P1008,0.0918,31247.58,0,0
2026-04-02,P1008,0.0364,33155.61,0,0
2026-04-03,P1008,0.0629,32244.74,0,0
2026-04-04,P1008,0.1083,30682.44,0,0
2026-04-05,P1008,0.0855,31467.05,0,0
2026-04-06,P1008,0.0893,31334.73,0,1
2026-04-07,P1008,0.0775,31742.9,0,0
2026-04-08,P1008,0.0911,31274.09,0,0
2026-04-09,P1008,0.0876,31395.11,0,0
2026-04-10,P1008,0.0888,31354.0,0,0
2026-04-11,P1008,0.1037,30839.42,0,1
2026-04-12,P1008,0.0796,31668.61,0,0
2026-04-13,P1008,0.0871,31410.59,0,2
2026-04-14,P1008,0.0993,30990.53,0,2
2026-04-15,P1008,0.0995,30983.75,0,0
2026-04-16,P1008,0.0701,31996.01,0,0
2026-04-17,P1008,0.0974,31056.01,0,0
2026-04-18,P1008,0.0877,31389.93,0,0
2026-04-19,P1008,0.0697,32010.12,0,0
2026-04-20,P1008,0.0695,32017.59,0,0
2026-04-21,P1008,0.1086,30671.15,0,0
2026-04-22,P1008,0.1045,30812.74,0,0
2026-04-23,P1008,0.0782,31715.94,0,1
2026-04-24,P1008,0.0824,31573.09,0,0
2026-04-25,P1008,0.1058,30766.56,0,0
2026-04-26,P1008,0.1001,30962.4,0,0
2026-04-27,P1008,0.1012,30924.95,0,0
2026-04-28,P1008,0.0753,31815.66,0,1
2026-04-29,P1008,0.1156,30430.64,0,0
2026-04-30,P1008,0.1026,30877.79,0,0
2026-05-01,P1008,0.0939,31176.8,0,0
2026-05-02,P1008,0.0925,31224.34,0,0
2026-05-03,P1008,0.0991,30997.7,0,0
2026-05-04,P1008,0.1041,30825.0,0,0
2026-05-05,P1008,0.0869,31417.32,0,0
2026-05-06,P1008,0.0847,31493.45,0,0
2026-05-07,P1008,0.0872,31406.17,0,1
2026-05-08,P1008,0.069,32032.55,0,1
2026-05-09,P1008,0.1015,30915.53,0,0
2026-05-10,P1008,0.0665,32120.77,0,0
2026-05-11,P1008,0.0836,31531.39,0,0
2026-05-12,P1008,0.0736,31876.15,0,1
2026-05-13,P1008,0.0971,31067.0,0,1
2026-05-14,P1008,0.08,31653.74,0,1
2026-05-15,P1008,0.092,31242.8,0,0
2026-05-16,P1008,0.075,31826.91,0,0
2026-05-17,P1008,0.0965,31088.03,0,0
2026-05-18,P1008,0.0798,31663.12,0,1
2026-05-19,P1008,0.0868,31422.16,0,0
2026-05-20,P1008,0.097,31071.28,0,0
2026-05-21,P1008,0.0932,31202.13,0,0
2026-05-22,P1008,0.1121,30551.4,0,0
2026-05-23,P1008,0.0796,31667.36,0,0
2026-05-24,P1008,0.0938,31180.09,0,0
2026-05-25,P1008,0.0905,31293.24,0,1
2026-05-26,P1008,0.1029,30865.72,0,0
2026-05-27,P1008,0.1019,30901.41,0,0
2026-05-28,P1008,0.1091,30655.1,0,0
2026-05-29,P1008,0.1163,30407.32,0,0
2026-05-30,P1008,0.0895,31326.89,0,0
2026-05-31,P1008,0.094,31173.59,0,0
2026-06-01,P1008,0.0943,31162.67,0,0
2026-06-02,P1008,0.1851,28039.23,1,1
2026-06-03,P1008,0.3116,23686.96,1,1
2026-06-04,P1008,0.3171,23498.45,1,1
2026-06-05,P1008,0.3735,21556.08,1,1
2026-06-06,P1008,0.2682,25181.03,1,0
2026-06-07,P1008,0.08,31655.68,0,0
2026-06-08,P1008,0.0695,32015.37,0,0
2026-06-09,P1008,0.1,30967.99,0,1
2026-06-10,P1008,0.0902,31302.68,0,0
2026-06-11,P1008,0.063,32241.14,0,0
2026-06-12,P1008,0.083,31552.72,0,0
2026-06-13,P1008,0.0825,31568.65,0,0
2026-06-14,P1008,0.0904,31296.14,0,1
2026-06-15,P1008,0.3538,22234.71,1,0
2026-06-16,P1008,0.3379,22780.44,1,0
2026-06-17,P1008,0.3206,23378.32,1,0
2026-06-18,P1008,0.3722,21600.08,1,0
2026-06-19,P1008,0.1045,30813.57,0,0
2026-06-20,P1008,0.1101,30619.63,0,1
2026-06-21,P1008,0.1114,30575.55,0,1
2026-06-22,P1008,0.0883,31368.36,0,1
2026-06-23,P1008,0.0988,31009.19,0,0
2026-06-24,P1008,0.0995,30984.17,0,0
2026-06-25,P1008,0.1201,30276.77,0,1
2026-06-26,P1008,0.0923,31232.06,0,0
2026-06-27,P1008,0.0851,31481.07,0,1
2026-06-28,P1008,0.1164,30402.41,0,1
2026-06-29,P1008,0.0828,31559.58,0,0
2026-06-30,P1008,0.0979,31041.03,0,0
2026-07-01,P1008,0.1079,30695.55,0,0
2026-07-02,P1008,0.0824,31571.84,0,0
2026-07-03,P1008,0.0837,31529.64,0,0
2026-07-04,P1008,0.1218,30217.52,0,0
2026-07-05,P1008,0.0822,31580.38,0,1
2026-07-06,P1008,0.071,31964.66,0,0
2026-07-07,P1008,0.0835,31534.3,0,0
2026-07-08,P1008,0.1081,30686.69,0,0
2026-07-09,P1008,0.0987,31011.72,0,0
2026-07-10,P1008,0.075,31825.57,0,0
2026-07-11,P1008,0.0772,31752.59,0,0
2026-07-12,P1008,0.0981,31031.18,0,0
2026-07-13,P1008,0.0712,31957.5,0,0
2026-07-14,P1008,0.0798,31661.93,0,0
2026-03-17,P1009,0.0891,18337.32,0,1
2026-03-18,P1009,0.0927,18265.91,0,1
2026-03-19,P1009,0.0771,18579.42,0,1
2026-03-20,P1009,0.0728,18665.26,0,0
2026-03-21,P1009,0.3852,12376.55,1,0
2026-03-22,P1009,0.2926,14240.22,1,0
2026-03-23,P1009,0.3127,13835.18,1,1
2026-03-24,P1009,0.3736,12611.09,1,0
2026-03-25,P1009,0.1157,17801.49,1,0
2026-03-26,P1009,0.3432,13222.82,1,0
2026-03-27,P1009,0.2925,14243.5,1,0
2026-03-28,P1009,0.274,14615.28,1,0
2026-03-29,P1009,0.2152,15798.53,1,0
2026-03-30,P1009,0.0629,18864.01,0,0
2026-03-31,P1009,0.0692,18738.95,0,0
2026-04-01,P1009,0.0586,18952.33,0,0
2026-04-02,P1009,0.0525,19074.26,0,0
2026-04-03,P1009,0.0844,18432.58,0,0
2026-04-04,P1009,0.0568,18986.85,0,0
2026-04-05,P1009,0.0773,18574.27,0,0
2026-04-06,P1009,0.0656,18811.56,0,0
2026-04-07,P1009,0.0903,18314.06,0,0
2026-04-08,P1009,0.0808,18505.05,0,0
2026-04-09,P1009,0.0813,18493.97,0,0
2026-04-10,P1009,0.0878,18363.86,0,0
2026-04-11,P1009,0.077,18581.69,0,2
2026-04-12,P1009,0.0758,18606.26,0,0
2026-04-13,P1009,0.0812,18497.21,0,0
2026-04-14,P1009,0.0744,18633.0,0,2
2026-04-15,P1009,0.0572,18979.5,0,0
2026-04-16,P1009,0.0788,18544.61,0,0
2026-04-17,P1009,0.107,17976.68,0,0
2026-04-18,P1009,0.0621,18880.71,0,0
2026-04-19,P1009,0.0625,18872.15,0,0
2026-04-20,P1009,0.1144,17828.94,0,0
2026-04-21,P1009,0.086,18400.91,0,0
2026-04-22,P1009,0.1024,18069.61,0,0
2026-04-23,P1009,0.0935,18249.09,0,0
2026-04-24,P1009,0.0543,19037.19,0,0
2026-04-25,P1009,0.0973,18171.44,0,0
2026-04-26,P1009,0.0786,18548.54,0,0
2026-04-27,P1009,0.0649,18824.6,0,1
2026-04-28,P1009,0.0828,18464.03,0,0
2026-04-29,P1009,0.0909,18300.36,0,0
2026-04-30,P1009,0.0864,18391.73,0,1
2026-05-01,P1009,0.108,17956.34,0,0
2026-05-02,P1009,0.0733,18655.7,0,0
2026-05-03,P1009,0.0896,18327.73,0,1
2026-05-04,P1009,0.0828,18465.29,0,0
2026-05-05,P1009,0.0629,18865.83,0,0
2026-05-06,P1009,0.0708,18706.13,0,1
2026-05-07,P1009,0.0656,18811.09,0,1
2026-05-08,P1009,0.0618,18887.28,0,0
2026-05-09,P1009,0.0593,18937.99,0,0
2026-05-10,P1009,0.0589,18946.48,0,0
2026-05-11,P1009,0.0721,18679.83,0,1
2026-05-12,P1009,0.0548,19027.92,0,0
2026-05-13,P1009,0.0761,18598.76,0,1
2026-05-14,P1009,0.0701,18719.66,0,0
2026-05-15,P1009,0.0536,19051.79,0,0
2026-05-16,P1009,0.0932,18255.83,0,0
2026-05-17,P1009,0.0578,18968.05,0,0
2026-05-18,P1009,0.0472,19181.5,0,0
2026-05-19,P1009,0.0865,18390.7,0,0
2026-05-20,P1009,0.0679,18765.06,0,0
2026-05-21,P1009,0.0596,18930.44,0,1
2026-05-22,P1009,0.0625,18872.68,0,0
2026-05-23,P1009,0.0603,18916.62,0,0
2026-05-24,P1009,0.0665,18793.37,0,0
2026-05-25,P1009,0.0588,18947.15,0,0
2026-05-26,P1009,0.0572,18979.03,0,1
2026-05-27,P1009,0.0854,18412.2,0,1
2026-05-28,P1009,0.0633,18857.65,0,0
2026-05-29,P1009,0.0809,18502.12,0,0
2026-05-30,P1009,0.0483,19159.68,0,0
2026-05-31,P1009,0.0837,18447.16,0,0
2026-06-01,P1009,0.0599,18926.06,0,0
2026-06-02,P1009,0.0548,19027.91,0,0
2026-06-03,P1009,0.0701,18719.79,0,0
2026-06-04,P1009,0.0673,18775.92,0,0
2026-06-05,P1009,0.0703,18716.65,0,2
2026-06-06,P1009,0.0759,18603.43,0,0
2026-06-07,P1009,0.0519,19085.58,0,1
2026-06-08,P1009,0.0719,18683.12,0,0
2026-06-09,P1009,0.0835,18450.19,0,0
2026-06-10,P1009,0.0785,18550.24,0,0
2026-06-11,P1009,0.0429,19267.47,0,0
2026-06-12,P1009,0.0609,18904.92,0,0
2026-06-13,P1009,0.0711,18699.71,0,1
2026-06-14,P1009,0.0737,18647.09,0,0
2026-06-15,P1009,0.0654,18814.89,0,0
2026-06-16,P1009,0.0719,18683.07,0,0
2026-06-17,P1009,0.0758,18604.5,0,0
2026-06-18,P1009,0.0651,18820.61,0,0
2026-06-19,P1009,0.0959,18200.76,0,0
2026-06-20,P1009,0.0629,18865.21,0,1
2026-06-21,P1009,0.0714,18693.44,0,0
2026-06-22,P1009,0.0843,18435.14,0,0
2026-06-23,P1009,0.0726,18670.22,0,0
2026-06-24,P1009,0.0644,18835.05,0,0
2026-06-25,P1009,0.0871,18377.31,0,0
2026-06-26,P1009,0.0916,18286.45,0,2
2026-06-27,P1009,0.1017,18084.56,0,0
2026-06-28,P1009,0.0785,18550.9,0,0
2026-06-29,P1009,0.0514,19096.86,0,0
2026-06-30,P1009,0.0921,18276.46,0,0
2026-07-01,P1009,0.0644,18835.0,0,0
2026-07-02,P1009,0.0901,18318.19,0,1
2026-07-03,P1009,0.0744,18634.32,0,0
2026-07-04,P1009,0.0654,18814.9,0,0
2026-07-05,P1009,0.0877,18366.7,0,0
2026-07-06,P1009,0.0579,18964.69,0,0
2026-07-07,P1009,0.0535,19054.75,0,0
2026-07-08,P1009,0.0732,18658.37,0,0
2026-07-09,P1009,0.073,18661.04,0,0
2026-07-10,P1009,0.0775,18570.49,0,0
2026-07-11,P1009,0.0745,18630.97,0,0
2026-07-12,P1009,0.1154,17807.42,0,0
2026-07-13,P1009,0.0627,18868.95,0,0
2026-07-14,P1009,0.0687,18749.12,0,1
2026-03-17,P1010,0.0328,43563.03,0,0
2026-03-18,P1010,0.0472,42913.42,0,1
2026-03-19,P1010,0.0664,42052.47,0,0
2026-03-20,P1010,0.0504,42771.2,0,1
2026-03-21,P1010,0.0616,42267.15,0,0
2026-03-22,P1010,0.0536,42628.59,0,0
2026-03-23,P1010,0.0444,43043.54,0,0
2026-03-24,P1010,0.0405,43215.98,0,0
2026-03-25,P1010,0.0556,42536.47,0,0
2026-03-26,P1010,0.0455,42989.94,0,0
2026-03-27,P1010,0.0553,42549.77,0,0
2026-03-28,P1010,0.0762,41608.72,0,0
2026-03-29,P1010,0.0506,42760.99,0,1
2026-03-30,P1010,0.0492,42827.5,0,0
2026-03-31,P1010,0.0344,43490.97,0,0
2026-04-01,P1010,0.0166,44295.2,0,0
2026-04-02,P1010,0.022,44050.68,0,0
2026-04-03,P1010,0.038,43329.29,0,0
2026-04-04,P1010,0.0475,42899.84,0,0
2026-04-05,P1010,0.0597,42354.52,0,0
2026-04-06,P1010,0.0559,42525.78,0,1
2026-04-07,P1010,0.0612,42285.87,0,0
2026-04-08,P1010,0.0435,43081.01,0,0
2026-04-09,P1010,0.0495,42810.0,0,0
2026-04-10,P1010,0.0565,42496.88,0,0
2026-04-11,P1010,0.0394,43268.55,0,0
2026-04-12,P1010,0.025,43914.3,0,0
2026-04-13,P1010,0.0738,41719.09,0,0
2026-04-14,P1010,0.0401,43236.31,0,0
2026-04-15,P1010,0.0257,43883.06,0,1
2026-04-16,P1010,0.072,41797.5,0,0
2026-04-17,P1010,0.0642,42148.97,0,0
2026-04-18,P1010,0.4474,24889.28,1,0
2026-04-19,P1010,0.2166,35283.78,1,0
2026-04-20,P1010,0.254,33599.11,1,2
2026-04-21,P1010,0.19,36485.13,1,0
2026-04-22,P1010,0.0277,43792.04,0,1
2026-04-23,P1010,0.0406,43212.33,0,0
2026-04-24,P1010,0.0398,43247.55,0,0
2026-04-25,P1010,0.0399,43244.15,0,0
2026-04-26,P1010,0.0498,42797.64,0,0
2026-04-27,P1010,0.0424,43133.81,0,0
2026-04-28,P1010,0.0332,43546.7,0,0
2026-04-29,P1010,0.0645,42134.48,0,0
2026-04-30,P1010,0.0698,41896.17,0,0
2026-05-01,P1010,0.0473,42910.61,0,0
2026-05-02,P1010,0.0501,42786.81,0,0
2026-05-03,P1010,0.0646,42130.32,0,0
2026-05-04,P1010,0.0402,43232.65,0,0
2026-05-05,P1010,0.0551,42559.93,0,1
2026-05-06,P1010,0.0447,43029.94,0,0
2026-05-07,P1010,0.0436,43079.65,0,1
2026-05-08,P1010,0.0323,43584.95,0,0
2026-05-09,P1010,0.0393,43270.65,0,0
2026-05-10,P1010,0.0494,42814.41,0,0
2026-05-11,P1010,0.0253,43902.75,0,0
2026-05-12,P1010,0.0283,43765.51,0,0
2026-05-13,P1010,0.056,42520.31,0,1
2026-05-14,P1010,0.0584,42411.53,0,0
2026-05-15,P1010,0.0526,42671.92,0,0
2026-05-16,P1010,0.065,42115.48,0,0
2026-05-17,P1010,0.031,43647.16,0,0
2026-05-18,P1010,0.0582,42420.92,0,0
2026-05-19,P1010,0.0575,42453.11,0,0
2026-05-20,P1010,0.0329,43560.52,0,0
2026-05-21,P1010,0.0543,42597.53,0,0
2026-05-22,P1010,0.0557,42532.87,0,0
2026-05-23,P1010,0.0228,44013.52,0,1
2026-05-24,P1010,0.0545,42584.44,0,0
2026-05-25,P1010,0.0467,42936.41,0,0
2026-05-26,P1010,0.0595,42361.94,0,1
2026-05-27,P1010,0.0381,43327.43,0,1
2026-05-28,P1010,0.0486,42851.09,0,0
2026-05-29,P1010,0.0287,43750.87,0,1
2026-05-30,P1010,0.0347,43480.55,0,1
2026-05-31,P1010,0.0594,42364.98,0,0
2026-06-01,P1010,0.0337,43524.58,0,0
2026-06-02,P1010,0.0387,43298.66,0,0
2026-06-03,P1010,0.0413,43179.17,0,0
2026-06-04,P1010,0.0612,42285.62,0,0
2026-06-05,P1010,0.0501,42783.27,0,0
2026-06-06,P1010,0.0517,42713.02,0,0
2026-06-07,P1010,0.0294,43716.55,0,1
2026-06-08,P1010,0.0296,43707.24,0,0
2026-06-09,P1010,0.049,42834.35,0,0
2026-06-10,P1010,0.0437,43074.46,0,1
2026-06-11,P1010,0.3235,30470.32,1,1
2026-06-12,P1010,0.3141,30895.97,1,0
2026-06-13,P1010,0.2757,32622.0,1,0
2026-06-14,P1010,0.28,32428.78,1,1
2026-06-15,P1010,0.0404,43220.97,0,0
2026-06-16,P1010,0.0483,42863.7,0,0
2026-06-17,P1010,0.0329,43560.23,0,0
2026-06-18,P1010,0.0484,42859.34,0,0
2026-06-19,P1010,0.067,42023.85,0,0
2026-06-20,P1010,0.0581,42424.67,0,0
2026-06-21,P1010,0.0542,42598.75,0,0
2026-06-22,P1010,0.0418,43156.67,0,1
2026-06-23,P1010,0.0169,44279.84,0,0
2026-06-24,P1010,0.057,42474.19,0,0
2026-06-25,P1010,0.1883,36562.31,1,0
2026-06-26,P1010,0.3952,27240.53,1,0
2026-06-27,P1010,0.299,31572.67,1,0
2026-06-28,P1010,0.2966,31681.19,1,0
2026-06-29,P1010,0.3516,29205.45,1,1
2026-06-30,P1010,0.2903,31965.13,1,0
2026-07-01,P1010,0.2131,35442.33,1,0
2026-07-02,P1010,0.3302,30169.57,1,0
2026-07-03,P1010,0.2659,33065.48,1,1
2026-07-04,P1010,0.043,43105.23,0,0
2026-07-05,P1010,0.0481,42872.88,0,1
2026-07-06,P1010,0.0531,42647.66,0,0
2026-07-07,P1010,0.0298,43700.26,0,0
2026-07-08,P1010,0.0467,42937.82,0,0
2026-07-09,P1010,0.0124,44484.04,0,1
2026-07-10,P1010,0.0607,42307.01,0,1
2026-07-11,P1010,0.0647,42128.27,0,1
2026-07-12,P1010,0.0656,42086.43,0,0
2026-07-13,P1010,0.0501,42782.81,0,1
2026-07-14,P1010,0.0707,41856.15,0,0
2026-03-17,P1011,0.0846,8369.65,0,0
2026-03-18,P1011,0.079,8420.16,0,0
2026-03-19,P1011,0.1165,8077.16,0,0
2026-03-20,P1011,0.075,8457.06,0,1
2026-03-21,P1011,0.08,8411.74,0,2
2026-03-22,P1011,0.0808,8403.93,0,0
2026-03-23,P1011,0.0795,8415.82,0,0
2026-03-24,P1011,0.1036,8195.47,0,1
2026-03-25,P1011,0.0727,8477.68,0,1
2026-03-26,P1011,0.0804,8407.59,0,0
2026-03-27,P1011,0.0698,8504.11,0,3
2026-03-28,P1011,0.099,8237.83,0,0
2026-03-29,P1011,0.0845,8370.29,0,1
2026-03-30,P1011,0.0979,8247.86,0,1
2026-03-31,P1011,0.0792,8418.46,0,1
2026-04-01,P1011,0.0956,8268.96,0,0
2026-04-02,P1011,0.1079,8155.9,0,1
2026-04-03,P1011,0.1039,8192.54,0,0
2026-04-04,P1011,0.075,8457.44,0,0
2026-04-05,P1011,0.086,8356.18,0,0
2026-04-06,P1011,0.0912,8308.94,0,0
2026-04-07,P1011,0.0769,8439.92,0,1
2026-04-08,P1011,0.081,8401.81,0,1
2026-04-09,P1011,0.0903,8316.67,0,0
2026-04-10,P1011,0.109,8146.14,0,0
2026-04-11,P1011,0.0921,8300.24,0,0
2026-04-12,P1011,0.0629,8567.93,0,1
2026-04-13,P1011,0.0984,8243.44,0,0
2026-04-14,P1011,0.1091,8145.54,0,0
2026-04-15,P1011,0.0966,8259.39,0,0
2026-04-16,P1011,0.0872,8345.36,0,0
2026-04-17,P1011,0.0979,8247.44,0,0
2026-04-18,P1011,0.0915,8306.47,0,0
2026-04-19,P1011,0.0827,8386.28,0,1
2026-04-20,P1011,0.0624,8572.64,0,1
2026-04-21,P1011,0.0886,8332.89,0,0
2026-04-22,P1011,0.1217,8029.87,0,2
2026-04-23,P1011,0.0901,8319.18,0,0
2026-04-24,P1011,0.0838,8376.93,0,0
2026-04-25,P1011,0.0933,8289.41,0,0
2026-04-26,P1011,0.1028,8202.63,0,0
2026-04-27,P1011,0.091,8310.51,0,1
2026-04-28,P1011,0.0918,8303.72,0,1
2026-04-29,P1011,0.2836,6549.76,1,0
2026-04-30,P1011,0.3197,6220.05,1,1
2026-05-01,P1011,0.3432,6004.97,1,2
2026-05-02,P1011,0.2305,7034.98,1,0
2026-05-03,P1011,0.3203,6214.72,1,1
2026-05-04,P1011,0.2326,7016.14,1,2
2026-05-05,P1011,0.0858,8358.52,0,0
2026-05-06,P1011,0.0819,8394.23,0,0
2026-05-07,P1011,0.07,8502.54,0,0
2026-05-08,P1011,0.0745,8461.2,0,0
2026-05-09,P1011,0.0995,8232.6,0,1
2026-05-10,P1011,0.0792,8418.43,0,0
2026-05-11,P1011,0.0913,8307.69,0,1
2026-05-12,P1011,0.0725,8480.14,0,0
2026-05-13,P1011,0.0623,8572.91,0,1
2026-05-14,P1011,0.0829,8384.56,0,1
2026-05-15,P1011,0.0777,8432.07,0,0
2026-05-16,P1011,0.1028,8203.09,0,1
2026-05-17,P1011,0.058,8612.61,0,0
2026-05-18,P1011,0.0933,8289.93,0,0
2026-05-19,P1011,0.1074,8160.85,0,3
2026-05-20,P1011,0.083,8384.28,0,1
2026-05-21,P1011,0.0629,8567.28,0,0
2026-05-22,P1011,0.075,8457.18,0,0
2026-05-23,P1011,0.1021,8209.35,0,0
2026-05-24,P1011,0.0882,8336.53,0,1
2026-05-25,P1011,0.0738,8468.06,0,0
2026-05-26,P1011,0.0888,8330.65,0,0
2026-05-27,P1011,0.0781,8428.79,0,2
2026-05-28,P1011,0.0896,8323.2,0,0
2026-05-29,P1011,0.0721,8483.92,0,0
2026-05-30,P1011,0.1076,8159.15,0,1
2026-05-31,P1011,0.0807,8405.3,0,1
2026-06-01,P1011,0.0921,8301.1,0,2
2026-06-02,P1011,0.0847,8368.3,0,2
2026-06-03,P1011,0.0813,8399.64,0,0
2026-06-04,P1011,0.0991,8236.26,0,2
2026-06-05,P1011,0.0857,8359.24,0,0
2026-06-06,P1011,0.0991,8236.94,0,0
2026-06-07,P1011,0.0867,8350.11,0,0
2026-06-08,P1011,0.069,8511.54,0,0
2026-06-09,P1011,0.0683,8517.98,0,0
2026-06-10,P1011,0.0734,8471.83,0,1
2026-06-11,P1011,0.092,8301.98,0,2
2026-06-12,P1011,0.0825,8388.4,0,1
2026-06-13,P1011,0.075,8456.79,0,0
2026-06-14,P1011,0.068,8521.32,0,0
2026-06-15,P1011,0.0968,8257.8,0,0
2026-06-16,P1011,0.0826,8387.97,0,0
2026-06-17,P1011,0.1201,8044.62,0,1
2026-06-18,P1011,0.094,8283.64,0,2
2026-06-19,P1011,0.0857,8359.23,0,0
2026-06-20,P1011,0.0883,8335.86,0,0
2026-06-21,P1011,0.1011,8218.81,0,1
2026-06-22,P1011,0.0887,8331.39,0,0
2026-06-23,P1011,0.0821,8392.4,0,1
2026-06-24,P1011,0.0855,8360.59,0,2
2026-06-25,P1011,0.0782,8427.4,0,0
2026-06-26,P1011,0.0806,8406.09,0,1
2026-06-27,P1011,0.0852,8363.37,0,0
2026-06-28,P1011,0.086,8356.68,0,1
2026-06-29,P1011,0.0734,8471.9,0,1
2026-06-30,P1011,0.1005,8223.82,0,0
2026-07-01,P1011,0.0994,8233.68,0,0
2026-07-02,P1011,0.0932,8290.4,0,2
2026-07-03,P1011,0.0981,8245.58,0,1
2026-07-04,P1011,0.0617,8578.94,0,0
2026-07-05,P1011,0.0545,8644.52,0,0
2026-07-06,P1011,0.059,8603.54,0,0
2026-07-07,P1011,0.0871,8346.54,0,0
2026-07-08,P1011,0.0858,8358.36,0,0
2026-07-09,P1011,0.0571,8620.8,0,0
2026-07-10,P1011,0.094,8283.09,0,0
2026-07-11,P1011,0.0982,8244.92,0,1
2026-07-12,P1011,0.0783,8426.75,0,0
2026-07-13,P1011,0.1126,8113.56,0,0
2026-07-14,P1011,0.087,8347.31,0,0
