data/DailyScrapeLog.csv
ScrapingDate,ProductID,DiscountPercentage,SellingPrice,IsPromotional,UnitsSold
2026-03-17,P1012,0.0434,53223.14,0,1
2026-03-18,P1012,0.0552,52565.78,0,2
2026-03-19,P1012,0.0563,52506.32,0,0
2026-03-20,P1012,0.036,53635.58,0,0
2026-03-21,P1012,0.0644,52055.78,0,0
2026-03-22,P1012,0.0448,53146.96,0,0
2026-03-23,P1012,0.0716,51655.7,0,0
2026-03-24,P1012,0.0666,51929.4,0,0
2026-03-25,P1012,0.0441,53180.85,0,0
2026-03-26,P1012,0.3582,35708.53,1,1
2026-03-27,P1012,0.3764,34694.93,1,2
2026-03-28,P1012,0.2639,40952.17,1,0
2026-03-29,P1012,0.2424,42149.13,1,1
2026-03-30,P1012,0.2611,41108.16,1,0
2026-03-31,P1012,0.2218,43298.38,1,0
2026-04-01,P1012,0.302,38837.3,1,0
2026-04-02,P1012,0.3002,38936.36,1,0
2026-04-03,P1012,0.0492,52901.57,0,0
2026-04-04,P1012,0.063,52130.81,0,0
2026-04-05,P1012,0.0484,52946.28,0,1
2026-04-06,P1012,0.055,52576.72,0,0
2026-04-07,P1012,0.0618,52196.84,0,0
2026-04-08,P1012,0.0653,52001.64,0,1
2026-04-09,P1012,0.056,52519.6,0,0
2026-04-10,P1012,0.0409,53360.85,0,0
2026-04-11,P1012,0.036,53632.43,0,0
2026-04-12,P1012,0.0563,52502.36,0,1
2026-04-13,P1012,0.0551,52569.8,0,1
2026-04-14,P1012,0.0439,53193.19,0,0
2026-04-15,P1012,0.0545,52604.16,0,0
2026-04-16,P1012,0.0498,52865.52,0,0
2026-04-17,P1012,0.0452,53124.16,0,2
2026-04-18,P1012,0.0445,53160.03,0,0
2026-04-19,P1012,0.0362,53622.54,0,0
2026-04-20,P1012,0.0432,53231.37,0,0
2026-04-21,P1012,0.0541,52626.59,0,0
2026-04-22,P1012,0.0388,53480.01,0,0
2026-04-23,P1012,0.2118,43853.55,1,0
2026-04-24,P1012,0.251,41672.95,1,0
2026-04-25,P1012,0.2979,39065.15,1,2
2026-04-26,P1012,0.2084,44041.02,1,1
2026-04-27,P1012,0.1748,45910.77,1,1
2026-04-28,P1012,0.3064,38589.8,1,2
2026-04-29,P1012,0.2758,40290.11,1,1
2026-04-30,P1012,0.0532,52677.06,0,0
2026-05-01,P1012,0.0181,54630.49,0,0
2026-05-02,P1012,0.0522,52730.19,0,0
2026-05-03,P1012,0.0434,53224.84,0,0
2026-05-04,P1012,0.0605,52270.12,0,1
2026-05-05,P1012,0.0352,53678.15,0,0
2026-05-06,P1012,0.0522,52730.66,0,1
2026-05-07,P1012,0.0448,53142.05,0,0
2026-05-08,P1012,0.0526,52708.0,0,1
2026-05-09,P1012,0.0646,52044.27,0,0
2026-05-10,P1012,0.0289,54029.25,0,0
2026-05-11,P1012,0.0713,51669.62,0,0
2026-05-12,P1012,0.0608,52255.53,0,0
2026-05-13,P1012,0.0496,52875.32,0,0
2026-05-14,P1012,0.0516,52767.89,0,0
2026-05-15,P1012,0.0566,52485.24,0,0
2026-05-16,P1012,0.0521,52738.71,0,0
2026-05-17,P1012,0.0459,53085.67,0,1
2026-05-18,P1012,0.0183,54621.63,0,0
2026-05-19,P1012,0.0856,50875.1,0,0
2026-05-20,P1012,0.0328,53814.4,0,0
2026-05-21,P1012,0.0691,51791.3,0,0
2026-05-22,P1012,0.059,52355.48,0,0
2026-05-23,P1012,0.0442,53178.54,0,0
2026-05-24,P1012,0.274,40389.7,1,1
2026-05-25,P1012,0.2943,39261.16,1,1
2026-05-26,P1012,0.3017,38851.54,1,0
2026-05-27,P1012,0.1808,45577.5,1,2
2026-05-28,P1012,0.2728,40458.11,1,0
2026-05-29,P1012,0.2323,42712.45,1,0
2026-05-30,P1012,0.1181,49067.12,1,0
2026-05-31,P1012,0.0433,53227.61,0,0
2026-06-01,P1012,0.0403,53393.64,0,0
2026-06-02,P1012,0.0371,53572.37,0,0
2026-06-03,P1012,0.0635,52105.24,0,1
2026-06-04,P1012,0.0333,53786.27,0,0
2026-06-05,P1012,0.0469,53029.57,0,0
2026-06-06,P1012,0.0548,52588.8,0,0
2026-06-07,P1012,0.0614,52222.36,0,0
2026-06-08,P1012,0.057,52467.4,0,0
2026-06-09,P1012,0.0575,52439.04,0,0
2026-06-10,P1012,0.0641,52070.87,0,0
2026-06-11,P1012,0.0635,52106.34,0,0
2026-06-12,P1012,0.0593,52338.4,0,1
2026-06-13,P1012,0.0457,53096.06,0,0
2026-06-14,P1012,0.0455,53104.12,0,0
2026-06-15,P1012,0.0417,53316.88,0,0
2026-06-16,P1012,0.071,51684.48,0,0
2026-06-17,P1012,0.0362,53621.77,0,0
2026-06-18,P1012,0.0365,53603.91,0,0
2026-06-19,P1012,0.0505,52825.09,0,0
2026-06-20,P1012,0.0645,52045.87,0,0
2026-06-21,P1012,0.0283,54064.73,0,0
2026-06-22,P1012,0.0456,53102.2,0,0
2026-06-23,P1012,0.0441,53184.87,0,0
2026-06-24,P1012,0.0573,52448.44,0,0
2026-06-25,P1012,0.0812,51118.16,0,0
2026-06-26,P1012,0.0602,52287.14,0,0
2026-06-27,P1012,0.042,53301.87,0,0
2026-06-28,P1012,0.0373,53560.81,0,0
2026-06-29,P1012,0.0116,54990.9,0,0
2026-06-30,P1012,0.0493,52891.5,0,0
2026-07-01,P1012,0.0612,52234.14,0,0
2026-07-02,P1012,0.0583,52396.05,0,1
2026-07-03,P1012,0.0218,54425.97,0,0
2026-07-04,P1012,0.0587,52372.18,0,0
2026-07-05,P1012,0.0489,52917.84,0,0
2026-07-06,P1012,0.0572,52454.16,0,1
2026-07-07,P1012,0.0402,53399.17,0,1
2026-07-08,P1012,0.0373,53559.09,0,1
2026-07-09,P1012,0.0358,53643.75,0,0
2026-07-10,P1012,0.0534,52664.51,0,0
2026-07-11,P1012,0.0759,51411.57,0,0
2026-07-12,P1012,0.0614,52219.71,0,0
2026-07-13,P1012,0.0394,53447.53,0,0
2026-07-14,P1012,0.0728,51586.93,0,0
2026-03-17,P1013,0.1878,5237.55,0,2
2026-03-18,P1013,0.1875,5239.0,0,0
2026-03-19,P1013,0.1804,5285.33,0,0
2026-03-20,P1013,0.1891,5228.84,0,0
2026-03-21,P1013,0.1853,5253.29,0,0
2026-03-22,P1013,0.1661,5377.42,0,0
2026-03-23,P1013,0.1606,5412.77,0,0
2026-03-24,P1013,0.1655,5381.15,0,0
2026-03-25,P1013,0.1773,5305.08,0,0
2026-03-26,P1013,0.1561,5442.03,0,0
2026-03-27,P1013,0.1607,5411.84,0,0
2026-03-28,P1013,0.1728,5334.21,0,0
2026-03-29,P1013,0.2071,5113.14,0,0
2026-03-30,P1013,0.1837,5263.45,0,0
2026-03-31,P1013,0.143,5526.32,0,0
2026-04-01,P1013,0.1811,5280.48,0,1
2026-04-02,P1013,0.1898,5224.67,0,2
2026-04-03,P1013,0.1757,5315.09,0,1
2026-04-04,P1013,0.1761,5312.47,0,1
2026-04-05,P1013,0.1889,5230.1,0,2
2026-04-06,P1013,0.1645,5387.78,0,1
2026-04-07,P1013,0.1792,5292.84,0,1
2026-04-08,P1013,0.1651,5383.81,0,0
2026-04-09,P1013,0.1755,5316.72,0,0
2026-04-10,P1013,0.1631,5396.79,0,0
2026-04-11,P1013,0.1871,5241.51,0,0
2026-04-12,P1013,0.1689,5359.07,0,0
2026-04-13,P1013,0.1826,5270.5,0,1
2026-04-14,P1013,0.1615,5406.66,0,0
2026-04-15,P1013,0.16,5416.82,0,2
2026-04-16,P1013,0.1621,5402.71,0,0
2026-04-17,P1013,0.1783,5298.72,0,1
2026-04-18,P1013,0.164,5390.5,0,0
2026-04-19,P1013,0.1533,5459.69,0,0
2026-04-20,P1013,0.1793,5292.16,0,1
2026-04-21,P1013,0.1419,5533.08,0,0
2026-04-22,P1013,0.1741,5325.87,0,0
2026-04-23,P1013,0.1735,5329.51,0,1
2026-04-24,P1013,0.1488,5488.72,0,0
2026-04-25,P1013,0.1647,5386.04,0,1
2026-04-26,P1013,0.1865,5245.84,0,1
2026-04-27,P1013,0.1751,5319.24,0,0
2026-04-28,P1013,0.1715,5342.67,0,2
2026-04-29,P1013,0.1759,5314.04,0,0
2026-04-30,P1013,0.188,5235.7,0,2
2026-05-01,P1013,0.165,5384.32,0,0
2026-05-02,P1013,0.2045,5129.45,0,0
2026-05-03,P1013,0.1859,5249.47,0,1
2026-05-04,P1013,0.147,5500.69,0,0
2026-05-05,P1013,0.1906,5219.56,0,0
2026-05-06,P1013,0.1906,5219.13,0,0
2026-05-07,P1013,0.1735,5329.75,0,0
2026-05-08,P1013,0.1703,5350.38,0,0
2026-05-09,P1013,0.1609,5410.82,0,0
2026-05-10,P1013,0.1579,5430.07,0,1
2026-05-11,P1013,0.2927,4560.59,1,0
2026-05-12,P1013,0.3807,3993.69,1,1
2026-05-13,P1013,0.3624,4111.48,1,2
2026-05-14,P1013,0.3071,4467.83,1,2
2026-05-15,P1013,0.385,3965.51,1,0
2026-05-16,P1013,0.4387,3619.45,1,3
2026-05-17,P1013,0.3622,4112.46,1,1
2026-05-18,P1013,0.4219,3727.68,1,2
2026-05-19,P1013,0.1653,5382.4,0,0
2026-05-20,P1013,0.1705,5348.75,0,2
2026-05-21,P1013,0.1553,5446.64,0,0
2026-05-22,P1013,0.1575,5432.42,0,1
2026-05-23,P1013,0.1821,5273.92,0,0
2026-05-24,P1013,0.1479,5494.41,0,0
2026-05-25,P1013,0.1573,5433.76,0,0
2026-05-26,P1013,0.1695,5355.52,0,2
2026-05-27,P1013,0.1533,5459.75,0,1
2026-05-28,P1013,0.1811,5280.45,0,0
2026-05-29,P1013,0.1651,5383.35,0,0
2026-05-30,P1013,0.1581,5428.86,0,0
2026-05-31,P1013,0.1788,5295.58,0,1
2026-06-01,P1013,0.1863,5246.71,0,0
2026-06-02,P1013,0.1858,5249.91,0,1
2026-06-03,P1013,0.1925,5206.71,0,0
2026-06-04,P1013,0.1695,5355.5,0,1
2026-06-05,P1013,0.1899,5223.72,0,0
2026-06-06,P1013,0.4477,3561.3,1,1
2026-06-07,P1013,0.519,3101.86,1,1
2026-06-08,P1013,0.4567,3503.45,1,4
2026-06-09,P1013,0.344,4230.2,1,0
2026-06-10,P1013,0.4043,3841.05,1,1
2026-06-11,P1013,0.396,3894.68,1,1
2026-06-12,P1013,0.136,5571.54,0,2
2026-06-13,P1013,0.1427,5528.17,0,1
2026-06-14,P1013,0.1567,5437.87,0,0
2026-06-15,P1013,0.176,5313.56,0,1
2026-06-16,P1013,0.1712,5344.59,0,1
2026-06-17,P1013,0.1781,5299.7,0,0
2026-06-18,P1013,0.1887,5231.77,0,0
2026-06-19,P1013,0.1517,5469.96,0,0
2026-06-20,P1013,0.1814,5278.83,0,1
2026-06-21,P1013,0.1781,5299.92,0,0
2026-06-22,P1013,0.1825,5271.67,0,2
2026-06-23,P1013,0.2078,5108.56,0,0
2026-06-24,P1013,0.1655,5380.78,0,0
2026-06-25,P1013,0.1703,5350.28,0,1
2026-06-26,P1013,0.1807,5283.03,0,1
2026-06-27,P1013,0.1735,5329.67,0,0
2026-06-28,P1013,0.1572,5434.79,0,0
2026-06-29,P1013,0.1625,5400.4,0,1
2026-06-30,P1013,0.1839,5262.27,0,1
2026-07-01,P1013,0.1917,5212.28,0,0
2026-07-02,P1013,0.1573,5434.09,0,0
2026-07-03,P1013,0.1507,5476.34,0,1
2026-07-04,P1013,0.1697,5354.26,0,1
2026-07-05,P1013,0.1727,5334.49,0,0
2026-07-06,P1013,0.1733,5330.75,0,0
2026-07-07,P1013,0.1659,5378.38,0,0
2026-07-08,P1013,0.1755,5316.41,0,1
2026-07-09,P1013,0.1681,5364.09,0,0
2026-07-10,P1013,0.1781,5300.03,0,1
2026-07-11,P1013,0.1801,5286.86,0,1
2026-07-12,P1013,0.1585,5426.38,0,0
2026-07-13,P1013,0.1767,5309.0,0,1
2026-07-14,P1013,0.1704,5349.65,0,0
2026-03-17,P1014,0.0729,15820.1,0,0
2026-03-18,P1014,0.0946,15449.59,0,0
2026-03-19,P1014,0.1228,14968.18,0,1
2026-03-20,P1014,0.1225,14973.08,0,0
2026-03-21,P1014,0.0851,15611.93,0,0
2026-03-22,P1014,0.2391,12983.99,1,0
2026-03-23,P1014,0.3644,10846.17,1,1
2026-03-24,P1014,0.3658,10821.06,1,1
2026-03-25,P1014,0.3627,10875.01,1,0
2026-03-26,P1014,0.1869,13874.59,1,0
2026-03-27,P1014,0.3884,10435.59,1,0
2026-03-28,P1014,0.325,11518.2,1,0
2026-03-29,P1014,0.2768,12340.2,1,1
2026-03-30,P1014,0.0927,15481.31,0,0
2026-03-31,P1014,0.0672,15917.09,0,0
2026-04-01,P1014,0.085,15612.29,0,0
2026-04-02,P1014,0.0655,15945.66,0,0
2026-04-03,P1014,0.1186,15039.72,0,0
2026-04-04,P1014,0.0965,15416.52,0,0
2026-04-05,P1014,0.0707,15857.01,0,0
2026-04-06,P1014,0.0941,15457.96,0,0
2026-04-07,P1014,0.1269,14898.75,0,0
2026-04-08,P1014,0.0947,15447.29,0,0
2026-04-09,P1014,0.0682,15900.56,0,0
2026-04-10,P1014,0.0827,15652.29,0,0
2026-04-11,P1014,0.0987,15378.64,0,0
2026-04-12,P1014,0.1144,15110.91,0,0
2026-04-13,P1014,0.0999,15359.15,0,0
2026-04-14,P1014,0.0976,15398.34,0,0
2026-04-15,P1014,0.0723,15829.24,0,0
2026-04-16,P1014,0.0989,15375.52,0,0
2026-04-17,P1014,0.1119,15154.12,0,0
2026-04-18,P1014,0.0759,15767.56,0,0
2026-04-19,P1014,0.0758,15770.11,0,0
2026-04-20,P1014,0.0753,15778.2,0,0
2026-04-21,P1014,0.0942,15456.91,0,0
2026-04-22,P1014,0.0862,15593.39,0,0
2026-04-23,P1014,0.1148,15104.28,0,0
2026-04-24,P1014,0.109,15203.88,0,0
2026-04-25,P1014,0.0984,15383.76,0,0
2026-04-26,P1014,0.0934,15469.17,0,1
2026-04-27,P1014,0.1014,15333.29,0,0
2026-04-28,P1014,0.0863,15590.57,0,0
2026-04-29,P1014,0.0935,15467.56,0,0
2026-04-30,P1014,0.0605,16030.72,0,0
2026-05-01,P1014,0.0776,15739.64,0,0
2026-05-02,P1014,0.082,15664.54,0,1
2026-05-03,P1014,0.0952,15439.34,0,0
2026-05-04,P1014,0.0984,15385.26,0,0
2026-05-05,P1014,0.0824,15657.97,0,0
2026-05-06,P1014,0.067,15919.8,0,1
2026-05-07,P1014,0.08,15698.41,0,0
2026-05-08,P1014,0.0572,16086.92,0,1
2026-05-09,P1014,0.0811,15680.34,0,0
2026-05-10,P1014,0.0872,15576.44,0,0
2026-05-11,P1014,0.0992,15371.05,0,0
2026-05-12,P1014,0.0694,15879.67,0,1
2026-05-13,P1014,0.0531,16158.28,0,1
2026-05-14,P1014,0.0956,15432.53,0,0
2026-05-15,P1014,0.0884,15555.69,0,0
2026-05-16,P1014,0.1065,15247.02,0,0
2026-05-17,P1014,0.0997,15361.61,0,0
2026-05-18,P1014,0.1049,15273.58,0,0
2026-05-19,P1014,0.0832,15644.12,0,0
2026-05-20,P1014,0.0943,15454.94,0,0
2026-05-21,P1014,0.0986,15380.78,0,1
2026-05-22,P1014,0.0727,15822.45,0,0
2026-05-23,P1014,0.0798,15702.26,0,0
2026-05-24,P1014,0.0897,15533.31,0,0
2026-05-25,P1014,0.0743,15795.83,0,0
2026-05-26,P1014,0.0644,15963.97,0,0
2026-05-27,P1014,0.0815,15673.54,0,0
2026-05-28,P1014,0.0722,15830.96,0,0
2026-05-29,P1014,0.1039,15290.34,0,0
2026-05-30,P1014,0.0977,15396.12,0,0
2026-05-31,P1014,0.083,15646.65,0,0
2026-06-01,P1014,0.1031,15304.04,0,0
2026-06-02,P1014,0.1031,15304.58,0,0
2026-06-03,P1014,0.0635,15979.75,0,0
2026-06-04,P1014,0.0752,15780.68,0,1
2026-06-05,P1014,0.0878,15564.99,0,0
2026-06-06,P1014,0.0997,15361.53,0,0
2026-06-07,P1014,0.0943,15454.88,0,1
2026-06-08,P1014,0.0826,15654.75,0,0
2026-06-09,P1014,0.0824,15657.57,0,0
2026-06-10,P1014,0.0792,15711.58,0,0
2026-06-11,P1014,0.3758,10651.5,1,1
2026-06-12,P1014,0.274,12388.62,1,1
2026-06-13,P1014,0.3509,11076.73,1,2
2026-06-14,P1014,0.3524,11050.41,1,2
2026-06-15,P1014,0.3611,10902.66,1,0
2026-06-16,P1014,0.2512,12776.64,1,0
2026-06-17,P1014,0.3601,10919.4,1,0
2026-06-18,P1014,0.0808,15685.29,0,0
2026-06-19,P1014,0.0743,15795.34,0,2
2026-06-20,P1014,0.0889,15546.96,0,0
2026-06-21,P1014,0.0785,15724.62,0,0
2026-06-22,P1014,0.0717,15839.23,0,2
2026-06-23,P1014,0.0887,15549.45,0,1
2026-06-24,P1014,0.067,15919.76,0,0
2026-06-25,P1014,0.0896,15534.71,0,0
2026-06-26,P1014,0.0846,15619.33,0,0
2026-06-27,P1014,0.0811,15679.88,0,0
2026-06-28,P1014,0.0876,15569.6,0,0
2026-06-29,P1014,0.0949,15444.06,0,0
2026-06-30,P1014,0.0813,15675.48,0,1
2026-07-01,P1014,0.0983,15385.45,0,0
2026-07-02,P1014,0.0945,15451.27,0,0
2026-07-03,P1014,0.0893,15540.51,0,0
2026-07-04,P1014,0.0806,15688.15,0,0
2026-07-05,P1014,0.0965,15417.03,0,0
2026-07-06,P1014,0.0851,15611.29,0,1
2026-07-07,P1014,0.0958,15429.32,0,0
2026-07-08,P1014,0.0867,15584.12,0,0
2026-07-09,P1014,0.0926,15483.67,0,0
2026-07-10,P1014,0.0935,15468.36,0,0
2026-07-11,P1014,0.1005,15349.16,0,0
2026-07-12,P1014,0.0684,15896.27,0,0
2026-07-13,P1014,0.0858,15599.99,0,0
2026-07-14,P1014,0.0821,15662.76,0,0
2026-03-17,P1015,0.0391,41824.41,0,2
2026-03-18,P1015,0.0679,40571.41,0,0
2026-03-19,P1015,0.0516,41278.32,0,0
2026-03-20,P1015,0.0277,42320.28,0,0
2026-03-21,P1015,0.0431,41651.04,0,0
2026-03-22,P1015,0.0345,42026.76,0,1
2026-03-23,P1015,0.0469,41483.34,0,0
2026-03-24,P1015,0.0476,41453.35,0,0
2026-03-25,P1015,0.0277,42321.27,0,0
2026-03-26,P1015,0.0303,42206.06,0,0
2026-03-27,P1015,0.0482,41427.94,0,0
2026-03-28,P1015,0.0462,41515.61,0,0
2026-03-29,P1015,0.0209,42614.91,0,0
2026-03-30,P1015,0.0293,42249.13,0,1
2026-03-31,P1015,0.0608,40879.59,0,0
2026-04-01,P1015,0.0395,41808.57,0,0
2026-04-02,P1015,0.033,42089.67,0,0
2026-04-03,P1015,0.052,41261.63,0,1
2026-04-04,P1015,0.0599,40917.89,0,0
2026-04-05,P1015,0.0471,41478.09,0,0
2026-04-06,P1015,0.0473,41465.81,0,0
2026-04-07,P1015,0.0482,41427.42,0,0
2026-04-08,P1015,0.0292,42253.58,0,1
2026-04-09,P1015,0.0291,42258.1,0,0
2026-04-10,P1015,0.0131,42954.4,0,1
2026-04-11,P1015,0.0277,42322.12,0,0
2026-04-12,P1015,0.0469,41484.46,0,0
2026-04-13,P1015,0.0542,41167.49,0,0
2026-04-14,P1015,0.0509,41309.49,0,0
2026-04-15,P1015,0.0588,40966.28,0,1
2026-04-16,P1015,0.065,40696.62,0,0
2026-04-17,P1015,0.0454,41550.53,0,2
2026-04-18,P1015,0.0407,41755.01,0,0
2026-04-19,P1015,0.0535,41198.74,0,0
2026-04-20,P1015,0.0439,41614.26,0,0
2026-04-21,P1015,0.0625,40808.1,0,0
2026-04-22,P1015,0.0299,42223.49,0,0
2026-04-23,P1015,0.0239,42484.25,0,0
2026-04-24,P1015,0.0503,41337.44,0,1
2026-04-25,P1015,0.0371,41913.21,0,0
2026-04-26,P1015,0.0467,41495.1,0,0
2026-04-27,P1015,0.0228,42533.37,0,0
2026-04-28,P1015,0.0323,42119.63,0,0
2026-04-29,P1015,0.0482,41430.47,0,0
2026-04-30,P1015,0.0334,42071.66,0,0
2026-05-01,P1015,0.0246,42457.64,0,1
2026-05-02,P1015,0.0412,41730.96,0,0
2026-05-03,P1015,0.0293,42250.35,0,1
2026-05-04,P1015,0.0577,41013.9,0,0
2026-05-05,P1015,0.0153,42861.03,0,1
2026-05-06,P1015,0.048,41439.01,0,0
2026-05-07,P1015,0.0386,41848.28,0,0
2026-05-08,P1015,0.0642,40732.61,0,0
2026-05-09,P1015,0.0307,42188.47,0,0
2026-05-10,P1015,0.0728,40355.82,0,1
2026-05-11,P1015,0.0707,40450.09,0,1
2026-05-12,P1015,0.0368,41923.14,0,0
2026-05-13,P1015,0.0469,41487.15,0,0
2026-05-14,P1015,0.0509,41311.07,0,0
2026-05-15,P1015,0.0589,40961.39,0,0
2026-05-16,P1015,0.0366,41934.76,0,0
2026-05-17,P1015,0.0297,42232.24,0,0
2026-05-18,P1015,0.0427,41667.64,0,0
2026-05-19,P1015,0.0104,43073.2,0,1
2026-05-20,P1015,0.0339,42049.69,0,1
2026-05-21,P1015,0.0259,42397.63,0,0
2026-05-22,P1015,0.078,40131.09,0,1
2026-05-23,P1015,0.0195,42679.35,0,1
2026-05-24,P1015,0.0536,41192.39,0,0
2026-05-25,P1015,0.0426,41671.61,0,0
2026-05-26,P1015,0.0333,42077.53,0,0
2026-05-27,P1015,0.0507,41318.14,0,0
2026-05-28,P1015,0.0243,42467.44,0,0
2026-05-29,P1015,0.0314,42157.59,0,0
2026-05-30,P1015,0.0572,41036.88,0,0
2026-05-31,P1015,0.045,41567.92,0,0
2026-06-01,P1015,0.0549,41136.4,0,1
2026-06-02,P1015,0.028,42305.65,0,0
2026-06-03,P1015,0.0421,41693.46,0,1
2026-06-04,P1015,0.0585,40977.94,0,0
2026-06-05,P1015,0.041,41743.85,0,0
2026-06-06,P1015,0.0551,41130.18,0,2
2026-06-07,P1015,0.0252,42431.09,0,1
2026-06-08,P1015,0.0311,42174.2,0,0
2026-06-09,P1015,0.2751,31553.21,1,2
2026-06-10,P1015,0.2529,32518.77,1,0
2026-06-11,P1015,0.2108,34352.04,1,1
2026-06-12,P1015,0.3998,26125.11,1,0
2026-06-13,P1015,0.151,36951.91,1,1
2026-06-14,P1015,0.1271,37996.2,1,2
2026-06-15,P1015,0.048,41439.26,0,0
2026-06-16,P1015,0.0436,41627.13,0,0
2026-06-17,P1015,0.0384,41853.49,0,0
2026-06-18,P1015,0.0351,41999.8,0,0
2026-06-19,P1015,0.03,42221.71,0,0
2026-06-20,P1015,0.0461,41521.75,0,0
2026-06-21,P1015,0.2806,31313.98,1,0
2026-06-22,P1015,0.2911,30855.04,1,0
2026-06-23,P1015,0.3144,29840.98,1,0
2026-06-24,P1015,0.3041,30288.89,1,1
2026-06-25,P1015,0.2623,32109.8,1,0
2026-06-26,P1015,0.2421,32987.98,1,1
2026-06-27,P1015,0.0174,42770.13,0,0
2026-06-28,P1015,0.0512,41298.51,0,0
2026-06-29,P1015,0.0449,41572.94,0,0
2026-06-30,P1015,0.0433,41642.37,0,0
2026-07-01,P1015,0.0143,42902.04,0,0
2026-07-02,P1015,0.0318,42140.21,0,0
2026-07-03,P1015,0.0474,41464.16,0,0
2026-07-04,P1015,0.0681,40560.89,0,0
2026-07-05,P1015,0.0354,41985.81,0,0
2026-07-06,P1015,0.0234,42508.68,0,0
2026-07-07,P1015,0.0517,41278.14,0,0
2026-07-08,P1015,0.0708,40444.44,0,1
2026-07-09,P1015,0.0277,42318.82,0,0
2026-07-10,P1015,0.0327,42103.79,0,0
2026-07-11,P1015,0.0353,41989.05,0,0
2026-07-12,P1015,0.0063,43250.56,0,1
2026-07-13,P1015,0.0623,40814.97,0,0
2026-07-14,P1015,0.0344,42027.82,0,1
