data/DailyScrapeLog.csv
ScrapingDate,ProductID,DiscountPercentage,SellingPrice,IsPromotional,UnitsSold
2026-03-17,P1016,0.0666,6873.9,0,0
2026-03-18,P1016,0.0793,6780.82,0,0
2026-03-19,P1016,0.0582,6935.98,0,0
2026-03-20,P1016,0.0671,6870.28,0,0
2026-03-21,P1016,0.0614,6912.57,0,0
2026-03-22,P1016,0.0715,6838.35,0,1
2026-03-23,P1016,0.089,6709.54,0,0
2026-03-24,P1016,0.0572,6943.17,0,1
2026-03-25,P1016,0.0367,7094.41,0,0
2026-03-26,P1016,0.069,6856.92,0,0
2026-03-27,P1016,0.0724,6831.51,0,0
2026-03-28,P1016,0.0406,7065.65,0,0
2026-03-29,P1016,0.0535,6970.49,0,0
2026-03-30,P1016,0.0553,6957.72,0,1
2026-03-31,P1016,0.0604,6919.78,0,1
2026-04-01,P1016,0.0407,7064.68,0,1
2026-04-02,P1016,0.0839,6747.09,0,0
2026-04-03,P1016,0.0511,6988.2,0,0
2026-04-04,P1016,0.0433,7045.63,0,2
2026-04-05,P1016,0.0701,6848.21,0,0
2026-04-06,P1016,0.0657,6880.86,0,0
2026-04-07,P1016,0.0597,6925.32,0,1
2026-04-08,P1016,0.0581,6936.99,0,0
2026-04-09,P1016,0.0714,6839.25,0,0
2026-04-10,P1016,0.0455,7029.29,0,1
2026-04-11,P1016,0.0487,7006.02,0,2
2026-04-12,P1016,0.0772,6795.98,0,0
2026-04-13,P1016,0.0768,6798.81,0,0
2026-04-14,P1016,0.0524,6978.6,0,0
2026-04-15,P1016,0.0397,7072.25,0,0
2026-04-16,P1016,0.0702,6847.96,0,1
2026-04-17,P1016,0.0524,6979.14,0,0
2026-04-18,P1016,0.0386,7080.18,0,0
2026-04-19,P1016,0.083,6753.7,0,0
2026-04-20,P1016,0.0538,6968.4,0,0
2026-04-21,P1016,0.0815,6764.31,0,1
2026-04-22,P1016,0.0544,6964.32,0,2
2026-04-23,P1016,0.0705,6845.8,0,0
2026-04-24,P1016,0.0966,6653.59,0,0
2026-04-25,P1016,0.0588,6931.93,0,1
2026-04-26,P1016,0.071,6841.65,0,0
2026-04-27,P1016,0.0641,6892.89,0,0
2026-04-28,P1016,0.2332,5647.06,1,2
2026-04-29,P1016,0.3106,5077.41,1,3
2026-04-30,P1016,0.1624,6168.5,1,2
2026-05-01,P1016,0.2028,5871.22,1,1
2026-05-02,P1016,0.2365,5623.09,1,1
2026-05-03,P1016,0.0677,6866.48,0,0
2026-05-04,P1016,0.0445,7036.74,0,1
2026-05-05,P1016,0.0432,7046.53,0,1
2026-05-06,P1016,0.0419,7056.37,0,0
2026-05-07,P1016,0.0743,6817.28,0,0
2026-05-08,P1016,0.0492,7002.71,0,0
2026-05-09,P1016,0.0549,6960.17,0,0
2026-05-10,P1016,0.0686,6859.3,0,0
2026-05-11,P1016,0.0776,6793.51,0,0
2026-05-12,P1016,0.0521,6980.72,0,0
2026-05-13,P1016,0.0599,6923.47,0,1
2026-05-14,P1016,0.0755,6808.98,0,0
2026-05-15,P1016,0.0758,6806.42,0,0
2026-05-16,P1016,0.0587,6932.14,0,0
2026-05-17,P1016,0.068,6863.88,0,1
2026-05-18,P1016,0.0574,6942.01,0,0
2026-05-19,P1016,0.0892,6707.93,0,0
2026-05-20,P1016,0.0469,7019.08,0,0
2026-05-21,P1016,0.0502,6994.82,0,0
2026-05-22,P1016,0.2919,5215.15,1,0
2026-05-23,P1016,0.3409,4853.77,1,0
2026-05-24,P1016,0.2701,5375.85,1,1
2026-05-25,P1016,0.1877,5982.17,1,0
2026-05-26,P1016,0.3696,4642.73,1,1
2026-05-27,P1016,0.3446,4827.19,1,3
2026-05-28,P1016,0.1588,6195.4,1,1
2026-05-29,P1016,0.2657,5407.86,1,0
2026-05-30,P1016,0.2265,5696.31,1,1
2026-05-31,P1016,0.0667,6873.36,0,0
2026-06-01,P1016,0.0479,7011.78,0,0
2026-06-02,P1016,0.072,6834.3,0,0
2026-06-03,P1016,0.0888,6710.65,0,2
2026-06-04,P1016,0.0249,7181.0,0,0
2026-06-05,P1016,0.0652,6884.54,0,2
2026-06-06,P1016,0.0835,6749.74,0,1
2026-06-07,P1016,0.0567,6946.84,0,3
2026-06-08,P1016,0.0676,6867.04,0,0
2026-06-09,P1016,0.0724,6831.82,0,0
2026-06-10,P1016,0.0543,6964.82,0,2
2026-06-11,P1016,0.0449,7034.29,0,0
2026-06-12,P1016,0.0709,6842.71,0,2
2026-06-13,P1016,0.0715,6838.47,0,2
2026-06-14,P1016,0.0485,7007.64,0,0
2026-06-15,P1016,0.0512,6987.82,0,1
2026-06-16,P1016,0.0723,6831.91,0,0
2026-06-17,P1016,0.062,6908.0,0,0
2026-06-18,P1016,0.073,6827.23,0,1
2026-06-19,P1016,0.0579,6938.37,0,0
2026-06-20,P1016,0.0605,6918.88,0,0
2026-06-21,P1016,0.0404,7067.39,0,0
2026-06-22,P1016,0.0708,6842.96,0,0
2026-06-23,P1016,0.0784,6787.38,0,0
2026-06-24,P1016,0.0552,6958.37,0,2
2026-06-25,P1016,0.0467,7020.93,0,0
2026-06-26,P1016,0.059,6930.48,0,1
2026-06-27,P1016,0.0534,6971.63,0,0
2026-06-28,P1016,0.0731,6826.26,0,0
2026-06-29,P1016,0.0702,6847.84,0,1
2026-06-30,P1016,0.0746,6815.25,0,0
2026-07-01,P1016,0.1053,6589.38,0,0
2026-07-02,P1016,0.0527,6976.74,0,1
2026-07-03,P1016,0.0611,6915.04,0,0
2026-07-04,P1016,0.0679,6864.84,0,1
2026-07-05,P1016,0.057,6945.28,0,0
2026-07-06,P1016,0.0741,6818.73,0,0
2026-07-07,P1016,0.0152,7252.91,0,0
2026-07-08,P1016,0.0498,6997.67,0,0
2026-07-09,P1016,0.0642,6892.17,0,0
2026-07-10,P1016,0.0707,6843.72,0,0
2026-07-11,P1016,0.0618,6909.4,0,0
2026-07-12,P1016,0.0523,6979.65,0,0
2026-07-13,P1016,0.085,6739.02,0,3
2026-07-14,P1016,0.0598,6924.45,0,1
2026-03-17,P1017,0.071,31721.02,0,0
2026-03-18,P1017,0.0732,31645.23,0,0
2026-03-19,P1017,0.0626,32010.02,0,1
2026-03-20,P1017,0.0506,32419.66,0,0
2026-03-21,P1017,0.0658,31897.64,0,0
2026-03-22,P1017,0.0674,31844.04,0,0
2026-03-23,P1017,0.0698,31763.24,0,0
2026-03-24,P1017,0.0574,32187.16,0,0
2026-03-25,P1017,0.0591,32129.36,0,0
2026-03-26,P1017,0.0407,32757.67,0,1
2026-03-27,P1017,0.0672,31850.76,0,1
2026-03-28,P1017,0.0538,32310.38,0,0
2026-03-29,P1017,0.0362,32909.45,0,0
2026-03-30,P1017,0.0597,32107.72,0,1
2026-03-31,P1017,0.0566,32212.56,0,0
2026-04-01,P1017,0.0606,32078.11,0,1
2026-04-02,P1017,0.0925,30986.64,0,0
2026-04-03,P1017,0.0597,32106.43,0,0
2026-04-04,P1017,0.0531,32334.3,0,0
2026-04-05,P1017,0.0682,31817.84,0,1
2026-04-06,P1017,0.0342,32978.67,0,0
2026-04-07,P1017,0.0639,31963.46,0,0
2026-04-08,P1017,0.0929,30972.14,0,0
2026-04-09,P1017,0.0869,31179.71,0,0
2026-04-10,P1017,0.0582,32160.03,0,0
2026-04-11,P1017,0.0521,32368.33,0,1
2026-04-12,P1017,0.0879,31145.76,0,0
2026-04-13,P1017,0.0704,31742.74,0,0
2026-04-14,P1017,0.0779,31485.69,0,0
2026-04-15,P1017,0.0829,31316.39,0,0
2026-04-16,P1017,0.0787,31459.26,0,1
2026-04-17,P1017,0.0757,31561.76,0,1
2026-04-18,P1017,0.0615,32046.87,0,0
2026-04-19,P1017,0.0587,32142.03,0,0
2026-04-20,P1017,0.0924,30991.85,0,0
2026-04-21,P1017,0.0453,32597.91,0,0
2026-04-22,P1017,0.0851,31238.82,0,0
2026-04-23,P1017,0.0862,31203.41,0,0
2026-04-24,P1017,0.0759,31555.55,0,0
2026-04-25,P1017,0.0619,32033.33,0,0
2026-04-26,P1017,0.0705,31738.28,0,0
2026-04-27,P1017,0.0759,31554.77,0,0
2026-04-28,P1017,0.0706,31736.28,0,0
2026-04-29,P1017,0.0452,32601.57,0,0
2026-04-30,P1017,0.0576,32178.19,0,0
2026-05-01,P1017,0.0655,31909.75,0,0
2026-05-02,P1017,0.0565,32215.26,0,0
2026-05-03,P1017,0.0738,31625.61,0,0
2026-05-04,P1017,0.0699,31760.78,0,1
2026-05-05,P1017,0.0628,32000.58,0,0
2026-05-06,P1017,0.0709,31724.01,0,0
2026-05-07,P1017,0.0688,31796.65,0,0
2026-05-08,P1017,0.0731,31650.77,0,0
2026-05-09,P1017,0.0866,31189.0,0,0
2026-05-10,P1017,0.3918,20767.29,1,0
2026-05-11,P1017,0.2387,25995.95,1,0
2026-05-12,P1017,0.2583,25326.71,1,0
2026-05-13,P1017,0.2762,24715.91,1,0
2026-05-14,P1017,0.3584,21909.03,1,0
2026-05-15,P1017,0.3788,21211.84,1,3
2026-05-16,P1017,0.3298,22884.27,1,0
2026-05-17,P1017,0.3523,22114.71,1,0
2026-05-18,P1017,0.0743,31608.7,0,0
2026-05-19,P1017,0.0814,31365.33,0,0
2026-05-20,P1017,0.0783,31473.44,0,0
2026-05-21,P1017,0.0582,32157.99,0,0
2026-05-22,P1017,0.0735,31636.29,0,0
2026-05-23,P1017,0.0717,31699.16,0,0
2026-05-24,P1017,0.0893,31095.98,0,1
2026-05-25,P1017,0.0955,30885.85,0,0
2026-05-26,P1017,0.0552,32262.07,0,0
2026-05-27,P1017,0.0904,31058.41,0,0
2026-05-28,P1017,0.0616,32042.42,0,0
2026-05-29,P1017,0.2956,24052.1,1,1
2026-05-30,P1017,0.3418,22474.83,1,0
2026-05-31,P1017,0.2627,25174.96,1,0
2026-06-01,P1017,0.1501,29020.46,1,2
2026-06-02,P1017,0.0885,31123.2,0,0
2026-06-03,P1017,0.0729,31657.83,0,0
2026-06-04,P1017,0.0773,31505.1,0,0
2026-06-05,P1017,0.073,31654.45,0,1
2026-06-06,P1017,0.0899,31075.52,0,0
2026-06-07,P1017,0.0517,32379.37,0,0
2026-06-08,P1017,0.0771,31514.23,0,1
2026-06-09,P1017,0.0707,31730.11,0,0
2026-06-10,P1017,0.0563,32224.15,0,0
2026-06-11,P1017,0.0742,31611.4,0,1
2026-06-12,P1017,0.0379,32850.63,0,0
2026-06-13,P1017,0.053,32335.74,0,2
2026-06-14,P1017,0.0779,31486.72,0,0
2026-06-15,P1017,0.074,31619.69,0,0
2026-06-16,P1017,0.1028,30634.95,0,2
2026-06-17,P1017,0.0797,31425.64,0,0
2026-06-18,P1017,0.0784,31469.45,0,1
2026-06-19,P1017,0.0526,32348.18,0,0
2026-06-20,P1017,0.0471,32536.47,0,0
2026-06-21,P1017,0.0553,32258.42,0,0
2026-06-22,P1017,0.0711,31716.83,0,0
2026-06-23,P1017,0.0499,32440.6,0,0
2026-06-24,P1017,0.0698,31763.48,0,1
2026-06-25,P1017,0.0818,31352.99,0,0
2026-06-26,P1017,0.0798,31420.14,0,0
2026-06-27,P1017,0.0994,30751.11,0,1
2026-06-28,P1017,0.0678,31830.41,0,0
2026-06-29,P1017,0.0576,32178.53,0,1
2026-06-30,P1017,0.0591,32129.55,0,1
2026-07-01,P1017,0.0614,32047.78,0,1
2026-07-02,P1017,0.0922,30998.73,0,0
2026-07-03,P1017,0.0741,31615.51,0,0
2026-07-04,P1017,0.0886,31118.89,0,0
2026-07-05,P1017,0.0833,31300.43,0,0
2026-07-06,P1017,0.076,31551.59,0,0
2026-07-07,P1017,0.0518,32376.13,0,0
2026-07-08,P1017,0.0759,31552.68,0,1
2026-07-09,P1017,0.0957,30878.2,0,1
2026-07-10,P1017,0.0626,32009.84,0,0
2026-07-11,P1017,0.0842,31270.34,0,0
2026-07-12,P1017,0.0529,32339.91,0,0
2026-07-13,P1017,0.0385,32831.4,0,0
2026-07-14,P1017,0.0869,31180.33,0,1
2026-03-17,P1018,0.0964,11584.98,0,1
2026-03-18,P1018,0.1242,11229.09,0,0
2026-03-19,P1018,0.0885,11686.6,0,2
2026-03-20,P1018,0.1048,11477.49,0,0
2026-03-21,P1018,0.0883,11688.96,0,0
2026-03-22,P1018,0.1041,11486.18,0,0
2026-03-23,P1018,0.1013,11521.94,0,1
2026-03-24,P1018,0.1251,11217.11,0,0
2026-03-25,P1018,0.1006,11531.76,0,1
2026-03-26,P1018,0.0874,11701.14,0,0
2026-03-27,P1018,0.0862,11716.31,0,0
2026-03-28,P1018,0.1,11539.0,0,0
2026-03-29,P1018,0.1122,11382.84,0,0
2026-03-30,P1018,0.1045,11481.92,0,1
2026-03-31,P1018,0.0866,11710.57,0,0
2026-04-01,P1018,0.1203,11279.23,0,0
2026-04-02,P1018,0.1026,11505.16,0,0
2026-04-03,P1018,0.0714,11905.74,0,0
2026-04-04,P1018,0.1003,11535.25,0,0
2026-04-05,P1018,0.089,11680.64,0,0
2026-04-06,P1018,0.0939,11617.58,0,0
2026-04-07,P1018,0.0858,11720.86,0,1
2026-04-08,P1018,0.0986,11556.99,0,0
2026-04-09,P1018,0.1079,11437.68,0,0
2026-04-10,P1018,0.0794,11803.52,0,0
2026-04-11,P1018,0.094,11615.81,0,0
2026-04-12,P1018,0.1071,11448.65,0,0
2026-04-13,P1018,0.1001,11538.04,0,0
2026-04-14,P1018,0.1304,11149.75,0,0
2026-04-15,P1018,0.1068,11452.0,0,0
2026-04-16,P1018,0.0855,11725.12,0,0
2026-04-17,P1018,0.1022,11510.4,0,0
2026-04-18,P1018,0.1083,11432.67,0,1
2026-04-19,P1018,0.0969,11578.72,0,0
2026-04-20,P1018,0.135,11089.75,0,0
2026-04-21,P1018,0.1031,11499.16,0,1
2026-04-22,P1018,0.1096,11415.67,0,0
2026-04-23,P1018,0.1111,11396.89,0,0
2026-04-24,P1018,0.0965,11584.41,0,0
2026-04-25,P1018,0.099,11552.45,0,2
2026-04-26,P1018,0.111,11398.65,0,0
2026-04-27,P1018,0.1254,11214.02,0,2
2026-04-28,P1018,0.0891,11679.42,0,0
2026-04-29,P1018,0.1275,11186.78,0,0
2026-04-30,P1018,0.1124,11380.03,0,0
2026-05-01,P1018,0.0975,11571.08,0,0
2026-05-02,P1018,0.1061,11460.57,0,0
2026-05-03,P1018,0.1155,11340.81,0,1
2026-05-04,P1018,0.0922,11639.0,0,0
2026-05-05,P1018,0.0821,11769.09,0,0
2026-05-06,P1018,0.1011,11524.78,0,0
2026-05-07,P1018,0.075,11859.51,0,0
2026-05-08,P1018,0.1076,11442.04,0,0
2026-05-09,P1018,0.0859,11719.46,0,0
2026-05-10,P1018,0.1195,11288.51,0,0
2026-05-11,P1018,0.0795,11801.65,0,0
2026-05-12,P1018,0.0819,11770.98,0,0
2026-05-13,P1018,0.093,11628.62,0,1
2026-05-14,P1018,0.0667,11965.41,0,0
2026-05-15,P1018,0.115,11346.84,0,0
2026-05-16,P1018,0.0742,11870.35,0,0
2026-05-17,P1018,0.1104,11405.73,0,1
2026-05-18,P1018,0.1064,11457.66,0,1
2026-05-19,P1018,0.1078,11439.31,0,0
2026-05-20,P1018,0.0941,11615.16,0,0
2026-05-21,P1018,0.1036,11492.54,0,0
2026-05-22,P1018,0.0961,11588.69,0,1
2026-05-23,P1018,0.1128,11374.49,0,0
2026-05-24,P1018,0.1082,11434.44,0,1
2026-05-25,P1018,0.2687,9376.7,1,2
2026-05-26,P1018,0.3206,8710.6,1,0
2026-05-27,P1018,0.2321,9845.29,1,0
2026-05-28,P1018,0.3204,8712.9,1,0
2026-05-29,P1018,0.4442,7126.2,1,1
2026-05-30,P1018,0.3344,8533.92,1,2
2026-05-31,P1018,0.1225,11250.5,0,0
2026-06-01,P1018,0.0839,11745.14,0,0
2026-06-02,P1018,0.0768,11836.8,0,0
2026-06-03,P1018,0.1038,11490.5,0,1
2026-06-04,P1018,0.099,11552.44,0,0
2026-06-05,P1018,0.0832,11755.12,0,0
2026-06-06,P1018,0.1056,11466.98,0,0
2026-06-07,P1018,0.1101,11409.41,0,0
2026-06-08,P1018,0.0717,11901.46,0,0
2026-06-09,P1018,0.1018,11515.65,0,0
2026-06-10,P1018,0.0935,11622.04,0,0
2026-06-11,P1018,0.1228,11246.44,0,0
2026-06-12,P1018,0.0826,11762.74,0,0
2026-06-13,P1018,0.1134,11367.69,0,2
2026-06-14,P1018,0.1276,11185.45,0,1
2026-06-15,P1018,0.3835,7903.67,1,1
2026-06-16,P1018,0.2959,9027.24,1,0
2026-06-17,P1018,0.3934,7776.96,1,0
2026-06-18,P1018,0.3977,7722.64,1,0
2026-06-19,P1018,0.2949,9040.36,1,0
2026-06-20,P1018,0.239,9757.13,1,2
2026-06-21,P1018,0.3453,8394.01,1,0
2026-06-22,P1018,0.1131,11370.95,0,0
2026-06-23,P1018,0.0928,11631.12,0,0
2026-06-24,P1018,0.0941,11614.46,0,1
2026-06-25,P1018,0.1083,11433.29,0,0
2026-06-26,P1018,0.0741,11870.89,0,0
2026-06-27,P1018,0.094,11615.56,0,0
2026-06-28,P1018,0.1044,11482.66,0,0
2026-06-29,P1018,0.1106,11403.25,0,1
2026-06-30,P1018,0.079,11807.82,0,0
2026-07-01,P1018,0.0917,11645.2,0,1
2026-07-02,P1018,0.1107,11401.78,0,0
2026-07-03,P1018,0.1214,11264.39,0,1
2026-07-04,P1018,0.1071,11447.44,0,2
2026-07-05,P1018,0.1012,11523.91,0,0
2026-07-06,P1018,0.0932,11626.68,0,1
2026-07-07,P1018,0.0941,11615.16,0,0
2026-07-08,P1018,0.0999,11540.2,0,0
2026-07-09,P1018,0.1137,11363.44,0,0
2026-07-10,P1018,0.1181,11306.64,0,1
2026-07-11,P1018,0.1157,11338.06,0,0
2026-07-12,P1018,0.0998,11541.76,0,0
2026-07-13,P1018,0.0547,12119.32,0,1
2026-07-14,P1018,0.073,11885.47,0,0
2026-03-17,P1019,0.0922,34281.68,0,0
2026-03-18,P1019,0.0718,35049.99,0,0
2026-03-19,P1019,0.1198,33238.3,0,0
2026-03-20,P1019,0.0996,34000.31,0,0
2026-03-21,P1019,0.0896,34379.73,0,0
2026-03-22,P1019,0.0869,34480.63,0,0
2026-03-23,P1019,0.1378,32559.37,0,0
2026-03-24,P1019,0.077,34855.12,0,0
2026-03-25,P1019,0.0868,34484.71,0,1
2026-03-26,P1019,0.1031,33867.46,0,0
2026-03-27,P1019,0.0735,34986.43,0,0
2026-03-28,P1019,0.0986,34037.16,0,0
2026-03-29,P1019,0.1088,33655.11,0,1
2026-03-30,P1019,0.0963,34124.76,0,0
2026-03-31,P1019,0.4051,22463.4,1,0
2026-04-01,P1019,0.2711,27525.09,1,0
2026-04-02,P1019,0.3263,25439.73,1,0
2026-04-03,P1019,0.3311,25259.76,1,1
2026-04-04,P1019,0.3615,24110.8,1,0
2026-04-05,P1019,0.2053,30010.75,1,1
2026-04-06,P1019,0.3266,25430.54,1,0
2026-04-07,P1019,0.3333,25174.56,1,1
2026-04-08,P1019,0.341,24886.61,1,0
2026-04-09,P1019,0.344,24770.66,1,0
2026-04-10,P1019,0.3196,25692.03,1,3
2026-04-11,P1019,0.2513,28273.4,1,0
2026-04-12,P1019,0.1753,31142.99,1,1
2026-04-13,P1019,0.2469,28438.17,1,2
2026-04-14,P1019,0.0731,35001.09,0,0
2026-04-15,P1019,0.0716,35058.52,0,0
2026-04-16,P1019,0.0868,34485.1,0,0
2026-04-17,P1019,0.1034,33857.1,0,0
2026-04-18,P1019,0.087,34477.45,0,0
2026-04-19,P1019,0.092,34286.06,0,1
2026-04-20,P1019,0.0838,34598.38,0,0
2026-04-21,P1019,0.1237,33092.02,0,1
2026-04-22,P1019,0.0966,34113.06,0,1
2026-04-23,P1019,0.0865,34494.23,0,0
2026-04-24,P1019,0.0821,34660.06,0,1
2026-04-25,P1019,0.1002,33979.32,0,0
2026-04-26,P1019,0.0918,34293.45,0,0
2026-04-27,P1019,0.0884,34423.5,0,0
2026-04-28,P1019,0.0731,35000.39,0,1
2026-04-29,P1019,0.0794,34764.51,0,2
2026-04-30,P1019,0.0864,34497.8,0,0
2026-05-01,P1019,0.0902,34354.88,0,0
2026-05-02,P1019,0.1014,33933.55,0,1
2026-05-03,P1019,0.1044,33818.84,0,0
2026-05-04,P1019,0.1029,33875.73,0,0
2026-05-05,P1019,0.0983,34048.63,0,0
2026-05-06,P1019,0.1047,33808.43,0,0
2026-05-07,P1019,0.0925,34270.25,0,1
2026-05-08,P1019,0.0917,34298.15,0,1
2026-05-09,P1019,0.091,34324.79,0,0
2026-05-10,P1019,0.0746,34946.6,0,1
2026-05-11,P1019,0.0674,35215.61,0,0
2026-05-12,P1019,0.0936,34226.25,0,0
2026-05-13,P1019,0.1166,33359.86,0,0
2026-05-14,P1019,0.0832,34619.67,0,0
2026-05-15,P1019,0.0796,34754.38,0,1
2026-05-16,P1019,0.0926,34263.28,0,0
2026-05-17,P1019,0.1012,33940.87,0,1
2026-05-18,P1019,0.0805,34722.86,0,0
2026-05-19,P1019,0.0649,35310.31,0,0
2026-05-20,P1019,0.1147,33428.65,0,0
2026-05-21,P1019,0.097,34098.68,0,0
2026-05-22,P1019,0.113,33495.18,0,0
2026-05-23,P1019,0.1035,33851.75,0,0
2026-05-24,P1019,0.0771,34849.17,0,0
2026-05-25,P1019,0.0917,34297.19,0,0
2026-05-26,P1019,0.0983,34049.8,0,0
2026-05-27,P1019,0.0858,34520.41,0,0
2026-05-28,P1019,0.0854,34535.17,0,0
2026-05-29,P1019,0.0815,34684.09,0,0
2026-05-30,P1019,0.0814,34687.2,0,0
2026-05-31,P1019,0.0917,34297.51,0,0
2026-06-01,P1019,0.0662,35262.86,0,0
2026-06-02,P1019,0.0583,35558.79,0,0
2026-06-03,P1019,0.0839,34593.12,0,0
2026-06-04,P1019,0.0637,35358.16,0,0
2026-06-05,P1019,0.0927,34261.86,0,0
2026-06-06,P1019,0.0795,34761.15,0,0
2026-06-07,P1019,0.0891,34397.23,0,1
2026-06-08,P1019,0.3484,24606.47,1,0
2026-06-09,P1019,0.3209,25643.35,1,0
2026-06-10,P1019,0.2498,28328.42,1,0
2026-06-11,P1019,0.251,28285.3,1,0
2026-06-12,P1019,0.2894,26835.2,1,1
2026-06-13,P1019,0.2199,29457.15,1,0
2026-06-14,P1019,0.1045,33815.01,0,0
2026-06-15,P1019,0.097,34099.56,0,1
2026-06-16,P1019,0.0872,34470.58,0,0
2026-06-17,P1019,0.1175,33323.35,0,0
2026-06-18,P1019,0.0973,34087.8,0,0
2026-06-19,P1019,0.0668,35239.99,0,0
2026-06-20,P1019,0.0783,34804.75,0,0
2026-06-21,P1019,0.0964,34121.02,0,0
2026-06-22,P1019,0.0938,34218.33,0,0
2026-06-23,P1019,0.0998,33993.03,0,0
2026-06-24,P1019,0.0988,34030.72,0,0
2026-06-25,P1019,0.0806,34716.89,0,0
2026-06-26,P1019,0.0858,34522.88,0,0
2026-06-27,P1019,0.0967,34108.34,0,0
2026-06-28,P1019,0.1199,33234.01,0,0
2026-06-29,P1019,0.1068,33726.96,0,0
2026-06-30,P1019,0.1115,33549.56,0,0
2026-07-01,P1019,0.1019,33913.02,0,0
2026-07-02,P1019,0.0896,34379.17,0,0
2026-07-03,P1019,0.0839,34592.1,0,0
2026-07-04,P1019,0.073,35005.31,0,0
2026-07-05,P1019,0.0912,34318.3,0,0
2026-07-06,P1019,0.0966,34114.06,0,0
2026-07-07,P1019,0.0826,34641.09,0,0
2026-07-08,P1019,0.0674,35217.0,0,0
2026-07-09,P1019,0.0624,35405.05,0,0
2026-07-10,P1019,0.0641,35340.41,0,0
2026-07-11,P1019,0.1137,33469.16,0,0
2026-07-12,P1019,0.116,33382.74,0,0
2026-07-13,P1019,0.1057,33770.44,0,0
2026-07-14,P1019,0.1009,33953.17,0,2
