data/DailyScrapeLog.csv
ScrapingDate,ProductID,DiscountPercentage,SellingPrice,IsPromotional,UnitsSold
2026-03-17,P1020,0.0181,24995.36,0,0
2026-03-18,P1020,0.0245,24832.44,0,0
2026-03-19,P1020,0.01,25203.39,0,0
2026-03-20,P1020,0.204,20263.47,1,0
2026-03-21,P1020,0.312,17515.37,1,1
2026-03-22,P1020,0.1694,21144.34,1,2
2026-03-23,P1020,0.2688,18614.25,1,0
2026-03-24,P1020,0.1666,21216.25,1,0
2026-03-25,P1020,0.0464,24276.16,0,0
2026-03-26,P1020,0.0172,25018.95,0,0
2026-03-27,P1020,0.0262,24791.43,0,0
2026-03-28,P1020,0.0097,25210.57,0,0
2026-03-29,P1020,0.0338,24597.01,0,0
2026-03-30,P1020,0.0103,25195.71,0,0
2026-03-31,P1020,0.0023,25399.16,0,1
2026-04-01,P1020,0.0243,24839.21,0,0
2026-04-02,P1020,0.0197,24956.87,0,0
2026-04-03,P1020,0.0019,25408.81,0,0
2026-04-04,P1020,0.0323,24635.94,0,0
2026-04-05,P1020,0.0599,23931.82,0,0
2026-04-06,P1020,0.0367,24522.12,0,0
2026-04-07,P1020,0.0463,24279.57,0,0
2026-04-08,P1020,0.0332,24612.69,0,0
2026-04-09,P1020,0.0327,24625.78,0,0
2026-04-10,P1020,0.0,25457.39,0,0
2026-04-11,P1020,0.2165,19946.44,1,0
2026-04-12,P1020,0.1314,22112.97,1,1
2026-04-13,P1020,0.2197,19863.81,1,0
2026-04-14,P1020,0.1395,21907.32,1,0
2026-04-15,P1020,0.2497,19100.81,1,0
2026-04-16,P1020,0.3782,15828.28,1,0
2026-04-17,P1020,0.0193,24965.64,0,0
2026-04-18,P1020,0.0258,24799.58,0,0
2026-04-19,P1020,0.0157,25058.47,0,0
2026-04-20,P1020,0.0292,24715.0,0,0
2026-04-21,P1020,0.0247,24828.1,0,0
2026-04-22,P1020,0.0494,24199.86,0,1
2026-04-23,P1020,0.0,25457.39,0,0
2026-04-24,P1020,0.0444,24326.96,0,0
2026-04-25,P1020,0.029,24720.08,0,1
2026-04-26,P1020,0.0195,24959.94,0,1
2026-04-27,P1020,0.0444,24327.78,0,0
2026-04-28,P1020,0.0394,24455.4,0,0
2026-04-29,P1020,0.0663,23769.64,0,0
2026-04-30,P1020,0.0274,24760.3,0,0
2026-05-01,P1020,0.0483,24227.45,0,0
2026-05-02,P1020,0.0419,24391.07,0,0
2026-05-03,P1020,0.0275,24756.05,0,0
2026-05-04,P1020,0.0003,25450.87,0,0
2026-05-05,P1020,0.0423,24380.79,0,1
2026-05-06,P1020,0.0331,24614.81,0,0
2026-05-07,P1020,0.0351,24564.06,0,0
2026-05-08,P1020,0.021,24923.12,0,1
2026-05-09,P1020,0.0297,24701.06,0,0
2026-05-10,P1020,0.0298,24699.19,0,1
2026-05-11,P1020,0.0328,24622.52,0,1
2026-05-12,P1020,0.0282,24739.08,0,0
2026-05-13,P1020,0.0028,25386.84,0,2
2026-05-14,P1020,0.0289,24721.67,0,1
2026-05-15,P1020,0.0146,25086.75,0,0
2026-05-16,P1020,0.0315,24655.41,0,0
2026-05-17,P1020,0.03,24694.68,0,0
2026-05-18,P1020,0.041,24413.16,0,0
2026-05-19,P1020,0.0055,25317.38,0,0
2026-05-20,P1020,0.0304,24684.55,0,0
2026-05-21,P1020,0.0346,24577.84,0,0
2026-05-22,P1020,0.0467,24267.71,0,0
2026-05-23,P1020,0.0284,24734.91,0,0
2026-05-24,P1020,0.0063,25296.03,0,0
2026-05-25,P1020,0.0352,24561.31,0,0
2026-05-26,P1020,0.0117,25159.92,0,1
2026-05-27,P1020,0.0192,24968.41,0,0
2026-05-28,P1020,0.0351,24563.01,0,0
2026-05-29,P1020,0.0,25457.39,0,0
2026-05-30,P1020,0.0185,24986.66,0,0
2026-05-31,P1020,0.0206,24933.53,0,0
2026-06-01,P1020,0.0255,24807.22,0,1
2026-06-02,P1020,0.0504,24174.65,0,1
2026-06-03,P1020,0.309,17592.05,1,0
2026-06-04,P1020,0.0536,24092.94,1,1
2026-06-05,P1020,0.1545,21524.93,1,0
2026-06-06,P1020,0.2143,20002.31,1,2
2026-06-07,P1020,0.2244,19745.44,1,1
2026-06-08,P1020,0.0127,25133.7,0,1
2026-06-09,P1020,0.0553,24050.08,0,0
2026-06-10,P1020,0.0148,25080.46,0,0
2026-06-11,P1020,0.0467,24269.35,0,0
2026-06-12,P1020,0.0111,25175.99,0,0
2026-06-13,P1020,0.0588,23960.29,0,0
2026-06-14,P1020,0.0373,24508.14,0,0
2026-06-15,P1020,0.0272,24764.62,0,0
2026-06-16,P1020,0.0242,24841.27,0,0
2026-06-17,P1020,0.038,24491.14,0,0
2026-06-18,P1020,0.0524,24123.51,0,0
2026-06-19,P1020,0.039,24465.38,0,0
2026-06-20,P1020,0.047,24260.55,0,0
2026-06-21,P1020,0.0449,24314.68,0,0
2026-06-22,P1020,0.0436,24346.24,0,1
2026-06-23,P1020,0.0186,24983.08,0,0
2026-06-24,P1020,0.036,24539.83,0,0
2026-06-25,P1020,0.0206,24933.34,0,0
2026-06-26,P1020,0.007,25279.62,0,0
2026-06-27,P1020,0.0398,24444.85,0,0
2026-06-28,P1020,0.0507,24167.84,0,0
2026-06-29,P1020,0.0329,24621.02,0,0
2026-06-30,P1020,0.0354,24555.67,0,0
2026-07-01,P1020,0.0236,24856.36,0,1
2026-07-02,P1020,0.0461,24283.05,0,0
2026-07-03,P1020,0.0346,24576.2,0,0
2026-07-04,P1020,0.0039,25357.04,0,0
2026-07-05,P1020,0.0417,24394.56,0,3
2026-07-06,P1020,0.045,24311.84,0,1
2026-07-07,P1020,0.0221,24895.77,0,0
2026-07-08,P1020,0.0371,24513.1,0,1
2026-07-09,P1020,0.0147,25082.69,0,0
2026-07-10,P1020,0.0302,24688.57,0,0
2026-07-11,P1020,0.0411,24410.8,0,0
2026-07-12,P1020,0.0328,24623.04,0,0
2026-07-13,P1020,0.0308,24672.11,0,0
2026-07-14,P1020,0.0,25457.39,0,0
2026-03-17,P1021,0.0803,50107.44,0,0
2026-03-18,P1021,0.1097,48508.68,0,0
2026-03-19,P1021,0.0681,50773.08,0,0
2026-03-20,P1021,0.0787,50194.45,0,0
2026-03-21,P1021,0.084,49908.44,0,0
2026-03-22,P1021,0.0989,49097.42,0,0
2026-03-23,P1021,0.0892,49625.44,0,0
2026-03-24,P1021,0.1026,48894.69,0,0
2026-03-25,P1021,0.0935,49389.17,0,1
2026-03-26,P1021,0.1014,48961.28,0,0
2026-03-27,P1021,0.0757,50361.81,0,1
2026-03-28,P1021,0.0685,50749.52,0,0
2026-03-29,P1021,0.0821,50010.87,0,0
2026-03-30,P1021,0.0903,49563.67,0,0
2026-03-31,P1021,0.1074,48635.11,0,0
2026-04-01,P1021,0.1001,49028.9,0,0
2026-04-02,P1021,0.1136,48294.82,0,1
2026-04-03,P1021,0.0917,49490.06,0,0
2026-04-04,P1021,0.1064,48685.61,0,1
2026-04-05,P1021,0.3334,36319.94,1,0
2026-04-06,P1021,0.3673,34473.35,1,1
2026-04-07,P1021,0.436,30730.06,1,1
2026-04-08,P1021,0.2656,40015.67,1,0
2026-04-09,P1021,0.378,33891.62,1,0
2026-04-10,P1021,0.3391,36006.38,1,0
2026-04-11,P1021,0.3666,34509.64,1,0
2026-04-12,P1021,0.2135,42852.81,1,0
2026-04-13,P1021,0.0592,51256.93,0,1
2026-04-14,P1021,0.0881,49685.05,0,1
2026-04-15,P1021,0.1173,48093.52,0,0
2026-04-16,P1021,0.1163,48145.08,0,0
2026-04-17,P1021,0.0795,50150.07,0,0
2026-04-18,P1021,0.0824,49993.16,0,0
2026-04-19,P1021,0.08,50123.46,0,0
2026-04-20,P1021,0.0767,50303.53,0,0
2026-04-21,P1021,0.1127,48345.13,0,0
2026-04-22,P1021,0.0925,49446.6,0,0
2026-04-23,P1021,0.083,49963.89,0,0
2026-04-24,P1021,0.0919,49478.97,0,1
2026-04-25,P1021,0.0983,49128.63,0,0
2026-04-26,P1021,0.0846,49873.22,0,1
2026-04-27,P1021,0.0947,49323.87,0,1
2026-04-28,P1021,0.0859,49803.45,0,0
2026-04-29,P1021,0.099,49092.84,0,0
2026-04-30,P1021,0.0864,49774.14,0,0
2026-05-01,P1021,0.0757,50359.54,0,0
2026-05-02,P1021,0.0954,49287.23,0,0
2026-05-03,P1021,0.082,50017.38,0,1
2026-05-04,P1021,0.078,50234.85,0,1
2026-05-05,P1021,0.0775,50259.47,0,0
2026-05-06,P1021,0.103,48873.92,0,0
2026-05-07,P1021,0.1076,48620.61,0,0
2026-05-08,P1021,0.1001,49032.66,0,0
2026-05-09,P1021,0.0941,49357.39,0,0
2026-05-10,P1021,0.0907,49544.33,0,1
2026-05-11,P1021,0.0679,50782.05,0,0
2026-05-12,P1021,0.1025,48900.23,0,0
2026-05-13,P1021,0.0814,50049.4,0,0
2026-05-14,P1021,0.0889,49642.14,0,0
2026-05-15,P1021,0.0951,49304.95,0,0
2026-05-16,P1021,0.0874,49720.15,0,0
2026-05-17,P1021,0.0798,50136.4,0,0
2026-05-18,P1021,0.0865,49771.53,0,1
2026-05-19,P1021,0.0992,49078.02,0,0
2026-05-20,P1021,0.084,49909.12,0,1
2026-05-21,P1021,0.1067,48668.17,0,0
2026-05-22,P1021,0.088,49687.83,0,0
2026-05-23,P1021,0.0713,50600.26,0,0
2026-05-24,P1021,0.0825,49987.97,0,1
2026-05-25,P1021,0.0688,50733.73,0,1
2026-05-26,P1021,0.0703,50655.77,0,0
2026-05-27,P1021,0.098,49146.18,0,0
2026-05-28,P1021,0.1055,48735.56,0,0
2026-05-29,P1021,0.1191,47995.26,0,1
2026-05-30,P1021,0.0932,49403.8,0,1
2026-05-31,P1021,0.0713,50600.44,0,0
2026-06-01,P1021,0.0988,49101.76,0,0
2026-06-02,P1021,0.1102,48480.61,0,0
2026-06-03,P1021,0.1281,47503.16,0,0
2026-06-04,P1021,0.0978,49157.11,0,0
2026-06-05,P1021,0.0904,49558.91,0,0
2026-06-06,P1021,0.0882,49680.96,0,0
2026-06-07,P1021,0.0782,50223.73,0,0
2026-06-08,P1021,0.0719,50567.18,0,0
2026-06-09,P1021,0.0712,50603.67,0,1
2026-06-10,P1021,0.1115,48408.65,0,0
2026-06-11,P1021,0.0862,49787.91,0,1
2026-06-12,P1021,0.1033,48855.66,0,0
2026-06-13,P1021,0.105,48761.64,0,0
2026-06-14,P1021,0.1109,48443.99,0,0
2026-06-15,P1021,0.0965,49226.04,0,0
2026-06-16,P1021,0.0851,49847.36,0,0
2026-06-17,P1021,0.0882,49681.38,0,0
2026-06-18,P1021,0.1067,48673.12,0,0
2026-06-19,P1021,0.1134,48305.03,0,0
2026-06-20,P1021,0.1033,48854.01,0,0
2026-06-21,P1021,0.0718,50574.19,0,0
2026-06-22,P1021,0.1079,48602.78,0,0
2026-06-23,P1021,0.0853,49836.09,0,1
2026-06-24,P1021,0.0808,50079.72,0,0
2026-06-25,P1021,0.0818,50025.16,0,0
2026-06-26,P1021,0.111,48437.96,0,0
2026-06-27,P1021,0.062,51105.16,0,1
2026-06-28,P1021,0.0813,50056.58,0,1
2026-06-29,P1021,0.1228,47794.24,0,1
2026-06-30,P1021,0.0941,49355.99,0,0
2026-07-01,P1021,0.0962,49242.59,0,0
2026-07-02,P1021,0.1029,48879.17,0,0
2026-07-03,P1021,0.0814,50050.27,0,0
2026-07-04,P1021,0.1058,48720.7,0,0
2026-07-05,P1021,0.0808,50082.38,0,0
2026-07-06,P1021,0.106,48710.55,0,0
2026-07-07,P1021,0.0824,49995.31,0,0
2026-07-08,P1021,0.1133,48312.68,0,0
2026-07-09,P1021,0.0971,49191.23,0,0
2026-07-10,P1021,0.0685,50749.4,0,0
2026-07-11,P1021,0.0919,49476.1,0,0
2026-07-12,P1021,0.1287,47473.16,0,0
2026-07-13,P1021,0.1101,48487.29,0,0
2026-07-14,P1021,0.0869,49747.32,0,1
2026-03-17,P1022,0.0604,17704.98,0,0
2026-03-18,P1022,0.0736,17456.93,0,0
2026-03-19,P1022,0.0568,17772.5,0,0
2026-03-20,P1022,0.0631,17653.29,0,0
2026-03-21,P1022,0.0528,17847.43,0,0
2026-03-22,P1022,0.097,17014.65,0,0
2026-03-23,P1022,0.0465,17967.17,0,0
2026-03-24,P1022,0.0289,18299.42,0,0
2026-03-25,P1022,0.0851,17239.06,0,0
2026-03-26,P1022,0.0418,18055.81,0,0
2026-03-27,P1022,0.0751,17427.01,0,0
2026-03-28,P1022,0.0535,17834.49,0,0
2026-03-29,P1022,0.0538,17829.03,0,0
2026-03-30,P1022,0.0745,17440.13,0,1
2026-03-31,P1022,0.0425,18042.59,0,0
2026-04-01,P1022,0.0504,17893.9,0,0
2026-04-02,P1022,0.0584,17742.72,0,0
2026-04-03,P1022,0.0566,17776.19,0,0
2026-04-04,P1022,0.033,18221.41,0,0
2026-04-05,P1022,0.0731,17464.94,0,0
2026-04-06,P1022,0.0437,18019.49,0,0
2026-04-07,P1022,0.0674,17572.42,0,0
2026-04-08,P1022,0.0523,17857.82,0,0
2026-04-09,P1022,0.0384,18119.49,0,0
2026-04-10,P1022,0.0758,17414.04,0,2
2026-04-11,P1022,0.0692,17540.03,0,1
2026-04-12,P1022,0.0512,17878.34,0,0
2026-04-13,P1022,0.0768,17395.01,0,0
2026-04-14,P1022,0.0425,18042.81,0,0
2026-04-15,P1022,0.0679,17564.08,0,1
2026-04-16,P1022,0.0528,17848.12,0,0
2026-04-17,P1022,0.0471,17956.09,0,0
2026-04-18,P1022,0.0541,17824.49,0,2
2026-04-19,P1022,0.0617,17679.84,0,0
2026-04-20,P1022,0.0847,17247.87,0,1
2026-04-21,P1022,0.0746,17436.91,0,0
2026-04-22,P1022,0.0554,17799.6,0,1
2026-04-23,P1022,0.0883,17179.38,0,0
2026-04-24,P1022,0.0741,17447.44,0,0
2026-04-25,P1022,0.0463,17970.01,0,0
2026-04-26,P1022,0.0636,17644.58,0,0
2026-04-27,P1022,0.0624,17667.05,0,0
2026-04-28,P1022,0.2205,14688.72,1,0
2026-04-29,P1022,0.2634,13880.35,1,0
2026-04-30,P1022,0.2308,14493.79,1,2
2026-05-01,P1022,0.2531,14073.27,1,0
2026-05-02,P1022,0.3402,12432.87,1,1
2026-05-03,P1022,0.2073,14937.16,1,1
2026-05-04,P1022,0.2314,14482.55,1,2
2026-05-05,P1022,0.066,17600.25,0,0
2026-05-06,P1022,0.0527,17849.66,0,0
2026-05-07,P1022,0.0794,17347.74,0,1
2026-05-08,P1022,0.079,17355.21,0,0
2026-05-09,P1022,0.0622,17670.51,0,0
2026-05-10,P1022,0.075,17429.14,0,2
2026-05-11,P1022,0.0606,17700.65,0,0
2026-05-12,P1022,0.0798,17339.78,0,0
2026-05-13,P1022,0.0476,17945.73,0,0
2026-05-14,P1022,0.0661,17597.31,0,1
2026-05-15,P1022,0.0616,17681.89,0,0
2026-05-16,P1022,0.0677,17566.81,0,0
2026-05-17,P1022,0.0633,17650.47,0,0
2026-05-18,P1022,0.0886,17173.67,0,1
2026-05-19,P1022,0.0422,18048.73,0,0
2026-05-20,P1022,0.0668,17584.26,0,1
2026-05-21,P1022,0.0608,17698.08,0,0
2026-05-22,P1022,0.0512,17878.55,0,1
2026-05-23,P1022,0.087,17203.65,0,0
2026-05-24,P1022,0.0556,17796.15,0,1
2026-05-25,P1022,0.0445,18004.54,0,0
2026-05-26,P1022,0.0841,17257.57,0,0
2026-05-27,P1022,0.0736,17456.95,0,1
2026-05-28,P1022,0.0382,18123.12,0,1
2026-05-29,P1022,0.0629,17656.92,0,1
2026-05-30,P1022,0.0681,17559.96,0,0
2026-05-31,P1022,0.0552,17802.54,0,0
2026-06-01,P1022,0.0601,17711.03,0,0
2026-06-02,P1022,0.0523,17857.71,0,0
2026-06-03,P1022,0.0547,17812.32,0,0
2026-06-04,P1022,0.0694,17536.06,0,0
2026-06-05,P1022,0.0364,18157.14,0,0
2026-06-06,P1022,0.0806,17323.6,0,0
2026-06-07,P1022,0.0722,17483.1,0,0
2026-06-08,P1022,0.0352,18180.19,0,1
2026-06-09,P1022,0.0543,17820.33,0,0
2026-06-10,P1022,0.0672,17577.7,0,1
2026-06-11,P1022,0.0598,17715.46,0,0
2026-06-12,P1022,0.0607,17698.81,0,1
2026-06-13,P1022,0.0688,17546.0,0,1
2026-06-14,P1022,0.0791,17352.86,0,0
2026-06-15,P1022,0.0399,18090.72,0,0
2026-06-16,P1022,0.0764,17403.12,0,0
2026-06-17,P1022,0.0509,17883.48,0,0
2026-06-18,P1022,0.0704,17517.36,0,0
2026-06-19,P1022,0.0426,18039.81,0,0
2026-06-20,P1022,0.0507,17888.24,0,0
2026-06-21,P1022,0.0592,17728.12,0,0
2026-06-22,P1022,0.0318,18243.11,0,0
2026-06-23,P1022,0.043,18032.35,0,0
2026-06-24,P1022,0.086,17222.71,0,0
2026-06-25,P1022,0.0749,17431.11,0,0
2026-06-26,P1022,0.0772,17389.19,0,0
2026-06-27,P1022,0.072,17486.3,0,0
2026-06-28,P1022,0.0542,17821.14,0,1
2026-06-29,P1022,0.0626,17663.86,0,0
2026-06-30,P1022,0.1038,16886.8,0,0
2026-07-01,P1022,0.0626,17664.32,0,0
2026-07-02,P1022,0.0609,17695.47,0,0
2026-07-03,P1022,0.062,17675.24,0,0
2026-07-04,P1022,0.0769,17394.04,0,0
2026-07-05,P1022,0.063,17655.54,0,1
2026-07-06,P1022,0.0715,17495.87,0,0
2026-07-07,P1022,0.0704,17515.61,0,1
2026-07-08,P1022,0.0889,17167.72,0,0
2026-07-09,P1022,0.042,18050.95,0,0
2026-07-10,P1022,0.0581,17747.88,0,1
2026-07-11,P1022,0.072,17486.45,0,0
2026-07-12,P1022,0.0814,17308.86,0,0
2026-07-13,P1022,0.0649,17620.74,0,0
2026-07-14,P1022,0.0465,17966.95,0,0
2026-03-17,P1023,0.113,14855.89,0,0
2026-03-18,P1023,0.0772,15456.48,0,1
2026-03-19,P1023,0.099,15091.7,0,0
2026-03-20,P1023,0.1064,14966.85,0,1
2026-03-21,P1023,0.1046,14997.68,0,0
2026-03-22,P1023,0.1156,14813.09,0,0
2026-03-23,P1023,0.1184,14766.84,0,0
2026-03-24,P1023,0.112,14873.87,0,1
2026-03-25,P1023,0.1197,14744.68,0,0
2026-03-26,P1023,0.0914,15217.79,0,0
2026-03-27,P1023,0.0982,15104.21,0,1
2026-03-28,P1023,0.1219,14708.27,0,0
2026-03-29,P1023,0.1079,14941.3,0,1
2026-03-30,P1023,0.1232,14685.33,0,0
2026-03-31,P1023,0.1131,14854.2,0,1
2026-04-01,P1023,0.1047,14995.6,0,0
2026-04-02,P1023,0.0878,15279.2,0,1
2026-04-03,P1023,0.1328,14525.48,0,1
2026-04-04,P1023,0.256,12461.92,1,0
2026-04-05,P1023,0.328,11255.42,1,0
2026-04-06,P1023,0.356,10786.6,1,1
2026-04-07,P1023,0.3306,11211.89,1,3
2026-04-08,P1023,0.1014,15050.31,0,0
2026-04-09,P1023,0.1627,14023.95,0,0
2026-04-10,P1023,0.1328,14525.51,0,1
2026-04-11,P1023,0.1132,14853.06,0,0
2026-04-12,P1023,0.1087,14929.2,0,0
2026-04-13,P1023,0.1136,14847.19,0,1
2026-04-14,P1023,0.1111,14888.58,0,0
2026-04-15,P1023,0.0924,15201.07,0,0
2026-04-16,P1023,0.1043,15003.02,0,0
2026-04-17,P1023,0.1164,14799.9,0,0
2026-04-18,P1023,0.1085,14931.28,0,1
2026-04-19,P1023,0.1108,14892.62,0,0
2026-04-20,P1023,0.1101,14905.69,0,0
2026-04-21,P1023,0.094,15175.22,0,0
2026-04-22,P1023,0.096,15141.65,0,0
2026-04-23,P1023,0.096,15141.48,0,0
2026-04-24,P1023,0.1469,14288.72,0,1
2026-04-25,P1023,0.1024,15033.92,0,1
2026-04-26,P1023,0.0692,15590.05,0,0
2026-04-27,P1023,0.0897,15246.15,0,0
2026-04-28,P1023,0.0856,15315.71,0,0
2026-04-29,P1023,0.0986,15098.52,0,0
2026-04-30,P1023,0.1185,14764.59,0,0
2026-05-01,P1023,0.1134,14849.81,0,0
2026-05-02,P1023,0.1076,14947.28,0,0
2026-05-03,P1023,0.3618,10689.73,1,0
2026-05-04,P1023,0.3377,11092.29,1,2
2026-05-05,P1023,0.3698,10555.11,1,3
2026-05-06,P1023,0.2512,12542.35,1,0
2026-05-07,P1023,0.3547,10808.2,1,0
2026-05-08,P1023,0.1257,14643.33,0,0
2026-05-09,P1023,0.1031,15021.78,0,0
2026-05-10,P1023,0.1381,14435.87,0,0
2026-05-11,P1023,0.1254,14648.97,0,1
2026-05-12,P1023,0.1208,14726.28,0,0
2026-05-13,P1023,0.0801,15408.39,0,0
2026-05-14,P1023,0.1154,14816.58,0,0
2026-05-15,P1023,0.1091,14922.15,0,0
2026-05-16,P1023,0.0986,15098.51,0,1
2026-05-17,P1023,0.1017,15045.07,0,1
2026-05-18,P1023,0.0967,15128.8,0,0
2026-05-19,P1023,0.1069,14958.78,0,0
2026-05-20,P1023,0.0903,15235.95,0,0
2026-05-21,P1023,0.1346,14494.44,0,0
2026-05-22,P1023,0.0854,15318.47,0,1
2026-05-23,P1023,0.105,14990.89,0,0
2026-05-24,P1023,0.1057,14979.47,0,0
2026-05-25,P1023,0.1139,14842.06,0,0
2026-05-26,P1023,0.0917,15214.04,0,0
2026-05-27,P1023,0.0958,15144.91,0,0
2026-05-28,P1023,0.1145,14831.63,0,0
2026-05-29,P1023,0.09,15241.65,0,0
2026-05-30,P1023,0.1,15073.97,0,0
2026-05-31,P1023,0.1117,14878.75,0,0
2026-06-01,P1023,0.0847,15331.28,0,0
2026-06-02,P1023,0.1235,14680.29,0,1
2026-06-03,P1023,0.0983,15102.91,0,0
2026-06-04,P1023,0.1126,14863.73,0,0
2026-06-05,P1023,0.0892,15254.41,0,0
2026-06-06,P1023,0.1192,14752.6,0,0
2026-06-07,P1023,0.1215,14714.81,0,0
2026-06-08,P1023,0.0929,15192.86,0,0
2026-06-09,P1023,0.1051,14988.41,0,0
2026-06-10,P1023,0.1157,14812.13,0,0
2026-06-11,P1023,0.0857,15313.45,0,0
2026-06-12,P1023,0.1074,14949.83,0,0
2026-06-13,P1023,0.1107,14894.89,0,0
2026-06-14,P1023,0.0878,15278.21,0,0
2026-06-15,P1023,0.0936,15181.6,0,0
2026-06-16,P1023,0.1257,14644.48,0,0
2026-06-17,P1023,0.1117,14877.77,0,0
2026-06-18,P1023,0.1014,15050.19,0,0
2026-06-19,P1023,0.0901,15239.41,0,0
2026-06-20,P1023,0.1155,14814.51,0,0
2026-06-21,P1023,0.0973,15119.05,0,0
2026-06-22,P1023,0.1401,14402.49,0,0
2026-06-23,P1023,0.1111,14888.62,0,0
2026-06-24,P1023,0.1225,14697.81,0,1
2026-06-25,P1023,0.0915,15216.41,0,0
2026-06-26,P1023,0.1078,14944.02,0,0
2026-06-27,P1023,0.0905,15233.36,0,1
2026-06-28,P1023,0.1098,14909.42,0,0
2026-06-29,P1023,0.1015,15049.62,0,0
2026-06-30,P1023,0.1091,14922.13,0,0
2026-07-01,P1023,0.1028,15026.74,0,1
2026-07-02,P1023,0.1193,14751.08,0,0
2026-07-03,P1023,0.1274,14615.47,0,0
2026-07-04,P1023,0.1065,14965.86,0,0
2026-07-05,P1023,0.1117,14877.7,0,0
2026-07-06,P1023,0.0938,15178.52,0,0
2026-07-07,P1023,0.1197,14744.98,0,0
2026-07-08,P1023,0.1194,14749.66,0,0
2026-07-09,P1023,0.1008,15060.15,0,0
2026-07-10,P1023,0.1195,14748.08,0,0
2026-07-11,P1023,0.1049,14992.06,0,1
2026-07-12,P1023,0.0953,15152.18,0,0
2026-07-13,P1023,0.1143,14834.6,0,1
2026-07-14,P1023,0.102,15041.32,0,0
