data/DailyScrapeLog.csv
ScrapingDate,ProductID,DiscountPercentage,SellingPrice,IsPromotional,UnitsSold
2026-03-17,P1032,0.1217,14113.89,0,0
2026-03-18,P1032,0.1062,14363.75,0,1
2026-03-19,P1032,0.1049,14384.61,0,1
2026-03-20,P1032,0.0988,14482.4,0,0
2026-03-21,P1032,0.0824,14745.62,0,0
2026-03-22,P1032,0.1081,14333.32,0,0
2026-03-23,P1032,0.0753,14860.0,0,1
2026-03-24,P1032,0.1011,14444.68,0,1
2026-03-25,P1032,0.0972,14508.0,0,0
2026-03-26,P1032,0.0871,14670.76,0,0
2026-03-27,P1032,0.0758,14852.14,0,0
2026-03-28,P1032,0.1209,14127.81,0,0
2026-03-29,P1032,0.1035,14407.35,0,0
2026-03-30,P1032,0.0841,14717.94,0,0
2026-03-31,P1032,0.0771,14831.8,0,0
2026-04-01,P1032,0.0948,14546.96,0,0
2026-04-02,P1032,0.0941,14558.26,0,0
2026-04-03,P1032,0.0954,14537.41,0,0
2026-04-04,P1032,0.1136,14244.25,0,0
2026-04-05,P1032,0.082,14752.02,0,0
2026-04-06,P1032,0.0993,14474.62,0,0
2026-04-07,P1032,0.1205,14134.1,0,1
2026-04-08,P1032,0.1028,14417.35,0,0
2026-04-09,P1032,0.0786,14806.51,0,0
2026-04-10,P1032,0.0996,14469.36,0,0
2026-04-11,P1032,0.0828,14738.8,0,1
2026-04-12,P1032,0.0632,15054.02,0,1
2026-04-13,P1032,0.067,14993.52,0,0
2026-04-14,P1032,0.0691,14959.49,0,0
2026-04-15,P1032,0.1162,14202.25,0,0
2026-04-16,P1032,0.104,14398.71,0,0
2026-04-17,P1032,0.0978,14498.81,0,0
2026-04-18,P1032,0.0756,14855.92,0,0
2026-04-19,P1032,0.1051,14381.11,0,0
2026-04-20,P1032,0.0862,14684.38,0,0
2026-04-21,P1032,0.1151,14220.42,0,2
2026-04-22,P1032,0.0967,14516.9,0,1
2026-04-23,P1032,0.1008,14449.99,0,0
2026-04-24,P1032,0.1357,13888.79,0,0
2026-04-25,P1032,0.1047,14388.21,0,0
2026-04-26,P1032,0.1361,13883.0,0,1
2026-04-27,P1032,0.0975,14503.98,0,0
2026-04-28,P1032,0.0844,14713.02,0,1
2026-04-29,P1032,0.092,14592.43,0,0
2026-04-30,P1032,0.1049,14384.09,0,0
2026-05-01,P1032,0.1049,14385.06,0,0
2026-05-02,P1032,0.0968,14514.35,0,0
2026-05-03,P1032,0.1174,14183.18,0,1
2026-05-04,P1032,0.1022,14427.27,0,0
2026-05-05,P1032,0.0868,14674.93,0,0
2026-05-06,P1032,0.0864,14681.73,0,0
2026-05-07,P1032,0.1028,14418.74,0,0
2026-05-08,P1032,0.096,14527.05,0,2
2026-05-09,P1032,0.1216,14116.05,0,0
2026-05-10,P1032,0.1109,14287.67,0,0
2026-05-11,P1032,0.1145,14230.9,0,1
2026-05-12,P1032,0.0977,14500.2,0,0
2026-05-13,P1032,0.0974,14505.01,0,0
2026-05-14,P1032,0.0917,14597.24,0,0
2026-05-15,P1032,0.104,14398.53,0,0
2026-05-16,P1032,0.0948,14547.07,0,0
2026-05-17,P1032,0.0874,14666.03,0,0
2026-05-18,P1032,0.0796,14791.51,0,1
2026-05-19,P1032,0.1052,14379.12,0,1
2026-05-20,P1032,0.1077,14339.96,0,2
2026-05-21,P1032,0.0855,14696.38,0,0
2026-05-22,P1032,0.077,14832.51,0,0
2026-05-23,P1032,0.0749,14865.86,0,0
2026-05-24,P1032,0.1134,14247.43,0,0
2026-05-25,P1032,0.0617,15078.22,0,0
2026-05-26,P1032,0.0815,14760.89,0,0
2026-05-27,P1032,0.133,13932.43,0,0
2026-05-28,P1032,0.1065,14358.65,0,1
2026-05-29,P1032,0.091,14607.75,0,0
2026-05-30,P1032,0.078,14816.63,0,0
2026-05-31,P1032,0.1154,14215.4,0,0
2026-06-01,P1032,0.0953,14539.46,0,0
2026-06-02,P1032,0.0873,14667.25,0,0
2026-06-03,P1032,0.1043,14393.78,0,0
2026-06-04,P1032,0.0982,14492.21,0,0
2026-06-05,P1032,0.1207,14130.73,0,0
2026-06-06,P1032,0.0949,14545.22,0,1
2026-06-07,P1032,0.08,14784.8,0,0
2026-06-08,P1032,0.1075,14342.51,0,0
2026-06-09,P1032,0.0638,15045.08,0,1
2026-06-10,P1032,0.1209,14127.15,0,0
2026-06-11,P1032,0.0861,14687.12,0,0
2026-06-12,P1032,0.3438,10544.43,1,1
2026-06-13,P1032,0.211,12679.38,1,1
2026-06-14,P1032,0.3475,10484.97,1,0
2026-06-15,P1032,0.4253,9236.19,1,2
2026-06-16,P1032,0.3707,10112.78,1,1
2026-06-17,P1032,0.32,10927.36,1,1
2026-06-18,P1032,0.3085,11112.05,1,0
2026-06-19,P1032,0.1003,14458.23,0,0
2026-06-20,P1032,0.0968,14514.69,0,0
2026-06-21,P1032,0.1048,14386.23,0,0
2026-06-22,P1032,0.1173,14184.32,0,0
2026-06-23,P1032,0.097,14510.86,0,1
2026-06-24,P1032,0.0954,14536.96,0,0
2026-06-25,P1032,0.0837,14724.9,0,1
2026-06-26,P1032,0.0953,14539.45,0,0
2026-06-27,P1032,0.1115,14277.98,0,1
2026-06-28,P1032,0.0908,14610.4,0,0
2026-06-29,P1032,0.0738,14883.91,0,0
2026-06-30,P1032,0.1014,14440.45,0,0
2026-07-01,P1032,0.0835,14728.15,0,0
2026-07-02,P1032,0.0668,14996.36,0,0
2026-07-03,P1032,0.0878,14659.54,0,2
2026-07-04,P1032,0.0828,14739.14,0,0
2026-07-05,P1032,0.0784,14810.44,0,0
2026-07-06,P1032,0.0864,14681.25,0,0
2026-07-07,P1032,0.0908,14611.74,0,0
2026-07-08,P1032,0.099,14478.66,0,0
2026-07-09,P1032,0.1053,14378.56,0,0
2026-07-10,P1032,0.087,14671.71,0,0
2026-07-11,P1032,0.0873,14667.71,0,1
2026-07-12,P1032,0.0754,14858.87,0,0
2026-07-13,P1032,0.0887,14644.71,0,0
2026-07-14,P1032,0.0978,14498.06,0,0
2026-03-17,P1033,0.1528,12807.62,0,0
2026-03-18,P1033,0.1567,12748.94,0,1
2026-03-19,P1033,0.3733,9474.99,1,0
2026-03-20,P1033,0.2921,10702.52,1,1
2026-03-21,P1033,0.2453,11408.82,1,1
2026-03-22,P1033,0.3002,10579.18,1,1
2026-03-23,P1033,0.4251,8691.73,1,0
2026-03-24,P1033,0.1802,12393.2,0,0
2026-03-25,P1033,0.1431,12954.87,0,0
2026-03-26,P1033,0.1494,12859.73,0,0
2026-03-27,P1033,0.154,12789.35,0,2
2026-03-28,P1033,0.1584,12723.33,0,0
2026-03-29,P1033,0.1622,12665.78,0,0
2026-03-30,P1033,0.1767,12446.85,0,0
2026-03-31,P1033,0.1597,12702.81,0,0
2026-04-01,P1033,0.1692,12559.35,0,0
2026-04-02,P1033,0.1566,12750.49,0,0
2026-04-03,P1033,0.1284,13176.59,0,1
2026-04-04,P1033,0.1484,12874.81,0,0
2026-04-05,P1033,0.1252,13224.96,0,0
2026-04-06,P1033,0.1713,12528.66,0,0
2026-04-07,P1033,0.1717,12522.25,0,0
2026-04-08,P1033,0.1387,13020.91,0,0
2026-04-09,P1033,0.1487,12870.01,0,0
2026-04-10,P1033,0.1566,12750.91,0,0
2026-04-11,P1033,0.1598,12702.51,0,0
2026-04-12,P1033,0.1549,12775.2,0,1
2026-04-13,P1033,0.1459,12911.44,0,0
2026-04-14,P1033,0.132,13122.85,0,1
2026-04-15,P1033,0.1566,12750.05,0,0
2026-04-16,P1033,0.1498,12852.66,0,1
2026-04-17,P1033,0.1298,13155.36,0,0
2026-04-18,P1033,0.1409,12987.52,0,1
2026-04-19,P1033,0.1476,12887.03,0,0
2026-04-20,P1033,0.1655,12615.65,0,1
2026-04-21,P1033,0.1844,12330.49,0,0
2026-04-22,P1033,0.1554,12768.31,0,0
2026-04-23,P1033,0.1577,12733.79,0,1
2026-04-24,P1033,0.1388,13019.01,0,0
2026-04-25,P1033,0.1415,12977.83,0,1
2026-04-26,P1033,0.1519,12820.71,0,0
2026-04-27,P1033,0.1744,12481.06,0,2
2026-04-28,P1033,0.1609,12684.95,0,0
2026-04-29,P1033,0.1752,12468.5,0,0
2026-04-30,P1033,0.1266,13203.35,0,0
2026-05-01,P1033,0.1524,12813.06,0,1
2026-05-02,P1033,0.1502,12846.32,0,0
2026-05-03,P1033,0.157,12743.94,0,0
2026-05-04,P1033,0.1551,12772.32,0,1
2026-05-05,P1033,0.1893,12255.14,0,0
2026-05-06,P1033,0.1389,13018.32,0,0
2026-05-07,P1033,0.1435,12948.24,0,0
2026-05-08,P1033,0.1542,12787.02,0,0
2026-05-09,P1033,0.1338,13094.25,0,0
2026-05-10,P1033,0.1257,13216.98,0,0
2026-05-11,P1033,0.1733,12498.24,0,0
2026-05-12,P1033,0.1289,13169.0,0,0
2026-05-13,P1033,0.1698,12551.23,0,0
2026-05-14,P1033,0.1563,12755.1,0,0
2026-05-15,P1033,0.1583,12724.73,0,0
2026-05-16,P1033,0.182,12366.08,0,1
2026-05-17,P1033,0.1464,12904.97,0,0
2026-05-18,P1033,0.1536,12795.02,0,0
2026-05-19,P1033,0.1344,13085.73,0,0
2026-05-20,P1033,0.1848,12323.97,0,1
2026-05-21,P1033,0.1406,12992.25,0,1
2026-05-22,P1033,0.1346,13082.26,0,0
2026-05-23,P1033,0.1507,12839.62,0,0
2026-05-24,P1033,0.1354,13070.85,0,0
2026-05-25,P1033,0.1693,12557.88,0,0
2026-05-26,P1033,0.1436,12946.36,0,0
2026-05-27,P1033,0.1483,12876.46,0,1
2026-05-28,P1033,0.1399,13002.11,0,2
2026-05-29,P1033,0.1511,12833.85,0,0
2026-05-30,P1033,0.1564,12753.53,0,0
2026-05-31,P1033,0.1504,12844.0,0,0
2026-06-01,P1033,0.147,12895.85,0,0
2026-06-02,P1033,0.139,13015.87,0,0
2026-06-03,P1033,0.1551,12773.63,0,1
2026-06-04,P1033,0.1721,12515.56,0,0
2026-06-05,P1033,0.164,12637.97,0,0
2026-06-06,P1033,0.162,12669.31,0,0
2026-06-07,P1033,0.1497,12854.49,0,0
2026-06-08,P1033,0.1526,12810.4,0,0
2026-06-09,P1033,0.1375,13038.57,0,0
2026-06-10,P1033,0.1447,12929.65,0,0
2026-06-11,P1033,0.1531,12803.78,0,0
2026-06-12,P1033,0.1477,12885.53,0,0
2026-06-13,P1033,0.1249,13229.87,0,0
2026-06-14,P1033,0.1354,13069.99,0,0
2026-06-15,P1033,0.1751,12471.01,0,0
2026-06-16,P1033,0.134,13091.76,0,0
2026-06-17,P1033,0.172,12518.04,0,0
2026-06-18,P1033,0.1583,12724.98,0,0
2026-06-19,P1033,0.162,12667.88,0,0
2026-06-20,P1033,0.1626,12659.38,0,0
2026-06-21,P1033,0.1463,12906.17,0,0
2026-06-22,P1033,0.1412,12983.32,0,0
2026-06-23,P1033,0.1455,12918.34,0,0
2026-06-24,P1033,0.1638,12640.78,0,0
2026-06-25,P1033,0.1369,13047.43,0,0
2026-06-26,P1033,0.154,12790.19,0,2
2026-06-27,P1033,0.1608,12686.08,0,0
2026-06-28,P1033,0.1591,12712.46,0,1
2026-06-29,P1033,0.1371,13044.41,0,0
2026-06-30,P1033,0.1296,13158.74,0,0
2026-07-01,P1033,0.1709,12534.71,0,0
2026-07-02,P1033,0.1276,13189.08,0,0
2026-07-03,P1033,0.1456,12916.69,0,0
2026-07-04,P1033,0.1647,12627.46,0,0
2026-07-05,P1033,0.1485,12872.09,0,1
2026-07-06,P1033,0.1477,12884.17,0,0
2026-07-07,P1033,0.1345,13083.69,0,0
2026-07-08,P1033,0.1335,13099.32,0,1
2026-07-09,P1033,0.1652,12619.65,0,1
2026-07-10,P1033,0.1476,12886.13,0,0
2026-07-11,P1033,0.1542,12786.3,0,0
2026-07-12,P1033,0.1695,12554.73,0,0
2026-07-13,P1033,0.1653,12619.37,0,0
2026-07-14,P1033,0.1666,12599.3,0,0
2026-03-17,P1034,0.1131,38825.77,0,0
2026-03-18,P1034,0.1173,38642.13,0,1
2026-03-19,P1034,0.0994,39426.54,0,0
2026-03-20,P1034,0.1248,38311.71,0,0
2026-03-21,P1034,0.1199,38529.31,0,0
2026-03-22,P1034,0.1041,39217.6,0,0
2026-03-23,P1034,0.1286,38145.74,0,0
2026-03-24,P1034,0.1282,38164.59,0,0
2026-03-25,P1034,0.1074,39076.59,0,0
2026-03-26,P1034,0.1203,38511.34,0,0
2026-03-27,P1034,0.0912,39783.07,0,1
2026-03-28,P1034,0.1185,38588.28,0,0
2026-03-29,P1034,0.1096,38980.23,0,1
2026-03-30,P1034,0.1225,38416.06,0,0
2026-03-31,P1034,0.3529,28326.33,1,1
2026-04-01,P1034,0.2293,33738.8,1,2
2026-04-02,P1034,0.2566,32544.4,1,0
2026-04-03,P1034,0.2004,35002.06,1,2
2026-04-04,P1034,0.3694,27604.06,1,1
2026-04-05,P1034,0.1019,39317.13,0,0
2026-04-06,P1034,0.1301,38081.76,0,0
2026-04-07,P1034,0.1204,38505.05,0,0
2026-04-08,P1034,0.094,39661.89,0,0
2026-04-09,P1034,0.0909,39797.97,0,1
2026-04-10,P1034,0.1064,39119.71,0,0
2026-04-11,P1034,0.1025,39289.4,0,0
2026-04-12,P1034,0.101,39352.98,0,0
2026-04-13,P1034,0.0944,39645.57,0,0
2026-04-14,P1034,0.0998,39407.13,0,0
2026-04-15,P1034,0.1421,37555.94,0,0
2026-04-16,P1034,0.0945,39639.22,0,1
2026-04-17,P1034,0.1022,39302.03,0,0
2026-04-18,P1034,0.0985,39465.81,0,1
2026-04-19,P1034,0.1223,38422.48,0,0
2026-04-20,P1034,0.0808,40240.8,0,0
2026-04-21,P1034,0.1122,38865.58,0,1
2026-04-22,P1034,0.1256,38279.69,0,0
2026-04-23,P1034,0.1031,39263.11,0,0
2026-04-24,P1034,0.1173,38642.68,0,1
2026-04-25,P1034,0.1067,39105.08,0,1
2026-04-26,P1034,0.0997,39411.96,0,0
2026-04-27,P1034,0.1124,38854.12,0,0
2026-04-28,P1034,0.1032,39257.57,0,0
2026-04-29,P1034,0.1188,38573.78,0,0
2026-04-30,P1034,0.1273,38204.22,0,0
2026-05-01,P1034,0.0959,39577.19,0,1
2026-05-02,P1034,0.1044,39207.01,0,0
2026-05-03,P1034,0.105,39177.97,0,0
2026-05-04,P1034,0.1035,39246.08,0,0
2026-05-05,P1034,0.1033,39254.25,0,0
2026-05-06,P1034,0.1377,37750.61,0,1
2026-05-07,P1034,0.112,38875.6,0,1
2026-05-08,P1034,0.1059,39139.55,0,0
2026-05-09,P1034,0.1476,37314.64,0,0
2026-05-10,P1034,0.0792,40307.91,0,0
2026-05-11,P1034,0.1492,37245.09,0,0
2026-05-12,P1034,0.1629,36643.6,0,0
2026-05-13,P1034,0.1248,38312.05,0,0
2026-05-14,P1034,0.1053,39167.89,0,0
2026-05-15,P1034,0.0932,39698.69,0,0
2026-05-16,P1034,0.127,38215.13,0,0
2026-05-17,P1034,0.1151,38736.97,0,0
2026-05-18,P1034,0.0994,39425.23,0,0
2026-05-19,P1034,0.1079,39051.35,0,1
2026-05-20,P1034,0.1102,38953.63,0,0
2026-05-21,P1034,0.0894,39863.89,0,0
2026-05-22,P1034,0.1112,38906.62,0,1
2026-05-23,P1034,0.1142,38776.53,0,0
2026-05-24,P1034,0.1113,38905.96,0,1
2026-05-25,P1034,0.1154,38723.57,0,0
2026-05-26,P1034,0.1093,38993.78,0,3
2026-05-27,P1034,0.1242,38339.9,0,0
2026-05-28,P1034,0.1045,39202.07,0,0
2026-05-29,P1034,0.1188,38573.75,0,0
2026-05-30,P1034,0.0832,40133.99,0,0
2026-05-31,P1034,0.1083,39037.05,0,1
2026-06-01,P1034,0.1161,38693.41,0,0
2026-06-02,P1034,0.0928,39712.79,0,0
2026-06-03,P1034,0.0994,39423.12,0,0
2026-06-04,P1034,0.094,39661.86,0,0
2026-06-05,P1034,0.1151,38736.4,0,0
2026-06-06,P1034,0.1354,37848.37,0,0
2026-06-07,P1034,0.1007,39368.78,0,0
2026-06-08,P1034,0.0808,40237.87,0,0
2026-06-09,P1034,0.071,40669.66,0,1
2026-06-10,P1034,0.1289,38135.88,0,0
2026-06-11,P1034,0.0941,39655.26,0,0
2026-06-12,P1034,0.1084,39030.96,0,0
2026-06-13,P1034,0.3704,27560.8,1,1
2026-06-14,P1034,0.4225,25280.2,1,0
2026-06-15,P1034,0.2921,30991.03,1,1
2026-06-16,P1034,0.3536,28298.73,1,1
2026-06-17,P1034,0.0793,40306.88,0,0
2026-06-18,P1034,0.0731,40574.41,0,0
2026-06-19,P1034,0.1055,39157.58,0,0
2026-06-20,P1034,0.1126,38848.6,0,0
2026-06-21,P1034,0.0934,39686.59,0,0
2026-06-22,P1034,0.0794,40302.16,0,0
2026-06-23,P1034,0.1232,38382.5,0,0
2026-06-24,P1034,0.1047,39192.04,0,0
2026-06-25,P1034,0.1098,38969.29,0,0
2026-06-26,P1034,0.134,37912.66,0,0
2026-06-27,P1034,0.1117,38885.56,0,0
2026-06-28,P1034,0.0818,40196.28,0,0
2026-06-29,P1034,0.1084,39033.14,0,0
2026-06-30,P1034,0.1421,37557.92,0,0
2026-07-01,P1034,0.112,38872.23,0,0
2026-07-02,P1034,0.1225,38412.86,0,0
2026-07-03,P1034,0.1009,39360.93,0,0
2026-07-04,P1034,0.086,40011.18,0,0
2026-07-05,P1034,0.1225,38414.55,0,0
2026-07-06,P1034,0.118,38610.88,0,0
2026-07-07,P1034,0.0997,39412.95,0,0
2026-07-08,P1034,0.1278,38183.47,0,0
2026-07-09,P1034,0.0964,39554.65,0,0
2026-07-10,P1034,0.1219,38440.59,0,0
2026-07-11,P1034,0.124,38349.31,0,0
2026-07-12,P1034,0.1008,39364.27,0,0
2026-07-13,P1034,0.1354,37849.09,0,0
2026-07-14,P1034,0.0984,39468.8,0,1
2026-03-17,P1035,0.0927,48991.35,0,0
2026-03-18,P1035,0.127,47136.05,0,0
2026-03-19,P1035,0.078,49783.95,0,0
2026-03-20,P1035,0.0897,49153.54,0,0
2026-03-21,P1035,0.0816,49588.1,0,0
2026-03-22,P1035,0.0921,49021.42,0,1
2026-03-23,P1035,0.0962,48799.0,0,0
2026-03-24,P1035,0.082,49567.63,0,0
2026-03-25,P1035,0.1089,48112.0,0,1
2026-03-26,P1035,0.0984,48682.96,0,0
2026-03-27,P1035,0.0911,49074.57,0,0
2026-03-28,P1035,0.1068,48230.1,0,0
2026-03-29,P1035,0.0829,49520.7,0,0
2026-03-30,P1035,0.1047,48342.08,0,1
2026-03-31,P1035,0.0871,49289.26,0,0
2026-04-01,P1035,0.0611,50696.5,0,0
2026-04-02,P1035,0.1031,48429.74,0,0
2026-04-03,P1035,0.0847,49420.93,0,0
2026-04-04,P1035,0.1009,48546.27,0,0
2026-04-05,P1035,0.0858,49362.83,0,0
2026-04-06,P1035,0.1018,48498.07,0,0
2026-04-07,P1035,0.0707,50175.57,0,0
2026-04-08,P1035,0.1184,47599.37,0,1
2026-04-09,P1035,0.0811,49613.66,0,2
2026-04-10,P1035,0.0726,50072.54,0,0
2026-04-11,P1035,0.1038,48390.01,0,0
2026-04-12,P1035,0.0703,50197.1,0,0
2026-04-13,P1035,0.0871,49293.35,0,0
2026-04-14,P1035,0.0929,48979.8,0,0
2026-04-15,P1035,0.0819,49573.05,0,0
2026-04-16,P1035,0.0895,49163.77,0,0
2026-04-17,P1035,0.0643,50522.98,0,0
2026-04-18,P1035,0.0828,49526.32,0,0
2026-04-19,P1035,0.0992,48640.43,0,1
2026-04-20,P1035,0.111,48003.66,0,0
2026-04-21,P1035,0.0754,49922.48,0,0
2026-04-22,P1035,0.0486,51369.78,0,0
2026-04-23,P1035,0.0941,48910.84,0,0
2026-04-24,P1035,0.1103,48038.05,0,0
2026-04-25,P1035,0.0926,48996.44,0,1
2026-04-26,P1035,0.0803,49660.05,0,0
2026-04-27,P1035,0.1024,48466.71,0,1
2026-04-28,P1035,0.0874,49273.69,0,0
2026-04-29,P1035,0.101,48540.77,0,0
2026-04-30,P1035,0.0882,49231.08,0,0
2026-05-01,P1035,0.1184,47603.51,0,1
2026-05-02,P1035,0.0714,50141.53,0,0
2026-05-03,P1035,0.0766,49860.77,0,1
2026-05-04,P1035,0.0716,50126.25,0,0
2026-05-05,P1035,0.0686,50291.84,0,0
2026-05-06,P1035,0.0699,50221.22,0,0
2026-05-07,P1035,0.0879,49248.16,0,0
2026-05-08,P1035,0.1004,48573.69,0,0
2026-05-09,P1035,0.0803,49657.89,0,0
2026-05-10,P1035,0.0995,48620.86,0,1
2026-05-11,P1035,0.1076,48184.66,0,0
2026-05-12,P1035,0.086,49353.22,0,0
2026-05-13,P1035,0.0912,49069.47,0,0
2026-05-14,P1035,0.1069,48220.11,0,0
2026-05-15,P1035,0.0978,48713.55,0,0
2026-05-16,P1035,0.0706,50179.83,0,0
2026-05-17,P1035,0.114,47838.01,0,0
2026-05-18,P1035,0.0781,49776.34,0,1
2026-05-19,P1035,0.0898,49147.93,0,0
2026-05-20,P1035,0.1301,46967.64,0,0
2026-05-21,P1035,0.1098,48064.63,0,1
2026-05-22,P1035,0.1042,48366.79,0,0
2026-05-23,P1035,0.0972,48747.3,0,0
2026-05-24,P1035,0.0905,49106.78,0,0
2026-05-25,P1035,0.1092,48100.59,0,0
2026-05-26,P1035,0.0831,49509.65,0,0
2026-05-27,P1035,0.0758,49903.11,0,0
2026-05-28,P1035,0.1076,48184.98,0,1
2026-05-29,P1035,0.0724,50087.02,0,0
2026-05-30,P1035,0.0731,50045.68,0,0
2026-05-31,P1035,0.1103,48041.12,0,0
2026-06-01,P1035,0.1041,48374.74,0,0
2026-06-02,P1035,0.0603,50739.95,0,0
2026-06-03,P1035,0.0891,49182.12,0,0
2026-06-04,P1035,0.0655,50456.76,0,0
2026-06-05,P1035,0.1102,48042.23,0,0
2026-06-06,P1035,0.0918,49037.96,0,0
2026-06-07,P1035,0.107,48215.14,0,0
2026-06-08,P1035,0.0738,50011.36,0,0
2026-06-09,P1035,0.097,48757.89,0,2
2026-06-10,P1035,0.0642,50530.66,0,1
2026-06-11,P1035,0.0839,49462.34,0,0
2026-06-12,P1035,0.1129,47900.73,0,0
2026-06-13,P1035,0.1182,47612.59,0,0
2026-06-14,P1035,0.1024,48465.58,0,0
2026-06-15,P1035,0.0926,48994.99,0,0
2026-06-16,P1035,0.0874,49274.03,0,1
2026-06-17,P1035,0.0924,49003.92,0,0
2026-06-18,P1035,0.0924,49002.8,0,0
2026-06-19,P1035,0.0849,49408.82,0,0
2026-06-20,P1035,0.0729,50058.72,0,0
2026-06-21,P1035,0.2692,39459.6,1,0
2026-06-22,P1035,0.3949,32673.97,1,0
2026-06-23,P1035,0.283,38712.48,1,0
2026-06-24,P1035,0.3524,34964.33,1,0
2026-06-25,P1035,0.352,34989.23,1,0
2026-06-26,P1035,0.2677,39540.42,1,0
2026-06-27,P1035,0.2196,42137.28,1,0
2026-06-28,P1035,0.4145,31613.66,1,0
2026-06-29,P1035,0.3251,36442.86,1,1
2026-06-30,P1035,0.3973,32544.33,1,1
2026-07-01,P1035,0.3435,35449.06,1,0
2026-07-02,P1035,0.0934,48953.65,0,1
2026-07-03,P1035,0.0723,50088.75,0,0
2026-07-04,P1035,0.0764,49869.0,0,0
2026-07-05,P1035,0.0798,49687.44,0,0
2026-07-06,P1035,0.0899,49138.85,0,0
2026-07-07,P1035,0.0838,49470.1,0,0
2026-07-08,P1035,0.0831,49505.84,0,0
2026-07-09,P1035,0.1097,48069.11,0,0
2026-07-10,P1035,0.0701,50210.77,0,0
2026-07-11,P1035,0.1021,48480.26,0,0
2026-07-12,P1035,0.0919,49032.09,0,0
2026-07-13,P1035,0.0988,48661.14,0,0
2026-07-14,P1035,0.0885,49217.19,0,0
