data/DailyScrapeLog.csv
ScrapingDate,ProductID,DiscountPercentage,SellingPrice,IsPromotional,UnitsSold
2026-03-17,P1036,0.1069,29728.26,0,0
2026-03-18,P1036,0.0961,30086.36,0,1
2026-03-19,P1036,0.0806,30603.26,0,0
2026-03-20,P1036,0.1121,29552.5,0,0
2026-03-21,P1036,0.0885,30339.19,0,0
2026-03-22,P1036,0.1055,29774.67,0,0
2026-03-23,P1036,0.0805,30604.51,0,0
2026-03-24,P1036,0.0966,30070.53,0,0
2026-03-25,P1036,0.1025,29873.2,0,0
2026-03-26,P1036,0.1075,29705.86,0,1
2026-03-27,P1036,0.1192,29316.67,0,1
2026-03-28,P1036,0.0724,30875.31,0,1
2026-03-29,P1036,0.1044,29811.43,0,0
2026-03-30,P1036,0.0655,31105.43,0,0
2026-03-31,P1036,0.0928,30195.96,0,1
2026-04-01,P1036,0.0752,30781.47,0,0
2026-04-02,P1036,0.0788,30660.92,0,1
2026-04-03,P1036,0.0828,30528.88,0,1
2026-04-04,P1036,0.099,29989.03,0,1
2026-04-05,P1036,0.1141,29487.56,0,1
2026-04-06,P1036,0.0616,31233.55,0,1
2026-04-07,P1036,0.129,28992.33,0,0
2026-04-08,P1036,0.0867,30399.82,0,1
2026-04-09,P1036,0.095,30123.64,0,1
2026-04-10,P1036,0.0847,30465.99,0,0
2026-04-11,P1036,0.0929,30194.35,0,0
2026-04-12,P1036,0.074,30823.48,0,0
2026-04-13,P1036,0.1032,29850.89,0,1
2026-04-14,P1036,0.088,30356.19,0,0
2026-04-15,P1036,0.1233,29182.31,0,0
2026-04-16,P1036,0.0786,30667.9,0,0
2026-04-17,P1036,0.0904,30276.88,0,0
2026-04-18,P1036,0.0982,30015.62,0,0
2026-04-19,P1036,0.1151,29454.91,0,0
2026-04-20,P1036,0.0896,30302.7,0,0
2026-04-21,P1036,0.0994,29976.78,0,1
2026-04-22,P1036,0.1227,29202.36,0,0
2026-04-23,P1036,0.1029,29860.02,0,0
2026-04-24,P1036,0.1145,29474.13,0,0
2026-04-25,P1036,0.0812,30582.24,0,0
2026-04-26,P1036,0.0923,30211.49,0,0
2026-04-27,P1036,0.2995,23317.73,1,1
2026-04-28,P1036,0.3465,21751.76,1,0
2026-04-29,P1036,0.2924,23552.45,1,0
2026-04-30,P1036,0.5321,15574.88,1,0
2026-05-01,P1036,0.2786,24010.97,1,0
2026-05-02,P1036,0.3122,22894.96,1,1
2026-05-03,P1036,0.3415,21919.44,1,1
2026-05-04,P1036,0.2159,26097.75,1,1
2026-05-05,P1036,0.3324,22222.6,1,0
2026-05-06,P1036,0.1121,29553.54,0,0
2026-05-07,P1036,0.0926,30202.71,0,0
2026-05-08,P1036,0.1074,29711.33,0,0
2026-05-09,P1036,0.0957,30100.9,0,0
2026-05-10,P1036,0.1024,29877.93,0,0
2026-05-11,P1036,0.0995,29972.11,0,0
2026-05-12,P1036,0.0795,30637.29,0,1
2026-05-13,P1036,0.0957,30101.07,0,1
2026-05-14,P1036,0.0762,30750.29,0,0
2026-05-15,P1036,0.088,30354.59,0,0
2026-05-16,P1036,0.0906,30268.99,0,0
2026-05-17,P1036,0.0983,30013.04,0,1
2026-05-18,P1036,0.0728,30861.36,0,0
2026-05-19,P1036,0.1168,29398.7,0,0
2026-05-20,P1036,0.1016,29904.63,0,0
2026-05-21,P1036,0.0602,31279.84,0,0
2026-05-22,P1036,0.0908,30261.46,0,0
2026-05-23,P1036,0.0962,30084.5,0,0
2026-05-24,P1036,0.1046,29802.3,0,0
2026-05-25,P1036,0.1072,29717.16,0,0
2026-05-26,P1036,0.0964,30077.02,0,0
2026-05-27,P1036,0.0787,30664.77,0,0
2026-05-28,P1036,0.1086,29670.02,0,0
2026-05-29,P1036,0.085,30456.19,0,0
2026-05-30,P1036,0.1038,29831.2,0,0
2026-05-31,P1036,0.1077,29700.83,0,1
2026-06-01,P1036,0.1098,29628.77,0,0
2026-06-02,P1036,0.1056,29770.27,0,1
2026-06-03,P1036,0.0712,30916.07,0,0
2026-06-04,P1036,0.1034,29844.32,0,0
2026-06-05,P1036,0.1243,29147.95,0,0
2026-06-06,P1036,0.1109,29594.04,0,0
2026-06-07,P1036,0.0996,29968.6,0,0
2026-06-08,P1036,0.1331,28853.51,0,0
2026-06-09,P1036,0.1227,29201.24,0,0
2026-06-10,P1036,0.1056,29769.57,0,0
2026-06-11,P1036,0.0913,30246.5,0,0
2026-06-12,P1036,0.3256,22449.05,1,2
2026-06-13,P1036,0.297,23400.57,1,0
2026-06-14,P1036,0.3373,22058.57,1,1
2026-06-15,P1036,0.2705,24282.52,1,0
2026-06-16,P1036,0.3848,20475.6,1,0
2026-06-17,P1036,0.3583,21359.54,1,0
2026-06-18,P1036,0.473,17541.55,1,1
2026-06-19,P1036,0.097,30057.46,0,0
2026-06-20,P1036,0.0857,30430.92,0,0
2026-06-21,P1036,0.088,30357.09,0,0
2026-06-22,P1036,0.1191,29320.59,0,0
2026-06-23,P1036,0.113,29522.61,0,0
2026-06-24,P1036,0.1117,29566.67,0,0
2026-06-25,P1036,0.1099,29626.77,0,0
2026-06-26,P1036,0.0908,30262.96,0,0
2026-06-27,P1036,0.0977,30034.54,0,0
2026-06-28,P1036,0.0742,30816.1,0,1
2026-06-29,P1036,0.0673,31045.88,0,0
2026-06-30,P1036,0.0521,31550.99,0,1
2026-07-01,P1036,0.0701,30951.09,0,0
2026-07-02,P1036,0.067,31055.79,0,2
2026-07-03,P1036,0.4002,19964.58,1,0
2026-07-04,P1036,0.2813,23920.51,1,1
2026-07-05,P1036,0.4284,19024.82,1,0
2026-07-06,P1036,0.3292,22326.97,1,1
2026-07-07,P1036,0.3359,22104.83,1,0
2026-07-08,P1036,0.3739,20839.33,1,1
2026-07-09,P1036,0.3231,22531.29,1,2
2026-07-10,P1036,0.3189,22671.36,1,0
2026-07-11,P1036,0.3917,20246.64,1,0
2026-07-12,P1036,0.0947,30131.29,0,0
2026-07-13,P1036,0.0874,30375.32,0,0
2026-07-14,P1036,0.09,30288.08,0,0
2026-03-17,P1037,0.0841,13596.41,0,0
2026-03-18,P1037,0.0963,13415.43,0,0
2026-03-19,P1037,0.0978,13392.59,0,0
2026-03-20,P1037,0.3995,8914.22,1,1
2026-03-21,P1037,0.2784,10712.11,1,2
2026-03-22,P1037,0.2837,10633.61,1,0
2026-03-23,P1037,0.2992,10403.25,1,0
2026-03-24,P1037,0.2933,10491.43,1,0
2026-03-25,P1037,0.2329,11387.64,1,1
2026-03-26,P1037,0.1073,13251.75,0,0
2026-03-27,P1037,0.0782,13684.32,0,0
2026-03-28,P1037,0.0705,13798.86,0,0
2026-03-29,P1037,0.0925,13471.98,0,0
2026-03-30,P1037,0.088,13538.45,0,0
2026-03-31,P1037,0.0732,13758.39,0,0
2026-04-01,P1037,0.0751,13729.93,0,0
2026-04-02,P1037,0.0817,13632.51,0,0
2026-04-03,P1037,0.0992,13372.41,0,0
2026-04-04,P1037,0.0689,13821.73,0,1
2026-04-05,P1037,0.105,13286.56,0,1
2026-04-06,P1037,0.0437,14196.52,0,1
2026-04-07,P1037,0.0724,13769.97,0,0
2026-04-08,P1037,0.0683,13831.55,0,0
2026-04-09,P1037,0.0935,13456.88,0,0
2026-04-10,P1037,0.0787,13676.92,0,1
2026-04-11,P1037,0.0609,13941.67,0,0
2026-04-12,P1037,0.0727,13766.51,0,0
2026-04-13,P1037,0.0712,13788.69,0,0
2026-04-14,P1037,0.0561,14012.07,0,0
2026-04-15,P1037,0.0748,13734.95,0,1
2026-04-16,P1037,0.0483,14127.72,0,0
2026-04-17,P1037,0.0873,13549.41,0,0
2026-04-18,P1037,0.0939,13451.45,0,0
2026-04-19,P1037,0.0533,14053.55,0,0
2026-04-20,P1037,0.0595,13962.25,0,0
2026-04-21,P1037,0.0941,13448.58,0,1
2026-04-22,P1037,0.0859,13570.38,0,0
2026-04-23,P1037,0.0873,13549.06,0,0
2026-04-24,P1037,0.0691,13819.36,0,0
2026-04-25,P1037,0.0823,13622.75,0,1
2026-04-26,P1037,0.0921,13477.5,0,0
2026-04-27,P1037,0.0716,13782.26,0,1
2026-04-28,P1037,0.0933,13460.09,0,0
2026-04-29,P1037,0.0679,13837.85,0,0
2026-04-30,P1037,0.0629,13911.67,0,1
2026-05-01,P1037,0.0797,13661.85,0,0
2026-05-02,P1037,0.0809,13644.17,0,0
2026-05-03,P1037,0.0591,13968.21,0,0
2026-05-04,P1037,0.077,13702.37,0,0
2026-05-05,P1037,0.0694,13814.71,0,0
2026-05-06,P1037,0.0962,13417.49,0,1
2026-05-07,P1037,0.0702,13802.87,0,0
2026-05-08,P1037,0.0518,14076.74,0,0
2026-05-09,P1037,0.0625,13917.62,0,0
2026-05-10,P1037,0.0574,13992.35,0,0
2026-05-11,P1037,0.0852,13580.8,0,0
2026-05-12,P1037,0.0827,13617.28,0,0
2026-05-13,P1037,0.0496,14108.6,0,0
2026-05-14,P1037,0.0604,13949.19,0,0
2026-05-15,P1037,0.0733,13757.0,0,0
2026-05-16,P1037,0.1012,13343.31,0,1
2026-05-17,P1037,0.0814,13637.27,0,1
2026-05-18,P1037,0.0876,13544.28,0,0
2026-05-19,P1037,0.0758,13719.26,0,0
2026-05-20,P1037,0.0697,13811.0,0,0
2026-05-21,P1037,0.05,14103.51,0,1
2026-05-22,P1037,0.0749,13732.68,0,0
2026-05-23,P1037,0.0757,13722.04,0,1
2026-05-24,P1037,0.1026,13322.74,0,0
2026-05-25,P1037,0.0806,13647.99,0,0
2026-05-26,P1037,0.0763,13712.9,0,0
2026-05-27,P1037,0.0594,13962.69,0,0
2026-05-28,P1037,0.0858,13570.82,0,0
2026-05-29,P1037,0.0651,13879.19,0,0
2026-05-30,P1037,0.083,13613.15,0,0
2026-05-31,P1037,0.0788,13675.47,0,0
2026-06-01,P1037,0.0887,13528.64,0,0
2026-06-02,P1037,0.0758,13720.31,0,0
2026-06-03,P1037,0.0451,14175.99,0,0
2026-06-04,P1037,0.0516,14078.41,0,0
2026-06-05,P1037,0.3572,9543.19,1,0
2026-06-06,P1037,0.2825,10650.72,1,0
2026-06-07,P1037,0.318,10124.25,1,1
2026-06-08,P1037,0.3453,9719.59,1,1
2026-06-09,P1037,0.3795,9211.41,1,0
2026-06-10,P1037,0.3256,10012.02,1,0
2026-06-11,P1037,0.4201,8609.32,1,1
2026-06-12,P1037,0.3968,8955.32,1,1
2026-06-13,P1037,0.0812,13639.09,0,1
2026-06-14,P1037,0.068,13836.4,0,0
2026-06-15,P1037,0.0888,13527.07,0,0
2026-06-16,P1037,0.0783,13683.2,0,1
2026-06-17,P1037,0.07,13805.6,0,0
2026-06-18,P1037,0.0649,13881.74,0,0
2026-06-19,P1037,0.0899,13510.92,0,0
2026-06-20,P1037,0.0567,14004.09,0,0
2026-06-21,P1037,0.0555,14020.87,0,1
2026-06-22,P1037,0.0926,13470.21,0,1
2026-06-23,P1037,0.0781,13686.24,0,1
2026-06-24,P1037,0.0672,13847.21,0,0
2026-06-25,P1037,0.0666,13856.03,0,0
2026-06-26,P1037,0.0715,13784.29,0,0
2026-06-27,P1037,0.2978,10424.54,1,0
2026-06-28,P1037,0.1916,12000.13,1,0
2026-06-29,P1037,0.3212,10076.94,1,0
2026-06-30,P1037,0.2286,11451.57,1,1
2026-07-01,P1037,0.066,13865.49,0,0
2026-07-02,P1037,0.0642,13892.05,0,1
2026-07-03,P1037,0.0717,13780.69,0,1
2026-07-04,P1037,0.0805,13650.24,0,1
2026-07-05,P1037,0.0954,13428.48,0,1
2026-07-06,P1037,0.0681,13833.66,0,2
2026-07-07,P1037,0.0455,14170.34,0,1
2026-07-08,P1037,0.063,13909.17,0,0
2026-07-09,P1037,0.076,13717.29,0,0
2026-07-10,P1037,0.1,13360.25,0,0
2026-07-11,P1037,0.0786,13678.17,0,0
2026-07-12,P1037,0.0551,14026.69,0,0
2026-07-13,P1037,0.077,13701.51,0,0
2026-07-14,P1037,0.0786,13677.94,0,0
2026-03-17,P1038,0.1194,34987.15,0,0
2026-03-18,P1038,0.1235,34824.96,0,0
2026-03-19,P1038,0.1025,35659.73,0,1
2026-03-20,P1038,0.101,35717.77,0,0
2026-03-21,P1038,0.1056,35534.32,0,0
2026-03-22,P1038,0.1218,34891.27,0,0
2026-03-23,P1038,0.107,35480.75,0,0
2026-03-24,P1038,0.1148,35168.36,0,0
2026-03-25,P1038,0.1337,34417.65,0,0
2026-03-26,P1038,0.1142,35194.69,0,0
2026-03-27,P1038,0.1018,35687.04,0,0
2026-03-28,P1038,0.1325,34465.23,0,0
2026-03-29,P1038,0.1145,35180.57,0,0
2026-03-30,P1038,0.0916,36090.41,0,0
2026-03-31,P1038,0.1215,34904.03,0,0
2026-04-01,P1038,0.1193,34991.25,0,0
2026-04-02,P1038,0.1047,35570.65,0,0
2026-04-03,P1038,0.1192,34995.82,0,0
2026-04-04,P1038,0.1173,35070.13,0,0
2026-04-05,P1038,0.1156,35138.75,0,0
2026-04-06,P1038,0.1137,35214.08,0,0
2026-04-07,P1038,0.0935,36015.63,0,0
2026-04-08,P1038,0.1241,34800.88,0,1
2026-04-09,P1038,0.1344,34390.18,0,0
2026-04-10,P1038,0.1341,34401.88,0,0
2026-04-11,P1038,0.1066,35497.05,0,1
2026-04-12,P1038,0.1004,35740.49,0,0
2026-04-13,P1038,0.1232,34837.47,0,0
2026-04-14,P1038,0.0855,36334.79,0,0
2026-04-15,P1038,0.1159,35126.04,0,0
2026-04-16,P1038,0.1375,34267.23,0,0
2026-04-17,P1038,0.101,35719.21,0,0
2026-04-18,P1038,0.0998,35763.58,0,0
2026-04-19,P1038,0.1226,34860.9,0,0
2026-04-20,P1038,0.1208,34929.9,0,0
2026-04-21,P1038,0.1087,35413.05,0,0
2026-04-22,P1038,0.1257,34734.94,0,0
2026-04-23,P1038,0.1058,35528.59,0,0
2026-04-24,P1038,0.1255,34743.63,0,0
2026-04-25,P1038,0.139,34210.06,0,0
2026-04-26,P1038,0.1005,35735.9,0,1
2026-04-27,P1038,0.1294,34588.44,0,1
2026-04-28,P1038,0.1116,35297.11,0,0
2026-04-29,P1038,0.1347,34377.98,0,0
2026-04-30,P1038,0.1123,35267.4,0,0
2026-05-01,P1038,0.1267,34697.11,0,0
2026-05-02,P1038,0.1449,33972.46,0,0
2026-05-03,P1038,0.1238,34811.94,0,0
2026-05-04,P1038,0.1247,34778.23,0,0
2026-05-05,P1038,0.1047,35570.1,0,1
2026-05-06,P1038,0.1249,34766.82,0,0
2026-05-07,P1038,0.1307,34536.86,0,1
2026-05-08,P1038,0.123,34844.62,0,0
2026-05-09,P1038,0.0864,36296.57,0,0
2026-05-10,P1038,0.1263,34711.69,0,0
2026-05-11,P1038,0.104,35597.1,0,0
2026-05-12,P1038,0.1048,35565.61,0,0
2026-05-13,P1038,0.1424,34071.05,0,0
2026-05-14,P1038,0.1043,35587.41,0,0
2026-05-15,P1038,0.1009,35723.6,0,1
2026-05-16,P1038,0.135,34365.72,0,0
2026-05-17,P1038,0.1461,33925.76,0,0
2026-05-18,P1038,0.1144,35186.72,0,1
2026-05-19,P1038,0.1057,35530.35,0,0
2026-05-20,P1038,0.1303,34554.86,0,0
2026-05-21,P1038,0.1036,35615.41,0,0
2026-05-22,P1038,0.1118,35290.73,0,0
2026-05-23,P1038,0.1314,34508.77,0,0
2026-05-24,P1038,0.1302,34557.99,0,0
2026-05-25,P1038,0.1186,35017.54,0,0
2026-05-26,P1038,0.1169,35086.76,0,0
2026-05-27,P1038,0.0912,36107.38,0,0
2026-05-28,P1038,0.1162,35112.28,0,0
2026-05-29,P1038,0.1212,34915.33,0,0
2026-05-30,P1038,0.1079,35442.66,0,0
2026-05-31,P1038,0.1004,35740.55,0,0
2026-06-01,P1038,0.1394,34192.43,0,1
2026-06-02,P1038,0.1257,34737.53,0,1
2026-06-03,P1038,0.1041,35595.81,0,0
2026-06-04,P1038,0.1344,34389.27,0,0
2026-06-05,P1038,0.1124,35265.43,0,0
2026-06-06,P1038,0.1089,35402.75,0,0
2026-06-07,P1038,0.0885,36216.13,0,0
2026-06-08,P1038,0.1103,35349.31,0,0
2026-06-09,P1038,0.1424,34074.95,0,0
2026-06-10,P1038,0.1066,35496.53,0,1
2026-06-11,P1038,0.1325,34464.7,0,0
2026-06-12,P1038,0.1141,35197.65,0,0
2026-06-13,P1038,0.1385,34226.62,0,0
2026-06-14,P1038,0.1023,35665.31,0,1
2026-06-15,P1038,0.1391,34203.67,0,1
2026-06-16,P1038,0.1075,35461.59,0,0
2026-06-17,P1038,0.1129,35246.84,0,1
2026-06-18,P1038,0.122,34883.89,0,0
2026-06-19,P1038,0.1135,35223.01,0,1
2026-06-20,P1038,0.1083,35428.67,0,0
2026-06-21,P1038,0.1174,35064.94,0,0
2026-06-22,P1038,0.0893,36183.69,0,1
2026-06-23,P1038,0.0966,35891.22,0,0
2026-06-24,P1038,0.1021,35673.8,0,0
2026-06-25,P1038,0.1237,34814.04,0,0
2026-06-26,P1038,0.1215,34902.39,0,0
2026-06-27,P1038,0.111,35321.7,0,0
2026-06-28,P1038,0.1238,34810.48,0,0
2026-06-29,P1038,0.2966,27946.31,1,2
2026-06-30,P1038,0.4395,22267.56,1,0
2026-07-01,P1038,0.2149,31194.35,1,1
2026-07-02,P1038,0.1745,32797.34,1,1
2026-07-03,P1038,0.3607,25398.59,1,1
2026-07-04,P1038,0.2881,28286.08,1,1
2026-07-05,P1038,0.1282,34636.6,0,0
2026-07-06,P1038,0.1597,33386.07,0,0
2026-07-07,P1038,0.122,34882.84,0,0
2026-07-08,P1038,0.1178,35049.66,0,0
2026-07-09,P1038,0.0951,35953.86,0,1
2026-07-10,P1038,0.1156,35138.91,0,0
2026-07-11,P1038,0.0848,36362.68,0,0
2026-07-12,P1038,0.1159,35127.69,0,0
2026-07-13,P1038,0.0983,35824.32,0,0
2026-07-14,P1038,0.1123,35269.99,0,1
2026-03-17,P1039,0.1091,31823.66,0,0
2026-03-18,P1039,0.102,32078.1,0,0
2026-03-19,P1039,0.1135,31667.71,0,0
2026-03-20,P1039,0.1301,31073.26,0,0
2026-03-21,P1039,0.1308,31048.54,0,0
2026-03-22,P1039,0.1355,30880.62,0,0
2026-03-23,P1039,0.1339,30937.95,0,0
2026-03-24,P1039,0.1304,31061.38,0,0
2026-03-25,P1039,0.1008,32118.99,0,0
2026-03-26,P1039,0.1488,30406.53,0,0
2026-03-27,P1039,0.1261,31217.69,0,0
2026-03-28,P1039,0.1125,31700.99,0,0
2026-03-29,P1039,0.1026,32055.35,0,0
2026-03-30,P1039,0.1186,31482.81,0,0
2026-03-31,P1039,0.1003,32136.7,0,0
2026-04-01,P1039,0.1142,31639.51,0,0
2026-04-02,P1039,0.1316,31019.57,0,0
2026-04-03,P1039,0.1255,31238.45,0,1
2026-04-04,P1039,0.1023,32065.7,0,0
2026-04-05,P1039,0.1321,31002.37,0,0
2026-04-06,P1039,0.1106,31769.1,0,0
2026-04-07,P1039,0.1133,31672.06,0,0
2026-04-08,P1039,0.1038,32011.54,0,0
2026-04-09,P1039,0.1129,31685.84,0,0
2026-04-10,P1039,0.1356,30876.71,0,0
2026-04-11,P1039,0.097,32256.6,0,0
2026-04-12,P1039,0.1319,31007.05,0,0
2026-04-13,P1039,0.1135,31665.86,0,0
2026-04-14,P1039,0.1157,31588.92,0,0
2026-04-15,P1039,0.1291,31107.07,0,0
2026-04-16,P1039,0.1506,30340.4,0,0
2026-04-17,P1039,0.1113,31744.06,0,1
2026-04-18,P1039,0.12,31435.15,0,1
2026-04-19,P1039,0.1365,30842.98,0,0
2026-04-20,P1039,0.1067,31908.69,0,0
2026-04-21,P1039,0.14,30720.99,0,0
2026-04-22,P1039,0.1525,30272.15,0,0
2026-04-23,P1039,0.126,31219.24,0,0
2026-04-24,P1039,0.1277,31160.54,0,0
2026-04-25,P1039,0.1323,30995.19,0,0
2026-04-26,P1039,0.1227,31335.88,0,0
2026-04-27,P1039,0.4123,20992.31,1,1
2026-04-28,P1039,0.3744,22346.62,1,0
2026-04-29,P1039,0.3246,24126.28,1,0
2026-04-30,P1039,0.254,26648.67,1,0
2026-05-01,P1039,0.4074,21167.28,1,0
2026-05-02,P1039,0.3215,24237.08,1,0
2026-05-03,P1039,0.3988,21474.08,1,0
2026-05-04,P1039,0.1225,31343.65,0,0
2026-05-05,P1039,0.1085,31843.3,0,0
2026-05-06,P1039,0.1376,30804.26,0,0
2026-05-07,P1039,0.098,32218.65,0,0
2026-05-08,P1039,0.1464,30492.26,0,0
2026-05-09,P1039,0.1372,30818.79,0,0
2026-05-10,P1039,0.1305,31058.71,0,0
2026-05-11,P1039,0.0957,32300.45,0,0
2026-05-12,P1039,0.1511,30323.63,0,1
2026-05-13,P1039,0.1144,31635.45,0,0
2026-05-14,P1039,0.1242,31282.57,0,0
2026-05-15,P1039,0.1527,30265.95,0,0
2026-05-16,P1039,0.3286,23981.44,1,1
2026-05-17,P1039,0.3793,22173.14,1,0
2026-05-18,P1039,0.391,21753.05,1,1
2026-05-19,P1039,0.3408,23545.29,1,1
2026-05-20,P1039,0.3364,23704.33,1,2
2026-05-21,P1039,0.299,25038.37,1,0
2026-05-22,P1039,0.4781,18640.99,1,0
2026-05-23,P1039,0.4523,19564.3,1,1
2026-05-24,P1039,0.1035,32025.06,0,0
2026-05-25,P1039,0.1155,31594.28,0,0
2026-05-26,P1039,0.1105,31771.79,0,0
2026-05-27,P1039,0.1134,31671.31,0,0
2026-05-28,P1039,0.123,31326.91,0,0
2026-05-29,P1039,0.1021,32072.36,0,0
2026-05-30,P1039,0.1076,31877.86,0,0
2026-05-31,P1039,0.1264,31205.69,0,0
2026-06-01,P1039,0.1268,31190.14,0,0
2026-06-02,P1039,0.1266,31196.94,0,1
2026-06-03,P1039,0.1089,31829.11,0,0
2026-06-04,P1039,0.1208,31404.21,0,0
2026-06-05,P1039,0.0942,32356.8,0,0
2026-06-06,P1039,0.1369,30829.18,0,0
2026-06-07,P1039,0.1254,31240.78,0,1
2026-06-08,P1039,0.1134,31671.17,0,0
2026-06-09,P1039,0.1363,30851.36,0,0
2026-06-10,P1039,0.1345,30915.99,0,0
2026-06-11,P1039,0.1054,31955.3,0,0
2026-06-12,P1039,0.1084,31846.65,0,0
2026-06-13,P1039,0.1235,31307.41,0,0
2026-06-14,P1039,0.1381,30787.32,0,0
2026-06-15,P1039,0.1403,30708.1,0,0
2026-06-16,P1039,0.0848,32692.73,0,0
2026-06-17,P1039,0.117,31540.97,0,0
2026-06-18,P1039,0.1117,31728.65,0,0
2026-06-19,P1039,0.1218,31370.77,0,0
2026-06-20,P1039,0.1466,30483.48,0,0
2026-06-21,P1039,0.1235,31309.65,0,0
2026-06-22,P1039,0.1078,31869.48,0,1
2026-06-23,P1039,0.1153,31600.78,0,0
2026-06-24,P1039,0.1239,31293.78,0,0
2026-06-25,P1039,0.1303,31065.07,0,1
2026-06-26,P1039,0.134,30934.12,0,0
2026-06-27,P1039,0.127,31182.39,0,0
2026-06-28,P1039,0.1198,31439.69,0,0
2026-06-29,P1039,0.1331,30966.66,0,0
2026-06-30,P1039,0.1118,31725.17,0,0
2026-07-01,P1039,0.1262,31213.09,0,0
2026-07-02,P1039,0.1203,31424.44,0,0
2026-07-03,P1039,0.1151,31607.78,0,0
2026-07-04,P1039,0.1046,31982.36,0,0
2026-07-05,P1039,0.1036,32018.65,0,0
2026-07-06,P1039,0.1282,31140.41,0,0
2026-07-07,P1039,0.1085,31845.75,0,0
2026-07-08,P1039,0.0973,32243.99,0,0
2026-07-09,P1039,0.1067,31909.87,0,0
2026-07-10,P1039,0.1404,30706.51,0,0
2026-07-11,P1039,0.1153,31601.16,0,0
2026-07-12,P1039,0.1118,31726.35,0,0
2026-07-13,P1039,0.1322,30998.95,0,0
2026-07-14,P1039,0.1184,31492.63,0,0
