data/DailyScrapeLog.csv
ScrapingDate,ProductID,DiscountPercentage,SellingPrice,IsPromotional,UnitsSold
2026-03-17,P1040,0.1241,18852.42,0,0
2026-03-18,P1040,0.141,18488.92,0,0
2026-03-19,P1040,0.1476,18347.36,0,0
2026-03-20,P1040,0.1189,18965.39,0,1
2026-03-21,P1040,0.1309,18707.7,0,0
2026-03-22,P1040,0.1398,18514.93,0,0
2026-03-23,P1040,0.148,18339.63,0,0
2026-03-24,P1040,0.1398,18515.58,0,0
2026-03-25,P1040,0.1492,18313.87,0,0
2026-03-26,P1040,0.1317,18689.11,0,0
2026-03-27,P1040,0.1311,18703.2,0,0
2026-03-28,P1040,0.1151,19047.24,0,1
2026-03-29,P1040,0.1609,18060.51,0,0
2026-03-30,P1040,0.1142,19067.3,0,0
2026-03-31,P1040,0.1459,18384.56,0,0
2026-04-01,P1040,0.1441,18424.01,0,0
2026-04-02,P1040,0.1372,18571.67,0,0
2026-04-03,P1040,0.1344,18632.73,0,0
2026-04-04,P1040,0.1279,18772.38,0,0
2026-04-05,P1040,0.1331,18659.22,0,0
2026-04-06,P1040,0.1534,18223.53,0,0
2026-04-07,P1040,0.1455,18393.02,0,0
2026-04-08,P1040,0.1341,18637.48,0,0
2026-04-09,P1040,0.1267,18798.18,0,0
2026-04-10,P1040,0.125,18833.18,0,0
2026-04-11,P1040,0.1328,18666.62,0,1
2026-04-12,P1040,0.156,18166.39,0,0
2026-04-13,P1040,0.1543,18204.44,0,0
2026-04-14,P1040,0.1376,18562.67,0,0
2026-04-15,P1040,0.1319,18685.11,0,0
2026-04-16,P1040,0.145,18402.73,0,0
2026-04-17,P1040,0.1408,18493.33,0,0
2026-04-18,P1040,0.1387,18539.01,0,0
2026-04-19,P1040,0.1277,18776.77,0,0
2026-04-20,P1040,0.1109,19136.52,0,0
2026-04-21,P1040,0.1215,18908.35,0,1
2026-04-22,P1040,0.1526,18240.36,0,0
2026-04-23,P1040,0.1545,18199.78,0,0
2026-04-24,P1040,0.133,18662.68,0,0
2026-04-25,P1040,0.1484,18329.77,0,1
2026-04-26,P1040,0.1326,18669.72,0,0
2026-04-27,P1040,0.1356,18605.67,0,0
2026-04-28,P1040,0.1617,18044.26,0,0
2026-04-29,P1040,0.1496,18304.29,0,1
2026-04-30,P1040,0.181,17628.78,0,0
2026-05-01,P1040,0.1791,17669.4,0,0
2026-05-02,P1040,0.1456,18389.86,0,1
2026-05-03,P1040,0.1441,18422.93,0,0
2026-05-04,P1040,0.1535,18220.03,0,1
2026-05-05,P1040,0.1361,18594.65,0,0
2026-05-06,P1040,0.1469,18361.81,0,0
2026-05-07,P1040,0.1202,18936.69,0,0
2026-05-08,P1040,0.1349,18620.93,0,0
2026-05-09,P1040,0.1139,19072.52,0,0
2026-05-10,P1040,0.1546,18197.65,0,0
2026-05-11,P1040,0.1122,19108.8,0,1
2026-05-12,P1040,0.1518,18256.72,0,0
2026-05-13,P1040,0.1253,18828.03,0,0
2026-05-14,P1040,0.1169,19008.39,0,0
2026-05-15,P1040,0.1479,18340.35,0,0
2026-05-16,P1040,0.1117,19120.83,0,0
2026-05-17,P1040,0.1415,18479.85,0,0
2026-05-18,P1040,0.1486,18325.58,0,0
2026-05-19,P1040,0.1449,18406.23,0,0
2026-05-20,P1040,0.137,18575.81,0,1
2026-05-21,P1040,0.1443,18419.63,0,0
2026-05-22,P1040,0.1234,18868.81,0,0
2026-05-23,P1040,0.1271,18789.01,0,0
2026-05-24,P1040,0.1357,18604.21,0,0
2026-05-25,P1040,0.1353,18612.59,0,0
2026-05-26,P1040,0.1372,18570.41,0,0
2026-05-27,P1040,0.1308,18709.19,0,0
2026-05-28,P1040,0.1127,19099.51,0,1
2026-05-29,P1040,0.129,18746.95,0,0
2026-05-30,P1040,0.1321,18680.49,0,0
2026-05-31,P1040,0.1453,18397.74,0,1
2026-06-01,P1040,0.1186,18972.84,0,0
2026-06-02,P1040,0.1217,18905.58,0,1
2026-06-03,P1040,0.1231,18874.9,0,0
2026-06-04,P1040,0.1606,18067.49,0,0
2026-06-05,P1040,0.116,19028.69,0,0
2026-06-06,P1040,0.1442,18419.97,0,0
2026-06-07,P1040,0.1122,19110.54,0,0
2026-06-08,P1040,0.1504,18288.05,0,0
2026-06-09,P1040,0.1503,18288.93,0,0
2026-06-10,P1040,0.1386,18540.37,0,0
2026-06-11,P1040,0.1374,18568.19,0,0
2026-06-12,P1040,0.1254,18824.43,0,0
2026-06-13,P1040,0.1461,18378.99,0,0
2026-06-14,P1040,0.1279,18771.74,0,0
2026-06-15,P1040,0.1473,18354.09,0,0
2026-06-16,P1040,0.1277,18775.68,0,0
2026-06-17,P1040,0.1765,17724.63,0,0
2026-06-18,P1040,0.116,19028.54,0,1
2026-06-19,P1040,0.1201,18939.35,0,0
2026-06-20,P1040,0.1518,18257.63,0,0
2026-06-21,P1040,0.1613,18053.5,0,0
2026-06-22,P1040,0.1319,18685.78,0,0
2026-06-23,P1040,0.1299,18729.2,0,0
2026-06-24,P1040,0.1214,18910.61,0,0
2026-06-25,P1040,0.1542,18205.86,0,2
2026-06-26,P1040,0.142,18467.55,0,0
2026-06-27,P1040,0.14,18511.16,0,0
2026-06-28,P1040,0.2678,15759.8,1,1
2026-06-29,P1040,0.4415,12022.46,1,2
2026-06-30,P1040,0.2622,15881.32,1,0
2026-07-01,P1040,0.3088,14878.15,1,0
2026-07-02,P1040,0.3809,13325.01,1,0
2026-07-03,P1040,0.3743,13468.59,1,0
2026-07-04,P1040,0.2132,16935.12,1,0
2026-07-05,P1040,0.1428,18451.75,0,1
2026-07-06,P1040,0.1429,18449.46,0,0
2026-07-07,P1040,0.149,18317.8,0,0
2026-07-08,P1040,0.1339,18642.51,0,1
2026-07-09,P1040,0.134,18639.38,0,0
2026-07-10,P1040,0.1496,18304.83,0,1
2026-07-11,P1040,0.105,19263.59,0,0
2026-07-12,P1040,0.1386,18542.35,0,0
2026-07-13,P1040,0.1592,18098.1,0,1
2026-07-14,P1040,0.1191,18960.41,0,0
2026-03-17,P1041,0.0626,16331.45,0,0
2026-03-18,P1041,0.0457,16625.53,0,0
2026-03-19,P1041,0.0493,16562.69,0,1
2026-03-20,P1041,0.0579,16412.88,0,1
2026-03-21,P1041,0.0708,16188.08,0,0
2026-03-22,P1041,0.0474,16596.46,0,0
2026-03-23,P1041,0.0516,16522.3,0,0
2026-03-24,P1041,0.0744,16125.33,0,0
2026-03-25,P1041,0.0573,16423.63,0,0
2026-03-26,P1041,0.0527,16502.91,0,0
2026-03-27,P1041,0.0818,15996.53,0,0
2026-03-28,P1041,0.0591,16391.75,0,2
2026-03-29,P1041,0.064,16307.19,0,0
2026-03-30,P1041,0.0648,16292.2,0,0
2026-03-31,P1041,0.0917,15824.57,0,1
2026-04-01,P1041,0.0498,16553.97,0,0
2026-04-02,P1041,0.0621,16339.63,0,0
2026-04-03,P1041,0.0692,16216.01,0,1
2026-04-04,P1041,0.0552,16460.29,0,0
2026-04-05,P1041,0.0731,16148.01,0,0
2026-04-06,P1041,0.0699,16204.08,0,0
2026-04-07,P1041,0.2895,12377.5,1,0
2026-04-08,P1041,0.3497,11328.91,1,0
2026-04-09,P1041,0.3405,11489.81,1,2
2026-04-10,P1041,0.2483,13095.74,1,1
2026-04-11,P1041,0.0217,17044.31,0,1
2026-04-12,P1041,0.0832,15972.91,0,0
2026-04-13,P1041,0.0376,16766.03,0,0
2026-04-14,P1041,0.0499,16552.52,0,0
2026-04-15,P1041,0.0574,16421.9,0,0
2026-04-16,P1041,0.0437,16659.79,0,1
2026-04-17,P1041,0.0316,16870.72,0,1
2026-04-18,P1041,0.0627,16328.59,0,0
2026-04-19,P1041,0.0604,16369.0,0,0
2026-04-20,P1041,0.0713,16180.02,0,1
2026-04-21,P1041,0.0586,16401.51,0,0
2026-04-22,P1041,0.0682,16233.45,0,0
2026-04-23,P1041,0.0514,16527.0,0,0
2026-04-24,P1041,0.052,16515.83,0,0
2026-04-25,P1041,0.0165,17135.07,0,1
2026-04-26,P1041,0.0609,16360.98,0,0
2026-04-27,P1041,0.0416,16697.73,0,1
2026-04-28,P1041,0.0492,16564.99,0,0
2026-04-29,P1041,0.0583,16405.19,0,1
2026-04-30,P1041,0.0524,16508.97,0,1
2026-05-01,P1041,0.0459,16621.55,0,0
2026-05-02,P1041,0.0805,16019.1,0,0
2026-05-03,P1041,0.0319,16865.72,0,0
2026-05-04,P1041,0.0498,16553.36,0,0
2026-05-05,P1041,0.0586,16400.65,0,0
2026-05-06,P1041,0.0677,16241.84,0,0
2026-05-07,P1041,0.0439,16657.64,0,0
2026-05-08,P1041,0.0682,16233.43,0,0
2026-05-09,P1041,0.0197,17079.0,0,0
2026-05-10,P1041,0.0763,16092.34,0,0
2026-05-11,P1041,0.0901,15851.56,0,0
2026-05-12,P1041,0.04,16724.81,0,0
2026-05-13,P1041,0.0598,16380.32,0,0
2026-05-14,P1041,0.052,16515.83,0,0
2026-05-15,P1041,0.047,16603.35,0,0
2026-05-16,P1041,0.0365,16785.03,0,2
2026-05-17,P1041,0.0486,16575.14,0,0
2026-05-18,P1041,0.0592,16389.98,0,1
2026-05-19,P1041,0.0709,16186.71,0,0
2026-05-20,P1041,0.0472,16599.92,0,0
2026-05-21,P1041,0.0502,16547.82,0,0
2026-05-22,P1041,0.0279,16934.99,0,0
2026-05-23,P1041,0.0276,16941.28,0,0
2026-05-24,P1041,0.0639,16309.27,0,0
2026-05-25,P1041,0.0946,15772.8,0,0
2026-05-26,P1041,0.0438,16658.16,0,0
2026-05-27,P1041,0.0433,16667.14,0,1
2026-05-28,P1041,0.0457,16625.45,0,1
2026-05-29,P1041,0.0324,16858.08,0,1
2026-05-30,P1041,0.0446,16644.72,0,0
2026-05-31,P1041,0.066,16271.55,0,1
2026-06-01,P1041,0.0408,16710.52,0,0
2026-06-02,P1041,0.0551,16462.06,0,0
2026-06-03,P1041,0.0721,16165.24,0,0
2026-06-04,P1041,0.0225,17029.21,0,0
2026-06-05,P1041,0.0366,16783.58,0,1
2026-06-06,P1041,0.0588,16397.43,0,1
2026-06-07,P1041,0.0573,16423.29,0,0
2026-06-08,P1041,0.0419,16692.21,0,1
2026-06-09,P1041,0.0697,16206.58,0,1
2026-06-10,P1041,0.0685,16227.65,0,0
2026-06-11,P1041,0.058,16410.69,0,0
2026-06-12,P1041,0.0567,16434.04,0,0
2026-06-13,P1041,0.0432,16668.74,0,1
2026-06-14,P1041,0.0693,16214.8,0,0
2026-06-15,P1041,0.0271,16949.73,0,0
2026-06-16,P1041,0.0465,16611.21,0,0
2026-06-17,P1041,0.0438,16658.53,0,1
2026-06-18,P1041,0.0444,16647.45,0,0
2026-06-19,P1041,0.0627,16328.58,0,1
2026-06-20,P1041,0.0216,17045.91,0,0
2026-06-21,P1041,0.0347,16816.93,0,0
2026-06-22,P1041,0.0694,16213.29,0,0
2026-06-23,P1041,0.0668,16258.02,0,0
2026-06-24,P1041,0.0286,16923.92,0,0
2026-06-25,P1041,0.0729,16151.67,0,0
2026-06-26,P1041,0.0295,16907.04,0,0
2026-06-27,P1041,0.0604,16369.37,0,0
2026-06-28,P1041,0.0723,16161.93,0,0
2026-06-29,P1041,0.0632,16320.94,0,0
2026-06-30,P1041,0.0895,15863.07,0,0
2026-07-01,P1041,0.0686,16226.21,0,0
2026-07-02,P1041,0.0531,16496.1,0,0
2026-07-03,P1041,0.0795,16036.37,0,0
2026-07-04,P1041,0.0649,16290.9,0,0
2026-07-05,P1041,0.0494,16560.4,0,0
2026-07-06,P1041,0.0485,16576.43,0,1
2026-07-07,P1041,0.0705,16194.04,0,0
2026-07-08,P1041,0.0238,17006.72,0,0
2026-07-09,P1041,0.0604,16369.21,0,0
2026-07-10,P1041,0.0262,16964.98,0,0
2026-07-11,P1041,0.0203,17067.34,0,0
2026-07-12,P1041,0.053,16499.1,0,0
2026-07-13,P1041,0.0506,16540.87,0,2
2026-07-14,P1041,0.0518,16519.42,0,0
2026-03-17,P1042,0.0168,54035.39,0,2
2026-03-18,P1042,0.0102,54399.9,0,0
2026-03-19,P1042,0.0035,54765.58,0,0
2026-03-20,P1042,0.0446,52511.4,0,0
2026-03-21,P1042,0.0155,54109.91,0,0
2026-03-22,P1042,0.0246,53608.42,0,1
2026-03-23,P1042,0.0082,54510.11,0,0
2026-03-24,P1042,0.0081,54513.19,0,0
2026-03-25,P1042,0.0172,54013.3,0,0
2026-03-26,P1042,0.0376,52892.91,0,0
2026-03-27,P1042,0.0231,53690.64,0,0
2026-03-28,P1042,0.0,54959.97,0,0
2026-03-29,P1042,0.0207,53822.07,0,0
2026-03-30,P1042,0.0,54959.97,0,0
2026-03-31,P1042,0.0148,54149.15,0,0
2026-04-01,P1042,0.0079,54528.08,0,0
2026-04-02,P1042,0.0418,52665.26,0,0
2026-04-03,P1042,0.0254,53563.28,0,0
2026-04-04,P1042,0.0347,53053.74,0,1
2026-04-05,P1042,0.022,53749.35,0,0
2026-04-06,P1042,0.0262,53518.41,0,0
2026-04-07,P1042,0.0242,53627.32,0,0
2026-04-08,P1042,0.028,53420.12,0,0
2026-04-09,P1042,0.0384,52848.76,0,0
2026-04-10,P1042,0.031,53255.9,0,0
2026-04-11,P1042,0.0085,54493.52,0,1
2026-04-12,P1042,0.0256,53554.11,0,0
2026-04-13,P1042,0.016,54083.24,0,0
2026-04-14,P1042,0.0095,54437.27,0,1
2026-04-15,P1042,0.0096,54430.61,0,0
2026-04-16,P1042,0.0,54959.97,0,0
2026-04-17,P1042,0.0167,54043.37,0,0
2026-04-18,P1042,0.0,54959.97,0,1
2026-04-19,P1042,0.0,54959.97,0,0
2026-04-20,P1042,0.0273,53461.38,0,0
2026-04-21,P1042,0.0109,54358.89,0,0
2026-04-22,P1042,0.0173,54010.52,0,1
2026-04-23,P1042,0.0214,53782.85,0,0
2026-04-24,P1042,0.0,54959.97,0,0
2026-04-25,P1042,0.0313,53239.48,0,0
2026-04-26,P1042,0.0,54959.97,0,1
2026-04-27,P1042,0.0207,53822.81,0,1
2026-04-28,P1042,0.0039,54747.77,0,0
2026-04-29,P1042,0.2231,42697.38,1,1
2026-04-30,P1042,0.2629,40509.79,1,0
2026-05-01,P1042,0.3042,38242.89,1,1
2026-05-02,P1042,0.2857,39256.12,1,0
2026-05-03,P1042,0.1442,47032.64,1,1
2026-05-04,P1042,0.2444,41530.0,1,0
2026-05-05,P1042,0.1829,44907.82,1,0
2026-05-06,P1042,0.2677,40249.21,1,0
2026-05-07,P1042,0.0173,54006.86,0,0
2026-05-08,P1042,0.026,53533.0,0,0
2026-05-09,P1042,0.0,54959.97,0,0
2026-05-10,P1042,0.0337,53106.37,0,0
2026-05-11,P1042,0.0268,53488.9,0,0
2026-05-12,P1042,0.0242,53629.11,0,0
2026-05-13,P1042,0.0044,54718.54,0,0
2026-05-14,P1042,0.0182,53962.23,0,1
2026-05-15,P1042,0.0252,53575.93,0,0
2026-05-16,P1042,0.0383,52854.79,0,0
2026-05-17,P1042,0.0,54959.97,0,0
2026-05-18,P1042,0.0097,54424.76,0,0
2026-05-19,P1042,0.0203,53846.16,0,0
2026-05-20,P1042,0.0266,53500.13,0,0
2026-05-21,P1042,0.0,54959.97,0,1
2026-05-22,P1042,0.0158,54090.18,0,0
2026-05-23,P1042,0.0563,51865.1,0,0
2026-05-24,P1042,0.0176,53991.83,0,0
2026-05-25,P1042,0.0061,54627.22,0,0
2026-05-26,P1042,0.0086,54484.77,0,0
2026-05-27,P1042,0.0323,53182.87,0,0
2026-05-28,P1042,0.0236,53664.75,0,1
2026-05-29,P1042,0.015,54135.88,0,0
2026-05-30,P1042,0.028,53423.79,0,0
2026-05-31,P1042,0.026,53531.38,0,1
2026-06-01,P1042,0.0042,54726.95,0,0
2026-06-02,P1042,0.0,54959.97,0,0
2026-06-03,P1042,0.0346,53056.51,0,0
2026-06-04,P1042,0.1652,45882.98,1,0
2026-06-05,P1042,0.1409,47216.05,1,0
2026-06-06,P1042,0.1838,44856.02,1,0
2026-06-07,P1042,0.1798,45079.66,1,0
2026-06-08,P1042,0.3085,38006.98,1,0
2026-06-09,P1042,0.2838,39364.49,1,0
2026-06-10,P1042,0.2033,43785.88,1,0
2026-06-11,P1042,0.2083,43511.55,1,0
2026-06-12,P1042,0.0342,53080.98,0,0
2026-06-13,P1042,0.0449,52493.03,0,0
2026-06-14,P1042,0.0099,54413.17,0,0
2026-06-15,P1042,0.0,54959.97,0,0
2026-06-16,P1042,0.0237,53658.99,0,0
2026-06-17,P1042,0.0,54959.97,0,1
2026-06-18,P1042,0.0152,54127.27,0,0
2026-06-19,P1042,0.0144,54169.95,0,0
2026-06-20,P1042,0.0275,53450.95,0,0
2026-06-21,P1042,0.0287,53379.97,0,2
2026-06-22,P1042,0.0365,52956.1,0,1
2026-06-23,P1042,0.0476,52341.67,0,1
2026-06-24,P1042,0.0281,53413.07,0,0
2026-06-25,P1042,0.0062,54619.74,0,0
2026-06-26,P1042,0.0276,53441.52,0,0
2026-06-27,P1042,0.0,54959.97,0,1
2026-06-28,P1042,0.0198,53874.32,0,0
2026-06-29,P1042,0.0218,53762.7,0,0
2026-06-30,P1042,0.0208,53819.11,0,0
2026-07-01,P1042,0.0361,52976.98,0,0
2026-07-02,P1042,0.0208,53816.79,0,0
2026-07-03,P1042,0.0221,53745.93,0,2
2026-07-04,P1042,0.0006,54927.05,0,0
2026-07-05,P1042,0.027,53476.46,0,0
2026-07-06,P1042,0.0094,54443.37,0,0
2026-07-07,P1042,0.0217,53765.56,0,0
2026-07-08,P1042,0.0,54959.97,0,0
2026-07-09,P1042,0.0265,53501.0,0,0
2026-07-10,P1042,0.0,54959.97,0,0
2026-07-11,P1042,0.0112,54343.62,0,1
2026-07-12,P1042,0.0512,52146.95,0,0
2026-07-13,P1042,0.0195,53886.09,0,0
2026-07-14,P1042,0.0077,54536.46,0,0
2026-03-17,P1043,0.0759,4861.28,0,0
2026-03-18,P1043,0.0568,4961.46,0,1
2026-03-19,P1043,0.076,4860.78,0,2
2026-03-20,P1043,0.0923,4775.0,0,0
2026-03-21,P1043,0.0422,5038.48,0,2
2026-03-22,P1043,0.0901,4786.56,0,0
2026-03-23,P1043,0.0869,4803.61,0,0
2026-03-24,P1043,0.0787,4846.24,0,0
2026-03-25,P1043,0.0645,4921.38,0,1
2026-03-26,P1043,0.0734,4874.4,0,0
2026-03-27,P1043,0.0734,4874.29,0,1
2026-03-28,P1043,0.042,5039.38,0,2
2026-03-29,P1043,0.0864,4806.14,0,0
2026-03-30,P1043,0.067,4907.79,0,1
2026-03-31,P1043,0.0903,4785.27,0,0
2026-04-01,P1043,0.0783,4848.53,0,0
2026-04-02,P1043,0.0714,4884.95,0,1
2026-04-03,P1043,0.0502,4996.49,0,0
2026-04-04,P1043,0.0789,4845.61,0,1
2026-04-05,P1043,0.0691,4896.93,0,0
2026-04-06,P1043,0.0711,4886.47,0,1
2026-04-07,P1043,0.0536,4978.54,0,0
2026-04-08,P1043,0.0661,4912.85,0,2
2026-04-09,P1043,0.0819,4829.67,0,0
2026-04-10,P1043,0.0809,4834.77,0,1
2026-04-11,P1043,0.0702,4891.4,0,0
2026-04-12,P1043,0.0643,4922.02,0,0
2026-04-13,P1043,0.0601,4944.47,0,0
2026-04-14,P1043,0.0539,4977.05,0,1
2026-04-15,P1043,0.0649,4919.13,0,2
2026-04-16,P1043,0.0648,4919.4,0,0
2026-04-17,P1043,0.0677,4904.37,0,1
2026-04-18,P1043,0.075,4865.93,0,1
2026-04-19,P1043,0.0732,4875.25,0,1
2026-04-20,P1043,0.0455,5021.32,0,1
2026-04-21,P1043,0.0451,5023.4,0,2
2026-04-22,P1043,0.0761,4859.97,0,0
2026-04-23,P1043,0.0928,4772.22,0,0
2026-04-24,P1043,0.0793,4843.24,0,2
2026-04-25,P1043,0.0834,4821.98,0,2
2026-04-26,P1043,0.0899,4787.35,0,0
2026-04-27,P1043,0.0689,4897.96,0,0
2026-04-28,P1043,0.081,4834.23,0,1
2026-04-29,P1043,0.0512,4990.94,0,1
2026-04-30,P1043,0.0412,5043.77,0,1
2026-05-01,P1043,0.0718,4883.03,0,0
2026-05-02,P1043,0.072,4882.0,0,0
2026-05-03,P1043,0.0656,4915.27,0,1
2026-05-04,P1043,0.091,4782.03,0,0
2026-05-05,P1043,0.0647,4920.04,0,0
2026-05-06,P1043,0.1041,4712.81,0,0
2026-05-07,P1043,0.0876,4799.86,0,0
2026-05-08,P1043,0.0511,4991.77,0,0
2026-05-09,P1043,0.0694,4895.52,0,0
2026-05-10,P1043,0.06,4945.09,0,0
2026-05-11,P1043,0.0613,4938.19,0,2
2026-05-12,P1043,0.0854,4810.99,0,1
2026-05-13,P1043,0.0731,4875.96,0,2
2026-05-14,P1043,0.0606,4941.55,0,0
2026-05-15,P1043,0.0583,4953.63,0,0
2026-05-16,P1043,0.0623,4932.66,0,1
2026-05-17,P1043,0.0747,4867.72,0,3
2026-05-18,P1043,0.0868,4803.79,0,1
2026-05-19,P1043,0.0663,4911.55,0,1
2026-05-20,P1043,0.0753,4864.44,0,0
2026-05-21,P1043,0.0705,4889.63,0,0
2026-05-22,P1043,0.0528,4982.6,0,0
2026-05-23,P1043,0.0695,4895.01,0,1
2026-05-24,P1043,0.0677,4904.24,0,1
2026-05-25,P1043,0.0879,4797.92,0,1
2026-05-26,P1043,0.053,4981.73,0,0
2026-05-27,P1043,0.0725,4879.19,0,1
2026-05-28,P1043,0.0801,4839.37,0,2
2026-05-29,P1043,0.0698,4893.5,0,2
2026-05-30,P1043,0.092,4776.43,0,0
2026-05-31,P1043,0.0577,4957.04,0,0
2026-06-01,P1043,0.0842,4817.59,0,0
2026-06-02,P1043,0.0541,4975.87,0,0
2026-06-03,P1043,0.0805,4836.94,0,1
2026-06-04,P1043,0.0834,4821.8,0,1
2026-06-05,P1043,0.0585,4952.64,0,0
2026-06-06,P1043,0.0705,4889.89,0,0
2026-06-07,P1043,0.0766,4857.67,0,0
2026-06-08,P1043,0.0924,4774.36,0,0
2026-06-09,P1043,0.0771,4855.01,0,0
2026-06-10,P1043,0.0671,4907.75,0,1
2026-06-11,P1043,0.0742,4870.42,0,0
2026-06-12,P1043,0.0987,4741.16,0,1
2026-06-13,P1043,0.0926,4773.26,0,1
2026-06-14,P1043,0.0515,4989.7,0,1
2026-06-15,P1043,0.0881,4797.21,0,0
2026-06-16,P1043,0.0844,4816.71,0,1
2026-06-17,P1043,0.0559,4966.42,0,0
2026-06-18,P1043,0.0709,4887.46,0,0
2026-06-19,P1043,0.0524,4984.71,0,1
2026-06-20,P1043,0.0739,4871.82,0,0
2026-06-21,P1043,0.0476,5010.06,0,1
2026-06-22,P1043,0.084,4818.75,0,0
2026-06-23,P1043,0.0803,4838.08,0,0
2026-06-24,P1043,0.0746,4868.06,0,1
2026-06-25,P1043,0.2341,4028.97,1,3
2026-06-26,P1043,0.3282,3534.23,1,3
2026-06-27,P1043,0.3185,3584.99,1,3
2026-06-28,P1043,0.3087,3636.37,1,4
2026-06-29,P1043,0.1824,4300.82,1,0
2026-06-30,P1043,0.312,3619.08,1,0
2026-07-01,P1043,0.2627,3878.44,1,1
2026-07-02,P1043,0.2686,3847.28,1,0
2026-07-03,P1043,0.2806,3784.64,1,1
2026-07-04,P1043,0.08,4839.73,0,0
2026-07-05,P1043,0.0698,4893.38,0,0
2026-07-06,P1043,0.0842,4817.67,0,0
2026-07-07,P1043,0.0624,4932.29,0,1
2026-07-08,P1043,0.0824,4827.09,0,0
2026-07-09,P1043,0.0606,4941.83,0,0
2026-07-10,P1043,0.0892,4791.37,0,1
2026-07-11,P1043,0.0613,4937.87,0,0
2026-07-12,P1043,0.0968,4751.38,0,0
2026-07-13,P1043,0.0561,4965.29,0,1
2026-07-14,P1043,0.0874,4800.51,0,1
