data/DailyScrapeLog.csv
ScrapingDate,ProductID,DiscountPercentage,SellingPrice,IsPromotional,UnitsSold
2026-03-17,P1044,0.0551,31903.89,0,0
2026-03-18,P1044,0.0893,30746.92,0,0
2026-03-19,P1044,0.0912,30683.34,0,0
2026-03-20,P1044,0.0467,32185.79,0,2
2026-03-21,P1044,0.0495,32090.99,0,0
2026-03-22,P1044,0.0714,31352.98,0,0
2026-03-23,P1044,0.0847,30903.99,0,0
2026-03-24,P1044,0.1033,30274.39,0,1
2026-03-25,P1044,0.0887,30768.47,0,0
2026-03-26,P1044,0.0766,31175.01,0,0
2026-03-27,P1044,0.0615,31687.83,0,0
2026-03-28,P1044,0.0773,31151.36,0,0
2026-03-29,P1044,0.0821,30991.85,0,1
2026-03-30,P1044,0.0891,30754.74,0,0
2026-03-31,P1044,0.0884,30778.84,0,0
2026-04-01,P1044,0.0501,32071.33,0,0
2026-04-02,P1044,0.0737,31273.41,0,1
2026-04-03,P1044,0.0928,30629.33,0,0
2026-04-04,P1044,0.109,30082.35,0,0
2026-04-05,P1044,0.0871,30821.33,0,0
2026-04-06,P1044,0.0643,31591.84,0,0
2026-04-07,P1044,0.0655,31550.77,0,0
2026-04-08,P1044,0.0816,31008.12,0,1
2026-04-09,P1044,0.0688,31439.2,0,0
2026-04-10,P1044,0.0767,31173.33,0,0
2026-04-11,P1044,0.091,30690.55,0,1
2026-04-12,P1044,0.098,30455.2,0,0
2026-04-13,P1044,0.0735,31279.7,0,0
2026-04-14,P1044,0.0938,30594.35,0,0
2026-04-15,P1044,0.074,31263.75,0,0
2026-04-16,P1044,0.0929,30626.73,0,0
2026-04-17,P1044,0.1052,30209.94,0,0
2026-04-18,P1044,0.0615,31684.91,0,0
2026-04-19,P1044,0.0753,31220.31,0,0
2026-04-20,P1044,0.0866,30837.12,0,0
2026-04-21,P1044,0.1031,30282.36,0,0
2026-04-22,P1044,0.0996,30398.61,0,1
2026-04-23,P1044,0.0876,30804.25,0,0
2026-04-24,P1044,0.0868,30832.95,0,1
2026-04-25,P1044,0.1029,30287.13,0,0
2026-04-26,P1044,0.2047,26852.96,1,1
2026-04-27,P1044,0.2937,23845.43,1,0
2026-04-28,P1044,0.2856,24118.45,1,1
2026-04-29,P1044,0.3483,22002.4,1,1
2026-04-30,P1044,0.2677,24724.6,1,0
2026-05-01,P1044,0.2234,26218.57,1,0
2026-05-02,P1044,0.0845,30910.29,0,0
2026-05-03,P1044,0.0607,31711.76,0,0
2026-05-04,P1044,0.0765,31179.92,0,1
2026-05-05,P1044,0.0661,31531.8,0,0
2026-05-06,P1044,0.0888,30763.6,0,0
2026-05-07,P1044,0.0676,31479.74,0,0
2026-05-08,P1044,0.0925,30638.79,0,0
2026-05-09,P1044,0.1074,30135.13,0,0
2026-05-10,P1044,0.0809,31031.26,0,0
2026-05-11,P1044,0.0871,30823.38,0,0
2026-05-12,P1044,0.0841,30921.86,0,0
2026-05-13,P1044,0.0949,30559.69,0,0
2026-05-14,P1044,0.1058,30188.9,0,0
2026-05-15,P1044,0.0864,30846.56,0,0
2026-05-16,P1044,0.0323,32670.46,0,0
2026-05-17,P1044,0.0763,31185.14,0,0
2026-05-18,P1044,0.0652,31562.84,0,0
2026-05-19,P1044,0.0768,31169.83,0,0
2026-05-20,P1044,0.0717,31341.53,0,2
2026-05-21,P1044,0.0945,30572.49,0,0
2026-05-22,P1044,0.283,24209.02,1,1
2026-05-23,P1044,0.3468,22053.49,1,0
2026-05-24,P1044,0.2427,25568.78,1,0
2026-05-25,P1044,0.3212,22918.12,1,0
2026-05-26,P1044,0.2983,23690.81,1,0
2026-05-27,P1044,0.3302,22614.85,1,0
2026-05-28,P1044,0.2552,25147.49,1,0
2026-05-29,P1044,0.2962,23760.67,1,0
2026-05-30,P1044,0.1053,30208.44,0,1
2026-05-31,P1044,0.0939,30590.71,0,0
2026-06-01,P1044,0.0783,31117.93,0,0
2026-06-02,P1044,0.0977,30465.52,0,0
2026-06-03,P1044,0.0713,31356.94,0,1
2026-06-04,P1044,0.0573,31828.17,0,0
2026-06-05,P1044,0.0737,31275.69,0,0
2026-06-06,P1044,0.081,31029.36,0,0
2026-06-07,P1044,0.366,21404.48,1,0
2026-06-08,P1044,0.3068,23405.14,1,0
2026-06-09,P1044,0.378,20998.67,1,0
2026-06-10,P1044,0.4227,19490.24,1,0
2026-06-11,P1044,0.3532,21837.13,1,0
2026-06-12,P1044,0.0881,30788.4,0,0
2026-06-13,P1044,0.0681,31464.03,0,1
2026-06-14,P1044,0.0802,31055.1,0,0
2026-06-15,P1044,0.0846,30907.66,0,1
2026-06-16,P1044,0.0864,30845.67,0,0
2026-06-17,P1044,0.0402,32403.75,0,0
2026-06-18,P1044,0.085,30891.14,0,0
2026-06-19,P1044,0.1024,30305.79,0,1
2026-06-20,P1044,0.1009,30356.24,0,0
2026-06-21,P1044,0.0543,31930.88,0,1
2026-06-22,P1044,0.0972,30481.23,0,0
2026-06-23,P1044,0.0607,31714.79,0,0
2026-06-24,P1044,0.1103,30039.43,0,1
2026-06-25,P1044,0.0835,30942.1,0,0
2026-06-26,P1044,0.0807,31038.07,0,0
2026-06-27,P1044,0.0639,31604.42,0,0
2026-06-28,P1044,0.1075,30133.85,0,0
2026-06-29,P1044,0.0635,31618.62,0,0
2026-06-30,P1044,0.1009,30356.85,0,0
2026-07-01,P1044,0.0696,31413.83,0,0
2026-07-02,P1044,0.092,30656.79,0,0
2026-07-03,P1044,0.0612,31695.89,0,0
2026-07-04,P1044,0.0789,31099.58,0,0
2026-07-05,P1044,0.0594,31756.54,0,1
2026-07-06,P1044,0.0889,30762.03,0,0
2026-07-07,P1044,0.1071,30146.22,0,0
2026-07-08,P1044,0.0776,31143.47,0,0
2026-07-09,P1044,0.0903,30714.68,0,1
2026-07-10,P1044,0.0664,31522.35,0,1
2026-07-11,P1044,0.0803,31050.81,0,0
2026-07-12,P1044,0.0549,31909.98,0,0
2026-07-13,P1044,0.0589,31773.74,0,0
2026-07-14,P1044,0.0729,31299.78,0,0
2026-03-17,P1045,0.118,2780.03,0,2
2026-03-18,P1045,0.1211,2770.41,0,0
2026-03-19,P1045,0.1122,2798.38,0,0
2026-03-20,P1045,0.1436,2699.49,0,1
2026-03-21,P1045,0.1266,2753.13,0,1
2026-03-22,P1045,0.1186,2778.19,0,1
2026-03-23,P1045,0.1374,2718.8,0,0
2026-03-24,P1045,0.1078,2812.1,0,2
2026-03-25,P1045,0.1266,2752.91,0,0
2026-03-26,P1045,0.1162,2785.67,0,2
2026-03-27,P1045,0.1342,2729.04,0,1
2026-03-28,P1045,0.1114,2801.05,0,0
2026-03-29,P1045,0.1283,2747.76,0,1
2026-03-30,P1045,0.1129,2796.24,0,1
2026-03-31,P1045,0.1129,2796.22,0,0
2026-04-01,P1045,0.1226,2765.56,0,0
2026-04-02,P1045,0.1304,2740.9,0,1
2026-04-03,P1045,0.0967,2847.09,0,1
2026-04-04,P1045,0.1126,2796.97,0,1
2026-04-05,P1045,0.1193,2776.05,0,3
2026-04-06,P1045,0.1435,2699.66,0,0
2026-04-07,P1045,0.121,2770.77,0,0
2026-04-08,P1045,0.1116,2800.24,0,0
2026-04-09,P1045,0.1135,2794.27,0,1
2026-04-10,P1045,0.1219,2767.68,0,0
2026-04-11,P1045,0.1316,2737.23,0,1
2026-04-12,P1045,0.1107,2803.02,0,1
2026-04-13,P1045,0.1267,2752.69,0,1
2026-04-14,P1045,0.3785,1958.91,1,2
2026-04-15,P1045,0.3366,2091.11,1,1
2026-04-16,P1045,0.2144,2476.15,1,5
2026-04-17,P1045,0.3146,2160.26,1,2
2026-04-18,P1045,0.3174,2151.44,1,5
2026-04-19,P1045,0.3287,2115.96,1,2
2026-04-20,P1045,0.1218,2768.0,0,0
2026-04-21,P1045,0.0976,2844.44,0,0
2026-04-22,P1045,0.1211,2770.35,0,2
2026-04-23,P1045,0.1258,2755.43,0,2
2026-04-24,P1045,0.142,2704.31,0,1
2026-04-25,P1045,0.129,2745.38,0,2
2026-04-26,P1045,0.1186,2778.13,0,2
2026-04-27,P1045,0.0986,2841.23,0,1
2026-04-28,P1045,0.1305,2740.7,0,2
2026-04-29,P1045,0.1092,2807.94,0,2
2026-04-30,P1045,0.1233,2763.45,0,3
2026-05-01,P1045,0.1028,2827.94,0,2
2026-05-02,P1045,0.1296,2743.54,0,1
2026-05-03,P1045,0.1214,2769.42,0,1
2026-05-04,P1045,0.112,2799.1,0,0
2026-05-05,P1045,0.1221,2767.08,0,1
2026-05-06,P1045,0.1259,2755.07,0,1
2026-05-07,P1045,0.103,2827.36,0,2
2026-05-08,P1045,0.1404,2709.53,0,1
2026-05-09,P1045,0.1251,2757.86,0,1
2026-05-10,P1045,0.1164,2785.01,0,0
2026-05-11,P1045,0.1111,2801.88,0,0
2026-05-12,P1045,0.1223,2766.64,0,0
2026-05-13,P1045,0.1315,2737.59,0,1
2026-05-14,P1045,0.1165,2784.86,0,0
2026-05-15,P1045,0.1348,2727.28,0,0
2026-05-16,P1045,0.1076,2812.94,0,2
2026-05-17,P1045,0.1338,2730.39,0,2
2026-05-18,P1045,0.1375,2718.65,0,1
2026-05-19,P1045,0.14,2710.63,0,1
2026-05-20,P1045,0.1093,2807.61,0,3
2026-05-21,P1045,0.1227,2765.37,0,2
2026-05-22,P1045,0.1171,2782.95,0,0
2026-05-23,P1045,0.1172,2782.76,0,2
2026-05-24,P1045,0.117,2783.1,0,2
2026-05-25,P1045,0.1417,2705.5,0,1
2026-05-26,P1045,0.1065,2816.42,0,2
2026-05-27,P1045,0.1246,2759.26,0,3
2026-05-28,P1045,0.1277,2749.57,0,1
2026-05-29,P1045,0.1213,2769.59,0,3
2026-05-30,P1045,0.145,2694.89,0,3
2026-05-31,P1045,0.1324,2734.74,0,0
2026-06-01,P1045,0.1142,2792.01,0,2
2026-06-02,P1045,0.1165,2784.71,0,2
2026-06-03,P1045,0.1032,2826.76,0,0
2026-06-04,P1045,0.1132,2795.36,0,0
2026-06-05,P1045,0.1182,2779.48,0,3
2026-06-06,P1045,0.2164,2469.99,1,1
2026-06-07,P1045,0.3572,2026.07,1,2
2026-06-08,P1045,0.3119,2168.98,1,1
2026-06-09,P1045,0.4197,1829.12,1,2
2026-06-10,P1045,0.3687,1989.79,1,4
2026-06-11,P1045,0.3925,1914.98,1,5
2026-06-12,P1045,0.2765,2280.48,1,2
2026-06-13,P1045,0.2981,2212.47,1,0
2026-06-14,P1045,0.3243,2129.68,1,3
2026-06-15,P1045,0.1153,2788.66,0,2
2026-06-16,P1045,0.1106,2803.38,0,0
2026-06-17,P1045,0.1144,2791.53,0,1
2026-06-18,P1045,0.1243,2760.35,0,2
2026-06-19,P1045,0.1462,2691.3,0,1
2026-06-20,P1045,0.1262,2754.15,0,3
2026-06-21,P1045,0.1012,2833.18,0,3
2026-06-22,P1045,0.1261,2754.41,0,3
2026-06-23,P1045,0.1025,2829.08,0,4
2026-06-24,P1045,0.1073,2813.68,0,1
2026-06-25,P1045,0.1111,2801.87,0,0
2026-06-26,P1045,0.1357,2724.21,0,3
2026-06-27,P1045,0.1347,2727.29,0,1
2026-06-28,P1045,0.1172,2782.56,0,2
2026-06-29,P1045,0.1329,2733.15,0,2
2026-06-30,P1045,0.1456,2693.22,0,1
2026-07-01,P1045,0.1308,2739.64,0,5
2026-07-02,P1045,0.1454,2693.65,0,1
2026-07-03,P1045,0.1091,2808.09,0,1
2026-07-04,P1045,0.1184,2778.9,0,0
2026-07-05,P1045,0.1303,2741.43,0,1
2026-07-06,P1045,0.1155,2787.86,0,0
2026-07-07,P1045,0.1281,2748.3,0,3
2026-07-08,P1045,0.1675,2623.96,0,0
2026-07-09,P1045,0.1362,2722.62,0,1
2026-07-10,P1045,0.153,2669.8,0,3
2026-07-11,P1045,0.1193,2775.94,0,0
2026-07-12,P1045,0.1053,2820.12,0,1
2026-07-13,P1045,0.1169,2783.43,0,0
2026-07-14,P1045,0.1074,2813.64,0,1
2026-03-17,P1046,0.114,3164.76,0,0
2026-03-18,P1046,0.1125,3169.91,0,1
2026-03-19,P1046,0.1128,3168.91,0,1
2026-03-20,P1046,0.1048,3197.5,0,0
2026-03-21,P1046,0.1162,3156.99,0,2
2026-03-22,P1046,0.1265,3119.95,0,1
2026-03-23,P1046,0.1111,3174.96,0,1
2026-03-24,P1046,0.0965,3227.29,0,0
2026-03-25,P1046,0.1177,3151.51,0,1
2026-03-26,P1046,0.106,3193.33,0,1
2026-03-27,P1046,0.1175,3152.28,0,2
2026-03-28,P1046,0.1195,3145.03,0,1
2026-03-29,P1046,0.1162,3156.69,0,1
2026-03-30,P1046,0.1095,3180.83,0,1
2026-03-31,P1046,0.0994,3216.9,0,1
2026-04-01,P1046,0.1115,3173.62,0,1
2026-04-02,P1046,0.1112,3174.89,0,0
2026-04-03,P1046,0.0972,3224.69,0,0
2026-04-04,P1046,0.0786,3291.33,0,1
2026-04-05,P1046,0.1281,3114.46,0,0
2026-04-06,P1046,0.1082,3185.32,0,1
2026-04-07,P1046,0.1037,3201.37,0,0
2026-04-08,P1046,0.1277,3115.92,0,2
2026-04-09,P1046,0.119,3146.68,0,1
2026-04-10,P1046,0.1333,3095.78,0,3
2026-04-11,P1046,0.1248,3126.18,0,1
2026-04-12,P1046,0.1198,3143.95,0,1
2026-04-13,P1046,0.1054,3195.57,0,2
2026-04-14,P1046,0.1129,3168.68,0,1
2026-04-15,P1046,0.11,3179.09,0,0
2026-04-16,P1046,0.1097,3180.14,0,2
2026-04-17,P1046,0.1029,3204.53,0,0
2026-04-18,P1046,0.1099,3179.34,0,1
2026-04-19,P1046,0.1016,3208.95,0,0
2026-04-20,P1046,0.36,2286.13,1,3
2026-04-21,P1046,0.4278,2043.95,1,2
2026-04-22,P1046,0.2807,2569.19,1,3
2026-04-23,P1046,0.2506,2676.66,1,4
2026-04-24,P1046,0.3362,2371.01,1,0
2026-04-25,P1046,0.255,2661.15,1,3
2026-04-26,P1046,0.379,2218.16,1,1
2026-04-27,P1046,0.3246,2412.41,1,0
2026-04-28,P1046,0.3832,2203.06,1,0
2026-04-29,P1046,0.097,3225.4,0,1
2026-04-30,P1046,0.0785,3291.54,0,3
2026-05-01,P1046,0.143,3061.28,0,0
2026-05-02,P1046,0.1323,3099.24,0,0
2026-05-03,P1046,0.2511,2674.92,1,5
2026-05-04,P1046,0.3931,2167.77,1,0
2026-05-05,P1046,0.3282,2399.72,1,1
2026-05-06,P1046,0.3189,2432.72,1,2
2026-05-07,P1046,0.3183,2434.87,1,1
2026-05-08,P1046,0.3874,2188.13,1,2
2026-05-09,P1046,0.2846,2555.46,1,2
2026-05-10,P1046,0.2304,2748.78,1,1
2026-05-11,P1046,0.3841,2199.77,1,0
2026-05-12,P1046,0.126,3121.77,0,0
2026-05-13,P1046,0.0889,3254.42,0,1
2026-05-14,P1046,0.1265,3120.15,0,1
2026-05-15,P1046,0.1042,3199.68,0,0
2026-05-16,P1046,0.1409,3068.8,0,0
2026-05-17,P1046,0.1166,3155.51,0,0
2026-05-18,P1046,0.1282,3113.97,0,1
2026-05-19,P1046,0.0903,3249.25,0,1
2026-05-20,P1046,0.1052,3195.98,0,2
2026-05-21,P1046,0.1288,3111.75,0,3
2026-05-22,P1046,0.1044,3198.93,0,1
2026-05-23,P1046,0.0814,3281.15,0,0
2026-05-24,P1046,0.1211,3139.38,0,1
2026-05-25,P1046,0.1079,3186.6,0,1
2026-05-26,P1046,0.0988,3218.91,0,0
2026-05-27,P1046,0.1248,3126.0,0,0
2026-05-28,P1046,0.1115,3173.68,0,0
2026-05-29,P1046,0.1039,3200.73,0,3
2026-05-30,P1046,0.1055,3195.26,0,1
2026-05-31,P1046,0.1134,3166.75,0,2
2026-06-01,P1046,0.1105,3177.39,0,1
2026-06-02,P1046,0.1119,3172.28,0,5
2026-06-03,P1046,0.1397,3072.75,0,1
2026-06-04,P1046,0.1291,3110.81,0,2
2026-06-05,P1046,0.1037,3201.57,0,0
2026-06-06,P1046,0.0909,3247.2,0,1
2026-06-07,P1046,0.1195,3144.92,0,0
2026-06-08,P1046,0.0959,3229.28,0,0
2026-06-09,P1046,0.106,3193.16,0,1
2026-06-10,P1046,0.1044,3199.04,0,2
2026-06-11,P1046,0.122,3136.11,0,0
2026-06-12,P1046,0.1286,3112.61,0,0
2026-06-13,P1046,0.1248,3126.15,0,1
2026-06-14,P1046,0.1002,3213.91,0,1
2026-06-15,P1046,0.1095,3180.97,0,1
2026-06-16,P1046,0.1231,3132.11,0,0
2026-06-17,P1046,0.111,3175.27,0,0
2026-06-18,P1046,0.1161,3157.26,0,0
2026-06-19,P1046,0.1236,3130.31,0,1
2026-06-20,P1046,0.1293,3109.94,0,0
2026-06-21,P1046,0.1092,3181.88,0,1
2026-06-22,P1046,0.1169,3154.21,0,0
2026-06-23,P1046,0.1016,3208.84,0,2
2026-06-24,P1046,0.1216,3137.53,0,0
2026-06-25,P1046,0.0923,3242.19,0,1
2026-06-26,P1046,0.1176,3151.8,0,0
2026-06-27,P1046,0.1116,3173.42,0,2
2026-06-28,P1046,0.1156,3158.86,0,0
2026-06-29,P1046,0.1428,3061.79,0,1
2026-06-30,P1046,0.1126,3169.65,0,1
2026-07-01,P1046,0.103,3204.09,0,0
2026-07-02,P1046,0.138,3078.94,0,0
2026-07-03,P1046,0.1176,3152.01,0,0
2026-07-04,P1046,0.1079,3186.41,0,0
2026-07-05,P1046,0.1039,3200.9,0,0
2026-07-06,P1046,0.1047,3197.86,0,2
2026-07-07,P1046,0.103,3204.06,0,1
2026-07-08,P1046,0.1046,3198.42,0,0
2026-07-09,P1046,0.1093,3181.52,0,1
2026-07-10,P1046,0.1139,3165.02,0,2
2026-07-11,P1046,0.1243,3127.88,0,0
2026-07-12,P1046,0.1105,3177.12,0,2
2026-07-13,P1046,0.1117,3173.03,0,0
2026-07-14,P1046,0.1029,3204.41,0,0
2026-03-17,P1047,0.1059,3899.97,0,0
2026-03-18,P1047,0.1049,3904.28,0,2
2026-03-19,P1047,0.1182,3846.42,0,0
2026-03-20,P1047,0.1439,3734.31,0,0
2026-03-21,P1047,0.1199,3838.84,0,0
2026-03-22,P1047,0.1377,3761.38,0,0
2026-03-23,P1047,0.1235,3823.04,0,1
2026-03-24,P1047,0.146,3724.91,0,1
2026-03-25,P1047,0.126,3812.5,0,1
2026-03-26,P1047,0.1182,3846.47,0,0
2026-03-27,P1047,0.1369,3764.68,0,2
2026-03-28,P1047,0.1146,3862.08,0,1
2026-03-29,P1047,0.1308,3791.52,0,0
2026-03-30,P1047,0.1303,3793.72,0,1
2026-03-31,P1047,0.1166,3853.23,0,1
2026-04-01,P1047,0.115,3860.23,0,1
2026-04-02,P1047,0.1128,3869.85,0,2
2026-04-03,P1047,0.1222,3829.05,0,5
2026-04-04,P1047,0.1515,3701.17,0,2
2026-04-05,P1047,0.1173,3850.45,0,2
2026-04-06,P1047,0.1021,3916.78,0,1
2026-04-07,P1047,0.1255,3814.48,0,0
2026-04-08,P1047,0.1402,3750.5,0,0
2026-04-09,P1047,0.1236,3822.8,0,0
2026-04-10,P1047,0.1211,3833.53,0,0
2026-04-11,P1047,0.1128,3869.98,0,0
2026-04-12,P1047,0.1295,3797.26,0,1
2026-04-13,P1047,0.1221,3829.35,0,0
2026-04-14,P1047,0.1542,3689.53,0,1
2026-04-15,P1047,0.1344,3775.59,0,1
2026-04-16,P1047,0.1339,3777.96,0,2
2026-04-17,P1047,0.1015,3919.02,0,1
2026-04-18,P1047,0.1217,3831.27,0,0
2026-04-19,P1047,0.1241,3820.55,0,0
2026-04-20,P1047,0.1015,3919.23,0,0
2026-04-21,P1047,0.1119,3874.0,0,2
2026-04-22,P1047,0.1178,3848.07,0,0
2026-04-23,P1047,0.0952,3946.67,0,1
2026-04-24,P1047,0.14,3751.39,0,1
2026-04-25,P1047,0.1182,3846.37,0,0
2026-04-26,P1047,0.1209,3834.61,0,1
2026-04-27,P1047,0.1027,3914.01,0,1
2026-04-28,P1047,0.1316,3787.88,0,3
2026-04-29,P1047,0.1152,3859.52,0,3
2026-04-30,P1047,0.1128,3869.79,0,1
2026-05-01,P1047,0.1155,3858.07,0,0
2026-05-02,P1047,0.3045,3033.74,1,1
2026-05-03,P1047,0.3092,3013.31,1,3
2026-05-04,P1047,0.4303,2485.1,1,4
2026-05-05,P1047,0.2819,3132.53,1,1
2026-05-06,P1047,0.3892,2664.16,1,2
2026-05-07,P1047,0.3533,2820.92,1,4
2026-05-08,P1047,0.2643,3209.19,1,1
2026-05-09,P1047,0.3193,2969.03,1,3
2026-05-10,P1047,0.1928,3520.97,1,1
2026-05-11,P1047,0.1365,3766.6,0,1
2026-05-12,P1047,0.1275,3805.68,0,1
2026-05-13,P1047,0.1213,3832.86,0,2
2026-05-14,P1047,0.1406,3748.59,0,1
2026-05-15,P1047,0.1325,3784.15,0,1
2026-05-16,P1047,0.1125,3871.3,0,1
2026-05-17,P1047,0.1225,3827.81,0,0
2026-05-18,P1047,0.1092,3885.44,0,1
2026-05-19,P1047,0.1333,3780.52,0,2
2026-05-20,P1047,0.1272,3806.96,0,4
2026-05-21,P1047,0.1373,3763.05,0,2
2026-05-22,P1047,0.11,3882.33,0,0
2026-05-23,P1047,0.1152,3859.51,0,2
2026-05-24,P1047,0.1314,3788.68,0,2
2026-05-25,P1047,0.1066,3897.02,0,3
2026-05-26,P1047,0.1429,3738.69,0,1
2026-05-27,P1047,0.1253,3815.5,0,0
2026-05-28,P1047,0.1149,3860.77,0,0
2026-05-29,P1047,0.3203,2964.89,1,0
2026-05-30,P1047,0.3405,2876.81,1,5
2026-05-31,P1047,0.2541,3253.45,1,2
2026-06-01,P1047,0.4443,2423.78,1,4
2026-06-02,P1047,0.3256,2941.82,1,1
2026-06-03,P1047,0.1072,3894.3,0,0
2026-06-04,P1047,0.1086,3888.09,0,1
2026-06-05,P1047,0.1076,3892.59,0,2
2026-06-06,P1047,0.1359,3769.12,0,1
2026-06-07,P1047,0.1292,3798.43,0,2
2026-06-08,P1047,0.1001,3925.43,0,0
2026-06-09,P1047,0.1257,3813.6,0,0
2026-06-10,P1047,0.1273,3806.71,0,1
2026-06-11,P1047,0.0899,3969.76,0,0
2026-06-12,P1047,0.1081,3890.33,0,2
2026-06-13,P1047,0.114,3864.73,0,2
2026-06-14,P1047,0.1055,3901.91,0,0
2026-06-15,P1047,0.1056,3901.17,0,0
2026-06-16,P1047,0.1188,3843.92,0,1
2026-06-17,P1047,0.1127,3870.39,0,1
2026-06-18,P1047,0.125,3816.77,0,2
2026-06-19,P1047,0.135,3773.06,0,5
2026-06-20,P1047,0.1167,3853.07,0,1
2026-06-21,P1047,0.1305,3792.52,0,0
2026-06-22,P1047,0.113,3868.9,0,1
2026-06-23,P1047,0.1327,3783.14,0,1
2026-06-24,P1047,0.1204,3836.62,0,1
2026-06-25,P1047,0.102,3917.15,0,3
2026-06-26,P1047,0.148,3716.58,0,1
2026-06-27,P1047,0.1155,3858.24,0,0
2026-06-28,P1047,0.1217,3831.15,0,0
2026-06-29,P1047,0.1081,3890.47,0,1
2026-06-30,P1047,0.1152,3859.66,0,1
2026-07-01,P1047,0.1354,3771.44,0,2
2026-07-02,P1047,0.0903,3968.05,0,1
2026-07-03,P1047,0.1306,3792.17,0,1
2026-07-04,P1047,0.1416,3744.18,0,0
2026-07-05,P1047,0.1207,3835.6,0,2
2026-07-06,P1047,0.1072,3894.33,0,1
2026-07-07,P1047,0.1316,3787.82,0,1
2026-07-08,P1047,0.1243,3819.65,0,0
2026-07-09,P1047,0.1079,3891.32,0,0
2026-07-10,P1047,0.099,3930.31,0,0
2026-07-11,P1047,0.0982,3933.77,0,0
2026-07-12,P1047,0.1154,3858.57,0,0
2026-07-13,P1047,0.1121,3873.08,0,0
2026-07-14,P1047,0.1324,3784.6,0,1
