data/DailyScrapeLog.csv
ScrapingDate,ProductID,DiscountPercentage,SellingPrice,IsPromotional,UnitsSold
2026-03-17,P1048,0.0127,3277.5,0,2
2026-03-18,P1048,0.0385,3191.99,0,0
2026-03-19,P1048,0.0312,3216.13,0,0
2026-03-20,P1048,0.0071,3296.29,0,3
2026-03-21,P1048,0.0344,3205.57,0,1
2026-03-22,P1048,0.0335,3208.53,0,0
2026-03-23,P1048,0.0395,3188.59,0,2
2026-03-24,P1048,0.0144,3272.16,0,1
2026-03-25,P1048,0.0312,3216.23,0,2
2026-03-26,P1048,0.0343,3206.06,0,0
2026-03-27,P1048,0.0009,3316.73,0,0
2026-03-28,P1048,0.0598,3121.27,0,0
2026-03-29,P1048,0.0211,3249.82,0,2
2026-03-30,P1048,0.017,3263.36,0,0
2026-03-31,P1048,0.0217,3247.82,0,1
2026-04-01,P1048,0.0301,3219.97,0,1
2026-04-02,P1048,0.0279,3227.2,0,1
2026-04-03,P1048,0.0311,3216.48,0,0
2026-04-04,P1048,0.0235,3241.78,0,0
2026-04-05,P1048,0.0287,3224.71,0,1
2026-04-06,P1048,0.0432,3176.52,0,5
2026-04-07,P1048,0.03,3220.38,0,1
2026-04-08,P1048,0.0307,3218.01,0,2
2026-04-09,P1048,0.0141,3272.85,0,0
2026-04-10,P1048,0.0243,3239.02,0,1
2026-04-11,P1048,0.0346,3205.04,0,1
2026-04-12,P1048,0.0391,3190.09,0,0
2026-04-13,P1048,0.0223,3245.87,0,1
2026-04-14,P1048,0.0109,3283.8,0,0
2026-04-15,P1048,0.0,3319.83,0,1
2026-04-16,P1048,0.0332,3209.61,0,2
2026-04-17,P1048,0.039,3190.22,0,0
2026-04-18,P1048,0.0,3319.83,0,0
2026-04-19,P1048,0.0351,3203.37,0,0
2026-04-20,P1048,0.0341,3206.57,0,1
2026-04-21,P1048,0.0399,3187.24,0,2
2026-04-22,P1048,0.0179,3260.33,0,1
2026-04-23,P1048,0.0417,3181.39,0,1
2026-04-24,P1048,0.0379,3194.17,0,2
2026-04-25,P1048,0.0231,3243.07,0,0
2026-04-26,P1048,0.0089,3290.31,0,1
2026-04-27,P1048,0.0443,3172.62,0,3
2026-04-28,P1048,0.0228,3244.11,0,3
2026-04-29,P1048,0.0069,3297.03,0,3
2026-04-30,P1048,0.0214,3248.82,0,2
2026-05-01,P1048,0.0345,3205.27,0,2
2026-05-02,P1048,0.032,3213.7,0,0
2026-05-03,P1048,0.0449,3170.66,0,1
2026-05-04,P1048,0.0079,3293.59,0,1
2026-05-05,P1048,0.0154,3268.79,0,2
2026-05-06,P1048,0.0432,3176.42,0,1
2026-05-07,P1048,0.02,3253.3,0,2
2026-05-08,P1048,0.0036,3308.0,0,2
2026-05-09,P1048,0.0372,3196.28,0,0
2026-05-10,P1048,0.0297,3221.16,0,1
2026-05-11,P1048,0.0561,3133.52,0,3
2026-05-12,P1048,0.0245,3238.59,0,1
2026-05-13,P1048,0.0262,3232.73,0,0
2026-05-14,P1048,0.0065,3298.15,0,3
2026-05-15,P1048,0.0166,3264.67,0,1
2026-05-16,P1048,0.0051,3303.03,0,1
2026-05-17,P1048,0.2717,2417.88,1,1
2026-05-18,P1048,0.1861,2701.88,1,1
2026-05-19,P1048,0.2886,2361.58,1,4
2026-05-20,P1048,0.3068,2301.44,1,6
2026-05-21,P1048,0.0205,3251.63,0,0
2026-05-22,P1048,0.0423,3179.5,0,1
2026-05-23,P1048,0.0353,3202.69,0,0
2026-05-24,P1048,0.0573,3129.57,0,2
2026-05-25,P1048,0.0416,3181.59,0,2
2026-05-26,P1048,0.0223,3245.81,0,3
2026-05-27,P1048,0.0491,3156.91,0,3
2026-05-28,P1048,0.0114,3282.09,0,1
2026-05-29,P1048,0.0268,3230.9,0,1
2026-05-30,P1048,0.0091,3289.5,0,1
2026-05-31,P1048,0.0283,3225.91,0,3
2026-06-01,P1048,0.0225,3245.2,0,3
2026-06-02,P1048,0.0305,3218.42,0,1
2026-06-03,P1048,0.0,3319.83,0,2
2026-06-04,P1048,0.0454,3169.1,0,0
2026-06-05,P1048,0.0232,3242.66,0,1
2026-06-06,P1048,0.037,3197.05,0,3
2026-06-07,P1048,0.0101,3286.25,0,1
2026-06-08,P1048,0.0477,3161.59,0,1
2026-06-09,P1048,0.0506,3151.82,0,0
2026-06-10,P1048,0.0482,3159.8,0,0
2026-06-11,P1048,0.0513,3149.46,0,1
2026-06-12,P1048,0.0255,3235.1,0,0
2026-06-13,P1048,0.0177,3261.22,0,0
2026-06-14,P1048,0.0187,3257.69,0,0
2026-06-15,P1048,0.0257,3234.44,0,1
2026-06-16,P1048,0.0334,3208.8,0,1
2026-06-17,P1048,0.0273,3229.16,0,0
2026-06-18,P1048,0.0292,3222.96,0,0
2026-06-19,P1048,0.0267,3231.24,0,2
2026-06-20,P1048,0.0358,3200.98,0,1
2026-06-21,P1048,0.0558,3134.54,0,0
2026-06-22,P1048,0.0422,3179.88,0,2
2026-06-23,P1048,0.041,3183.62,0,0
2026-06-24,P1048,0.0114,3281.88,0,0
2026-06-25,P1048,0.0301,3219.91,0,1
2026-06-26,P1048,0.0268,3230.92,0,1
2026-06-27,P1048,0.053,3143.98,0,1
2026-06-28,P1048,0.0314,3215.51,0,2
2026-06-29,P1048,0.0322,3212.9,0,0
2026-06-30,P1048,0.0288,3224.33,0,2
2026-07-01,P1048,0.0,3319.83,0,1
2026-07-02,P1048,0.0256,3234.86,0,0
2026-07-03,P1048,0.0221,3246.62,0,1
2026-07-04,P1048,0.0367,3197.89,0,0
2026-07-05,P1048,0.0137,3274.43,0,1
2026-07-06,P1048,0.0298,3220.97,0,0
2026-07-07,P1048,0.0206,3251.44,0,0
2026-07-08,P1048,0.0421,3180.04,0,0
2026-07-09,P1048,0.0307,3217.91,0,1
2026-07-10,P1048,0.0309,3217.4,0,2
2026-07-11,P1048,0.0,3319.83,0,2
2026-07-12,P1048,0.0339,3207.33,0,4
2026-07-13,P1048,0.0186,3257.96,0,0
2026-07-14,P1048,0.028,3226.98,0,3
2026-03-17,P1049,0.0211,1960.48,0,2
2026-03-18,P1049,0.0187,1965.38,0,0
2026-03-19,P1049,0.0173,1968.05,0,1
2026-03-20,P1049,0.0136,1975.59,0,1
2026-03-21,P1049,0.0417,1919.25,0,2
2026-03-22,P1049,0.0166,1969.45,0,0
2026-03-23,P1049,0.0,2002.8,0,1
2026-03-24,P1049,0.0,2002.8,0,2
2026-03-25,P1049,0.0153,1972.08,0,2
2026-03-26,P1049,0.0163,1970.09,0,1
2026-03-27,P1049,0.0281,1946.47,0,1
2026-03-28,P1049,0.001,2000.88,0,2
2026-03-29,P1049,0.0072,1988.32,0,5
2026-03-30,P1049,0.0399,1922.95,0,2
2026-03-31,P1049,0.0,2002.8,0,0
2026-04-01,P1049,0.0,2002.8,0,2
2026-04-02,P1049,0.0163,1970.07,0,4
2026-04-03,P1049,0.0168,1969.2,0,2
2026-04-04,P1049,0.0,2002.8,0,2
2026-04-05,P1049,0.0448,1913.04,0,3
2026-04-06,P1049,0.0203,1962.1,0,1
2026-04-07,P1049,0.0041,1994.5,0,1
2026-04-08,P1049,0.0056,1991.61,0,1
2026-04-09,P1049,0.0,2002.8,0,2
2026-04-10,P1049,0.0232,1956.37,0,1
2026-04-11,P1049,0.0321,1938.46,0,2
2026-04-12,P1049,0.0318,1939.06,0,3
2026-04-13,P1049,0.0096,1983.66,0,3
2026-04-14,P1049,0.001,2000.85,0,1
2026-04-15,P1049,0.0,2002.8,0,3
2026-04-16,P1049,0.0206,1961.52,0,2
2026-04-17,P1049,0.0205,1961.65,0,1
2026-04-18,P1049,0.0074,1987.93,0,1
2026-04-19,P1049,0.0198,1963.18,0,0
2026-04-20,P1049,0.0,2002.8,0,2
2026-04-21,P1049,0.0138,1975.23,0,0
2026-04-22,P1049,0.0174,1967.9,0,1
2026-04-23,P1049,0.0238,1955.06,0,3
2026-04-24,P1049,0.0175,1967.73,0,6
2026-04-25,P1049,0.0358,1931.11,0,3
2026-04-26,P1049,0.0068,1989.26,0,5
2026-04-27,P1049,0.0424,1917.93,0,3
2026-04-28,P1049,0.0,2002.8,0,1
2026-04-29,P1049,0.0495,1903.63,0,3
2026-04-30,P1049,0.0,2002.8,0,2
2026-05-01,P1049,0.0,2002.8,0,1
2026-05-02,P1049,0.0149,1972.91,0,1
2026-05-03,P1049,0.021,1960.72,0,1
2026-05-04,P1049,0.0219,1958.98,0,2
2026-05-05,P1049,0.0103,1982.24,0,4
2026-05-06,P1049,0.0304,1942.01,0,0
2026-05-07,P1049,0.0171,1968.56,0,2
2026-05-08,P1049,0.0227,1957.43,0,0
2026-05-09,P1049,0.0177,1967.32,0,1
2026-05-10,P1049,0.0093,1984.24,0,4
2026-05-11,P1049,0.0214,1959.85,0,1
2026-05-12,P1049,0.0275,1947.63,0,3
2026-05-13,P1049,0.0,2002.8,0,0
2026-05-14,P1049,0.0098,1983.1,0,2
2026-05-15,P1049,0.0,2002.8,0,2
2026-05-16,P1049,0.0081,1986.58,0,1
2026-05-17,P1049,0.0338,1935.16,0,1
2026-05-18,P1049,0.0107,1981.35,0,0
2026-05-19,P1049,0.0427,1917.2,0,0
2026-05-20,P1049,0.0,2002.8,0,1
2026-05-21,P1049,0.0308,1941.07,0,1
2026-05-22,P1049,0.0133,1976.21,0,2
2026-05-23,P1049,0.0299,1942.98,0,0
2026-05-24,P1049,0.0248,1953.1,0,2
2026-05-25,P1049,0.0389,1924.96,0,0
2026-05-26,P1049,0.0318,1939.07,0,4
2026-05-27,P1049,0.0379,1926.88,0,1
2026-05-28,P1049,0.0,2002.8,0,1
2026-05-29,P1049,0.0256,1951.52,0,0
2026-05-30,P1049,0.0349,1932.87,0,1
2026-05-31,P1049,0.0221,1958.63,0,2
2026-06-01,P1049,0.0209,1960.88,0,2
2026-06-02,P1049,0.022,1958.66,0,1
2026-06-03,P1049,0.0446,1913.52,0,0
2026-06-04,P1049,0.0462,1910.19,0,2
2026-06-05,P1049,0.0462,1910.19,0,2
2026-06-06,P1049,0.0,2002.8,0,1
2026-06-07,P1049,0.0057,1991.31,0,2
2026-06-08,P1049,0.001,2000.7,0,3
2026-06-09,P1049,0.0,2002.8,0,0
2026-06-10,P1049,0.0078,1987.17,0,1
2026-06-11,P1049,0.0129,1976.98,0,0
2026-06-12,P1049,0.0283,1946.05,0,1
2026-06-13,P1049,0.0361,1930.49,0,1
2026-06-14,P1049,0.01,1982.81,0,0
2026-06-15,P1049,0.0241,1954.52,0,1
2026-06-16,P1049,0.0,2002.8,0,3
2026-06-17,P1049,0.0233,1956.03,0,4
2026-06-18,P1049,0.002,1998.76,0,2
2026-06-19,P1049,0.0225,1957.72,0,1
2026-06-20,P1049,0.0042,1994.43,0,1
2026-06-21,P1049,0.0218,1959.14,0,1
2026-06-22,P1049,0.0253,1952.22,0,2
2026-06-23,P1049,0.0312,1940.34,0,3
2026-06-24,P1049,0.0421,1918.49,0,4
2026-06-25,P1049,0.0144,1974.01,0,0
2026-06-26,P1049,0.0059,1991.08,0,1
2026-06-27,P1049,0.0123,1978.07,0,0
2026-06-28,P1049,0.0204,1961.86,0,1
2026-06-29,P1049,0.0,2002.8,0,4
2026-06-30,P1049,0.2777,1446.67,1,5
2026-07-01,P1049,0.1791,1644.08,1,5
2026-07-02,P1049,0.2791,1443.76,1,3
2026-07-03,P1049,0.2347,1532.77,1,5
2026-07-04,P1049,0.1717,1658.91,1,3
2026-07-05,P1049,0.2214,1559.44,1,4
2026-07-06,P1049,0.0,2002.8,0,1
2026-07-07,P1049,0.0248,1953.18,0,2
2026-07-08,P1049,0.0424,1917.94,0,3
2026-07-09,P1049,0.0196,1963.62,0,1
2026-07-10,P1049,0.021,1960.82,0,1
2026-07-11,P1049,0.0127,1977.31,0,0
2026-07-12,P1049,0.0421,1918.48,0,2
2026-07-13,P1049,0.0181,1966.52,0,4
2026-07-14,P1049,0.0152,1972.41,0,0
2026-03-17,P1050,0.1684,315.4,0,5
2026-03-18,P1050,0.1459,323.94,0,0
2026-03-19,P1050,0.1627,317.56,0,6
2026-03-20,P1050,0.1538,320.93,0,1
2026-03-21,P1050,0.153,321.24,0,6
2026-03-22,P1050,0.1463,323.8,0,6
2026-03-23,P1050,0.1146,335.81,0,4
2026-03-24,P1050,0.1544,320.7,0,5
2026-03-25,P1050,0.1489,322.79,0,3
2026-03-26,P1050,0.1486,322.9,0,3
2026-03-27,P1050,0.1427,325.13,0,3
2026-03-28,P1050,0.1495,322.59,0,2
2026-03-29,P1050,0.1452,324.21,0,5
2026-03-30,P1050,0.1409,325.83,0,4
2026-03-31,P1050,0.1373,327.19,0,4
2026-04-01,P1050,0.1648,316.78,0,1
2026-04-02,P1050,0.1843,309.38,0,3
2026-04-03,P1050,0.1715,314.22,0,6
2026-04-04,P1050,0.115,335.64,0,5
2026-04-05,P1050,0.1559,320.13,0,2
2026-04-06,P1050,0.1322,329.12,0,3
2026-04-07,P1050,0.146,323.9,0,6
2026-04-08,P1050,0.1501,322.35,0,3
2026-04-09,P1050,0.1202,333.69,0,4
2026-04-10,P1050,0.1519,321.64,0,6
2026-04-11,P1050,0.1449,324.33,0,3
2026-04-12,P1050,0.1426,325.19,0,5
2026-04-13,P1050,0.1589,318.99,0,5
2026-04-14,P1050,0.1383,326.82,0,5
2026-04-15,P1050,0.3856,233.03,1,12
2026-04-16,P1050,0.3744,237.26,1,13
2026-04-17,P1050,0.3276,255.04,1,10
2026-04-18,P1050,0.4284,216.79,1,5
2026-04-19,P1050,0.3946,229.62,1,11
2026-04-20,P1050,0.314,260.17,1,12
2026-04-21,P1050,0.3219,257.19,1,7
2026-04-22,P1050,0.3585,243.28,1,10
2026-04-23,P1050,0.2542,282.84,1,5
2026-04-24,P1050,0.2734,275.57,1,7
2026-04-25,P1050,0.43,216.18,1,7
2026-04-26,P1050,0.4494,208.83,1,11
2026-04-27,P1050,0.1772,312.06,0,3
2026-04-28,P1050,0.1473,323.41,0,2
2026-04-29,P1050,0.1372,327.25,0,4
2026-04-30,P1050,0.145,324.26,0,5
2026-05-01,P1050,0.1664,316.17,0,3
2026-05-02,P1050,0.1202,333.67,0,3
2026-05-03,P1050,0.1203,333.63,0,8
2026-05-04,P1050,0.1643,316.94,0,2
2026-05-05,P1050,0.1282,330.65,0,4
2026-05-06,P1050,0.1665,316.13,0,8
2026-05-07,P1050,0.183,309.87,0,3
2026-05-08,P1050,0.1481,323.09,0,7
2026-05-09,P1050,0.1285,330.55,0,5
2026-05-10,P1050,0.1722,313.97,0,5
2026-05-11,P1050,0.1518,321.71,0,4
2026-05-12,P1050,0.1458,323.98,0,3
2026-05-13,P1050,0.13,329.96,0,1
2026-05-14,P1050,0.1352,327.98,0,4
2026-05-15,P1050,0.1128,336.48,0,2
2026-05-16,P1050,0.1388,326.62,0,3
2026-05-17,P1050,0.1242,332.16,0,7
2026-05-18,P1050,0.1536,321.01,0,3
2026-05-19,P1050,0.1588,319.05,0,0
2026-05-20,P1050,0.1717,314.15,0,3
2026-05-21,P1050,0.1563,319.99,0,6
2026-05-22,P1050,0.1477,323.25,0,6
2026-05-23,P1050,0.1342,328.38,0,5
2026-05-24,P1050,0.1701,314.75,0,2
2026-05-25,P1050,0.1782,311.67,0,3
2026-05-26,P1050,0.1535,321.05,0,6
2026-05-27,P1050,0.1462,323.8,0,4
2026-05-28,P1050,0.1262,331.39,0,3
2026-05-29,P1050,0.1553,320.35,0,5
2026-05-30,P1050,0.1422,325.34,0,4
2026-05-31,P1050,0.1458,323.98,0,3
2026-06-01,P1050,0.1545,320.66,0,6
2026-06-02,P1050,0.151,321.99,0,5
2026-06-03,P1050,0.137,327.33,0,1
2026-06-04,P1050,0.1414,325.65,0,4
2026-06-05,P1050,0.1487,322.87,0,5
2026-06-06,P1050,0.12,333.76,0,3
2026-06-07,P1050,0.1416,325.58,0,3
2026-06-08,P1050,0.142,325.41,0,1
2026-06-09,P1050,0.1535,321.05,0,1
2026-06-10,P1050,0.1309,329.63,0,3
2026-06-11,P1050,0.1419,325.46,0,7
2026-06-12,P1050,0.1459,323.94,0,1
2026-06-13,P1050,0.1428,325.13,0,5
2026-06-14,P1050,0.1648,316.78,0,4
2026-06-15,P1050,0.1438,324.71,0,2
2026-06-16,P1050,0.1274,330.94,0,4
2026-06-17,P1050,0.1131,336.38,0,2
2026-06-18,P1050,0.1729,313.71,0,2
2026-06-19,P1050,0.1483,323.01,0,7
2026-06-20,P1050,0.163,317.43,0,3
2026-06-21,P1050,0.1557,320.22,0,4
2026-06-22,P1050,0.1306,329.74,0,4
2026-06-23,P1050,0.1502,322.29,0,6
2026-06-24,P1050,0.1322,329.14,0,5
2026-06-25,P1050,0.1454,324.12,0,6
2026-06-26,P1050,0.1256,331.64,0,1
2026-06-27,P1050,0.1546,320.64,0,2
2026-06-28,P1050,0.1489,322.8,0,8
2026-06-29,P1050,0.1569,319.75,0,7
2026-06-30,P1050,0.1245,332.04,0,7
2026-07-01,P1050,0.1362,327.62,0,6
2026-07-02,P1050,0.1324,329.04,0,4
2026-07-03,P1050,0.1682,315.49,0,5
2026-07-04,P1050,0.1323,329.09,0,3
2026-07-05,P1050,0.1565,319.92,0,5
2026-07-06,P1050,0.1617,317.96,0,2
2026-07-07,P1050,0.1929,306.1,0,3
2026-07-08,P1050,0.1696,314.93,0,6
2026-07-09,P1050,0.1515,321.79,0,2
2026-07-10,P1050,0.1394,326.41,0,2
2026-07-11,P1050,0.154,320.86,0,3
2026-07-12,P1050,0.1524,321.47,0,3
2026-07-13,P1050,0.177,312.12,0,0
2026-07-14,P1050,0.1422,325.35,0,2
2026-03-17,P1051,0.0925,3535.56,0,0
2026-03-18,P1051,0.0848,3565.58,0,0
2026-03-19,P1051,0.077,3595.94,0,4
2026-03-20,P1051,0.0868,3557.78,0,0
2026-03-21,P1051,0.0586,3667.52,0,0
2026-03-22,P1051,0.1194,3430.62,0,1
2026-03-23,P1051,0.0953,3524.69,0,1
2026-03-24,P1051,0.0818,3577.18,0,1
2026-03-25,P1051,0.0972,3517.47,0,1
2026-03-26,P1051,0.0857,3561.91,0,2
2026-03-27,P1051,0.0813,3579.4,0,1
2026-03-28,P1051,0.0795,3586.21,0,1
2026-03-29,P1051,0.0795,3586.14,0,0
2026-03-30,P1051,0.0823,3575.18,0,3
2026-03-31,P1051,0.0385,3746.13,0,0
2026-04-01,P1051,0.0927,3534.66,0,1
2026-04-02,P1051,0.0543,3684.44,0,0
2026-04-03,P1051,0.0749,3604.32,0,5
2026-04-04,P1051,0.0969,3518.59,0,1
2026-04-05,P1051,0.0734,3609.98,0,0
2026-04-06,P1051,0.0776,3593.82,0,0
2026-04-07,P1051,0.0624,3652.77,0,0
2026-04-08,P1051,0.109,3471.24,0,0
2026-04-09,P1051,0.085,3564.65,0,1
2026-04-10,P1051,0.0628,3651.38,0,1
2026-04-11,P1051,0.0844,3567.34,0,0
2026-04-12,P1051,0.0775,3594.02,0,1
2026-04-13,P1051,0.0923,3536.34,0,1
2026-04-14,P1051,0.0865,3558.93,0,1
2026-04-15,P1051,0.0589,3666.5,0,0
2026-04-16,P1051,0.4557,2120.69,1,2
2026-04-17,P1051,0.2932,2753.67,1,3
2026-04-18,P1051,0.2487,2927.09,1,4
2026-04-19,P1051,0.2353,2979.1,1,4
2026-04-20,P1051,0.2406,2958.79,1,1
2026-04-21,P1051,0.3006,2724.83,1,3
2026-04-22,P1051,0.3228,2638.18,1,4
2026-04-23,P1051,0.3155,2666.97,1,2
2026-04-24,P1051,0.2125,3068.22,1,4
2026-04-25,P1051,0.0788,3588.85,0,1
2026-04-26,P1051,0.0815,3578.28,0,0
2026-04-27,P1051,0.0713,3618.16,0,1
2026-04-28,P1051,0.2658,2860.36,1,3
2026-04-29,P1051,0.2909,2762.81,1,2
2026-04-30,P1051,0.3198,2650.16,1,1
2026-05-01,P1051,0.4014,2331.97,1,0
2026-05-02,P1051,0.2621,2874.88,1,2
2026-05-03,P1051,0.2547,2903.79,1,2
2026-05-04,P1051,0.3075,2697.87,1,2
2026-05-05,P1051,0.0817,3577.81,0,0
2026-05-06,P1051,0.0664,3637.31,0,3
2026-05-07,P1051,0.0935,3531.73,0,0
2026-05-08,P1051,0.0964,3520.23,0,1
2026-05-09,P1051,0.0931,3533.41,0,2
2026-05-10,P1051,0.1173,3439.01,0,0
2026-05-11,P1051,0.0912,3540.66,0,0
2026-05-12,P1051,0.0984,3512.66,0,0
2026-05-13,P1051,0.0588,3667.06,0,0
2026-05-14,P1051,0.0753,3602.73,0,0
2026-05-15,P1051,0.103,3494.56,0,2
2026-05-16,P1051,0.0784,3590.68,0,2
2026-05-17,P1051,0.1005,3504.27,0,2
2026-05-18,P1051,0.0994,3508.84,0,0
2026-05-19,P1051,0.076,3599.99,0,0
2026-05-20,P1051,0.0797,3585.33,0,1
2026-05-21,P1051,0.0723,3614.31,0,3
2026-05-22,P1051,0.0666,3636.61,0,0
2026-05-23,P1051,0.0759,3600.13,0,0
2026-05-24,P1051,0.0891,3548.88,0,3
2026-05-25,P1051,0.1008,3503.41,0,0
2026-05-26,P1051,0.0913,3540.23,0,2
2026-05-27,P1051,0.0787,3589.31,0,0
2026-05-28,P1051,0.0844,3567.18,0,2
2026-05-29,P1051,0.0952,3524.91,0,3
2026-05-30,P1051,0.1064,3481.39,0,1
2026-05-31,P1051,0.0609,3658.71,0,0
2026-06-01,P1051,0.0863,3559.64,0,1
2026-06-02,P1051,0.0517,3694.39,0,0
2026-06-03,P1051,0.0537,3686.91,0,2
2026-06-04,P1051,0.0712,3618.48,0,2
2026-06-05,P1051,0.0683,3630.0,0,1
2026-06-06,P1051,0.067,3634.92,0,1
2026-06-07,P1051,0.0457,3718.11,0,1
2026-06-08,P1051,0.271,2840.0,1,0
2026-06-09,P1051,0.2576,2892.25,1,3
2026-06-10,P1051,0.2033,3103.86,1,2
2026-06-11,P1051,0.2728,2833.13,1,2
2026-06-12,P1051,0.0998,3507.11,0,1
2026-06-13,P1051,0.0823,3575.44,0,0
2026-06-14,P1051,0.0773,3594.9,0,1
2026-06-15,P1051,0.1063,3481.98,0,1
2026-06-16,P1051,0.0725,3613.53,0,3
2026-06-17,P1051,0.0865,3559.08,0,1
2026-06-18,P1051,0.0711,3619.06,0,1
2026-06-19,P1051,0.0863,3559.9,0,1
2026-06-20,P1051,0.0921,3537.11,0,1
2026-06-21,P1051,0.0358,3756.55,0,3
2026-06-22,P1051,0.0935,3531.78,0,2
2026-06-23,P1051,0.0799,3584.59,0,0
2026-06-24,P1051,0.0848,3565.64,0,0
2026-06-25,P1051,0.0491,3704.82,0,1
2026-06-26,P1051,0.0678,3631.66,0,4
2026-06-27,P1051,0.0671,3634.59,0,0
2026-06-28,P1051,0.0911,3540.96,0,1
2026-06-29,P1051,0.0717,3616.45,0,1
2026-06-30,P1051,0.0701,3622.75,0,1
2026-07-01,P1051,0.0681,3630.58,0,0
2026-07-02,P1051,0.0788,3588.8,0,1
2026-07-03,P1051,0.061,3658.41,0,1
2026-07-04,P1051,0.0787,3589.32,0,1
2026-07-05,P1051,0.1027,3495.67,0,2
2026-07-06,P1051,0.0729,3612.12,0,0
2026-07-07,P1051,0.0649,3643.11,0,1
2026-07-08,P1051,0.0764,3598.2,0,0
2026-07-09,P1051,0.0849,3565.02,0,1
2026-07-10,P1051,0.07,3623.06,0,0
2026-07-11,P1051,0.0901,3545.1,0,1
2026-07-12,P1051,0.0778,3592.75,0,1
2026-07-13,P1051,0.0742,3607.02,0,1
2026-07-14,P1051,0.0862,3560.25,0,2
