data/DailyScrapeLog.csv
ScrapingDate,ProductID,DiscountPercentage,SellingPrice,IsPromotional,UnitsSold
2026-03-17,P1052,0.1007,1955.62,0,1
2026-03-18,P1052,0.1103,1934.66,0,6
2026-03-19,P1052,0.1133,1928.21,0,2
2026-03-20,P1052,0.1214,1910.62,0,1
2026-03-21,P1052,0.1183,1917.23,0,2
2026-03-22,P1052,0.108,1939.62,0,2
2026-03-23,P1052,0.2492,1632.68,1,5
2026-03-24,P1052,0.4241,1252.22,1,2
2026-03-25,P1052,0.4079,1287.61,1,1
2026-03-26,P1052,0.1963,1747.6,1,0
2026-03-27,P1052,0.1231,1906.8,0,1
2026-03-28,P1052,0.1079,1939.87,0,2
2026-03-29,P1052,0.1301,1891.53,0,2
2026-03-30,P1052,0.2692,1589.15,1,3
2026-03-31,P1052,0.3745,1360.1,1,3
2026-04-01,P1052,0.3335,1449.32,1,3
2026-04-02,P1052,0.3621,1387.09,1,5
2026-04-03,P1052,0.3778,1352.94,1,1
2026-04-04,P1052,0.3429,1428.94,1,4
2026-04-05,P1052,0.2682,1591.24,1,3
2026-04-06,P1052,0.1056,1944.93,0,2
2026-04-07,P1052,0.1469,1855.07,0,1
2026-04-08,P1052,0.1074,1940.88,0,4
2026-04-09,P1052,0.1402,1869.58,0,0
2026-04-10,P1052,0.1002,1956.7,0,3
2026-04-11,P1052,0.0975,1962.43,0,2
2026-04-12,P1052,0.1303,1891.15,0,2
2026-04-13,P1052,0.1008,1955.22,0,3
2026-04-14,P1052,0.1222,1908.72,0,1
2026-04-15,P1052,0.1003,1956.35,0,0
2026-04-16,P1052,0.0897,1979.44,0,0
2026-04-17,P1052,0.104,1948.33,0,4
2026-04-18,P1052,0.1068,1942.3,0,0
2026-04-19,P1052,0.0972,1963.1,0,2
2026-04-20,P1052,0.094,1970.15,0,1
2026-04-21,P1052,0.0979,1961.72,0,0
2026-04-22,P1052,0.109,1937.48,0,0
2026-04-23,P1052,0.0915,1975.63,0,3
2026-04-24,P1052,0.1008,1955.33,0,1
2026-04-25,P1052,0.1017,1953.29,0,0
2026-04-26,P1052,0.1203,1912.95,0,1
2026-04-27,P1052,0.1117,1931.52,0,0
2026-04-28,P1052,0.1187,1916.3,0,1
2026-04-29,P1052,0.1227,1907.77,0,3
2026-04-30,P1052,0.0927,1973.02,0,0
2026-05-01,P1052,0.1029,1950.83,0,2
2026-05-02,P1052,0.1175,1918.93,0,1
2026-05-03,P1052,0.098,1961.48,0,3
2026-05-04,P1052,0.1153,1923.75,0,1
2026-05-05,P1052,0.1047,1946.83,0,3
2026-05-06,P1052,0.1043,1947.78,0,2
2026-05-07,P1052,0.1289,1894.3,0,1
2026-05-08,P1052,0.1032,1950.11,0,2
2026-05-09,P1052,0.1065,1942.98,0,0
2026-05-10,P1052,0.1225,1908.07,0,1
2026-05-11,P1052,0.1102,1934.86,0,0
2026-05-12,P1052,0.1168,1920.54,0,1
2026-05-13,P1052,0.1266,1899.17,0,0
2026-05-14,P1052,0.1439,1861.5,0,0
2026-05-15,P1052,0.0957,1966.35,0,1
2026-05-16,P1052,0.13,1891.74,0,1
2026-05-17,P1052,0.1123,1930.4,0,2
2026-05-18,P1052,0.1354,1880.11,0,3
2026-05-19,P1052,0.0861,1987.29,0,2
2026-05-20,P1052,0.0963,1965.01,0,0
2026-05-21,P1052,0.1212,1911.03,0,1
2026-05-22,P1052,0.1093,1936.78,0,1
2026-05-23,P1052,0.0899,1979.12,0,1
2026-05-24,P1052,0.1019,1953.02,0,0
2026-05-25,P1052,0.1339,1883.32,0,1
2026-05-26,P1052,0.1066,1942.73,0,1
2026-05-27,P1052,0.1339,1883.41,0,0
2026-05-28,P1052,0.1025,1951.59,0,1
2026-05-29,P1052,0.1215,1910.34,0,1
2026-05-30,P1052,0.1066,1942.65,0,1
2026-05-31,P1052,0.1065,1942.89,0,2
2026-06-01,P1052,0.0898,1979.29,0,0
2026-06-02,P1052,0.112,1930.86,0,0
2026-06-03,P1052,0.1018,1953.23,0,6
2026-06-04,P1052,0.1043,1947.67,0,0
2026-06-05,P1052,0.1126,1929.73,0,2
2026-06-06,P1052,0.1039,1948.46,0,2
2026-06-07,P1052,0.1242,1904.47,0,0
2026-06-08,P1052,0.0908,1976.95,0,1
2026-06-09,P1052,0.1251,1902.53,0,2
2026-06-10,P1052,0.1209,1911.68,0,0
2026-06-11,P1052,0.1476,1853.47,0,1
2026-06-12,P1052,0.1242,1904.53,0,1
2026-06-13,P1052,0.1042,1947.87,0,1
2026-06-14,P1052,0.1433,1862.93,0,1
2026-06-15,P1052,0.1182,1917.48,0,1
2026-06-16,P1052,0.1146,1925.24,0,2
2026-06-17,P1052,0.1093,1936.88,0,2
2026-06-18,P1052,0.1141,1926.37,0,1
2026-06-19,P1052,0.1459,1857.24,0,4
2026-06-20,P1052,0.1092,1937.14,0,1
2026-06-21,P1052,0.1358,1879.26,0,1
2026-06-22,P1052,0.1106,1934.0,0,1
2026-06-23,P1052,0.1233,1906.34,0,1
2026-06-24,P1052,0.099,1959.18,0,0
2026-06-25,P1052,0.121,1911.31,0,3
2026-06-26,P1052,0.1257,1901.26,0,2
2026-06-27,P1052,0.0859,1987.63,0,0
2026-06-28,P1052,0.0965,1964.68,0,3
2026-06-29,P1052,0.1045,1947.2,0,2
2026-06-30,P1052,0.1186,1916.63,0,3
2026-07-01,P1052,0.12,1913.54,0,3
2026-07-02,P1052,0.1177,1918.52,0,2
2026-07-03,P1052,0.114,1926.62,0,2
2026-07-04,P1052,0.1108,1933.47,0,0
2026-07-05,P1052,0.1169,1920.27,0,1
2026-07-06,P1052,0.1091,1937.26,0,1
2026-07-07,P1052,0.12,1913.55,0,0
2026-07-08,P1052,0.1035,1949.45,0,0
2026-07-09,P1052,0.1227,1907.76,0,0
2026-07-10,P1052,0.1187,1916.4,0,2
2026-07-11,P1052,0.09,1978.79,0,0
2026-07-12,P1052,0.094,1970.0,0,0
2026-07-13,P1052,0.0784,2004.05,0,1
2026-07-14,P1052,0.1199,1913.73,0,0
2026-03-17,P1053,0.0927,1587.88,0,3
2026-03-18,P1053,0.258,1298.59,1,2
2026-03-19,P1053,0.3128,1202.68,1,6
2026-03-20,P1053,0.2637,1288.62,1,5
2026-03-21,P1053,0.3199,1190.34,1,3
2026-03-22,P1053,0.2486,1315.15,1,5
2026-03-23,P1053,0.2381,1333.54,1,1
2026-03-24,P1053,0.2518,1309.54,1,2
2026-03-25,P1053,0.1781,1438.56,1,0
2026-03-26,P1053,0.0807,1608.95,0,2
2026-03-27,P1053,0.0727,1623.0,0,1
2026-03-28,P1053,0.0605,1644.36,0,0
2026-03-29,P1053,0.0688,1629.71,0,1
2026-03-30,P1053,0.0898,1593.06,0,3
2026-03-31,P1053,0.0868,1598.34,0,1
2026-04-01,P1053,0.0784,1613.01,0,4
2026-04-02,P1053,0.0549,1654.13,0,2
2026-04-03,P1053,0.077,1615.37,0,1
2026-04-04,P1053,0.0593,1646.37,0,2
2026-04-05,P1053,0.0562,1651.82,0,0
2026-04-06,P1053,0.0817,1607.21,0,1
2026-04-07,P1053,0.0616,1642.33,0,2
2026-04-08,P1053,0.0833,1604.32,0,1
2026-04-09,P1053,0.0745,1619.72,0,1
2026-04-10,P1053,0.0851,1601.21,0,2
2026-04-11,P1053,0.0872,1597.66,0,1
2026-04-12,P1053,0.0978,1579.09,0,1
2026-04-13,P1053,0.053,1657.48,0,0
2026-04-14,P1053,0.0756,1617.93,0,2
2026-04-15,P1053,0.059,1646.89,0,1
2026-04-16,P1053,0.2966,1231.12,1,3
2026-04-17,P1053,0.2901,1242.45,1,1
2026-04-18,P1053,0.3412,1152.94,1,4
2026-04-19,P1053,0.2033,1394.31,1,2
2026-04-20,P1053,0.2267,1353.38,1,3
2026-04-21,P1053,0.2724,1273.47,1,4
2026-04-22,P1053,0.2876,1246.82,1,2
2026-04-23,P1053,0.0522,1658.87,0,1
2026-04-24,P1053,0.0881,1595.93,0,5
2026-04-25,P1053,0.0508,1661.37,0,3
2026-04-26,P1053,0.0907,1591.52,0,0
2026-04-27,P1053,0.0763,1616.65,0,2
2026-04-28,P1053,0.0831,1604.7,0,4
2026-04-29,P1053,0.0731,1622.2,0,2
2026-04-30,P1053,0.0822,1606.27,0,0
2026-05-01,P1053,0.0758,1617.56,0,2
2026-05-02,P1053,0.0751,1618.75,0,2
2026-05-03,P1053,0.0909,1591.03,0,0
2026-05-04,P1053,0.0946,1584.6,0,2
2026-05-05,P1053,0.0664,1633.96,0,1
2026-05-06,P1053,0.0656,1635.42,0,0
2026-05-07,P1053,0.0743,1620.14,0,1
2026-05-08,P1053,0.0619,1641.78,0,2
2026-05-09,P1053,0.0652,1636.1,0,0
2026-05-10,P1053,0.0824,1606.02,0,2
2026-05-11,P1053,0.0744,1620.0,0,3
2026-05-12,P1053,0.0689,1629.6,0,1
2026-05-13,P1053,0.0881,1596.02,0,3
2026-05-14,P1053,0.0771,1615.27,0,1
2026-05-15,P1053,0.0679,1631.28,0,0
2026-05-16,P1053,0.0981,1578.56,0,0
2026-05-17,P1053,0.0502,1662.38,0,3
2026-05-18,P1053,0.0881,1595.99,0,1
2026-05-19,P1053,0.0627,1640.41,0,1
2026-05-20,P1053,0.0596,1645.92,0,2
2026-05-21,P1053,0.0528,1657.7,0,2
2026-05-22,P1053,0.0513,1660.4,0,3
2026-05-23,P1053,0.0815,1607.51,0,3
2026-05-24,P1053,0.0941,1585.44,0,1
2026-05-25,P1053,0.0911,1590.74,0,2
2026-05-26,P1053,0.0806,1609.14,0,0
2026-05-27,P1053,0.0575,1649.55,0,1
2026-05-28,P1053,0.0924,1588.54,0,1
2026-05-29,P1053,0.0391,1681.83,0,1
2026-05-30,P1053,0.0753,1618.33,0,1
2026-05-31,P1053,0.0687,1629.92,0,2
2026-06-01,P1053,0.0888,1594.82,0,0
2026-06-02,P1053,0.0598,1645.58,0,3
2026-06-03,P1053,0.0918,1589.51,0,0
2026-06-04,P1053,0.0603,1644.64,0,2
2026-06-05,P1053,0.0955,1583.02,0,4
2026-06-06,P1053,0.0629,1640.04,0,2
2026-06-07,P1053,0.0572,1650.12,0,0
2026-06-08,P1053,0.0617,1642.23,0,1
2026-06-09,P1053,0.0596,1645.91,0,1
2026-06-10,P1053,0.0745,1619.88,0,3
2026-06-11,P1053,0.068,1631.2,0,3
2026-06-12,P1053,0.1008,1573.84,0,1
2026-06-13,P1053,0.0751,1618.76,0,0
2026-06-14,P1053,0.0743,1620.14,0,2
2026-06-15,P1053,0.106,1564.75,0,4
2026-06-16,P1053,0.0867,1598.38,0,0
2026-06-17,P1053,0.0728,1622.84,0,0
2026-06-18,P1053,0.0837,1603.74,0,2
2026-06-19,P1053,0.0533,1656.87,0,0
2026-06-20,P1053,0.0919,1589.29,0,3
2026-06-21,P1053,0.0719,1624.44,0,2
2026-06-22,P1053,0.0766,1616.15,0,2
2026-06-23,P1053,0.0619,1641.84,0,1
2026-06-24,P1053,0.0797,1610.78,0,2
2026-06-25,P1053,0.0702,1627.4,0,3
2026-06-26,P1053,0.0732,1622.06,0,2
2026-06-27,P1053,0.0833,1604.34,0,1
2026-06-28,P1053,0.093,1587.36,0,2
2026-06-29,P1053,0.0643,1637.58,0,0
2026-06-30,P1053,0.0975,1579.49,0,4
2026-07-01,P1053,0.0728,1622.82,0,4
2026-07-02,P1053,0.0761,1616.93,0,4
2026-07-03,P1053,0.3417,1152.19,1,6
2026-07-04,P1053,0.3175,1194.45,1,5
2026-07-05,P1053,0.3512,1135.53,1,1
2026-07-06,P1053,0.3587,1122.4,1,1
2026-07-07,P1053,0.2833,1254.42,1,1
2026-07-08,P1053,0.3207,1188.98,1,5
2026-07-09,P1053,0.3142,1200.37,1,2
2026-07-10,P1053,0.1945,1409.76,1,1
2026-07-11,P1053,0.0857,1600.12,0,2
2026-07-12,P1053,0.067,1632.9,0,2
2026-07-13,P1053,0.0756,1617.82,0,0
2026-07-14,P1053,0.0756,1617.8,0,1
2026-03-17,P1054,0.1143,960.79,0,3
2026-03-18,P1054,0.102,974.16,0,3
2026-03-19,P1054,0.0945,982.3,0,1
2026-03-20,P1054,0.1265,947.53,0,3
2026-03-21,P1054,0.084,993.72,0,2
2026-03-22,P1054,0.1206,953.98,0,2
2026-03-23,P1054,0.115,960.07,0,4
2026-03-24,P1054,0.1066,969.13,0,3
2026-03-25,P1054,0.1234,950.96,0,1
2026-03-26,P1054,0.1255,948.66,0,0
2026-03-27,P1054,0.1008,975.46,0,3
2026-03-28,P1054,0.0925,984.42,0,1
2026-03-29,P1054,0.1227,951.73,0,1
2026-03-30,P1054,0.1199,954.74,0,2
2026-03-31,P1054,0.1108,964.56,0,2
2026-04-01,P1054,0.0974,979.16,0,6
2026-04-02,P1054,0.3357,720.63,1,8
2026-04-03,P1054,0.2882,772.16,1,8
2026-04-04,P1054,0.3239,733.39,1,7
2026-04-05,P1054,0.3455,710.01,1,6
2026-04-06,P1054,0.11,965.43,0,9
2026-04-07,P1054,0.1384,934.67,0,4
2026-04-08,P1054,0.1161,958.81,0,4
2026-04-09,P1054,0.129,944.87,0,3
2026-04-10,P1054,0.111,964.36,0,2
2026-04-11,P1054,0.1074,968.3,0,1
2026-04-12,P1054,0.1063,969.43,0,4
2026-04-13,P1054,0.1027,973.42,0,2
2026-04-14,P1054,0.1079,967.72,0,2
2026-04-15,P1054,0.117,957.88,0,1
2026-04-16,P1054,0.1266,947.47,0,3
2026-04-17,P1054,0.1234,950.97,0,2
2026-04-18,P1054,0.1306,943.16,0,5
2026-04-19,P1054,0.1278,946.11,0,5
2026-04-20,P1054,0.1433,929.31,0,3
2026-04-21,P1054,0.126,948.06,0,4
2026-04-22,P1054,0.1254,948.73,0,0
2026-04-23,P1054,0.1241,950.2,0,1
2026-04-24,P1054,0.121,953.51,0,1
2026-04-25,P1054,0.0956,981.1,0,1
2026-04-26,P1054,0.1367,936.51,0,3
2026-04-27,P1054,0.1172,957.63,0,3
2026-04-28,P1054,0.1317,941.91,0,3
2026-04-29,P1054,0.1151,959.94,0,5
2026-04-30,P1054,0.1338,939.63,0,2
2026-05-01,P1054,0.1077,968.0,0,1
2026-05-02,P1054,0.1309,942.79,0,3
2026-05-03,P1054,0.106,969.85,0,3
2026-05-04,P1054,0.0968,979.82,0,1
2026-05-05,P1054,0.0977,978.81,0,2
2026-05-06,P1054,0.116,958.92,0,4
2026-05-07,P1054,0.124,950.23,0,0
2026-05-08,P1054,0.1346,938.83,0,2
2026-05-09,P1054,0.1049,970.97,0,4
2026-05-10,P1054,0.1122,963.09,0,8
2026-05-11,P1054,0.1011,975.13,0,4
2026-05-12,P1054,0.1134,961.76,0,3
2026-05-13,P1054,0.1272,946.8,0,3
2026-05-14,P1054,0.1159,959.03,0,2
2026-05-15,P1054,0.1266,947.49,0,1
2026-05-16,P1054,0.1208,953.75,0,4
2026-05-17,P1054,0.144,928.55,0,3
2026-05-18,P1054,0.1002,976.07,0,1
2026-05-19,P1054,0.1138,961.33,0,3
2026-05-20,P1054,0.1271,946.97,0,1
2026-05-21,P1054,0.1345,938.93,0,2
2026-05-22,P1054,0.1188,955.97,0,4
2026-05-23,P1054,0.139,933.96,0,3
2026-05-24,P1054,0.1222,952.23,0,1
2026-05-25,P1054,0.1224,952.06,0,4
2026-05-26,P1054,0.1046,971.32,0,2
2026-05-27,P1054,0.1158,959.19,0,2
2026-05-28,P1054,0.1074,968.26,0,4
2026-05-29,P1054,0.1296,944.25,0,1
2026-05-30,P1054,0.1246,949.68,0,3
2026-05-31,P1054,0.1474,924.88,0,2
2026-06-01,P1054,0.1097,965.76,0,3
2026-06-02,P1054,0.1068,968.92,0,1
2026-06-03,P1054,0.0963,980.31,0,4
2026-06-04,P1054,0.0953,981.43,0,1
2026-06-05,P1054,0.0916,985.47,0,1
2026-06-06,P1054,0.0998,976.5,0,2
2026-06-07,P1054,0.1096,965.93,0,2
2026-06-08,P1054,0.1177,957.16,0,0
2026-06-09,P1054,0.1224,952.03,0,1
2026-06-10,P1054,0.1099,965.57,0,0
2026-06-11,P1054,0.1207,953.83,0,3
2026-06-12,P1054,0.2647,797.65,1,8
2026-06-13,P1054,0.2789,782.2,1,8
2026-06-14,P1054,0.4628,582.73,1,8
2026-06-15,P1054,0.3993,651.68,1,4
2026-06-16,P1054,0.4197,629.48,1,11
2026-06-17,P1054,0.2731,788.53,1,6
2026-06-18,P1054,0.3062,752.67,1,11
2026-06-19,P1054,0.2746,786.89,1,2
2026-06-20,P1054,0.1016,974.61,0,4
2026-06-21,P1054,0.1129,962.35,0,3
2026-06-22,P1054,0.1093,966.22,0,1
2026-06-23,P1054,0.0975,979.03,0,2
2026-06-24,P1054,0.1026,973.52,0,4
2026-06-25,P1054,0.1252,949.0,0,4
2026-06-26,P1054,0.1111,964.31,0,0
2026-06-27,P1054,0.1017,974.43,0,3
2026-06-28,P1054,0.1168,958.06,0,1
2026-06-29,P1054,0.1425,930.24,0,3
2026-06-30,P1054,0.1011,975.07,0,4
2026-07-01,P1054,0.1056,970.2,0,2
2026-07-02,P1054,0.1376,935.55,0,0
2026-07-03,P1054,0.0968,979.78,0,3
2026-07-04,P1054,0.1409,931.98,0,2
2026-07-05,P1054,0.1083,967.35,0,3
2026-07-06,P1054,0.1387,934.3,0,1
2026-07-07,P1054,0.1363,936.92,0,3
2026-07-08,P1054,0.0764,1001.9,0,2
2026-07-09,P1054,0.1161,958.88,0,4
2026-07-10,P1054,0.078,1000.13,0,3
2026-07-11,P1054,0.1182,956.52,0,1
2026-07-12,P1054,0.1066,969.18,0,1
2026-07-13,P1054,0.1429,929.83,0,0
2026-07-14,P1054,0.1358,937.44,0,1
2026-03-17,P1055,0.1642,1941.72,0,1
2026-03-18,P1055,0.1324,2015.78,0,1
2026-03-19,P1055,0.1396,1999.01,0,1
2026-03-20,P1055,0.1606,1950.24,0,2
2026-03-21,P1055,0.1225,2038.8,0,1
2026-03-22,P1055,0.1464,1983.11,0,2
2026-03-23,P1055,0.135,2009.6,0,1
2026-03-24,P1055,0.3216,1576.19,1,4
2026-03-25,P1055,0.4237,1338.85,1,2
2026-03-26,P1055,0.3887,1420.26,1,2
2026-03-27,P1055,0.3556,1497.24,1,6
2026-03-28,P1055,0.1605,1950.29,0,1
2026-03-29,P1055,0.1359,2007.46,0,1
2026-03-30,P1055,0.1414,1994.69,0,0
2026-03-31,P1055,0.1268,2028.74,0,1
2026-04-01,P1055,0.1479,1979.73,0,2
2026-04-02,P1055,0.1385,2001.55,0,1
2026-04-03,P1055,0.1224,2038.82,0,1
2026-04-04,P1055,0.1502,1974.27,0,4
2026-04-05,P1055,0.1466,1982.67,0,1
2026-04-06,P1055,0.1211,2041.93,0,0
2026-04-07,P1055,0.1344,2011.0,0,0
2026-04-08,P1055,0.1569,1958.83,0,0
2026-04-09,P1055,0.151,1972.52,0,0
2026-04-10,P1055,0.1321,2016.29,0,1
2026-04-11,P1055,0.1415,1994.57,0,0
2026-04-12,P1055,0.1598,1952.03,0,2
2026-04-13,P1055,0.1239,2035.32,0,2
2026-04-14,P1055,0.1625,1945.74,0,0
2026-04-15,P1055,0.1276,2026.85,0,3
2026-04-16,P1055,0.1475,1980.62,0,0
2026-04-17,P1055,0.139,2000.35,0,1
2026-04-18,P1055,0.132,2016.57,0,1
2026-04-19,P1055,0.1339,2012.2,0,6
2026-04-20,P1055,0.1699,1928.51,0,1
2026-04-21,P1055,0.1599,1951.85,0,0
2026-04-22,P1055,0.169,1930.65,0,2
2026-04-23,P1055,0.145,1986.34,0,2
2026-04-24,P1055,0.162,1946.96,0,1
2026-04-25,P1055,0.1533,1967.18,0,1
2026-04-26,P1055,0.153,1967.8,0,1
2026-04-27,P1055,0.1408,1996.16,0,0
2026-04-28,P1055,0.1455,1985.21,0,3
2026-04-29,P1055,0.1482,1979.04,0,3
2026-04-30,P1055,0.1268,2028.69,0,1
2026-05-01,P1055,0.1415,1994.46,0,2
2026-05-02,P1055,0.1342,2011.39,0,1
2026-05-03,P1055,0.1568,1958.9,0,1
2026-05-04,P1055,0.131,2018.85,0,1
2026-05-05,P1055,0.1559,1961.13,0,1
2026-05-06,P1055,0.1417,1994.13,0,0
2026-05-07,P1055,0.1432,1990.54,0,2
2026-05-08,P1055,0.167,1935.28,0,2
2026-05-09,P1055,0.1279,2026.11,0,0
2026-05-10,P1055,0.1535,1966.62,0,2
2026-05-11,P1055,0.1701,1928.21,0,5
2026-05-12,P1055,0.1663,1936.82,0,0
2026-05-13,P1055,0.157,1958.48,0,3
2026-05-14,P1055,0.1058,2077.54,0,1
2026-05-15,P1055,0.1408,1996.27,0,0
2026-05-16,P1055,0.1763,1913.73,0,1
2026-05-17,P1055,0.165,1939.98,0,1
2026-05-18,P1055,0.1537,1966.09,0,2
2026-05-19,P1055,0.1537,1966.11,0,3
2026-05-20,P1055,0.1312,2018.41,0,0
2026-05-21,P1055,0.1571,1958.23,0,0
2026-05-22,P1055,0.1298,2021.67,0,2
2026-05-23,P1055,0.1099,2067.93,0,0
2026-05-24,P1055,0.1444,1987.7,0,2
2026-05-25,P1055,0.1488,1977.62,0,1
2026-05-26,P1055,0.1513,1971.74,0,3
2026-05-27,P1055,0.138,2002.76,0,0
2026-05-28,P1055,0.1404,1997.0,0,0
2026-05-29,P1055,0.1444,1987.91,0,1
2026-05-30,P1055,0.1381,2002.55,0,3
2026-05-31,P1055,0.1307,2019.61,0,2
2026-06-01,P1055,0.138,2002.57,0,0
2026-06-02,P1055,0.1383,2001.96,0,2
2026-06-03,P1055,0.1262,2030.15,0,1
2026-06-04,P1055,0.1512,1972.04,0,2
2026-06-05,P1055,0.113,2060.8,0,1
2026-06-06,P1055,0.1403,1997.3,0,1
2026-06-07,P1055,0.1499,1975.05,0,1
2026-06-08,P1055,0.1421,1993.12,0,1
2026-06-09,P1055,0.1447,1987.12,0,1
2026-06-10,P1055,0.1425,1992.2,0,2
2026-06-11,P1055,0.12,2044.48,0,3
2026-06-12,P1055,0.1505,1973.53,0,1
2026-06-13,P1055,0.1445,1987.57,0,2
2026-06-14,P1055,0.1406,1996.69,0,1
2026-06-15,P1055,0.1613,1948.48,0,0
2026-06-16,P1055,0.1632,1944.14,0,1
2026-06-17,P1055,0.1346,2010.52,0,3
2026-06-18,P1055,0.1467,1982.47,0,0
2026-06-19,P1055,0.1461,1983.85,0,3
2026-06-20,P1055,0.1426,1991.93,0,1
2026-06-21,P1055,0.1548,1963.66,0,2
2026-06-22,P1055,0.1416,1994.38,0,0
2026-06-23,P1055,0.1817,1901.15,0,2
2026-06-24,P1055,0.1327,2014.91,0,2
2026-06-25,P1055,0.1507,1973.23,0,0
2026-06-26,P1055,0.1319,2016.78,0,0
2026-06-27,P1055,0.1413,1995.08,0,0
2026-06-28,P1055,0.1411,1995.56,0,1
2026-06-29,P1055,0.1207,2042.85,0,2
2026-06-30,P1055,0.1118,2063.61,0,1
2026-07-01,P1055,0.1132,2060.37,0,2
2026-07-02,P1055,0.1446,1987.41,0,1
2026-07-03,P1055,0.1193,2046.04,0,2
2026-07-04,P1055,0.1333,2013.63,0,0
2026-07-05,P1055,0.125,2032.93,0,1
2026-07-06,P1055,0.1353,2009.03,0,2
2026-07-07,P1055,0.1366,2005.84,0,3
2026-07-08,P1055,0.1708,1926.37,0,3
2026-07-09,P1055,0.1445,1987.56,0,3
2026-07-10,P1055,0.1364,2006.4,0,1
2026-07-11,P1055,0.1602,1951.06,0,0
2026-07-12,P1055,0.139,2000.35,0,2
2026-07-13,P1055,0.1617,1947.68,0,0
2026-07-14,P1055,0.1342,2011.59,0,5
