data/DailyScrapeLog.csv
ScrapingDate,ProductID,DiscountPercentage,SellingPrice,IsPromotional,UnitsSold
2026-03-17,P1056,0.0357,4612.43,0,0
2026-03-18,P1056,0.0659,4467.98,0,1
2026-03-19,P1056,0.0318,4631.25,0,2
2026-03-20,P1056,0.0354,4613.8,0,0
2026-03-21,P1056,0.0672,4461.81,0,1
2026-03-22,P1056,0.0802,4399.52,0,0
2026-03-23,P1056,0.0574,4508.89,0,0
2026-03-24,P1056,0.0737,4430.73,0,2
2026-03-25,P1056,0.0333,4623.88,0,1
2026-03-26,P1056,0.0634,4480.14,0,1
2026-03-27,P1056,0.0556,4517.16,0,4
2026-03-28,P1056,0.0663,4466.23,0,0
2026-03-29,P1056,0.0688,4454.11,0,1
2026-03-30,P1056,0.0948,4329.83,0,0
2026-03-31,P1056,0.0393,4595.4,0,0
2026-04-01,P1056,0.0408,4588.2,0,0
2026-04-02,P1056,0.0632,4480.85,0,1
2026-04-03,P1056,0.0615,4489.14,0,1
2026-04-04,P1056,0.0454,4566.28,0,0
2026-04-05,P1056,0.0503,4542.64,0,0
2026-04-06,P1056,0.0597,4497.94,0,1
2026-04-07,P1056,0.0544,4522.92,0,0
2026-04-08,P1056,0.0691,4452.72,0,1
2026-04-09,P1056,0.0793,4403.85,0,0
2026-04-10,P1056,0.0321,4629.74,0,0
2026-04-11,P1056,0.0548,4521.05,0,1
2026-04-12,P1056,0.0412,4586.49,0,0
2026-04-13,P1056,0.0703,4447.07,0,0
2026-04-14,P1056,0.0434,4575.99,0,1
2026-04-15,P1056,0.0526,4531.63,0,1
2026-04-16,P1056,0.0712,4442.92,0,3
2026-04-17,P1056,0.0754,4422.82,0,0
2026-04-18,P1056,0.0677,4459.62,0,1
2026-04-19,P1056,0.0526,4531.68,0,0
2026-04-20,P1056,0.0646,4474.33,0,1
2026-04-21,P1056,0.0641,4476.55,0,1
2026-04-22,P1056,0.0456,4565.42,0,2
2026-04-23,P1056,0.0709,4444.4,0,1
2026-04-24,P1056,0.0771,4414.46,0,0
2026-04-25,P1056,0.0604,4494.63,0,0
2026-04-26,P1056,0.049,4549.12,0,1
2026-04-27,P1056,0.062,4486.82,0,0
2026-04-28,P1056,0.0809,4396.26,0,0
2026-04-29,P1056,0.0456,4565.42,0,2
2026-04-30,P1056,0.0773,4413.41,0,2
2026-05-01,P1056,0.0787,4406.95,0,1
2026-05-02,P1056,0.0539,4525.6,0,1
2026-05-03,P1056,0.0421,4581.98,0,2
2026-05-04,P1056,0.0545,4522.75,0,1
2026-05-05,P1056,0.0513,4537.73,0,1
2026-05-06,P1056,0.0878,4363.18,0,0
2026-05-07,P1056,0.0632,4481.11,0,1
2026-05-08,P1056,0.0629,4482.44,0,0
2026-05-09,P1056,0.0368,4607.36,0,1
2026-05-10,P1056,0.0771,4414.53,0,2
2026-05-11,P1056,0.0656,4469.73,0,1
2026-05-12,P1056,0.048,4553.79,0,1
2026-05-13,P1056,0.0269,4654.47,0,2
2026-05-14,P1056,0.068,4458.04,0,0
2026-05-15,P1056,0.0629,4482.62,0,1
2026-05-16,P1056,0.0696,4450.55,0,1
2026-05-17,P1056,0.039,4596.87,0,0
2026-05-18,P1056,0.0378,4602.35,0,1
2026-05-19,P1056,0.2919,3387.14,1,2
2026-05-20,P1056,0.2243,3710.34,1,3
2026-05-21,P1056,0.2418,3626.64,1,3
2026-05-22,P1056,0.2417,3626.99,1,1
2026-05-23,P1056,0.0591,4500.86,0,1
2026-05-24,P1056,0.0457,4564.56,0,2
2026-05-25,P1056,0.056,4515.5,0,0
2026-05-26,P1056,0.0458,4564.18,0,1
2026-05-27,P1056,0.0616,4488.49,0,1
2026-05-28,P1056,0.0566,4512.67,0,0
2026-05-29,P1056,0.0386,4598.81,0,0
2026-05-30,P1056,0.0342,4619.75,0,1
2026-05-31,P1056,0.0441,4572.33,0,3
2026-06-01,P1056,0.0614,4489.83,0,0
2026-06-02,P1056,0.0386,4598.88,0,1
2026-06-03,P1056,0.0517,4536.27,0,2
2026-06-04,P1056,0.0729,4434.52,0,2
2026-06-05,P1056,0.061,4491.56,0,0
2026-06-06,P1056,0.2243,3710.34,1,1
2026-06-07,P1056,0.2669,3506.72,1,2
2026-06-08,P1056,0.3296,3206.81,1,2
2026-06-09,P1056,0.3429,3143.35,1,1
2026-06-10,P1056,0.2236,3713.84,1,0
2026-06-11,P1056,0.3058,3320.57,1,0
2026-06-12,P1056,0.0319,4630.58,0,0
2026-06-13,P1056,0.0922,4342.11,0,2
2026-06-14,P1056,0.0486,4550.74,0,0
2026-06-15,P1056,0.074,4429.22,0,1
2026-06-16,P1056,0.0355,4613.41,0,1
2026-06-17,P1056,0.0676,4460.15,0,1
2026-06-18,P1056,0.049,4548.83,0,0
2026-06-19,P1056,0.0622,4485.6,0,1
2026-06-20,P1056,0.0705,4446.02,0,2
2026-06-21,P1056,0.0757,4421.24,0,0
2026-06-22,P1056,0.0765,4417.19,0,1
2026-06-23,P1056,0.0526,4531.7,0,0
2026-06-24,P1056,0.0456,4565.3,0,1
2026-06-25,P1056,0.0472,4557.45,0,0
2026-06-26,P1056,0.0731,4433.49,0,1
2026-06-27,P1056,0.0709,4444.1,0,2
2026-06-28,P1056,0.0719,4439.32,0,0
2026-06-29,P1056,0.0593,4499.94,0,0
2026-06-30,P1056,0.0455,4565.93,0,1
2026-07-01,P1056,0.0764,4418.08,0,2
2026-07-02,P1056,0.0602,4495.55,0,1
2026-07-03,P1056,0.0567,4512.19,0,0
2026-07-04,P1056,0.0667,4464.52,0,2
2026-07-05,P1056,0.0523,4533.26,0,1
2026-07-06,P1056,0.0798,4401.8,0,1
2026-07-07,P1056,0.0335,4623.13,0,0
2026-07-08,P1056,0.0513,4537.76,0,2
2026-07-09,P1056,0.064,4477.12,0,0
2026-07-10,P1056,0.0292,4643.6,0,2
2026-07-11,P1056,0.0571,4510.03,0,0
2026-07-12,P1056,0.0448,4569.17,0,3
2026-07-13,P1056,0.0588,4502.05,0,1
2026-07-14,P1056,0.0405,4589.83,0,0
2026-03-17,P1057,0.1278,1211.57,0,3
2026-03-18,P1057,0.122,1219.62,0,3
2026-03-19,P1057,0.1303,1208.11,0,2
2026-03-20,P1057,0.1463,1185.84,0,3
2026-03-21,P1057,0.1102,1236.08,0,3
2026-03-22,P1057,0.1464,1185.8,0,3
2026-03-23,P1057,0.1249,1215.62,0,1
2026-03-24,P1057,0.1251,1215.31,0,3
2026-03-25,P1057,0.1081,1239.01,0,2
2026-03-26,P1057,0.1473,1184.48,0,1
2026-03-27,P1057,0.1184,1224.58,0,2
2026-03-28,P1057,0.1401,1194.5,0,1
2026-03-29,P1057,0.1187,1224.22,0,5
2026-03-30,P1057,0.1163,1227.51,0,1
2026-03-31,P1057,0.141,1193.24,0,2
2026-04-01,P1057,0.1412,1192.98,0,4
2026-04-02,P1057,0.1217,1220.04,0,5
2026-04-03,P1057,0.1179,1225.3,0,1
2026-04-04,P1057,0.1201,1222.23,0,3
2026-04-05,P1057,0.1051,1243.06,0,2
2026-04-06,P1057,0.1306,1207.71,0,1
2026-04-07,P1057,0.1235,1217.56,0,2
2026-04-08,P1057,0.3854,853.81,1,3
2026-04-09,P1057,0.4206,804.91,1,5
2026-04-10,P1057,0.382,858.52,1,5
2026-04-11,P1057,0.3214,942.64,1,7
2026-04-12,P1057,0.4041,827.79,1,7
2026-04-13,P1057,0.3768,865.73,1,6
2026-04-14,P1057,0.0959,1255.87,0,1
2026-04-15,P1057,0.1463,1185.95,0,1
2026-04-16,P1057,0.1291,1209.79,0,2
2026-04-17,P1057,0.1268,1213.01,0,0
2026-04-18,P1057,0.1142,1230.45,0,4
2026-04-19,P1057,0.1242,1216.63,0,2
2026-04-20,P1057,0.1262,1213.87,0,1
2026-04-21,P1057,0.1509,1179.47,0,0
2026-04-22,P1057,0.3288,932.33,1,3
2026-04-23,P1057,0.3441,911.14,1,10
2026-04-24,P1057,0.347,907.04,1,8
2026-04-25,P1057,0.3866,852.11,1,5
2026-04-26,P1057,0.2496,1042.42,1,11
2026-04-27,P1057,0.2556,1034.11,1,1
2026-04-28,P1057,0.4359,783.6,1,1
2026-04-29,P1057,0.1309,1207.31,0,1
2026-04-30,P1057,0.1227,1218.6,0,2
2026-05-01,P1057,0.1179,1225.34,0,4
2026-05-02,P1057,0.123,1218.28,0,0
2026-05-03,P1057,0.1191,1223.67,0,4
2026-05-04,P1057,0.1515,1178.69,0,4
2026-05-05,P1057,0.1221,1219.47,0,2
2026-05-06,P1057,0.1175,1225.94,0,1
2026-05-07,P1057,0.1204,1221.81,0,4
2026-05-08,P1057,0.134,1202.97,0,0
2026-05-09,P1057,0.1179,1225.36,0,3
2026-05-10,P1057,0.1193,1223.36,0,3
2026-05-11,P1057,0.1493,1181.71,0,4
2026-05-12,P1057,0.1295,1209.21,0,4
2026-05-13,P1057,0.1066,1240.98,0,2
2026-05-14,P1057,0.1353,1201.22,0,4
2026-05-15,P1057,0.1499,1180.84,0,3
2026-05-16,P1057,0.1197,1222.89,0,4
2026-05-17,P1057,0.1364,1199.6,0,3
2026-05-18,P1057,0.1204,1221.85,0,4
2026-05-19,P1057,0.1411,1193.17,0,6
2026-05-20,P1057,0.1179,1225.39,0,2
2026-05-21,P1057,0.1056,1242.43,0,1
2026-05-22,P1057,0.1387,1196.47,0,1
2026-05-23,P1057,0.1197,1222.86,0,2
2026-05-24,P1057,0.1458,1186.64,0,1
2026-05-25,P1057,0.1153,1229.02,0,1
2026-05-26,P1057,0.1331,1204.24,0,7
2026-05-27,P1057,0.136,1200.17,0,2
2026-05-28,P1057,0.1332,1204.04,0,3
2026-05-29,P1057,0.1296,1209.14,0,3
2026-05-30,P1057,0.1327,1204.84,0,3
2026-05-31,P1057,0.1223,1219.21,0,6
2026-06-01,P1057,0.123,1218.2,0,1
2026-06-02,P1057,0.1402,1194.32,0,0
2026-06-03,P1057,0.1343,1202.53,0,2
2026-06-04,P1057,0.1301,1208.36,0,2
2026-06-05,P1057,0.1349,1201.76,0,3
2026-06-06,P1057,0.1382,1197.17,0,1
2026-06-07,P1057,0.1106,1235.46,0,1
2026-06-08,P1057,0.1427,1190.94,0,2
2026-06-09,P1057,0.1204,1221.93,0,1
2026-06-10,P1057,0.1097,1236.77,0,1
2026-06-11,P1057,0.1494,1181.6,0,2
2026-06-12,P1057,0.1512,1179.01,0,2
2026-06-13,P1057,0.1296,1209.07,0,3
2026-06-14,P1057,0.1258,1214.31,0,2
2026-06-15,P1057,0.1503,1180.3,0,5
2026-06-16,P1057,0.1232,1217.91,0,2
2026-06-17,P1057,0.1147,1229.83,0,1
2026-06-18,P1057,0.1407,1193.7,0,1
2026-06-19,P1057,0.1226,1218.82,0,2
2026-06-20,P1057,0.137,1198.85,0,2
2026-06-21,P1057,0.1357,1200.56,0,1
2026-06-22,P1057,0.1493,1181.67,0,3
2026-06-23,P1057,0.134,1202.99,0,1
2026-06-24,P1057,0.1524,1177.47,0,2
2026-06-25,P1057,0.1109,1235.06,0,4
2026-06-26,P1057,0.1199,1222.5,0,3
2026-06-27,P1057,0.1128,1232.4,0,4
2026-06-28,P1057,0.1323,1205.28,0,4
2026-06-29,P1057,0.1262,1213.75,0,1
2026-06-30,P1057,0.1148,1229.64,0,4
2026-07-01,P1057,0.1119,1233.6,0,5
2026-07-02,P1057,0.1339,1203.17,0,2
2026-07-03,P1057,0.1256,1214.63,0,1
2026-07-04,P1057,0.1337,1203.45,0,4
2026-07-05,P1057,0.1235,1217.5,0,4
2026-07-06,P1057,0.1041,1244.55,0,2
2026-07-07,P1057,0.1601,1166.68,0,2
2026-07-08,P1057,0.1176,1225.75,0,0
2026-07-09,P1057,0.1464,1185.68,0,2
2026-07-10,P1057,0.1374,1198.21,0,4
2026-07-11,P1057,0.1569,1171.15,0,1
2026-07-12,P1057,0.1147,1229.78,0,1
2026-07-13,P1057,0.114,1230.78,0,1
2026-07-14,P1057,0.1036,1245.24,0,2
2026-03-17,P1058,0.0476,620.91,0,7
2026-03-18,P1058,0.0512,618.6,0,3
2026-03-19,P1058,0.0644,609.97,0,3
2026-03-20,P1058,0.0693,606.78,0,2
2026-03-21,P1058,0.0862,595.72,0,2
2026-03-22,P1058,0.0946,590.26,0,2
2026-03-23,P1058,0.0676,607.87,0,3
2026-03-24,P1058,0.075,603.02,0,1
2026-03-25,P1058,0.0504,619.07,0,3
2026-03-26,P1058,0.0512,618.55,0,3
2026-03-27,P1058,0.0831,597.8,0,3
2026-03-28,P1058,0.0595,613.14,0,1
2026-03-29,P1058,0.0731,604.26,0,3
2026-03-30,P1058,0.0402,625.73,0,3
2026-03-31,P1058,0.0514,618.46,0,4
2026-04-01,P1058,0.1119,579.0,0,3
2026-04-02,P1058,0.052,618.06,0,4
2026-04-03,P1058,0.0814,598.89,0,6
2026-04-04,P1058,0.055,616.07,0,4
2026-04-05,P1058,0.08,599.82,0,2
2026-04-06,P1058,0.0574,614.5,0,5
2026-04-07,P1058,0.0691,606.93,0,6
2026-04-08,P1058,0.0837,597.41,0,4
2026-04-09,P1058,0.0818,598.63,0,3
2026-04-10,P1058,0.0542,616.62,0,2
2026-04-11,P1058,0.062,611.5,0,7
2026-04-12,P1058,0.0262,634.86,0,3
2026-04-13,P1058,0.0433,623.69,0,2
2026-04-14,P1058,0.0431,623.88,0,3
2026-04-15,P1058,0.2727,474.15,1,10
2026-04-16,P1058,0.1019,585.5,1,10
2026-04-17,P1058,0.1942,525.37,1,12
2026-04-18,P1058,0.2587,483.3,1,7
2026-04-19,P1058,0.1509,553.59,1,8
2026-04-20,P1058,0.2457,491.75,1,13
2026-04-21,P1058,0.2633,480.27,1,9
2026-04-22,P1058,0.3014,455.46,1,9
2026-04-23,P1058,0.3845,401.27,1,4
2026-04-24,P1058,0.1838,532.1,1,9
2026-04-25,P1058,0.3677,412.24,1,13
2026-04-26,P1058,0.248,490.27,1,9
2026-04-27,P1058,0.2846,466.43,1,7
2026-04-28,P1058,0.0662,608.78,0,4
2026-04-29,P1058,0.0545,616.44,0,3
2026-04-30,P1058,0.0774,601.51,0,6
2026-05-01,P1058,0.0614,611.91,0,4
2026-05-02,P1058,0.0521,618.01,0,9
2026-05-03,P1058,0.0726,604.64,0,3
2026-05-04,P1058,0.0814,598.89,0,2
2026-05-05,P1058,0.0702,606.15,0,2
2026-05-06,P1058,0.0384,626.88,0,2
2026-05-07,P1058,0.0483,620.44,0,4
2026-05-08,P1058,0.0853,596.34,0,6
2026-05-09,P1058,0.0574,614.52,0,2
2026-05-10,P1058,0.0449,622.65,0,4
2026-05-11,P1058,0.0642,610.09,0,1
2026-05-12,P1058,0.0655,609.27,0,3
2026-05-13,P1058,0.049,620.02,0,6
2026-05-14,P1058,0.0379,627.27,0,2
2026-05-15,P1058,0.0725,604.68,0,4
2026-05-16,P1058,0.055,616.07,0,4
2026-05-17,P1058,0.0683,607.39,0,3
2026-05-18,P1058,0.0697,606.51,0,6
2026-05-19,P1058,0.0702,606.16,0,1
2026-05-20,P1058,0.0473,621.12,0,5
2026-05-21,P1058,0.0893,593.73,0,4
2026-05-22,P1058,0.0645,609.92,0,5
2026-05-23,P1058,0.0436,623.51,0,6
2026-05-24,P1058,0.0614,611.93,0,0
2026-05-25,P1058,0.0778,601.23,0,5
2026-05-26,P1058,0.0592,613.36,0,8
2026-05-27,P1058,0.0552,615.94,0,3
2026-05-28,P1058,0.0784,600.84,0,2
2026-05-29,P1058,0.0819,598.58,0,6
2026-05-30,P1058,0.0626,611.13,0,5
2026-05-31,P1058,0.0479,620.73,0,6
2026-06-01,P1058,0.1069,582.26,0,7
2026-06-02,P1058,0.0322,630.96,0,3
2026-06-03,P1058,0.0624,611.25,0,4
2026-06-04,P1058,0.0774,601.49,0,5
2026-06-05,P1058,0.1012,586.0,0,3
2026-06-06,P1058,0.0376,627.45,0,3
2026-06-07,P1058,0.046,621.95,0,3
2026-06-08,P1058,0.0678,607.77,0,2
2026-06-09,P1058,0.1006,586.34,0,1
2026-06-10,P1058,0.0505,619.05,0,3
2026-06-11,P1058,0.0795,600.12,0,3
2026-06-12,P1058,0.055,616.06,0,1
2026-06-13,P1058,0.0949,590.09,0,4
2026-06-14,P1058,0.049,620.0,0,3
2026-06-15,P1058,0.0668,608.4,0,3
2026-06-16,P1058,0.0997,586.92,0,1
2026-06-17,P1058,0.0711,605.58,0,3
2026-06-18,P1058,0.0788,600.57,0,3
2026-06-19,P1058,0.0476,620.89,0,8
2026-06-20,P1058,0.0663,608.7,0,3
2026-06-21,P1058,0.0955,589.68,0,4
2026-06-22,P1058,0.0784,600.81,0,4
2026-06-23,P1058,0.037,627.82,0,3
2026-06-24,P1058,0.0763,602.21,0,3
2026-06-25,P1058,0.05,619.37,0,3
2026-06-26,P1058,0.0799,599.83,0,5
2026-06-27,P1058,0.052,618.06,0,1
2026-06-28,P1058,0.0638,610.35,0,5
2026-06-29,P1058,0.0763,602.2,0,4
2026-06-30,P1058,0.061,612.17,0,9
2026-07-01,P1058,0.0753,602.83,0,5
2026-07-02,P1058,0.0769,601.81,0,3
2026-07-03,P1058,0.0786,600.7,0,5
2026-07-04,P1058,0.0772,601.62,0,2
2026-07-05,P1058,0.0669,608.32,0,3
2026-07-06,P1058,0.066,608.92,0,3
2026-07-07,P1058,0.0912,592.47,0,6
2026-07-08,P1058,0.0703,606.13,0,4
2026-07-09,P1058,0.0419,624.67,0,2
2026-07-10,P1058,0.0836,597.43,0,2
2026-07-11,P1058,0.0453,622.39,0,5
2026-07-12,P1058,0.0721,604.95,0,2
2026-07-13,P1058,0.0369,627.92,0,4
2026-07-14,P1058,0.0508,618.85,0,4
2026-03-17,P1059,0.1016,1898.21,0,1
2026-03-18,P1059,0.0764,1951.31,0,3
2026-03-19,P1059,0.09,1922.59,0,0
2026-03-20,P1059,0.1042,1892.67,0,1
2026-03-21,P1059,0.1038,1893.48,0,3
2026-03-22,P1059,0.0902,1922.33,0,0
2026-03-23,P1059,0.0664,1972.61,0,1
2026-03-24,P1059,0.0975,1906.87,0,4
2026-03-25,P1059,0.082,1939.61,0,2
2026-03-26,P1059,0.1054,1890.07,0,2
2026-03-27,P1059,0.1179,1863.65,0,4
2026-03-28,P1059,0.081,1941.71,0,1
2026-03-29,P1059,0.0615,1982.79,0,2
2026-03-30,P1059,0.098,1905.7,0,2
2026-03-31,P1059,0.1358,1825.99,0,0
2026-04-01,P1059,0.0772,1949.68,0,3
2026-04-02,P1059,0.103,1895.16,0,2
2026-04-03,P1059,0.102,1897.37,0,2
2026-04-04,P1059,0.0844,1934.49,0,0
2026-04-05,P1059,0.0724,1959.77,0,1
2026-04-06,P1059,0.093,1916.41,0,1
2026-04-07,P1059,0.0874,1928.19,0,3
2026-04-08,P1059,0.0525,2001.88,0,2
2026-04-09,P1059,0.094,1914.24,0,3
2026-04-10,P1059,0.0966,1908.72,0,1
2026-04-11,P1059,0.1018,1897.73,0,3
2026-04-12,P1059,0.0939,1914.52,0,3
2026-04-13,P1059,0.0842,1935.0,0,2
2026-04-14,P1059,0.0693,1966.3,0,4
2026-04-15,P1059,0.095,1912.03,0,2
2026-04-16,P1059,0.0677,1969.7,0,5
2026-04-17,P1059,0.0963,1909.3,0,1
2026-04-18,P1059,0.0706,1963.71,0,2
2026-04-19,P1059,0.0736,1957.32,0,0
2026-04-20,P1059,0.0786,1946.8,0,1
2026-04-21,P1059,0.1045,1892.08,0,0
2026-04-22,P1059,0.1122,1875.71,0,5
2026-04-23,P1059,0.1047,1891.53,0,2
2026-04-24,P1059,0.108,1884.66,0,3
2026-04-25,P1059,0.0717,1961.42,0,0
2026-04-26,P1059,0.1084,1883.8,0,4
2026-04-27,P1059,0.0905,1921.59,0,0
2026-04-28,P1059,0.081,1941.66,0,0
2026-04-29,P1059,0.1043,1892.39,0,3
2026-04-30,P1059,0.192,1707.12,1,1
2026-05-01,P1059,0.3501,1373.19,1,1
2026-05-02,P1059,0.3245,1427.26,1,4
2026-05-03,P1059,0.3096,1458.69,1,3
2026-05-04,P1059,0.3277,1420.4,1,4
2026-05-05,P1059,0.283,1514.79,1,6
2026-05-06,P1059,0.0616,1982.63,0,2
2026-05-07,P1059,0.0875,1928.0,0,0
2026-05-08,P1059,0.0993,1903.07,0,2
2026-05-09,P1059,0.1292,1839.74,0,1
2026-05-10,P1059,0.0944,1913.34,0,4
2026-05-11,P1059,0.1005,1900.43,0,1
2026-05-12,P1059,0.083,1937.43,0,2
2026-05-13,P1059,0.0871,1928.84,0,4
2026-05-14,P1059,0.0848,1933.7,0,2
2026-05-15,P1059,0.0914,1919.76,0,2
2026-05-16,P1059,0.08,1943.78,0,3
2026-05-17,P1059,0.0841,1935.15,0,2
2026-05-18,P1059,0.0531,2000.59,0,0
2026-05-19,P1059,0.0871,1928.73,0,1
2026-05-20,P1059,0.0975,1906.79,0,1
2026-05-21,P1059,0.0913,1920.02,0,3
2026-05-22,P1059,0.0914,1919.61,0,3
2026-05-23,P1059,0.067,1971.32,0,3
2026-05-24,P1059,0.1052,1890.46,0,1
2026-05-25,P1059,0.1141,1871.78,0,2
2026-05-26,P1059,0.0733,1957.86,0,1
2026-05-27,P1059,0.1114,1877.5,0,3
2026-05-28,P1059,0.0966,1908.73,0,2
2026-05-29,P1059,0.0942,1913.78,0,1
2026-05-30,P1059,0.086,1931.03,0,1
2026-05-31,P1059,0.0774,1949.19,0,3
2026-06-01,P1059,0.0965,1908.95,0,2
2026-06-02,P1059,0.0877,1927.5,0,0
2026-06-03,P1059,0.0908,1921.06,0,0
2026-06-04,P1059,0.111,1878.29,0,4
2026-06-05,P1059,0.1038,1893.6,0,3
2026-06-06,P1059,0.0736,1957.33,0,0
2026-06-07,P1059,0.1046,1891.89,0,5
2026-06-08,P1059,0.0793,1945.34,0,1
2026-06-09,P1059,0.0849,1933.44,0,0
2026-06-10,P1059,0.1006,1900.35,0,1
2026-06-11,P1059,0.0887,1925.42,0,2
2026-06-12,P1059,0.0959,1910.16,0,2
2026-06-13,P1059,0.0908,1921.05,0,2
2026-06-14,P1059,0.0854,1932.46,0,6
2026-06-15,P1059,0.0963,1909.29,0,4
2026-06-16,P1059,0.0822,1939.15,0,0
2026-06-17,P1059,0.0931,1916.12,0,1
2026-06-18,P1059,0.0674,1970.5,0,0
2026-06-19,P1059,0.0947,1912.71,0,5
2026-06-20,P1059,0.1105,1879.36,0,4
2026-06-21,P1059,0.0768,1950.65,0,2
2026-06-22,P1059,0.0657,1974.04,0,1
2026-06-23,P1059,0.088,1926.8,0,2
2026-06-24,P1059,0.0944,1913.36,0,1
2026-06-25,P1059,0.1016,1898.17,0,5
2026-06-26,P1059,0.0733,1958.02,0,3
2026-06-27,P1059,0.0872,1928.5,0,3
2026-06-28,P1059,0.1048,1891.4,0,0
2026-06-29,P1059,0.0761,1952.09,0,2
2026-06-30,P1059,0.0786,1946.65,0,1
2026-07-01,P1059,0.1062,1888.35,0,0
2026-07-02,P1059,0.0879,1927.18,0,1
2026-07-03,P1059,0.089,1924.77,0,1
2026-07-04,P1059,0.1038,1893.45,0,4
2026-07-05,P1059,0.1003,1900.88,0,1
2026-07-06,P1059,0.0815,1940.69,0,3
2026-07-07,P1059,0.0947,1912.72,0,2
2026-07-08,P1059,0.1169,1865.76,0,1
2026-07-09,P1059,0.0808,1942.14,0,0
2026-07-10,P1059,0.0924,1917.55,0,2
2026-07-11,P1059,0.0928,1916.78,0,2
2026-07-12,P1059,0.0518,2003.28,0,2
2026-07-13,P1059,0.092,1918.46,0,1
2026-07-14,P1059,0.1139,1872.09,0,1
