data/DailyScrapeLog.csv
ScrapingDate,ProductID,DiscountPercentage,SellingPrice,IsPromotional,UnitsSold
2026-03-17,P1060,0.0902,2915.16,0,3
2026-03-18,P1060,0.0758,2961.21,0,1
2026-03-19,P1060,0.104,2870.88,0,0
2026-03-20,P1060,0.0851,2931.34,0,1
2026-03-21,P1060,0.0962,2895.74,0,4
2026-03-22,P1060,0.0556,3026.11,0,1
2026-03-23,P1060,0.0899,2916.12,0,2
2026-03-24,P1060,0.0973,2892.48,0,1
2026-03-25,P1060,0.0849,2932.14,0,1
2026-03-26,P1060,0.0871,2925.07,0,3
2026-03-27,P1060,0.0847,2932.61,0,4
2026-03-28,P1060,0.0822,2940.76,0,0
2026-03-29,P1060,0.0684,2984.81,0,1
2026-03-30,P1060,0.0922,2908.85,0,0
2026-03-31,P1060,0.0903,2914.84,0,2
2026-04-01,P1060,0.0932,2905.51,0,0
2026-04-02,P1060,0.0862,2927.83,0,2
2026-04-03,P1060,0.092,2909.37,0,5
2026-04-04,P1060,0.3912,1950.77,1,3
2026-04-05,P1060,0.3036,2231.4,1,2
2026-04-06,P1060,0.4156,1872.45,1,0
2026-04-07,P1060,0.2734,2328.21,1,4
2026-04-08,P1060,0.3209,2175.89,1,3
2026-04-09,P1060,0.3037,2231.18,1,6
2026-04-10,P1060,0.0753,2962.76,0,0
2026-04-11,P1060,0.086,2928.56,0,4
2026-04-12,P1060,0.0742,2966.41,0,0
2026-04-13,P1060,0.0829,2938.58,0,2
2026-04-14,P1060,0.0926,2907.51,0,0
2026-04-15,P1060,0.066,2992.58,0,1
2026-04-16,P1060,0.0971,2892.9,0,1
2026-04-17,P1060,0.0811,2944.43,0,0
2026-04-18,P1060,0.0925,2907.83,0,1
2026-04-19,P1060,0.084,2935.01,0,0
2026-04-20,P1060,0.0964,2895.23,0,1
2026-04-21,P1060,0.0695,2981.6,0,0
2026-04-22,P1060,0.0801,2947.42,0,3
2026-04-23,P1060,0.0789,2951.37,0,0
2026-04-24,P1060,0.0759,2960.83,0,1
2026-04-25,P1060,0.0807,2945.4,0,0
2026-04-26,P1060,0.0682,2985.7,0,2
2026-04-27,P1060,0.0838,2935.75,0,2
2026-04-28,P1060,0.0749,2964.11,0,4
2026-04-29,P1060,0.0854,2930.55,0,1
2026-04-30,P1060,0.0804,2946.67,0,0
2026-05-01,P1060,0.1084,2856.67,0,0
2026-05-02,P1060,0.081,2944.51,0,0
2026-05-03,P1060,0.0944,2901.8,0,2
2026-05-04,P1060,0.0792,2950.22,0,1
2026-05-05,P1060,0.1319,2781.35,0,0
2026-05-06,P1060,0.0833,2937.38,0,4
2026-05-07,P1060,0.0718,2974.04,0,1
2026-05-08,P1060,0.0693,2982.08,0,2
2026-05-09,P1060,0.108,2858.18,0,1
2026-05-10,P1060,0.1105,2850.09,0,1
2026-05-11,P1060,0.1082,2857.45,0,1
2026-05-12,P1060,0.1047,2868.6,0,0
2026-05-13,P1060,0.0997,2884.77,0,0
2026-05-14,P1060,0.0912,2911.77,0,1
2026-05-15,P1060,0.0832,2937.4,0,2
2026-05-16,P1060,0.0864,2927.18,0,1
2026-05-17,P1060,0.0751,2963.51,0,1
2026-05-18,P1060,0.1146,2837.03,0,3
2026-05-19,P1060,0.0671,2989.15,0,2
2026-05-20,P1060,0.1029,2874.35,0,1
2026-05-21,P1060,0.0954,2898.33,0,1
2026-05-22,P1060,0.09,2915.66,0,0
2026-05-23,P1060,0.0962,2895.81,0,0
2026-05-24,P1060,0.0981,2889.85,0,1
2026-05-25,P1060,0.0955,2898.28,0,1
2026-05-26,P1060,0.08,2947.88,0,1
2026-05-27,P1060,0.2826,2298.5,1,4
2026-05-28,P1060,0.415,1874.31,1,2
2026-05-29,P1060,0.2621,2364.46,1,5
2026-05-30,P1060,0.3036,2231.47,1,5
2026-05-31,P1060,0.076,2960.71,0,1
2026-06-01,P1060,0.0534,3033.13,0,2
2026-06-02,P1060,0.0794,2949.83,0,0
2026-06-03,P1060,0.0984,2888.81,0,0
2026-06-04,P1060,0.1032,2873.35,0,0
2026-06-05,P1060,0.085,2931.63,0,1
2026-06-06,P1060,0.0595,3013.48,0,0
2026-06-07,P1060,0.0987,2887.78,0,1
2026-06-08,P1060,0.1147,2836.5,0,0
2026-06-09,P1060,0.0881,2921.95,0,1
2026-06-10,P1060,0.0845,2933.48,0,0
2026-06-11,P1060,0.0824,2939.99,0,2
2026-06-12,P1060,0.0957,2897.6,0,1
2026-06-13,P1060,0.0895,2917.42,0,1
2026-06-14,P1060,0.102,2877.32,0,1
2026-06-15,P1060,0.0823,2940.52,0,1
2026-06-16,P1060,0.0843,2934.1,0,1
2026-06-17,P1060,0.0819,2941.87,0,2
2026-06-18,P1060,0.122,2813.2,0,0
2026-06-19,P1060,0.0861,2928.28,0,3
2026-06-20,P1060,0.1007,2881.48,0,1
2026-06-21,P1060,0.0981,2889.9,0,1
2026-06-22,P1060,0.0984,2888.72,0,0
2026-06-23,P1060,0.075,2963.84,0,4
2026-06-24,P1060,0.0734,2969.1,0,0
2026-06-25,P1060,0.0925,2907.63,0,0
2026-06-26,P1060,0.0984,2888.95,0,3
2026-06-27,P1060,0.0689,2983.25,0,2
2026-06-28,P1060,0.0582,3017.81,0,0
2026-06-29,P1060,0.3407,2112.61,1,2
2026-06-30,P1060,0.1418,2749.81,1,3
2026-07-01,P1060,0.1832,2616.98,1,3
2026-07-02,P1060,0.3017,2237.57,1,2
2026-07-03,P1060,0.3886,1959.05,1,2
2026-07-04,P1060,0.2862,2287.15,1,1
2026-07-05,P1060,0.3821,1979.81,1,3
2026-07-06,P1060,0.2552,2386.51,1,1
2026-07-07,P1060,0.2745,2324.73,1,3
2026-07-08,P1060,0.1145,2837.31,0,0
2026-07-09,P1060,0.1145,2837.15,0,0
2026-07-10,P1060,0.0829,2938.45,0,2
2026-07-11,P1060,0.1081,2857.91,0,0
2026-07-12,P1060,0.0758,2961.14,0,2
2026-07-13,P1060,0.1001,2883.46,0,1
2026-07-14,P1060,0.094,2903.02,0,3
2026-03-17,P1061,0.1311,468.09,0,2
2026-03-18,P1061,0.1221,472.95,0,5
2026-03-19,P1061,0.103,483.22,0,3
2026-03-20,P1061,0.1124,478.19,0,4
2026-03-21,P1061,0.1376,464.63,0,3
2026-03-22,P1061,0.3147,369.21,1,5
2026-03-23,P1061,0.2933,380.73,1,4
2026-03-24,P1061,0.3568,346.49,1,6
2026-03-25,P1061,0.2942,380.24,1,12
2026-03-26,P1061,0.3719,338.39,1,14
2026-03-27,P1061,0.1059,481.67,0,3
2026-03-28,P1061,0.0893,490.64,0,2
2026-03-29,P1061,0.0985,485.67,0,2
2026-03-30,P1061,0.1065,481.36,0,3
2026-03-31,P1061,0.1263,470.69,0,1
2026-04-01,P1061,0.0858,492.49,0,1
2026-04-02,P1061,0.097,486.46,0,4
2026-04-03,P1061,0.0961,486.97,0,3
2026-04-04,P1061,0.11,479.47,0,2
2026-04-05,P1061,0.094,488.07,0,0
2026-04-06,P1061,0.111,478.92,0,3
2026-04-07,P1061,0.1277,469.94,0,5
2026-04-08,P1061,0.1229,472.54,0,1
2026-04-09,P1061,0.1103,479.29,0,8
2026-04-10,P1061,0.1197,474.24,0,5
2026-04-11,P1061,0.0972,486.35,0,1
2026-04-12,P1061,0.1158,476.36,0,5
2026-04-13,P1061,0.1192,474.5,0,3
2026-04-14,P1061,0.1131,477.8,0,7
2026-04-15,P1061,0.1291,469.21,0,0
2026-04-16,P1061,0.1167,475.88,0,4
2026-04-17,P1061,0.072,499.95,0,7
2026-04-18,P1061,0.1315,467.88,0,7
2026-04-19,P1061,0.0953,487.36,0,1
2026-04-20,P1061,0.1191,474.55,0,5
2026-04-21,P1061,0.1447,460.8,0,3
2026-04-22,P1061,0.1144,477.09,0,5
2026-04-23,P1061,0.0867,492.03,0,4
2026-04-24,P1061,0.1092,479.89,0,2
2026-04-25,P1061,0.1085,480.28,0,2
2026-04-26,P1061,0.1356,465.67,0,3
2026-04-27,P1061,0.1173,475.53,0,4
2026-04-28,P1061,0.1023,483.63,0,4
2026-04-29,P1061,0.4079,318.99,1,2
2026-04-30,P1061,0.3736,337.44,1,7
2026-05-01,P1061,0.3703,339.25,1,6
2026-05-02,P1061,0.2607,398.27,1,5
2026-05-03,P1061,0.4173,313.94,1,5
2026-05-04,P1061,0.353,348.55,1,4
2026-05-05,P1061,0.3041,374.9,1,4
2026-05-06,P1061,0.3346,358.45,1,7
2026-05-07,P1061,0.3395,355.81,1,10
2026-05-08,P1061,0.1164,476.04,0,7
2026-05-09,P1061,0.1146,476.97,0,6
2026-05-10,P1061,0.0973,486.33,0,8
2026-05-11,P1061,0.1039,482.78,0,5
2026-05-12,P1061,0.1276,470.0,0,0
2026-05-13,P1061,0.1224,472.78,0,2
2026-05-14,P1061,0.1434,461.5,0,3
2026-05-15,P1061,0.1284,469.54,0,6
2026-05-16,P1061,0.1007,484.51,0,5
2026-05-17,P1061,0.1188,474.71,0,3
2026-05-18,P1061,0.1006,484.53,0,4
2026-05-19,P1061,0.0996,485.05,0,5
2026-05-20,P1061,0.1041,482.62,0,1
2026-05-21,P1061,0.113,477.84,0,6
2026-05-22,P1061,0.1247,471.52,0,1
2026-05-23,P1061,0.1219,473.04,0,3
2026-05-24,P1061,0.136,465.48,0,0
2026-05-25,P1061,0.1144,477.12,0,3
2026-05-26,P1061,0.1341,466.51,0,4
2026-05-27,P1061,0.117,475.7,0,4
2026-05-28,P1061,0.1152,476.66,0,1
2026-05-29,P1061,0.1204,473.87,0,2
2026-05-30,P1061,0.1204,473.87,0,5
2026-05-31,P1061,0.122,473.01,0,4
2026-06-01,P1061,0.1375,464.68,0,9
2026-06-02,P1061,0.1435,461.44,0,5
2026-06-03,P1061,0.0884,491.08,0,4
2026-06-04,P1061,0.092,489.17,0,2
2026-06-05,P1061,0.126,470.85,0,3
2026-06-06,P1061,0.0999,484.91,0,1
2026-06-07,P1061,0.1147,476.94,0,2
2026-06-08,P1061,0.0806,495.29,0,2
2026-06-09,P1061,0.1202,473.99,0,3
2026-06-10,P1061,0.1002,484.76,0,6
2026-06-11,P1061,0.1336,466.77,0,3
2026-06-12,P1061,0.3309,360.46,1,15
2026-06-13,P1061,0.1859,438.59,1,5
2026-06-14,P1061,0.2336,412.88,1,14
2026-06-15,P1061,0.3495,350.46,1,8
2026-06-16,P1061,0.4058,320.1,1,5
2026-06-17,P1061,0.2215,419.39,1,10
2026-06-18,P1061,0.3881,329.67,1,11
2026-06-19,P1061,0.3123,370.46,1,9
2026-06-20,P1061,0.2717,392.35,1,7
2026-06-21,P1061,0.1287,469.38,0,3
2026-06-22,P1061,0.1072,480.99,0,1
2026-06-23,P1061,0.1159,476.29,0,2
2026-06-24,P1061,0.1143,477.17,0,7
2026-06-25,P1061,0.0936,488.29,0,3
2026-06-26,P1061,0.1296,468.89,0,3
2026-06-27,P1061,0.1065,481.33,0,2
2026-06-28,P1061,0.1183,475.02,0,2
2026-06-29,P1061,0.1234,472.28,0,3
2026-06-30,P1061,0.1143,477.16,0,2
2026-07-01,P1061,0.125,471.38,0,1
2026-07-02,P1061,0.111,478.92,0,5
2026-07-03,P1061,0.1192,474.49,0,6
2026-07-04,P1061,0.1172,475.58,0,3
2026-07-05,P1061,0.1281,469.71,0,5
2026-07-06,P1061,0.1229,472.53,0,3
2026-07-07,P1061,0.103,483.23,0,3
2026-07-08,P1061,0.1043,482.53,0,3
2026-07-09,P1061,0.1162,476.12,0,6
2026-07-10,P1061,0.1191,474.59,0,0
2026-07-11,P1061,0.1154,476.54,0,6
2026-07-12,P1061,0.1166,475.9,0,4
2026-07-13,P1061,0.113,477.86,0,2
2026-07-14,P1061,0.1198,474.21,0,1
2026-03-17,P1062,0.0706,2753.25,0,2
2026-03-18,P1062,0.0826,2717.6,0,2
2026-03-19,P1062,0.1019,2660.29,0,1
2026-03-20,P1062,0.0277,2880.35,0,2
2026-03-21,P1062,0.0728,2746.74,0,0
2026-03-22,P1062,0.0633,2774.84,0,2
2026-03-23,P1062,0.0875,2703.08,0,4
2026-03-24,P1062,0.0762,2736.69,0,1
2026-03-25,P1062,0.0673,2762.89,0,4
2026-03-26,P1062,0.0778,2731.95,0,1
2026-03-27,P1062,0.0562,2795.65,0,3
2026-03-28,P1062,0.0696,2756.02,0,0
2026-03-29,P1062,0.0724,2747.76,0,0
2026-03-30,P1062,0.1007,2664.07,0,1
2026-03-31,P1062,0.0681,2760.41,0,2
2026-04-01,P1062,0.0547,2800.26,0,3
2026-04-02,P1062,0.086,2707.44,0,0
2026-04-03,P1062,0.0803,2724.28,0,1
2026-04-04,P1062,0.0621,2778.36,0,1
2026-04-05,P1062,0.059,2787.43,0,3
2026-04-06,P1062,0.083,2716.46,0,1
2026-04-07,P1062,0.0806,2723.6,0,0
2026-04-08,P1062,0.0686,2758.96,0,0
2026-04-09,P1062,0.0633,2774.89,0,2
2026-04-10,P1062,0.0943,2682.83,0,0
2026-04-11,P1062,0.0755,2738.66,0,4
2026-04-12,P1062,0.0742,2742.4,0,2
2026-04-13,P1062,0.0842,2712.85,0,3
2026-04-14,P1062,0.1061,2647.88,0,1
2026-04-15,P1062,0.086,2707.6,0,2
2026-04-16,P1062,0.0564,2795.22,0,1
2026-04-17,P1062,0.224,2298.77,1,5
2026-04-18,P1062,0.3659,1878.33,1,5
2026-04-19,P1062,0.3308,1982.33,1,4
2026-04-20,P1062,0.1802,2428.35,1,4
2026-04-21,P1062,0.0747,2741.08,0,0
2026-04-22,P1062,0.0551,2798.97,0,2
2026-04-23,P1062,0.0772,2733.44,0,1
2026-04-24,P1062,0.1046,2652.48,0,0
2026-04-25,P1062,0.0966,2676.12,0,1
2026-04-26,P1062,0.0686,2759.21,0,0
2026-04-27,P1062,0.1008,2663.66,0,1
2026-04-28,P1062,0.1019,2660.51,0,1
2026-04-29,P1062,0.0413,2839.8,0,1
2026-04-30,P1062,0.0681,2760.54,0,1
2026-05-01,P1062,0.0659,2767.03,0,2
2026-05-02,P1062,0.0773,2733.19,0,4
2026-05-03,P1062,0.08,2725.42,0,0
2026-05-04,P1062,0.0571,2793.14,0,4
2026-05-05,P1062,0.0637,2773.56,0,0
2026-05-06,P1062,0.0616,2779.66,0,1
2026-05-07,P1062,0.074,2743.12,0,3
2026-05-08,P1062,0.0979,2672.41,0,0
2026-05-09,P1062,0.0328,2865.04,0,2
2026-05-10,P1062,0.0766,2735.4,0,2
2026-05-11,P1062,0.0876,2702.81,0,0
2026-05-12,P1062,0.0405,2842.35,0,1
2026-05-13,P1062,0.0575,2791.89,0,0
2026-05-14,P1062,0.0908,2693.38,0,1
2026-05-15,P1062,0.0788,2728.83,0,1
2026-05-16,P1062,0.0553,2798.36,0,2
2026-05-17,P1062,0.0612,2780.87,0,2
2026-05-18,P1062,0.0861,2707.27,0,1
2026-05-19,P1062,0.0933,2686.02,0,1
2026-05-20,P1062,0.094,2683.75,0,2
2026-05-21,P1062,0.0568,2793.96,0,2
2026-05-22,P1062,0.0821,2718.95,0,3
2026-05-23,P1062,0.0741,2742.73,0,2
2026-05-24,P1062,0.0831,2716.21,0,1
2026-05-25,P1062,0.0775,2732.85,0,1
2026-05-26,P1062,0.0853,2709.72,0,1
2026-05-27,P1062,0.0857,2708.46,0,1
2026-05-28,P1062,0.07,2754.92,0,0
2026-05-29,P1062,0.0528,2805.78,0,2
2026-05-30,P1062,0.0742,2742.43,0,0
2026-05-31,P1062,0.0634,2774.46,0,1
2026-06-01,P1062,0.0856,2708.7,0,2
2026-06-02,P1062,0.0959,2678.18,0,0
2026-06-03,P1062,0.0961,2677.69,0,1
2026-06-04,P1062,0.0728,2746.74,0,5
2026-06-05,P1062,0.0818,2719.9,0,2
2026-06-06,P1062,0.0803,2724.4,0,2
2026-06-07,P1062,0.082,2719.24,0,3
2026-06-08,P1062,0.0766,2735.32,0,1
2026-06-09,P1062,0.0979,2672.36,0,2
2026-06-10,P1062,0.0659,2766.96,0,2
2026-06-11,P1062,0.0566,2794.71,0,1
2026-06-12,P1062,0.0542,2801.71,0,1
2026-06-13,P1062,0.0752,2739.66,0,0
2026-06-14,P1062,0.0884,2700.44,0,2
2026-06-15,P1062,0.0753,2739.18,0,3
2026-06-16,P1062,0.0869,2704.95,0,3
2026-06-17,P1062,0.0874,2703.24,0,1
2026-06-18,P1062,0.076,2737.2,0,0
2026-06-19,P1062,0.0937,2684.78,0,2
2026-06-20,P1062,0.08,2725.24,0,3
2026-06-21,P1062,0.0644,2771.37,0,0
2026-06-22,P1062,0.0689,2758.21,0,5
2026-06-23,P1062,0.0805,2723.95,0,3
2026-06-24,P1062,0.0669,2764.22,0,0
2026-06-25,P1062,0.0611,2781.22,0,1
2026-06-26,P1062,0.0791,2727.9,0,1
2026-06-27,P1062,0.0773,2733.3,0,2
2026-06-28,P1062,0.0768,2734.65,0,0
2026-06-29,P1062,0.0867,2705.46,0,2
2026-06-30,P1062,0.0805,2723.78,0,1
2026-07-01,P1062,0.0747,2741.06,0,3
2026-07-02,P1062,0.0939,2684.09,0,1
2026-07-03,P1062,0.0725,2747.52,0,2
2026-07-04,P1062,0.0745,2741.59,0,2
2026-07-05,P1062,0.0781,2731.0,0,1
2026-07-06,P1062,0.0719,2749.22,0,1
2026-07-07,P1062,0.0624,2777.44,0,2
2026-07-08,P1062,0.0738,2743.52,0,1
2026-07-09,P1062,0.0368,2853.33,0,1
2026-07-10,P1062,0.0937,2684.63,0,2
2026-07-11,P1062,0.0713,2751.16,0,0
2026-07-12,P1062,0.0807,2723.14,0,0
2026-07-13,P1062,0.0847,2711.28,0,1
2026-07-14,P1062,0.0712,2751.23,0,1
2026-03-17,P1063,0.0667,4404.12,0,0
2026-03-18,P1063,0.0584,4443.21,0,3
2026-03-19,P1063,0.0714,4381.88,0,2
2026-03-20,P1063,0.102,4237.54,0,1
2026-03-21,P1063,0.107,4214.05,0,0
2026-03-22,P1063,0.0908,4290.35,0,2
2026-03-23,P1063,0.0984,4254.75,0,1
2026-03-24,P1063,0.0882,4302.97,0,2
2026-03-25,P1063,0.3008,3299.41,1,5
2026-03-26,P1063,0.2806,3394.85,1,0
2026-03-27,P1063,0.3707,2969.69,1,1
2026-03-28,P1063,0.3106,3253.08,1,3
2026-03-29,P1063,0.4305,2687.5,1,1
2026-03-30,P1063,0.2634,3476.03,1,2
2026-03-31,P1063,0.3306,3158.74,1,2
2026-04-01,P1063,0.3317,3153.83,1,1
2026-04-02,P1063,0.1093,4203.01,0,0
2026-04-03,P1063,0.1057,4220.04,0,1
2026-04-04,P1063,0.0889,4299.43,0,0
2026-04-05,P1063,0.0886,4301.15,0,3
2026-04-06,P1063,0.0898,4295.04,0,0
2026-04-07,P1063,0.115,4176.12,0,0
2026-04-08,P1063,0.0759,4360.9,0,1
2026-04-09,P1063,0.091,4289.67,0,1
2026-04-10,P1063,0.1219,4143.67,0,0
2026-04-11,P1063,0.0973,4260.08,0,0
2026-04-12,P1063,0.0764,4358.71,0,1
2026-04-13,P1063,0.0885,4301.4,0,0
2026-04-14,P1063,0.3472,3080.57,1,3
2026-04-15,P1063,0.155,3987.56,1,2
2026-04-16,P1063,0.3601,3019.89,1,3
2026-04-17,P1063,0.3235,3192.53,1,1
2026-04-18,P1063,0.3581,3029.17,1,4
2026-04-19,P1063,0.4136,2767.11,1,2
2026-04-20,P1063,0.0981,4255.98,0,0
2026-04-21,P1063,0.0883,4302.26,0,1
2026-04-22,P1063,0.0929,4280.43,0,1
2026-04-23,P1063,0.0849,4318.51,0,1
2026-04-24,P1063,0.1042,4227.21,0,1
2026-04-25,P1063,0.0807,4338.09,0,0
2026-04-26,P1063,0.0844,4320.89,0,0
2026-04-27,P1063,0.1207,4149.51,0,2
2026-04-28,P1063,0.0884,4301.99,0,0
2026-04-29,P1063,0.0871,4308.22,0,0
2026-04-30,P1063,0.0914,4287.77,0,1
2026-05-01,P1063,0.1255,4126.66,0,0
2026-05-02,P1063,0.0862,4312.37,0,1
2026-05-03,P1063,0.0978,4257.64,0,1
2026-05-04,P1063,0.0852,4316.75,0,0
2026-05-05,P1063,0.0763,4358.97,0,1
2026-05-06,P1063,0.0677,4399.45,0,0
2026-05-07,P1063,0.0871,4307.78,0,0
2026-05-08,P1063,0.066,4407.51,0,1
2026-05-09,P1063,0.0869,4309.02,0,1
2026-05-10,P1063,0.1111,4194.6,0,0
2026-05-11,P1063,0.0877,4305.06,0,0
2026-05-12,P1063,0.0899,4294.64,0,0
2026-05-13,P1063,0.0821,4331.48,0,0
2026-05-14,P1063,0.0851,4317.31,0,0
2026-05-15,P1063,0.0945,4273.3,0,1
2026-05-16,P1063,0.095,4270.74,0,2
2026-05-17,P1063,0.0985,4254.24,0,1
2026-05-18,P1063,0.0967,4262.75,0,0
2026-05-19,P1063,0.0831,4326.93,0,2
2026-05-20,P1063,0.0917,4286.38,0,0
2026-05-21,P1063,0.0758,4361.52,0,0
2026-05-22,P1063,0.1049,4224.22,0,1
2026-05-23,P1063,0.1004,4245.03,0,0
2026-05-24,P1063,0.0939,4276.01,0,1
2026-05-25,P1063,0.0918,4285.82,0,1
2026-05-26,P1063,0.1034,4230.91,0,1
2026-05-27,P1063,0.0858,4313.95,0,0
2026-05-28,P1063,0.1074,4212.02,0,1
2026-05-29,P1063,0.1178,4163.16,0,1
2026-05-30,P1063,0.0708,4384.93,0,1
2026-05-31,P1063,0.0841,4322.29,0,0
2026-06-01,P1063,0.079,4346.06,0,0
2026-06-02,P1063,0.0937,4276.97,0,0
2026-06-03,P1063,0.1019,4238.23,0,2
2026-06-04,P1063,0.0872,4307.38,0,0
2026-06-05,P1063,0.1055,4220.95,0,2
2026-06-06,P1063,0.066,4407.58,0,0
2026-06-07,P1063,0.0933,4278.7,0,0
2026-06-08,P1063,0.0887,4300.58,0,0
2026-06-09,P1063,0.1044,4226.38,0,1
2026-06-10,P1063,0.0893,4297.5,0,1
2026-06-11,P1063,0.1079,4209.83,0,0
2026-06-12,P1063,0.0884,4301.75,0,0
2026-06-13,P1063,0.0888,4300.17,0,1
2026-06-14,P1063,0.1171,4166.61,0,0
2026-06-15,P1063,0.1014,4240.45,0,1
2026-06-16,P1063,0.0781,4350.64,0,0
2026-06-17,P1063,0.0901,4293.91,0,1
2026-06-18,P1063,0.0789,4346.79,0,1
2026-06-19,P1063,0.112,4190.59,0,0
2026-06-20,P1063,0.0956,4268.11,0,1
2026-06-21,P1063,0.0936,4277.38,0,1
2026-06-22,P1063,0.0887,4300.48,0,1
2026-06-23,P1063,0.089,4299.24,0,0
2026-06-24,P1063,0.0727,4375.79,0,0
2026-06-25,P1063,0.1097,4201.16,0,0
2026-06-26,P1063,0.0636,4419.0,0,1
2026-06-27,P1063,0.078,4351.18,0,2
2026-06-28,P1063,0.0805,4339.36,0,0
2026-06-29,P1063,0.0964,4264.08,0,1
2026-06-30,P1063,0.0664,4405.91,0,0
2026-07-01,P1063,0.0843,4321.19,0,2
2026-07-02,P1063,0.1153,4175.09,0,2
2026-07-03,P1063,0.079,4346.02,0,3
2026-07-04,P1063,0.0908,4290.76,0,1
2026-07-05,P1063,0.0735,4372.21,0,0
2026-07-06,P1063,0.0827,4328.7,0,1
2026-07-07,P1063,0.0799,4341.85,0,0
2026-07-08,P1063,0.0911,4289.02,0,0
2026-07-09,P1063,0.1043,4226.7,0,0
2026-07-10,P1063,0.0964,4264.08,0,0
2026-07-11,P1063,0.092,4284.93,0,0
2026-07-12,P1063,0.088,4303.99,0,2
2026-07-13,P1063,0.0876,4305.74,0,0
2026-07-14,P1063,0.0521,4473.18,0,0
