data/DailyScrapeLog.csv
ScrapingDate,ProductID,DiscountPercentage,SellingPrice,IsPromotional,UnitsSold
2026-03-17,P1064,0.1596,1033.66,0,2
2026-03-18,P1064,0.1473,1048.79,0,3
2026-03-19,P1064,0.1495,1046.18,0,6
2026-03-20,P1064,0.484,634.71,1,3
2026-03-21,P1064,0.411,724.54,1,3
2026-03-22,P1064,0.4233,709.34,1,3
2026-03-23,P1064,0.3383,813.9,1,6
2026-03-24,P1064,0.4189,714.83,1,4
2026-03-25,P1064,0.3795,763.19,1,7
2026-03-26,P1064,0.3988,739.46,1,6
2026-03-27,P1064,0.3315,822.33,1,1
2026-03-28,P1064,0.1746,1015.21,0,2
2026-03-29,P1064,0.175,1014.83,0,1
2026-03-30,P1064,0.1233,1078.34,0,1
2026-03-31,P1064,0.182,1006.21,0,2
2026-04-01,P1064,0.1817,1006.56,0,1
2026-04-02,P1064,0.1774,1011.84,0,5
2026-04-03,P1064,0.1667,1025.03,0,2
2026-04-04,P1064,0.1758,1013.75,0,1
2026-04-05,P1064,0.1505,1044.86,0,0
2026-04-06,P1064,0.1512,1044.07,0,5
2026-04-07,P1064,0.1571,1036.76,0,2
2026-04-08,P1064,0.1761,1013.37,0,3
2026-04-09,P1064,0.1567,1037.26,0,3
2026-04-10,P1064,0.1626,1030.02,0,5
2026-04-11,P1064,0.1815,1006.74,0,6
2026-04-12,P1064,0.142,1055.35,0,1
2026-04-13,P1064,0.1591,1034.3,0,1
2026-04-14,P1064,0.1485,1047.33,0,4
2026-04-15,P1064,0.197,987.67,0,3
2026-04-16,P1064,0.1585,1035.03,0,4
2026-04-17,P1064,0.1397,1058.24,0,4
2026-04-18,P1064,0.1617,1031.12,0,6
2026-04-19,P1064,0.149,1046.71,0,1
2026-04-20,P1064,0.1528,1042.08,0,3
2026-04-21,P1064,0.177,1012.27,0,3
2026-04-22,P1064,0.1451,1051.56,0,0
2026-04-23,P1064,0.1742,1015.71,0,7
2026-04-24,P1064,0.1501,1045.45,0,2
2026-04-25,P1064,0.155,1039.33,0,3
2026-04-26,P1064,0.1554,1038.88,0,0
2026-04-27,P1064,0.134,1065.19,0,3
2026-04-28,P1064,0.1605,1032.62,0,2
2026-04-29,P1064,0.1659,1025.94,0,2
2026-04-30,P1064,0.1685,1022.82,0,1
2026-05-01,P1064,0.183,1004.88,0,2
2026-05-02,P1064,0.1739,1016.15,0,2
2026-05-03,P1064,0.1787,1010.21,0,2
2026-05-04,P1064,0.3392,812.86,1,5
2026-05-05,P1064,0.4602,663.93,1,6
2026-05-06,P1064,0.4646,658.59,1,0
2026-05-07,P1064,0.3652,780.84,1,4
2026-05-08,P1064,0.4024,735.1,1,9
2026-05-09,P1064,0.1587,1034.83,0,4
2026-05-10,P1064,0.147,1049.19,0,2
2026-05-11,P1064,0.1661,1025.71,0,1
2026-05-12,P1064,0.1646,1027.6,0,1
2026-05-13,P1064,0.1541,1040.52,0,3
2026-05-14,P1064,0.1478,1048.28,0,3
2026-05-15,P1064,0.1588,1034.73,0,1
2026-05-16,P1064,0.1417,1055.79,0,4
2026-05-17,P1064,0.1642,1028.11,0,1
2026-05-18,P1064,0.1582,1035.45,0,6
2026-05-19,P1064,0.1871,999.88,0,0
2026-05-20,P1064,0.1773,1011.95,0,3
2026-05-21,P1064,0.1401,1057.66,0,4
2026-05-22,P1064,0.1701,1020.82,0,6
2026-05-23,P1064,0.1458,1050.71,0,3
2026-05-24,P1064,0.1536,1041.07,0,2
2026-05-25,P1064,0.173,1017.27,0,3
2026-05-26,P1064,0.1458,1050.63,0,3
2026-05-27,P1064,0.1513,1043.88,0,3
2026-05-28,P1064,0.1522,1042.88,0,2
2026-05-29,P1064,0.1751,1014.66,0,3
2026-05-30,P1064,0.3714,773.22,1,5
2026-05-31,P1064,0.3747,769.1,1,3
2026-06-01,P1064,0.3977,740.83,1,3
2026-06-02,P1064,0.2712,896.47,1,2
2026-06-03,P1064,0.4234,709.25,1,7
2026-06-04,P1064,0.3396,812.36,1,7
2026-06-05,P1064,0.3506,798.8,1,3
2026-06-06,P1064,0.1327,1066.79,0,0
2026-06-07,P1064,0.1811,1007.28,0,5
2026-06-08,P1064,0.1696,1021.45,0,2
2026-06-09,P1064,0.1614,1031.56,0,5
2026-06-10,P1064,0.1583,1035.37,0,2
2026-06-11,P1064,0.1706,1020.2,0,3
2026-06-12,P1064,0.1429,1054.26,0,0
2026-06-13,P1064,0.1739,1016.11,0,3
2026-06-14,P1064,0.1854,1001.93,0,2
2026-06-15,P1064,0.1668,1024.89,0,1
2026-06-16,P1064,0.1668,1024.85,0,4
2026-06-17,P1064,0.188,998.84,0,1
2026-06-18,P1064,0.1725,1017.88,0,2
2026-06-19,P1064,0.1438,1053.12,0,1
2026-06-20,P1064,0.1566,1037.36,0,2
2026-06-21,P1064,0.1729,1017.3,0,0
2026-06-22,P1064,0.1602,1032.93,0,3
2026-06-23,P1064,0.1745,1015.41,0,0
2026-06-24,P1064,0.1846,1003.02,0,1
2026-06-25,P1064,0.1651,1026.97,0,2
2026-06-26,P1064,0.1606,1032.43,0,0
2026-06-27,P1064,0.1556,1038.62,0,2
2026-06-28,P1064,0.1908,995.36,0,3
2026-06-29,P1064,0.1741,1015.94,0,2
2026-06-30,P1064,0.1605,1032.59,0,1
2026-07-01,P1064,0.1423,1055.03,0,3
2026-07-02,P1064,0.164,1028.34,0,2
2026-07-03,P1064,0.1261,1074.91,0,3
2026-07-04,P1064,0.1443,1052.58,0,1
2026-07-05,P1064,0.1665,1025.28,0,3
2026-07-06,P1064,0.1759,1013.71,0,2
2026-07-07,P1064,0.1456,1050.89,0,2
2026-07-08,P1064,0.1279,1072.65,0,1
2026-07-09,P1064,0.1773,1011.89,0,2
2026-07-10,P1064,0.1408,1056.89,0,1
2026-07-11,P1064,0.1608,1032.29,0,3
2026-07-12,P1064,0.1624,1030.33,0,2
2026-07-13,P1064,0.1585,1035.05,0,2
2026-07-14,P1064,0.1343,1064.8,0,1
2026-03-17,P1065,0.0833,3068.48,0,3
2026-03-18,P1065,0.1206,2943.63,0,3
2026-03-19,P1065,0.1091,2982.37,0,3
2026-03-20,P1065,0.094,3032.65,0,3
2026-03-21,P1065,0.0745,3098.12,0,3
2026-03-22,P1065,0.0901,3046.0,0,2
2026-03-23,P1065,0.0818,3073.59,0,0
2026-03-24,P1065,0.0915,3041.14,0,1
2026-03-25,P1065,0.1008,3010.2,0,0
2026-03-26,P1065,0.1008,3010.04,0,3
2026-03-27,P1065,0.085,3062.97,0,4
2026-03-28,P1065,0.0966,3024.04,0,3
2026-03-29,P1065,0.112,2972.65,0,2
2026-03-30,P1065,0.0558,3160.53,0,0
2026-03-31,P1065,0.1001,3012.52,0,0
2026-04-01,P1065,0.0621,3139.5,0,0
2026-04-02,P1065,0.092,3039.43,0,4
2026-04-03,P1065,0.0709,3110.26,0,1
2026-04-04,P1065,0.0848,3063.72,0,2
2026-04-05,P1065,0.0975,3020.99,0,1
2026-04-06,P1065,0.0599,3146.91,0,3
2026-04-07,P1065,0.1219,2939.31,0,1
2026-04-08,P1065,0.0791,3082.63,0,0
2026-04-09,P1065,0.0803,3078.59,0,1
2026-04-10,P1065,0.1066,2990.51,0,3
2026-04-11,P1065,0.0836,3067.54,0,1
2026-04-12,P1065,0.0894,3048.17,0,0
2026-04-13,P1065,0.0553,3162.4,0,2
2026-04-14,P1065,0.0785,3084.71,0,1
2026-04-15,P1065,0.1048,2996.71,0,3
2026-04-16,P1065,0.0898,3046.97,0,1
2026-04-17,P1065,0.0942,3032.08,0,1
2026-04-18,P1065,0.0678,3120.55,0,0
2026-04-19,P1065,0.0743,3098.85,0,1
2026-04-20,P1065,0.0737,3100.68,0,4
2026-04-21,P1065,0.0611,3142.84,0,1
2026-04-22,P1065,0.1065,2990.89,0,2
2026-04-23,P1065,0.0779,3086.54,0,0
2026-04-24,P1065,0.1061,2992.3,0,2
2026-04-25,P1065,0.0619,3140.25,0,1
2026-04-26,P1065,0.114,2965.81,0,1
2026-04-27,P1065,0.0841,3065.79,0,1
2026-04-28,P1065,0.102,3006.17,0,1
2026-04-29,P1065,0.0801,3079.26,0,2
2026-04-30,P1065,0.1154,2961.23,0,1
2026-05-01,P1065,0.0937,3033.84,0,2
2026-05-02,P1065,0.0981,3019.13,0,2
2026-05-03,P1065,0.0963,3025.15,0,1
2026-05-04,P1065,0.0736,3101.12,0,1
2026-05-05,P1065,0.0905,3044.54,0,3
2026-05-06,P1065,0.0715,3108.16,0,2
2026-05-07,P1065,0.1049,2996.32,0,2
2026-05-08,P1065,0.0743,3098.67,0,0
2026-05-09,P1065,0.0935,3034.36,0,1
2026-05-10,P1065,0.0871,3056.02,0,1
2026-05-11,P1065,0.1022,3005.49,0,3
2026-05-12,P1065,0.084,3066.38,0,0
2026-05-13,P1065,0.097,3022.68,0,1
2026-05-14,P1065,0.1043,2998.2,0,0
2026-05-15,P1065,0.0811,3076.07,0,1
2026-05-16,P1065,0.1129,2969.5,0,4
2026-05-17,P1065,0.086,3059.64,0,0
2026-05-18,P1065,0.0897,3047.06,0,0
2026-05-19,P1065,0.3065,2321.38,1,4
2026-05-20,P1065,0.2957,2357.6,1,4
2026-05-21,P1065,0.3061,2322.82,1,3
2026-05-22,P1065,0.2905,2375.14,1,4
2026-05-23,P1065,0.3629,2132.76,1,1
2026-05-24,P1065,0.3299,2242.99,1,6
2026-05-25,P1065,0.3879,2049.0,1,4
2026-05-26,P1065,0.342,2202.71,1,3
2026-05-27,P1065,0.107,2989.21,0,1
2026-05-28,P1065,0.0609,3143.55,0,4
2026-05-29,P1065,0.0791,3082.68,0,1
2026-05-30,P1065,0.0956,3027.39,0,2
2026-05-31,P1065,0.0754,3095.19,0,0
2026-06-01,P1065,0.1026,3004.03,0,0
2026-06-02,P1065,0.0709,3110.23,0,1
2026-06-03,P1065,0.0804,3078.39,0,1
2026-06-04,P1065,0.0811,3075.99,0,3
2026-06-05,P1065,0.0988,3016.6,0,1
2026-06-06,P1065,0.0964,3024.78,0,0
2026-06-07,P1065,0.0775,3087.99,0,1
2026-06-08,P1065,0.0894,3048.21,0,1
2026-06-09,P1065,0.0889,3049.97,0,1
2026-06-10,P1065,0.1311,2908.6,0,2
2026-06-11,P1065,0.1071,2988.9,0,0
2026-06-12,P1065,0.0744,3098.46,0,2
2026-06-13,P1065,0.0855,3061.42,0,3
2026-06-14,P1065,0.0801,3079.37,0,2
2026-06-15,P1065,0.1094,2981.36,0,0
2026-06-16,P1065,0.0757,3094.18,0,2
2026-06-17,P1065,0.108,2985.82,0,1
2026-06-18,P1065,0.0969,3023.15,0,1
2026-06-19,P1065,0.0873,3055.17,0,1
2026-06-20,P1065,0.1037,3000.3,0,0
2026-06-21,P1065,0.1079,2986.42,0,3
2026-06-22,P1065,0.0909,3043.05,0,0
2026-06-23,P1065,0.1086,2983.96,0,1
2026-06-24,P1065,0.0816,3074.38,0,0
2026-06-25,P1065,0.0879,3053.24,0,2
2026-06-26,P1065,0.0723,3105.43,0,2
2026-06-27,P1065,0.0924,3038.02,0,1
2026-06-28,P1065,0.0891,3049.13,0,1
2026-06-29,P1065,0.0954,3028.05,0,0
2026-06-30,P1065,0.0591,3149.48,0,2
2026-07-01,P1065,0.0804,3078.27,0,2
2026-07-02,P1065,0.0906,3044.21,0,2
2026-07-03,P1065,0.0754,3095.07,0,0
2026-07-04,P1065,0.0657,3127.56,0,1
2026-07-05,P1065,0.0803,3078.56,0,2
2026-07-06,P1065,0.0801,3079.38,0,0
2026-07-07,P1065,0.0853,3061.8,0,2
2026-07-08,P1065,0.1034,3001.22,0,0
2026-07-09,P1065,0.0844,3065.03,0,2
2026-07-10,P1065,0.0982,3018.73,0,1
2026-07-11,P1065,0.0659,3126.79,0,2
2026-07-12,P1065,0.0884,3051.54,0,3
2026-07-13,P1065,0.0808,3077.03,0,0
2026-07-14,P1065,0.096,3026.01,0,3
2026-03-17,P1066,0.1145,2285.4,0,1
2026-03-18,P1066,0.1055,2308.76,0,1
2026-03-19,P1066,0.0871,2356.17,0,0
2026-03-20,P1066,0.1348,2233.19,0,2
2026-03-21,P1066,0.1134,2288.26,0,1
2026-03-22,P1066,0.1124,2290.88,0,1
2026-03-23,P1066,0.115,2284.1,0,0
2026-03-24,P1066,0.0992,2324.88,0,0
2026-03-25,P1066,0.1345,2233.83,0,1
2026-03-26,P1066,0.1111,2294.15,0,0
2026-03-27,P1066,0.1059,2307.71,0,1
2026-03-28,P1066,0.1196,2272.42,0,0
2026-03-29,P1066,0.0725,2393.76,0,1
2026-03-30,P1066,0.1169,2279.2,0,1
2026-03-31,P1066,0.1318,2240.88,0,1
2026-04-01,P1066,0.0976,2329.07,0,3
2026-04-02,P1066,0.121,2268.61,0,1
2026-04-03,P1066,0.1209,2268.99,0,1
2026-04-04,P1066,0.1278,2251.19,0,1
2026-04-05,P1066,0.1207,2269.42,0,1
2026-04-06,P1066,0.453,1411.91,1,1
2026-04-07,P1066,0.3663,1635.58,1,7
2026-04-08,P1066,0.3499,1677.91,1,3
2026-04-09,P1066,0.4126,1515.95,1,3
2026-04-10,P1066,0.1297,2246.3,0,0
2026-04-11,P1066,0.1124,2290.9,0,0
2026-04-12,P1066,0.0781,2379.38,0,1
2026-04-13,P1066,0.1182,2275.94,0,1
2026-04-14,P1066,0.1251,2258.08,0,2
2026-04-15,P1066,0.1364,2229.0,0,1
2026-04-16,P1066,0.1181,2276.07,0,0
2026-04-17,P1066,0.1085,2300.91,0,1
2026-04-18,P1066,0.0911,2345.86,0,1
2026-04-19,P1066,0.1285,2249.4,0,1
2026-04-20,P1066,0.1083,2301.38,0,0
2026-04-21,P1066,0.13,2245.45,0,4
2026-04-22,P1066,0.1206,2269.83,0,0
2026-04-23,P1066,0.1137,2287.55,0,1
2026-04-24,P1066,0.1121,2291.77,0,0
2026-04-25,P1066,0.1196,2272.38,0,0
2026-04-26,P1066,0.1239,2261.29,0,2
2026-04-27,P1066,0.0975,2329.38,0,1
2026-04-28,P1066,0.1245,2259.56,0,2
2026-04-29,P1066,0.1227,2264.19,0,1
2026-04-30,P1066,0.0887,2351.98,0,1
2026-05-01,P1066,0.1246,2259.43,0,2
2026-05-02,P1066,0.1021,2317.55,0,3
2026-05-03,P1066,0.1142,2286.18,0,0
2026-05-04,P1066,0.1432,2211.28,0,1
2026-05-05,P1066,0.1403,2218.86,0,3
2026-05-06,P1066,0.1273,2252.46,0,1
2026-05-07,P1066,0.1257,2256.43,0,1
2026-05-08,P1066,0.1379,2224.95,0,0
2026-05-09,P1066,0.1181,2276.04,0,0
2026-05-10,P1066,0.1149,2284.34,0,0
2026-05-11,P1066,0.1085,2301.01,0,0
2026-05-12,P1066,0.1264,2254.63,0,0
2026-05-13,P1066,0.1328,2238.25,0,3
2026-05-14,P1066,0.1412,2216.56,0,0
2026-05-15,P1066,0.1299,2245.7,0,0
2026-05-16,P1066,0.1182,2275.86,0,2
2026-05-17,P1066,0.1078,2302.68,0,0
2026-05-18,P1066,0.1161,2281.27,0,0
2026-05-19,P1066,0.1193,2273.14,0,2
2026-05-20,P1066,0.1151,2283.8,0,0
2026-05-21,P1066,0.1137,2287.61,0,1
2026-05-22,P1066,0.114,2286.83,0,0
2026-05-23,P1066,0.1153,2283.45,0,0
2026-05-24,P1066,0.1183,2275.72,0,0
2026-05-25,P1066,0.1242,2260.49,0,3
2026-05-26,P1066,0.113,2289.25,0,1
2026-05-27,P1066,0.1234,2262.53,0,2
2026-05-28,P1066,0.1272,2252.58,0,0
2026-05-29,P1066,0.1172,2278.52,0,0
2026-05-30,P1066,0.1316,2241.32,0,1
2026-05-31,P1066,0.15,2193.72,0,3
2026-06-01,P1066,0.124,2261.04,0,2
2026-06-02,P1066,0.1058,2308.04,0,3
2026-06-03,P1066,0.0913,2345.41,0,1
2026-06-04,P1066,0.1429,2212.26,0,0
2026-06-05,P1066,0.1281,2250.34,0,3
2026-06-06,P1066,0.118,2276.36,0,0
2026-06-07,P1066,0.1111,2294.15,0,0
2026-06-08,P1066,0.1312,2242.38,0,1
2026-06-09,P1066,0.0933,2340.18,0,2
2026-06-10,P1066,0.1176,2277.47,0,0
2026-06-11,P1066,0.1199,2271.43,0,1
2026-06-12,P1066,0.1532,2185.6,0,1
2026-06-13,P1066,0.114,2286.64,0,0
2026-06-14,P1066,0.1047,2310.87,0,0
2026-06-15,P1066,0.1332,2237.3,0,0
2026-06-16,P1066,0.1104,2295.97,0,0
2026-06-17,P1066,0.1108,2294.9,0,1
2026-06-18,P1066,0.123,2263.49,0,0
2026-06-19,P1066,0.1143,2286.1,0,1
2026-06-20,P1066,0.0904,2347.67,0,1
2026-06-21,P1066,0.1125,2290.61,0,0
2026-06-22,P1066,0.1278,2251.18,0,0
2026-06-23,P1066,0.0891,2351.03,0,2
2026-06-24,P1066,0.1056,2308.46,0,3
2026-06-25,P1066,0.1265,2254.47,0,3
2026-06-26,P1066,0.1283,2249.75,0,0
2026-06-27,P1066,0.1092,2299.04,0,0
2026-06-28,P1066,0.1271,2252.95,0,1
2026-06-29,P1066,0.1557,2179.2,0,2
2026-06-30,P1066,0.1311,2242.54,0,0
2026-07-01,P1066,0.1194,2272.71,0,1
2026-07-02,P1066,0.144,2209.29,0,0
2026-07-03,P1066,0.101,2320.24,0,3
2026-07-04,P1066,0.1511,2190.97,0,0
2026-07-05,P1066,0.1218,2266.56,0,0
2026-07-06,P1066,0.1305,2244.17,0,2
2026-07-07,P1066,0.1129,2289.68,0,4
2026-07-08,P1066,0.127,2253.23,0,2
2026-07-09,P1066,0.1224,2265.16,0,1
2026-07-10,P1066,0.1339,2235.5,0,1
2026-07-11,P1066,0.1268,2253.71,0,0
2026-07-12,P1066,0.1226,2264.52,0,4
2026-07-13,P1066,0.117,2279.05,0,3
2026-07-14,P1066,0.1228,2264.07,0,1
2026-03-17,P1067,0.1413,1894.32,0,1
2026-03-18,P1067,0.1083,1967.23,0,1
2026-03-19,P1067,0.154,1866.49,0,0
2026-03-20,P1067,0.1576,1858.43,0,3
2026-03-21,P1067,0.136,1906.07,0,0
2026-03-22,P1067,0.1096,1964.36,0,5
2026-03-23,P1067,0.1145,1953.54,0,2
2026-03-24,P1067,0.1052,1973.99,0,1
2026-03-25,P1067,0.1092,1965.27,0,1
2026-03-26,P1067,0.1159,1950.39,0,2
2026-03-27,P1067,0.1048,1974.87,0,6
2026-03-28,P1067,0.1237,1933.33,0,0
2026-03-29,P1067,0.1253,1929.68,0,2
2026-03-30,P1067,0.122,1937.1,0,2
2026-03-31,P1067,0.1273,1925.34,0,1
2026-04-01,P1067,0.1005,1984.39,0,1
2026-04-02,P1067,0.1236,1933.54,0,2
2026-04-03,P1067,0.1353,1907.61,0,0
2026-04-04,P1067,0.1108,1961.8,0,1
2026-04-05,P1067,0.1149,1952.66,0,1
2026-04-06,P1067,0.0969,1992.35,0,1
2026-04-07,P1067,0.1264,1927.18,0,3
2026-04-08,P1067,0.1006,1984.19,0,2
2026-04-09,P1067,0.1499,1875.49,0,0
2026-04-10,P1067,0.1149,1952.56,0,2
2026-04-11,P1067,0.1367,1904.61,0,1
2026-04-12,P1067,0.1527,1869.18,0,1
2026-04-13,P1067,0.0957,1995.04,0,2
2026-04-14,P1067,0.1323,1914.23,0,2
2026-04-15,P1067,0.101,1983.36,0,3
2026-04-16,P1067,0.1066,1970.91,0,1
2026-04-17,P1067,0.1314,1916.36,0,2
2026-04-18,P1067,0.1235,1933.67,0,2
2026-04-19,P1067,0.1521,1870.64,0,1
2026-04-20,P1067,0.1326,1913.51,0,1
2026-04-21,P1067,0.1045,1975.5,0,1
2026-04-22,P1067,0.1423,1892.28,0,1
2026-04-23,P1067,0.0942,1998.36,0,1
2026-04-24,P1067,0.1496,1876.15,0,0
2026-04-25,P1067,0.1391,1899.3,0,2
2026-04-26,P1067,0.1284,1922.9,0,3
2026-04-27,P1067,0.1292,1921.15,0,0
2026-04-28,P1067,0.0991,1987.53,0,2
2026-04-29,P1067,0.1439,1888.58,0,0
2026-04-30,P1067,0.1415,1893.93,0,1
2026-05-01,P1067,0.2991,1546.32,1,8
2026-05-02,P1067,0.2933,1559.17,1,2
2026-05-03,P1067,0.3081,1526.53,1,2
2026-05-04,P1067,0.2874,1572.15,1,4
2026-05-05,P1067,0.3391,1458.05,1,3
2026-05-06,P1067,0.3032,1537.17,1,7
2026-05-07,P1067,0.3538,1425.6,1,2
2026-05-08,P1067,0.1256,1929.05,0,1
2026-05-09,P1067,0.1053,1973.74,0,2
2026-05-10,P1067,0.1186,1944.51,0,2
2026-05-11,P1067,0.0979,1990.24,0,5
2026-05-12,P1067,0.1162,1949.87,0,1
2026-05-13,P1067,0.1347,1908.97,0,3
2026-05-14,P1067,0.1596,1854.12,0,3
2026-05-15,P1067,0.1279,1923.98,0,1
2026-05-16,P1067,0.1206,1940.06,0,4
2026-05-17,P1067,0.1273,1925.23,0,1
2026-05-18,P1067,0.111,1961.2,0,1
2026-05-19,P1067,0.1315,1915.97,0,1
2026-05-20,P1067,0.0991,1987.52,0,2
2026-05-21,P1067,0.1073,1969.51,0,1
2026-05-22,P1067,0.1067,1970.85,0,1
2026-05-23,P1067,0.1315,1915.93,0,1
2026-05-24,P1067,0.1387,1900.22,0,0
2026-05-25,P1067,0.1154,1951.53,0,1
2026-05-26,P1067,0.1283,1923.04,0,1
2026-05-27,P1067,0.1644,1843.35,0,1
2026-05-28,P1067,0.099,1987.81,0,0
2026-05-29,P1067,0.1239,1932.88,0,0
2026-05-30,P1067,0.1404,1896.37,0,0
2026-05-31,P1067,0.1355,1907.2,0,4
2026-06-01,P1067,0.1175,1947.0,0,3
2026-06-02,P1067,0.1215,1938.0,0,3
2026-06-03,P1067,0.1154,1951.47,0,1
2026-06-04,P1067,0.1202,1941.0,0,0
2026-06-05,P1067,0.141,1895.11,0,1
2026-06-06,P1067,0.1091,1965.51,0,3
2026-06-07,P1067,0.1129,1957.15,0,2
2026-06-08,P1067,0.1528,1869.05,0,1
2026-06-09,P1067,0.1212,1938.8,0,1
2026-06-10,P1067,0.1279,1923.91,0,1
2026-06-11,P1067,0.1462,1883.57,0,2
2026-06-12,P1067,0.1397,1898.05,0,2
2026-06-13,P1067,0.1157,1950.84,0,1
2026-06-14,P1067,0.1011,1983.17,0,0
2026-06-15,P1067,0.1381,1901.42,0,1
2026-06-16,P1067,0.1371,1903.72,0,1
2026-06-17,P1067,0.1095,1964.53,0,1
2026-06-18,P1067,0.1035,1977.84,0,0
2026-06-19,P1067,0.1502,1874.79,0,3
2026-06-20,P1067,0.1425,1891.68,0,2
2026-06-21,P1067,0.1107,1961.95,0,2
2026-06-22,P1067,0.0941,1998.63,0,1
2026-06-23,P1067,0.1332,1912.27,0,1
2026-06-24,P1067,0.1398,1897.8,0,1
2026-06-25,P1067,0.1556,1862.97,0,2
2026-06-26,P1067,0.0789,2031.99,0,0
2026-06-27,P1067,0.0813,2026.7,0,2
2026-06-28,P1067,0.1337,1911.26,0,0
2026-06-29,P1067,0.1365,1905.11,0,0
2026-06-30,P1067,0.1077,1968.43,0,2
2026-07-01,P1067,0.1521,1870.61,0,1
2026-07-02,P1067,0.1214,1938.36,0,0
2026-07-03,P1067,0.1257,1928.82,0,0
2026-07-04,P1067,0.1248,1930.75,0,1
2026-07-05,P1067,0.1069,1970.2,0,0
2026-07-06,P1067,0.136,1906.07,0,1
2026-07-07,P1067,0.1315,1916.12,0,1
2026-07-08,P1067,0.1368,1904.32,0,2
2026-07-09,P1067,0.1043,1976.03,0,2
2026-07-10,P1067,0.1314,1916.35,0,1
2026-07-11,P1067,0.1294,1920.61,0,1
2026-07-12,P1067,0.1238,1933.0,0,2
2026-07-13,P1067,0.1211,1938.88,0,1
2026-07-14,P1067,0.097,1992.18,0,2
