data/DailyScrapeLog.csv
ScrapingDate,ProductID,DiscountPercentage,SellingPrice,IsPromotional,UnitsSold
2026-03-17,P1068,0.2055,3936.08,0,2
2026-03-18,P1068,0.17,4112.25,0,0
2026-03-19,P1068,0.1642,4140.95,0,1
2026-03-20,P1068,0.1724,4100.42,0,1
2026-03-21,P1068,0.1779,4072.88,0,0
2026-03-22,P1068,0.178,4072.45,0,1
2026-03-23,P1068,0.1825,4050.12,0,0
2026-03-24,P1068,0.1788,4068.72,0,0
2026-03-25,P1068,0.2045,3941.09,0,1
2026-03-26,P1068,0.2181,3873.95,0,0
2026-03-27,P1068,0.2253,3838.02,0,0
2026-03-28,P1068,0.155,4186.59,0,0
2026-03-29,P1068,0.1713,4105.81,0,1
2026-03-30,P1068,0.1858,4033.77,0,0
2026-03-31,P1068,0.177,4077.3,0,0
2026-04-01,P1068,0.1982,3972.47,0,1
2026-04-02,P1068,0.1997,3964.82,0,0
2026-04-03,P1068,0.1896,4015.04,0,1
2026-04-04,P1068,0.1993,3966.77,0,2
2026-04-05,P1068,0.1933,3996.58,0,2
2026-04-06,P1068,0.1696,4114.11,0,1
2026-04-07,P1068,0.1761,4082.02,0,1
2026-04-08,P1068,0.1629,4147.27,0,0
2026-04-09,P1068,0.1956,3985.41,0,0
2026-04-10,P1068,0.1672,4126.1,0,0
2026-04-11,P1068,0.1792,4066.47,0,1
2026-04-12,P1068,0.174,4092.59,0,3
2026-04-13,P1068,0.3751,3095.89,1,1
2026-04-14,P1068,0.4306,2821.28,1,0
2026-04-15,P1068,0.4365,2791.58,1,3
2026-04-16,P1068,0.4291,2828.65,1,4
2026-04-17,P1068,0.4049,2948.45,1,2
2026-04-18,P1068,0.1992,3967.51,0,1
2026-04-19,P1068,0.201,3958.5,0,0
2026-04-20,P1068,0.214,3893.96,0,1
2026-04-21,P1068,0.1991,3967.98,0,0
2026-04-22,P1068,0.2128,3900.25,0,0
2026-04-23,P1068,0.1786,4069.47,0,0
2026-04-24,P1068,0.2096,3915.81,0,0
2026-04-25,P1068,0.1987,3969.91,0,0
2026-04-26,P1068,0.1928,3998.99,0,1
2026-04-27,P1068,0.1572,4175.37,0,0
2026-04-28,P1068,0.1876,4024.99,0,1
2026-04-29,P1068,0.2086,3921.13,0,1
2026-04-30,P1068,0.1987,3970.21,0,0
2026-05-01,P1068,0.1687,4118.78,0,2
2026-05-02,P1068,0.197,3978.22,0,1
2026-05-03,P1068,0.394,3002.52,1,0
2026-05-04,P1068,0.3725,3108.7,1,0
2026-05-05,P1068,0.4074,2936.23,1,0
2026-05-06,P1068,0.5161,2397.66,1,2
2026-05-07,P1068,0.3918,3013.31,1,3
2026-05-08,P1068,0.286,3537.38,1,1
2026-05-09,P1068,0.4132,2907.23,1,1
2026-05-10,P1068,0.3674,3133.93,1,1
2026-05-11,P1068,0.4043,2951.38,1,3
2026-05-12,P1068,0.2014,3956.43,0,0
2026-05-13,P1068,0.192,4002.93,0,0
2026-05-14,P1068,0.1895,4015.69,0,0
2026-05-15,P1068,0.1985,3970.95,0,0
2026-05-16,P1068,0.2065,3931.21,0,0
2026-05-17,P1068,0.2013,3957.08,0,0
2026-05-18,P1068,0.1913,4006.86,0,0
2026-05-19,P1068,0.2095,3916.52,0,0
2026-05-20,P1068,0.1689,4117.63,0,1
2026-05-21,P1068,0.1955,3985.9,0,0
2026-05-22,P1068,0.1626,4149.04,0,0
2026-05-23,P1068,0.1644,4139.71,0,0
2026-05-24,P1068,0.1796,4064.68,0,0
2026-05-25,P1068,0.2126,3901.03,0,2
2026-05-26,P1068,0.1894,4015.96,0,1
2026-05-27,P1068,0.1627,4148.38,0,0
2026-05-28,P1068,0.1944,3991.26,0,1
2026-05-29,P1068,0.1726,4099.07,0,0
2026-05-30,P1068,0.1814,4055.93,0,0
2026-05-31,P1068,0.2003,3962.1,0,0
2026-06-01,P1068,0.1727,4098.55,0,1
2026-06-02,P1068,0.2129,3899.87,0,1
2026-06-03,P1068,0.1774,4075.33,0,0
2026-06-04,P1068,0.1813,4056.3,0,0
2026-06-05,P1068,0.1968,3979.3,0,0
2026-06-06,P1068,0.1775,4075.2,0,2
2026-06-07,P1068,0.1922,4002.34,0,0
2026-06-08,P1068,0.1934,3996.33,0,0
2026-06-09,P1068,0.2063,3932.08,0,0
2026-06-10,P1068,0.1986,3970.7,0,0
2026-06-11,P1068,0.1827,4049.44,0,0
2026-06-12,P1068,0.1803,4061.14,0,2
2026-06-13,P1068,0.1887,4019.52,0,2
2026-06-14,P1068,0.1903,4011.4,0,0
2026-06-15,P1068,0.1709,4107.93,0,0
2026-06-16,P1068,0.2023,3952.18,0,0
2026-06-17,P1068,0.2048,3939.67,0,1
2026-06-18,P1068,0.1877,4024.52,0,0
2026-06-19,P1068,0.1928,3999.17,0,0
2026-06-20,P1068,0.1813,4056.39,0,0
2026-06-21,P1068,0.1798,4063.61,0,2
2026-06-22,P1068,0.194,3993.3,0,1
2026-06-23,P1068,0.1784,4070.45,0,0
2026-06-24,P1068,0.1657,4133.44,0,0
2026-06-25,P1068,0.1647,4138.24,0,1
2026-06-26,P1068,0.2165,3881.81,0,0
2026-06-27,P1068,0.1659,4132.24,0,0
2026-06-28,P1068,0.1931,3997.85,0,1
2026-06-29,P1068,0.1718,4103.33,0,1
2026-06-30,P1068,0.1947,3989.57,0,1
2026-07-01,P1068,0.2135,3896.6,0,2
2026-07-02,P1068,0.1915,4005.79,0,0
2026-07-03,P1068,0.2078,3924.98,0,2
2026-07-04,P1068,0.1884,4021.25,0,0
2026-07-05,P1068,0.1988,3969.67,0,1
2026-07-06,P1068,0.1908,4009.05,0,1
2026-07-07,P1068,0.1735,4094.94,0,1
2026-07-08,P1068,0.1919,4003.57,0,0
2026-07-09,P1068,0.2212,3858.69,0,0
2026-07-10,P1068,0.1989,3968.87,0,1
2026-07-11,P1068,0.1987,3970.0,0,1
2026-07-12,P1068,0.1959,3983.69,0,0
2026-07-13,P1068,0.175,4087.37,0,2
2026-07-14,P1068,0.1761,4082.04,0,0
2026-03-17,P1069,0.0722,1248.1,0,1
2026-03-18,P1069,0.0658,1256.78,0,2
2026-03-19,P1069,0.0623,1261.47,0,0
2026-03-20,P1069,0.0765,1242.37,0,2
2026-03-21,P1069,0.0629,1260.69,0,2
2026-03-22,P1069,0.0964,1215.51,0,2
2026-03-23,P1069,0.0892,1225.21,0,3
2026-03-24,P1069,0.0877,1227.23,0,2
2026-03-25,P1069,0.0552,1270.98,0,2
2026-03-26,P1069,0.0629,1260.62,0,5
2026-03-27,P1069,0.0801,1237.48,0,0
2026-03-28,P1069,0.0777,1240.72,0,3
2026-03-29,P1069,0.085,1230.98,0,2
2026-03-30,P1069,0.0516,1275.91,0,3
2026-03-31,P1069,0.09,1224.14,0,2
2026-04-01,P1069,0.0738,1245.92,0,3
2026-04-02,P1069,0.0731,1246.86,0,3
2026-04-03,P1069,0.0787,1239.36,0,4
2026-04-04,P1069,0.0679,1253.86,0,3
2026-04-05,P1069,0.0713,1249.39,0,1
2026-04-06,P1069,0.077,1241.7,0,1
2026-04-07,P1069,0.0711,1249.68,0,2
2026-04-08,P1069,0.0784,1239.73,0,5
2026-04-09,P1069,0.0463,1282.92,0,3
2026-04-10,P1069,0.0483,1280.27,0,1
2026-04-11,P1069,0.0764,1242.43,0,2
2026-04-12,P1069,0.0838,1232.55,0,2
2026-04-13,P1069,0.0498,1278.23,0,3
2026-04-14,P1069,0.0602,1264.27,0,2
2026-04-15,P1069,0.0873,1227.89,0,3
2026-04-16,P1069,0.0806,1236.8,0,1
2026-04-17,P1069,0.0569,1268.78,0,3
2026-04-18,P1069,0.0576,1267.83,0,4
2026-04-19,P1069,0.0417,1289.21,0,2
2026-04-20,P1069,0.0679,1253.88,0,5
2026-04-21,P1069,0.092,1221.48,0,1
2026-04-22,P1069,0.0608,1263.48,0,1
2026-04-23,P1069,0.0444,1285.58,0,0
2026-04-24,P1069,0.0636,1259.64,0,2
2026-04-25,P1069,0.0761,1242.85,0,3
2026-04-26,P1069,0.0774,1241.17,0,4
2026-04-27,P1069,0.064,1259.12,0,1
2026-04-28,P1069,0.0703,1250.66,0,0
2026-04-29,P1069,0.0489,1279.5,0,2
2026-04-30,P1069,0.0831,1233.52,0,1
2026-05-01,P1069,0.0817,1235.37,0,2
2026-05-02,P1069,0.077,1241.62,0,3
2026-05-03,P1069,0.077,1241.71,0,4
2026-05-04,P1069,0.0625,1261.14,0,2
2026-05-05,P1069,0.061,1263.22,0,3
2026-05-06,P1069,0.0807,1236.75,0,5
2026-05-07,P1069,0.0595,1265.16,0,0
2026-05-08,P1069,0.0812,1236.08,0,3
2026-05-09,P1069,0.0806,1236.81,0,2
2026-05-10,P1069,0.1037,1205.81,0,1
2026-05-11,P1069,0.0686,1252.95,0,1
2026-05-12,P1069,0.068,1253.82,0,6
2026-05-13,P1069,0.0512,1276.43,0,1
2026-05-14,P1069,0.0796,1238.13,0,2
2026-05-15,P1069,0.0583,1266.82,0,1
2026-05-16,P1069,0.0868,1228.54,0,3
2026-05-17,P1069,0.0643,1258.72,0,1
2026-05-18,P1069,0.0831,1233.45,0,4
2026-05-19,P1069,0.0948,1217.69,0,0
2026-05-20,P1069,0.0894,1224.96,0,0
2026-05-21,P1069,0.0541,1272.43,0,2
2026-05-22,P1069,0.0662,1256.17,0,5
2026-05-23,P1069,0.0708,1249.95,0,2
2026-05-24,P1069,0.0846,1231.51,0,5
2026-05-25,P1069,0.0566,1269.08,0,3
2026-05-26,P1069,0.0668,1255.44,0,5
2026-05-27,P1069,0.0825,1234.23,0,4
2026-05-28,P1069,0.0855,1230.23,0,3
2026-05-29,P1069,0.0595,1265.15,0,3
2026-05-30,P1069,0.0582,1266.98,0,2
2026-05-31,P1069,0.0487,1279.79,0,2
2026-06-01,P1069,0.0402,1291.12,0,4
2026-06-02,P1069,0.0623,1261.51,0,3
2026-06-03,P1069,0.0445,1285.35,0,0
2026-06-04,P1069,0.0885,1226.2,0,1
2026-06-05,P1069,0.2596,995.99,1,10
2026-06-06,P1069,0.2814,966.64,1,6
2026-06-07,P1069,0.3295,901.96,1,5
2026-06-08,P1069,0.3393,888.76,1,12
2026-06-09,P1069,0.3458,880.12,1,8
2026-06-10,P1069,0.3606,860.12,1,4
2026-06-11,P1069,0.2795,969.28,1,7
2026-06-12,P1069,0.3036,936.78,1,4
2026-06-13,P1069,0.1969,1080.43,1,9
2026-06-14,P1069,0.0742,1245.42,0,1
2026-06-15,P1069,0.0596,1265.14,0,2
2026-06-16,P1069,0.0694,1251.96,0,1
2026-06-17,P1069,0.0614,1262.64,0,4
2026-06-18,P1069,0.082,1234.91,0,1
2026-06-19,P1069,0.0602,1264.29,0,3
2026-06-20,P1069,0.0626,1261.09,0,4
2026-06-21,P1069,0.0731,1246.91,0,5
2026-06-22,P1069,0.0542,1272.3,0,4
2026-06-23,P1069,0.0457,1283.78,0,4
2026-06-24,P1069,0.0781,1240.15,0,5
2026-06-25,P1069,0.0866,1228.77,0,1
2026-06-26,P1069,0.088,1226.83,0,2
2026-06-27,P1069,0.087,1228.19,0,2
2026-06-28,P1069,0.0707,1250.14,0,2
2026-06-29,P1069,0.0606,1263.74,0,1
2026-06-30,P1069,0.0681,1253.64,0,1
2026-07-01,P1069,0.0734,1246.55,0,2
2026-07-02,P1069,0.0724,1247.85,0,5
2026-07-03,P1069,0.0649,1257.89,0,3
2026-07-04,P1069,0.0864,1229.07,0,2
2026-07-05,P1069,0.0679,1253.93,0,4
2026-07-06,P1069,0.0666,1255.66,0,0
2026-07-07,P1069,0.0415,1289.46,0,1
2026-07-08,P1069,0.0761,1242.87,0,4
2026-07-09,P1069,0.0658,1256.73,0,6
2026-07-10,P1069,0.0626,1260.98,0,4
2026-07-11,P1069,0.0818,1235.22,0,2
2026-07-12,P1069,0.0862,1229.37,0,3
2026-07-13,P1069,0.0911,1222.7,0,0
2026-07-14,P1069,0.0652,1257.59,0,0
2026-03-17,P1070,0.0472,2634.34,0,0
2026-03-18,P1070,0.0431,2645.6,0,1
2026-03-19,P1070,0.0411,2651.04,0,1
2026-03-20,P1070,0.0223,2703.09,0,2
2026-03-21,P1070,0.0423,2647.85,0,0
2026-03-22,P1070,0.0694,2572.99,0,0
2026-03-23,P1070,0.048,2632.06,0,1
2026-03-24,P1070,0.0507,2624.49,0,1
2026-03-25,P1070,0.0613,2595.22,0,1
2026-03-26,P1070,0.0594,2600.46,0,0
2026-03-27,P1070,0.0127,2729.65,0,0
2026-03-28,P1070,0.0277,2688.28,0,1
2026-03-29,P1070,0.05,2626.5,0,3
2026-03-30,P1070,0.0744,2559.16,0,0
2026-03-31,P1070,0.0496,2627.5,0,1
2026-04-01,P1070,0.0474,2633.71,0,1
2026-04-02,P1070,0.0519,2621.17,0,0
2026-04-03,P1070,0.0278,2687.87,0,1
2026-04-04,P1070,0.0574,2606.09,0,1
2026-04-05,P1070,0.025,2695.76,0,0
2026-04-06,P1070,0.0642,2587.15,0,1
2026-04-07,P1070,0.0423,2647.93,0,0
2026-04-08,P1070,0.0567,2608.11,0,3
2026-04-09,P1070,0.0536,2616.55,0,0
2026-04-10,P1070,0.0418,2649.27,0,1
2026-04-11,P1070,0.0362,2664.63,0,0
2026-04-12,P1070,0.0692,2573.52,0,1
2026-04-13,P1070,0.0298,2682.27,0,0
2026-04-14,P1070,0.0576,2605.43,0,0
2026-04-15,P1070,0.0566,2608.31,0,0
2026-04-16,P1070,0.0476,2633.17,0,1
2026-04-17,P1070,0.0654,2583.98,0,0
2026-04-18,P1070,0.0674,2578.37,0,0
2026-04-19,P1070,0.02,2709.41,0,1
2026-04-20,P1070,0.0467,2635.61,0,1
2026-04-21,P1070,0.0401,2654.02,0,1
2026-04-22,P1070,0.2778,1996.58,1,3
2026-04-23,P1070,0.3123,1901.32,1,1
2026-04-24,P1070,0.2529,2065.63,1,3
2026-04-25,P1070,0.273,2010.08,1,1
2026-04-26,P1070,0.1836,2257.29,1,2
2026-04-27,P1070,0.2394,2102.79,1,2
2026-04-28,P1070,0.2362,2111.85,1,2
2026-04-29,P1070,0.246,2084.71,1,2
2026-04-30,P1070,0.2914,1958.98,1,0
2026-05-01,P1070,0.0298,2682.3,0,3
2026-05-02,P1070,0.0302,2681.23,0,2
2026-05-03,P1070,0.0409,2651.79,0,0
2026-05-04,P1070,0.0196,2710.68,0,0
2026-05-05,P1070,0.0415,2650.06,0,0
2026-05-06,P1070,0.0337,2671.62,0,0
2026-05-07,P1070,0.0474,2633.66,0,1
2026-05-08,P1070,0.0746,2558.58,0,2
2026-05-09,P1070,0.0647,2586.02,0,0
2026-05-10,P1070,0.0473,2633.87,0,2
2026-05-11,P1070,0.0482,2631.63,0,1
2026-05-12,P1070,0.0132,2728.17,0,0
2026-05-13,P1070,0.0411,2651.13,0,0
2026-05-14,P1070,0.0487,2630.14,0,0
2026-05-15,P1070,0.045,2640.34,0,1
2026-05-16,P1070,0.0173,2716.8,0,2
2026-05-17,P1070,0.0556,2610.94,0,2
2026-05-18,P1070,0.0468,2635.28,0,0
2026-05-19,P1070,0.0678,2577.34,0,1
2026-05-20,P1070,0.0498,2627.17,0,1
2026-05-21,P1070,0.0338,2671.4,0,1
2026-05-22,P1070,0.043,2645.89,0,1
2026-05-23,P1070,0.0552,2612.05,0,1
2026-05-24,P1070,0.0368,2662.97,0,0
2026-05-25,P1070,0.0572,2606.61,0,1
2026-05-26,P1070,0.0326,2674.63,0,2
2026-05-27,P1070,0.0346,2669.06,0,1
2026-05-28,P1070,0.0501,2626.38,0,0
2026-05-29,P1070,0.0442,2642.62,0,1
2026-05-30,P1070,0.0454,2639.31,0,2
2026-05-31,P1070,0.06,2599.02,0,2
2026-06-01,P1070,0.045,2640.47,0,0
2026-06-02,P1070,0.0465,2636.2,0,5
2026-06-03,P1070,0.0082,2742.04,0,2
2026-06-04,P1070,0.0282,2686.67,0,0
2026-06-05,P1070,0.0367,2663.41,0,1
2026-06-06,P1070,0.0562,2609.39,0,1
2026-06-07,P1070,0.0206,2707.83,0,1
2026-06-08,P1070,0.0335,2672.13,0,1
2026-06-09,P1070,0.0356,2666.42,0,1
2026-06-10,P1070,0.0348,2668.68,0,0
2026-06-11,P1070,0.0488,2629.83,0,0
2026-06-12,P1070,0.0643,2587.11,0,1
2026-06-13,P1070,0.0298,2682.3,0,0
2026-06-14,P1070,0.036,2665.34,0,0
2026-06-15,P1070,0.0439,2643.48,0,1
2026-06-16,P1070,0.0353,2667.04,0,1
2026-06-17,P1070,0.0382,2659.08,0,0
2026-06-18,P1070,0.0726,2564.09,0,1
2026-06-19,P1070,0.0547,2613.63,0,0
2026-06-20,P1070,0.0376,2660.88,0,2
2026-06-21,P1070,0.0686,2575.1,0,1
2026-06-22,P1070,0.0668,2580.13,0,1
2026-06-23,P1070,0.0342,2670.16,0,1
2026-06-24,P1070,0.0523,2620.28,0,0
2026-06-25,P1070,0.029,2684.61,0,0
2026-06-26,P1070,0.0313,2678.3,0,0
2026-06-27,P1070,0.0573,2606.41,0,0
2026-06-28,P1070,0.0591,2601.31,0,3
2026-06-29,P1070,0.0145,2724.75,0,0
2026-06-30,P1070,0.0526,2619.32,0,1
2026-07-01,P1070,0.022,2703.88,0,1
2026-07-02,P1070,0.0394,2655.84,0,0
2026-07-03,P1070,0.0778,2549.7,0,2
2026-07-04,P1070,0.0603,2597.96,0,1
2026-07-05,P1070,0.0286,2685.82,0,1
2026-07-06,P1070,0.0373,2661.57,0,0
2026-07-07,P1070,0.0334,2672.56,0,2
2026-07-08,P1070,0.0327,2674.31,0,1
2026-07-09,P1070,0.0516,2622.12,0,2
2026-07-10,P1070,0.0415,2649.99,0,0
2026-07-11,P1070,0.0604,2597.89,0,0
2026-07-12,P1070,0.0627,2591.45,0,0
2026-07-13,P1070,0.0353,2667.28,0,1
2026-07-14,P1070,0.0342,2670.17,0,0
2026-03-17,P1071,0.0918,414.78,0,4
2026-03-18,P1071,0.1167,403.45,0,7
2026-03-19,P1071,0.1217,401.15,0,2
2026-03-20,P1071,0.0903,415.51,0,8
2026-03-21,P1071,0.0876,416.73,0,8
2026-03-22,P1071,0.0834,418.65,0,2
2026-03-23,P1071,0.098,411.95,0,4
2026-03-24,P1071,0.0899,415.67,0,3
2026-03-25,P1071,0.0861,417.4,0,4
2026-03-26,P1071,0.0838,418.44,0,4
2026-03-27,P1071,0.0852,417.81,0,7
2026-03-28,P1071,0.0833,418.67,0,5
2026-03-29,P1071,0.0714,424.11,0,4
2026-03-30,P1071,0.0887,416.2,0,6
2026-03-31,P1071,0.0962,412.81,0,10
2026-04-01,P1071,0.0853,417.76,0,1
2026-04-02,P1071,0.0719,423.9,0,3
2026-04-03,P1071,0.083,418.8,0,5
2026-04-04,P1071,0.0831,418.76,0,3
2026-04-05,P1071,0.0843,418.22,0,5
2026-04-06,P1071,0.0969,412.46,0,9
2026-04-07,P1071,0.0949,413.39,0,6
2026-04-08,P1071,0.0843,418.23,0,6
2026-04-09,P1071,0.1022,410.06,0,7
2026-04-10,P1071,0.0929,414.32,0,3
2026-04-11,P1071,0.0993,411.4,0,3
2026-04-12,P1071,0.0854,417.75,0,2
2026-04-13,P1071,0.112,405.57,0,6
2026-04-14,P1071,0.0846,418.07,0,9
2026-04-15,P1071,0.0802,420.1,0,6
2026-04-16,P1071,0.106,408.29,0,7
2026-04-17,P1071,0.0725,423.62,0,5
2026-04-18,P1071,0.0824,419.08,0,9
2026-04-19,P1071,0.1018,410.25,0,4
2026-04-20,P1071,0.1242,400.03,0,5
2026-04-21,P1071,0.3168,312.03,1,12
2026-04-22,P1071,0.3645,290.26,1,14
2026-04-23,P1071,0.3839,281.38,1,10
2026-04-24,P1071,0.2031,363.97,1,12
2026-04-25,P1071,0.0726,423.56,0,6
2026-04-26,P1071,0.1226,400.72,0,3
2026-04-27,P1071,0.0959,412.92,0,9
2026-04-28,P1071,0.09,415.62,0,3
2026-04-29,P1071,0.1064,408.15,0,5
2026-04-30,P1071,0.0811,419.67,0,1
2026-05-01,P1071,0.0944,413.61,0,7
2026-05-02,P1071,0.0966,412.62,0,4
2026-05-03,P1071,0.0909,415.19,0,7
2026-05-04,P1071,0.0903,415.49,0,10
2026-05-05,P1071,0.0852,417.82,0,2
2026-05-06,P1071,0.1081,407.35,0,4
2026-05-07,P1071,0.0903,415.47,0,3
2026-05-08,P1071,0.1326,396.19,0,5
2026-05-09,P1071,0.105,408.78,0,5
2026-05-10,P1071,0.0835,418.59,0,4
2026-05-11,P1071,0.1044,409.03,0,7
2026-05-12,P1071,0.0839,418.4,0,2
2026-05-13,P1071,0.1075,407.62,0,5
2026-05-14,P1071,0.0858,417.54,0,9
2026-05-15,P1071,0.0964,412.71,0,3
2026-05-16,P1071,0.1102,406.38,0,3
2026-05-17,P1071,0.0937,413.92,0,6
2026-05-18,P1071,0.0835,418.58,0,6
2026-05-19,P1071,0.0872,416.9,0,3
2026-05-20,P1071,0.092,414.69,0,6
2026-05-21,P1071,0.083,418.82,0,6
2026-05-22,P1071,0.071,424.29,0,6
2026-05-23,P1071,0.112,405.58,0,6
2026-05-24,P1071,0.0857,417.59,0,2
2026-05-25,P1071,0.0873,416.86,0,6
2026-05-26,P1071,0.1087,407.08,0,4
2026-05-27,P1071,0.0758,422.09,0,0
2026-05-28,P1071,0.0874,416.81,0,2
2026-05-29,P1071,0.0846,418.1,0,1
2026-05-30,P1071,0.0795,420.42,0,5
2026-05-31,P1071,0.0939,413.86,0,6
2026-06-01,P1071,0.0485,434.58,0,3
2026-06-02,P1071,0.1126,405.31,0,6
2026-06-03,P1071,0.0939,413.83,0,5
2026-06-04,P1071,0.0871,416.94,0,5
2026-06-05,P1071,0.0982,411.87,0,2
2026-06-06,P1071,0.0951,413.29,0,8
2026-06-07,P1071,0.0676,425.87,0,3
2026-06-08,P1071,0.0979,412.01,0,3
2026-06-09,P1071,0.0941,413.77,0,6
2026-06-10,P1071,0.0967,412.55,0,7
2026-06-11,P1071,0.0924,414.52,0,5
2026-06-12,P1071,0.0959,412.91,0,7
2026-06-13,P1071,0.0904,415.45,0,3
2026-06-14,P1071,0.1143,404.55,0,5
2026-06-15,P1071,0.0873,416.85,0,4
2026-06-16,P1071,0.1167,403.42,0,3
2026-06-17,P1071,0.1101,406.46,0,6
2026-06-18,P1071,0.0893,415.94,0,12
2026-06-19,P1071,0.0716,424.04,0,2
2026-06-20,P1071,0.0911,415.12,0,5
2026-06-21,P1071,0.1187,402.5,0,4
2026-06-22,P1071,0.0936,413.99,0,4
2026-06-23,P1071,0.0981,411.94,0,3
2026-06-24,P1071,0.304,317.89,1,14
2026-06-25,P1071,0.3056,317.16,1,11
2026-06-26,P1071,0.4101,269.43,1,8
2026-06-27,P1071,0.2802,328.74,1,10
2026-06-28,P1071,0.2022,364.36,1,5
2026-06-29,P1071,0.3061,316.91,1,12
2026-06-30,P1071,0.0926,414.43,0,5
2026-07-01,P1071,0.0972,412.32,0,3
2026-07-02,P1071,0.0946,413.54,0,6
2026-07-03,P1071,0.0992,411.41,0,6
2026-07-04,P1071,0.0689,425.25,0,0
2026-07-05,P1071,0.0662,426.48,0,3
2026-07-06,P1071,0.0926,414.42,0,4
2026-07-07,P1071,0.0791,420.59,0,2
2026-07-08,P1071,0.0786,420.85,0,2
2026-07-09,P1071,0.0687,425.36,0,2
2026-07-10,P1071,0.1064,408.12,0,2
2026-07-11,P1071,0.0883,416.39,0,7
2026-07-12,P1071,0.0936,413.99,0,9
2026-07-13,P1071,0.1118,405.67,0,4
2026-07-14,P1071,0.094,413.8,0,0
