data/DailyScrapeLog.csv
ScrapingDate,ProductID,DiscountPercentage,SellingPrice,IsPromotional,UnitsSold
2026-03-17,P1072,0.0466,2446.84,0,3
2026-03-18,P1072,0.0843,2350.2,0,1
2026-03-19,P1072,0.0579,2417.92,0,3
2026-03-20,P1072,0.0809,2358.78,0,2
2026-03-21,P1072,0.0901,2335.31,0,2
2026-03-22,P1072,0.079,2363.69,0,1
2026-03-23,P1072,0.062,2407.35,0,2
2026-03-24,P1072,0.0828,2354.07,0,2
2026-03-25,P1072,0.0422,2458.18,0,1
2026-03-26,P1072,0.0987,2313.17,0,0
2026-03-27,P1072,0.0765,2370.25,0,1
2026-03-28,P1072,0.0827,2354.29,0,1
2026-03-29,P1072,0.0872,2342.6,0,3
2026-03-30,P1072,0.0892,2337.51,0,0
2026-03-31,P1072,0.0959,2320.35,0,0
2026-04-01,P1072,0.0701,2386.62,0,1
2026-04-02,P1072,0.0601,2412.15,0,0
2026-04-03,P1072,0.094,2325.39,0,1
2026-04-04,P1072,0.0799,2361.4,0,0
2026-04-05,P1072,0.062,2407.33,0,1
2026-04-06,P1072,0.0932,2327.24,0,1
2026-04-07,P1072,0.073,2379.15,0,5
2026-04-08,P1072,0.0567,2421.12,0,1
2026-04-09,P1072,0.0589,2415.43,0,0
2026-04-10,P1072,0.0601,2412.31,0,0
2026-04-11,P1072,0.0844,2350.0,0,4
2026-04-12,P1072,0.0904,2334.53,0,0
2026-04-13,P1072,0.081,2358.68,0,3
2026-04-14,P1072,0.0849,2348.63,0,1
2026-04-15,P1072,0.0718,2382.2,0,1
2026-04-16,P1072,0.0466,2447.04,0,0
2026-04-17,P1072,0.0692,2388.81,0,3
2026-04-18,P1072,0.0892,2337.49,0,0
2026-04-19,P1072,0.0927,2328.6,0,4
2026-04-20,P1072,0.0692,2388.79,0,2
2026-04-21,P1072,0.081,2358.62,0,1
2026-04-22,P1072,0.075,2374.01,0,0
2026-04-23,P1072,0.0341,2478.96,0,1
2026-04-24,P1072,0.0674,2393.55,0,2
2026-04-25,P1072,0.0548,2425.87,0,3
2026-04-26,P1072,0.0553,2424.54,0,2
2026-04-27,P1072,0.0615,2408.62,0,1
2026-04-28,P1072,0.1191,2260.86,0,1
2026-04-29,P1072,0.0716,2382.85,0,1
2026-04-30,P1072,0.0966,2318.5,0,3
2026-05-01,P1072,0.0811,2358.34,0,0
2026-05-02,P1072,0.0693,2388.79,0,3
2026-05-03,P1072,0.0875,2341.9,0,0
2026-05-04,P1072,0.0863,2345.07,0,2
2026-05-05,P1072,0.0734,2378.03,0,1
2026-05-06,P1072,0.0525,2431.82,0,2
2026-05-07,P1072,0.0542,2427.31,0,1
2026-05-08,P1072,0.0607,2410.76,0,1
2026-05-09,P1072,0.0714,2383.27,0,1
2026-05-10,P1072,0.0468,2446.36,0,0
2026-05-11,P1072,0.0756,2372.57,0,4
2026-05-12,P1072,0.0921,2330.15,0,3
2026-05-13,P1072,0.0615,2408.7,0,0
2026-05-14,P1072,0.104,2299.68,0,3
2026-05-15,P1072,0.0913,2332.21,0,1
2026-05-16,P1072,0.0757,2372.22,0,3
2026-05-17,P1072,0.0891,2337.72,0,0
2026-05-18,P1072,0.0838,2351.39,0,1
2026-05-19,P1072,0.0799,2361.56,0,4
2026-05-20,P1072,0.0612,2409.36,0,2
2026-05-21,P1072,0.0562,2422.29,0,4
2026-05-22,P1072,0.087,2343.13,0,2
2026-05-23,P1072,0.0791,2363.63,0,1
2026-05-24,P1072,0.0672,2394.08,0,1
2026-05-25,P1072,0.1011,2307.03,0,2
2026-05-26,P1072,0.0701,2386.6,0,3
2026-05-27,P1072,0.0796,2362.13,0,1
2026-05-28,P1072,0.0766,2369.98,0,1
2026-05-29,P1072,0.3481,1673.19,1,3
2026-05-30,P1072,0.25,1924.94,1,1
2026-05-31,P1072,0.2125,2021.22,1,1
2026-06-01,P1072,0.287,1829.92,1,2
2026-06-02,P1072,0.1971,2060.58,1,5
2026-06-03,P1072,0.3478,1673.8,1,3
2026-06-04,P1072,0.0799,2361.43,0,0
2026-06-05,P1072,0.0879,2340.93,0,3
2026-06-06,P1072,0.0481,2443.03,0,0
2026-06-07,P1072,0.0809,2358.98,0,0
2026-06-08,P1072,0.0845,2349.67,0,1
2026-06-09,P1072,0.0782,2365.8,0,4
2026-06-10,P1072,0.0624,2406.42,0,1
2026-06-11,P1072,0.0783,2365.51,0,2
2026-06-12,P1072,0.0851,2348.03,0,0
2026-06-13,P1072,0.0835,2352.2,0,2
2026-06-14,P1072,0.0622,2407.0,0,3
2026-06-15,P1072,0.0801,2360.83,0,2
2026-06-16,P1072,0.0861,2345.47,0,0
2026-06-17,P1072,0.0844,2349.87,0,1
2026-06-18,P1072,0.0701,2386.67,0,0
2026-06-19,P1072,0.0912,2332.49,0,1
2026-06-20,P1072,0.0742,2375.97,0,0
2026-06-21,P1072,0.0718,2382.22,0,2
2026-06-22,P1072,0.092,2330.39,0,0
2026-06-23,P1072,0.0601,2412.25,0,4
2026-06-24,P1072,0.0776,2367.38,0,1
2026-06-25,P1072,0.066,2397.08,0,2
2026-06-26,P1072,0.1021,2304.47,0,1
2026-06-27,P1072,0.0992,2312.02,0,1
2026-06-28,P1072,0.0431,2455.9,0,1
2026-06-29,P1072,0.0783,2365.49,0,0
2026-06-30,P1072,0.0599,2412.89,0,4
2026-07-01,P1072,0.0817,2356.9,0,2
2026-07-02,P1072,0.0471,2445.56,0,2
2026-07-03,P1072,0.0674,2393.5,0,3
2026-07-04,P1072,0.0847,2349.18,0,0
2026-07-05,P1072,0.076,2371.38,0,3
2026-07-06,P1072,0.0854,2347.32,0,1
2026-07-07,P1072,0.0761,2371.2,0,1
2026-07-08,P1072,0.1129,2276.81,0,1
2026-07-09,P1072,0.0864,2344.74,0,3
2026-07-10,P1072,0.0468,2446.44,0,0
2026-07-11,P1072,0.0879,2340.94,0,2
2026-07-12,P1072,0.0832,2352.94,0,2
2026-07-13,P1072,0.0801,2360.87,0,2
2026-07-14,P1072,0.0871,2342.88,0,1
2026-03-17,P1073,0.0544,3773.05,0,1
2026-03-18,P1073,0.0231,3897.85,0,0
2026-03-19,P1073,0.0477,3799.79,0,0
2026-03-20,P1073,0.0352,3849.52,0,1
2026-03-21,P1073,0.0387,3835.76,0,0
2026-03-22,P1073,0.0419,3822.9,0,1
2026-03-23,P1073,0.0356,3848.13,0,1
2026-03-24,P1073,0.0524,3781.03,0,0
2026-03-25,P1073,0.0253,3889.27,0,2
2026-03-26,P1073,0.0401,3830.25,0,3
2026-03-27,P1073,0.0229,3898.92,0,0
2026-03-28,P1073,0.0307,3867.65,0,1
2026-03-29,P1073,0.0247,3891.56,0,2
2026-03-30,P1073,0.0413,3825.33,0,1
2026-03-31,P1073,0.0393,3833.39,0,1
2026-04-01,P1073,0.0293,3873.08,0,0
2026-04-02,P1073,0.0026,3979.86,0,1
2026-04-03,P1073,0.0448,3811.56,0,2
2026-04-04,P1073,0.0678,3719.82,0,0
2026-04-05,P1073,0.038,3838.65,0,1
2026-04-06,P1073,0.0288,3875.44,0,0
2026-04-07,P1073,0.0047,3971.32,0,0
2026-04-08,P1073,0.0407,3827.69,0,1
2026-04-09,P1073,0.0272,3881.8,0,3
2026-04-10,P1073,0.0242,3893.58,0,1
2026-04-11,P1073,0.0224,3900.69,0,0
2026-04-12,P1073,0.019,3914.23,0,2
2026-04-13,P1073,0.0151,3929.9,0,1
2026-04-14,P1073,0.0077,3959.43,0,0
2026-04-15,P1073,0.0372,3841.66,0,1
2026-04-16,P1073,0.024,3894.52,0,0
2026-04-17,P1073,0.0514,3785.17,0,1
2026-04-18,P1073,0.0298,3871.12,0,0
2026-04-19,P1073,0.0,3990.17,0,0
2026-04-20,P1073,0.0242,3893.68,0,0
2026-04-21,P1073,0.0378,3839.47,0,1
2026-04-22,P1073,0.024,3894.3,0,1
2026-04-23,P1073,0.0365,3844.59,0,0
2026-04-24,P1073,0.0332,3857.83,0,0
2026-04-25,P1073,0.0444,3812.93,0,0
2026-04-26,P1073,0.0286,3876.11,0,1
2026-04-27,P1073,0.0048,3971.14,0,1
2026-04-28,P1073,0.0014,3984.39,0,1
2026-04-29,P1073,0.001,3986.0,0,0
2026-04-30,P1073,0.025,3890.37,0,2
2026-05-01,P1073,0.0314,3864.8,0,1
2026-05-02,P1073,0.0536,3776.37,0,1
2026-05-03,P1073,0.0337,3855.89,0,3
2026-05-04,P1073,0.0255,3888.3,0,0
2026-05-05,P1073,0.0548,3771.61,0,0
2026-05-06,P1073,0.0351,3850.18,0,0
2026-05-07,P1073,0.0478,3799.6,0,0
2026-05-08,P1073,0.0474,3801.0,0,2
2026-05-09,P1073,0.032,3862.36,0,2
2026-05-10,P1073,0.0201,3909.97,0,0
2026-05-11,P1073,0.0046,3971.62,0,1
2026-05-12,P1073,0.0257,3887.82,0,0
2026-05-13,P1073,0.0525,3780.52,0,1
2026-05-14,P1073,0.0497,3791.83,0,0
2026-05-15,P1073,0.0458,3807.39,0,0
2026-05-16,P1073,0.0341,3853.94,0,0
2026-05-17,P1073,0.0414,3825.02,0,0
2026-05-18,P1073,0.0376,3839.97,0,0
2026-05-19,P1073,0.0522,3781.86,0,1
2026-05-20,P1073,0.1852,3251.32,1,3
2026-05-21,P1073,0.2773,2883.78,1,1
2026-05-22,P1073,0.282,2865.05,1,0
2026-05-23,P1073,0.1468,3404.61,1,5
2026-05-24,P1073,0.406,2370.32,1,0
2026-05-25,P1073,0.256,2968.58,1,1
2026-05-26,P1073,0.2448,3013.48,1,3
2026-05-27,P1073,0.2209,3108.92,1,1
2026-05-28,P1073,0.1429,3420.12,1,3
2026-05-29,P1073,0.055,3770.61,0,0
2026-05-30,P1073,0.0,3990.17,0,1
2026-05-31,P1073,0.0477,3799.9,0,1
2026-06-01,P1073,0.0394,3832.78,0,1
2026-06-02,P1073,0.0228,3899.22,0,2
2026-06-03,P1073,0.008,3958.2,0,2
2026-06-04,P1073,0.0033,3977.15,0,0
2026-06-05,P1073,0.0,3990.17,0,1
2026-06-06,P1073,0.023,3898.2,0,0
2026-06-07,P1073,0.0471,3802.26,0,1
2026-06-08,P1073,0.0537,3775.78,0,1
2026-06-09,P1073,0.0699,3711.35,0,1
2026-06-10,P1073,0.0223,3901.37,0,0
2026-06-11,P1073,0.0438,3815.46,0,1
2026-06-12,P1073,0.0514,3784.88,0,0
2026-06-13,P1073,0.0255,3888.3,0,0
2026-06-14,P1073,0.1757,3289.26,1,2
2026-06-15,P1073,0.2819,2865.44,1,1
2026-06-16,P1073,0.2966,2806.71,1,0
2026-06-17,P1073,0.2128,3140.9,1,1
2026-06-18,P1073,0.2618,2945.66,1,4
2026-06-19,P1073,0.1474,3402.11,1,1
2026-06-20,P1073,0.0266,3883.97,0,2
2026-06-21,P1073,0.0396,3832.33,0,0
2026-06-22,P1073,0.0518,3783.41,0,0
2026-06-23,P1073,0.0442,3813.8,0,0
2026-06-24,P1073,0.049,3794.58,0,1
2026-06-25,P1073,0.0187,3915.62,0,0
2026-06-26,P1073,0.0457,3807.95,0,0
2026-06-27,P1073,0.0481,3798.33,0,3
2026-06-28,P1073,0.0446,3812.25,0,1
2026-06-29,P1073,0.0275,3880.61,0,1
2026-06-30,P1073,0.0102,3949.53,0,0
2026-07-01,P1073,0.0527,3779.77,0,2
2026-07-02,P1073,0.0305,3868.35,0,1
2026-07-03,P1073,0.0316,3864.27,0,1
2026-07-04,P1073,0.0076,3959.69,0,0
2026-07-05,P1073,0.0102,3949.3,0,0
2026-07-06,P1073,0.0302,3869.66,0,1
2026-07-07,P1073,0.0075,3960.14,0,1
2026-07-08,P1073,0.0376,3840.15,0,2
2026-07-09,P1073,0.0517,3783.92,0,0
2026-07-10,P1073,0.0352,3849.77,0,3
2026-07-11,P1073,0.0275,3880.37,0,0
2026-07-12,P1073,0.019,3914.41,0,0
2026-07-13,P1073,0.0272,3881.74,0,0
2026-07-14,P1073,0.0256,3887.98,0,0
2026-03-17,P1074,0.0347,3608.05,0,2
2026-03-18,P1074,0.029,3629.33,0,3
2026-03-19,P1074,0.0492,3553.7,0,1
2026-03-20,P1074,0.0452,3568.95,0,2
2026-03-21,P1074,0.0249,3644.71,0,1
2026-03-22,P1074,0.0198,3663.8,0,0
2026-03-23,P1074,0.053,3539.75,0,2
2026-03-24,P1074,0.0315,3619.87,0,0
2026-03-25,P1074,0.0434,3575.69,0,1
2026-03-26,P1074,0.0611,3509.57,0,1
2026-03-27,P1074,0.0548,3532.93,0,1
2026-03-28,P1074,0.0286,3630.83,0,1
2026-03-29,P1074,0.0424,3579.39,0,1
2026-03-30,P1074,0.0385,3594.05,0,1
2026-03-31,P1074,0.0336,3612.13,0,1
2026-04-01,P1074,0.0533,3538.69,0,1
2026-04-02,P1074,0.0475,3560.39,0,1
2026-04-03,P1074,0.0735,3463.19,0,1
2026-04-04,P1074,0.0065,3713.56,0,2
2026-04-05,P1074,0.0535,3537.72,0,0
2026-04-06,P1074,0.0543,3534.87,0,1
2026-04-07,P1074,0.0366,3601.1,0,3
2026-04-08,P1074,0.0413,3583.26,0,1
2026-04-09,P1074,0.033,3614.4,0,1
2026-04-10,P1074,0.035,3607.13,0,1
2026-04-11,P1074,0.0647,3496.05,0,0
2026-04-12,P1074,0.0602,3512.7,0,1
2026-04-13,P1074,0.0595,3515.23,0,1
2026-04-14,P1074,0.0441,3572.93,0,4
2026-04-15,P1074,0.0643,3497.57,0,1
2026-04-16,P1074,0.0658,3491.79,0,5
2026-04-17,P1074,0.035,3606.85,0,0
2026-04-18,P1074,0.0786,3444.01,0,3
2026-04-19,P1074,0.0426,3578.65,0,0
2026-04-20,P1074,0.034,3610.56,0,1
2026-04-21,P1074,0.0518,3544.03,0,1
2026-04-22,P1074,0.0667,3488.62,0,1
2026-04-23,P1074,0.0539,3536.29,0,1
2026-04-24,P1074,0.0394,3590.57,0,1
2026-04-25,P1074,0.0588,3518.06,0,1
2026-04-26,P1074,0.0394,3590.52,0,2
2026-04-27,P1074,0.0633,3501.05,0,0
2026-04-28,P1074,0.0745,3459.25,0,0
2026-04-29,P1074,0.0307,3623.12,0,0
2026-04-30,P1074,0.0437,3574.31,0,0
2026-05-01,P1074,0.0366,3600.96,0,0
2026-05-02,P1074,0.0481,3558.15,0,0
2026-05-03,P1074,0.0607,3510.98,0,0
2026-05-04,P1074,0.0438,3574.01,0,0
2026-05-05,P1074,0.0648,3495.64,0,0
2026-05-06,P1074,0.0296,3627.23,0,2
2026-05-07,P1074,0.0231,3651.39,0,2
2026-05-08,P1074,0.0244,3646.53,0,0
2026-05-09,P1074,0.0471,3561.74,0,2
2026-05-10,P1074,0.1842,3049.27,1,2
2026-05-11,P1074,0.3307,2501.74,1,1
2026-05-12,P1074,0.3002,2615.6,1,6
2026-05-13,P1074,0.1956,3006.62,1,2
2026-05-14,P1074,0.1363,3228.21,1,4
2026-05-15,P1074,0.1266,3264.51,1,5
2026-05-16,P1074,0.3194,2543.76,1,1
2026-05-17,P1074,0.0348,3607.61,0,1
2026-05-18,P1074,0.0463,3564.63,0,1
2026-05-19,P1074,0.0452,3568.97,0,1
2026-05-20,P1074,0.0458,3566.53,0,0
2026-05-21,P1074,0.0432,3576.42,0,1
2026-05-22,P1074,0.0472,3561.2,0,2
2026-05-23,P1074,0.0391,3591.67,0,2
2026-05-24,P1074,0.0528,3540.58,0,2
2026-05-25,P1074,0.0161,3677.62,0,2
2026-05-26,P1074,0.0718,3469.22,0,1
2026-05-27,P1074,0.0426,3578.4,0,1
2026-05-28,P1074,0.0671,3486.99,0,4
2026-05-29,P1074,0.0604,3511.83,0,1
2026-05-30,P1074,0.0759,3454.16,0,0
2026-05-31,P1074,0.0619,3506.47,0,1
2026-06-01,P1074,0.0513,3545.95,0,0
2026-06-02,P1074,0.0703,3475.14,0,2
2026-06-03,P1074,0.0561,3527.91,0,2
2026-06-04,P1074,0.027,3636.77,0,2
2026-06-05,P1074,0.0385,3593.88,0,1
2026-06-06,P1074,0.0478,3559.1,0,1
2026-06-07,P1074,0.0364,3601.65,0,1
2026-06-08,P1074,0.0424,3579.39,0,1
2026-06-09,P1074,0.079,3442.5,0,0
2026-06-10,P1074,0.0523,3542.29,0,3
2026-06-11,P1074,0.0549,3532.74,0,0
2026-06-12,P1074,0.0478,3559.06,0,1
2026-06-13,P1074,0.0724,3467.33,0,2
2026-06-14,P1074,0.0492,3553.69,0,0
2026-06-15,P1074,0.0185,3668.5,0,1
2026-06-16,P1074,0.0619,3506.31,0,2
2026-06-17,P1074,0.053,3539.54,0,0
2026-06-18,P1074,0.0556,3529.78,0,1
2026-06-19,P1074,0.0701,3475.81,0,2
2026-06-20,P1074,0.2737,2714.69,1,1
2026-06-21,P1074,0.3489,2433.64,1,2
2026-06-22,P1074,0.2489,2807.3,1,3
2026-06-23,P1074,0.2775,2700.71,1,1
2026-06-24,P1074,0.3007,2613.7,1,1
2026-06-25,P1074,0.2133,2940.6,1,1
2026-06-26,P1074,0.2041,2974.75,1,2
2026-06-27,P1074,0.0427,3578.33,0,0
2026-06-28,P1074,0.0614,3508.27,0,2
2026-06-29,P1074,0.0396,3589.87,0,0
2026-06-30,P1074,0.0318,3618.97,0,2
2026-07-01,P1074,0.0435,3575.22,0,0
2026-07-02,P1074,0.0598,3514.36,0,2
2026-07-03,P1074,0.0456,3567.18,0,0
2026-07-04,P1074,0.0574,3523.32,0,0
2026-07-05,P1074,0.0225,3653.68,0,4
2026-07-06,P1074,0.0408,3585.36,0,1
2026-07-07,P1074,0.0559,3528.97,0,0
2026-07-08,P1074,0.0489,3555.01,0,0
2026-07-09,P1074,0.052,3543.27,0,3
2026-07-10,P1074,0.0568,3525.51,0,2
2026-07-11,P1074,0.0353,3605.83,0,2
2026-07-12,P1074,0.0653,3493.66,0,0
2026-07-13,P1074,0.0391,3591.62,0,2
2026-07-14,P1074,0.0461,3565.4,0,2
2026-03-17,P1075,0.0101,4174.69,0,0
2026-03-18,P1075,0.0,4217.43,0,3
2026-03-19,P1075,0.014,4158.19,0,2
2026-03-20,P1075,0.0189,4137.57,0,0
2026-03-21,P1075,0.0,4217.43,0,0
2026-03-22,P1075,0.0446,4029.37,0,1
2026-03-23,P1075,0.0119,4167.05,0,2
2026-03-24,P1075,0.0071,4187.31,0,0
2026-03-25,P1075,0.0071,4187.3,0,1
2026-03-26,P1075,0.0269,4103.8,0,0
2026-03-27,P1075,0.0325,4080.46,0,4
2026-03-28,P1075,0.0406,4046.21,0,1
2026-03-29,P1075,0.1233,3697.27,1,2
2026-03-30,P1075,0.2932,2981.0,1,2
2026-03-31,P1075,0.2756,3055.0,1,2
2026-04-01,P1075,0.1538,3568.79,1,2
2026-04-02,P1075,0.2971,2964.46,1,2
2026-04-03,P1075,0.0344,4072.45,0,1
2026-04-04,P1075,0.0341,4073.55,0,1
2026-04-05,P1075,0.0402,4047.94,0,0
2026-04-06,P1075,0.037,4061.34,0,1
2026-04-07,P1075,0.0177,4142.61,0,2
2026-04-08,P1075,0.0354,4068.14,0,1
2026-04-09,P1075,0.0335,4076.32,0,0
2026-04-10,P1075,0.0,4217.43,0,0
2026-04-11,P1075,0.0126,4164.4,0,0
2026-04-12,P1075,0.0107,4172.13,0,0
2026-04-13,P1075,0.015,4154.26,0,0
2026-04-14,P1075,0.0339,4074.56,0,1
2026-04-15,P1075,0.2303,3246.3,1,4
2026-04-16,P1075,0.2221,3280.72,1,3
2026-04-17,P1075,0.3198,2868.88,1,2
2026-04-18,P1075,0.2219,3281.75,1,0
2026-04-19,P1075,0.2438,3189.15,1,2
2026-04-20,P1075,0.227,3260.07,1,1
2026-04-21,P1075,0.0317,4083.83,0,0
2026-04-22,P1075,0.0134,4160.76,0,0
2026-04-23,P1075,0.0587,3969.9,0,1
2026-04-24,P1075,0.0,4217.43,0,0
2026-04-25,P1075,0.0,4217.43,0,1
2026-04-26,P1075,0.0435,4034.18,0,0
2026-04-27,P1075,0.0266,4105.2,0,1
2026-04-28,P1075,0.0187,4138.62,0,0
2026-04-29,P1075,0.0205,4130.97,0,2
2026-04-30,P1075,0.0125,4164.79,0,0
2026-05-01,P1075,0.0,4217.43,0,1
2026-05-02,P1075,0.0163,4148.69,0,1
2026-05-03,P1075,0.0097,4176.57,0,2
2026-05-04,P1075,0.0171,4145.45,0,2
2026-05-05,P1075,0.034,4074.03,0,1
2026-05-06,P1075,0.0149,4154.71,0,4
2026-05-07,P1075,0.0281,4098.78,0,0
2026-05-08,P1075,0.0096,4176.74,0,0
2026-05-09,P1075,0.024,4116.1,0,0
2026-05-10,P1075,0.0,4217.43,0,1
2026-05-11,P1075,0.0387,4054.16,0,1
2026-05-12,P1075,0.0185,4139.33,0,0
2026-05-13,P1075,0.0052,4195.62,0,1
2026-05-14,P1075,0.0297,4092.01,0,0
2026-05-15,P1075,0.0154,4152.35,0,1
2026-05-16,P1075,0.0433,4034.98,0,0
2026-05-17,P1075,0.0066,4189.47,0,0
2026-05-18,P1075,0.0319,4083.08,0,0
2026-05-19,P1075,0.0108,4171.75,0,2
2026-05-20,P1075,0.0179,4141.88,0,1
2026-05-21,P1075,0.0358,4066.47,0,0
2026-05-22,P1075,0.0062,4191.08,0,0
2026-05-23,P1075,0.0152,4153.39,0,1
2026-05-24,P1075,0.0261,4107.35,0,1
2026-05-25,P1075,0.0319,4082.8,0,2
2026-05-26,P1075,0.0036,4202.06,0,3
2026-05-27,P1075,0.0529,3994.4,0,0
2026-05-28,P1075,0.0335,4076.26,0,2
2026-05-29,P1075,0.0101,4174.68,0,1
2026-05-30,P1075,0.0185,4139.23,0,1
2026-05-31,P1075,0.014,4158.21,0,1
2026-06-01,P1075,0.0032,4204.08,0,1
2026-06-02,P1075,0.0143,4157.01,0,2
2026-06-03,P1075,0.0519,3998.74,0,0
2026-06-04,P1075,0.0122,4165.77,0,0
2026-06-05,P1075,0.0136,4160.01,0,1
2026-06-06,P1075,0.0,4217.43,0,2
2026-06-07,P1075,0.0223,4123.47,0,1
2026-06-08,P1075,0.2971,2964.6,1,5
2026-06-09,P1075,0.1907,3412.98,1,0
2026-06-10,P1075,0.2404,3203.51,1,1
2026-06-11,P1075,0.2062,3347.71,1,2
2026-06-12,P1075,0.288,3002.63,1,3
2026-06-13,P1075,0.2254,3266.75,1,2
2026-06-14,P1075,0.0156,4151.59,0,0
2026-06-15,P1075,0.022,4124.64,0,4
2026-06-16,P1075,0.0099,4175.56,0,1
2026-06-17,P1075,0.0105,4173.02,0,1
2026-06-18,P1075,0.004,4200.37,0,1
2026-06-19,P1075,0.0,4217.43,0,1
2026-06-20,P1075,0.0217,4125.83,0,1
2026-06-21,P1075,0.033,4078.09,0,1
2026-06-22,P1075,0.0065,4190.18,0,3
2026-06-23,P1075,0.0017,4210.07,0,0
2026-06-24,P1075,0.0,4217.43,0,1
2026-06-25,P1075,0.0397,4049.91,0,2
2026-06-26,P1075,0.0186,4138.96,0,1
2026-06-27,P1075,0.0405,4046.45,0,0
2026-06-28,P1075,0.0,4217.43,0,0
2026-06-29,P1075,0.0367,4062.68,0,0
2026-06-30,P1075,0.0165,4147.93,0,0
2026-07-01,P1075,0.0157,4151.23,0,0
2026-07-02,P1075,0.0262,4107.09,0,3
2026-07-03,P1075,0.0431,4035.59,0,0
2026-07-04,P1075,0.0161,4149.73,0,1
2026-07-05,P1075,0.0416,4041.81,0,0
2026-07-06,P1075,0.0,4217.43,0,0
2026-07-07,P1075,0.0,4217.43,0,2
2026-07-08,P1075,0.0387,4054.15,0,0
2026-07-09,P1075,0.0122,4165.88,0,2
2026-07-10,P1075,0.0462,4022.72,0,1
2026-07-11,P1075,0.0208,4129.7,0,0
2026-07-12,P1075,0.0237,4117.31,0,1
2026-07-13,P1075,0.0226,4122.24,0,1
2026-07-14,P1075,0.0203,4131.98,0,0
