data/DailyScrapeLog.csv
ScrapingDate,ProductID,DiscountPercentage,SellingPrice,IsPromotional,UnitsSold
2026-03-17,P1076,0.0922,1909.99,0,2
2026-03-18,P1076,0.0744,1947.37,0,0
2026-03-19,P1076,0.0806,1934.44,0,0
2026-03-20,P1076,0.0996,1894.39,0,0
2026-03-21,P1076,0.0724,1951.6,0,0
2026-03-22,P1076,0.0984,1896.96,0,4
2026-03-23,P1076,0.2935,1486.44,1,6
2026-03-24,P1076,0.2648,1546.81,1,1
2026-03-25,P1076,0.383,1298.08,1,1
2026-03-26,P1076,0.2509,1576.05,1,2
2026-03-27,P1076,0.3783,1307.98,1,4
2026-03-28,P1076,0.3504,1366.63,1,2
2026-03-29,P1076,0.2506,1576.59,1,7
2026-03-30,P1076,0.2404,1598.19,1,2
2026-03-31,P1076,0.2564,1564.56,1,1
2026-04-01,P1076,0.047,2005.01,0,3
2026-04-02,P1076,0.0944,1905.33,0,1
2026-04-03,P1076,0.0753,1945.54,0,0
2026-04-04,P1076,0.0466,2005.79,0,2
2026-04-05,P1076,0.0714,1953.73,0,0
2026-04-06,P1076,0.0482,2002.62,0,2
2026-04-07,P1076,0.0646,1968.03,0,1
2026-04-08,P1076,0.0804,1934.78,0,2
2026-04-09,P1076,0.055,1988.31,0,0
2026-04-10,P1076,0.097,1899.75,0,2
2026-04-11,P1076,0.0715,1953.59,0,1
2026-04-12,P1076,0.0736,1949.05,0,0
2026-04-13,P1076,0.0721,1952.15,0,0
2026-04-14,P1076,0.0618,1973.95,0,0
2026-04-15,P1076,0.1125,1867.3,0,1
2026-04-16,P1076,0.0935,1907.27,0,0
2026-04-17,P1076,0.0679,1961.11,0,0
2026-04-18,P1076,0.0779,1940.02,0,0
2026-04-19,P1076,0.0763,1943.33,0,2
2026-04-20,P1076,0.1119,1868.5,0,1
2026-04-21,P1076,0.0834,1928.48,0,0
2026-04-22,P1076,0.0952,1903.64,0,3
2026-04-23,P1076,0.0905,1913.56,0,0
2026-04-24,P1076,0.0659,1965.35,0,1
2026-04-25,P1076,0.0726,1951.1,0,1
2026-04-26,P1076,0.075,1946.05,0,1
2026-04-27,P1076,0.0818,1931.91,0,1
2026-04-28,P1076,0.0862,1922.47,0,1
2026-04-29,P1076,0.0978,1898.27,0,0
2026-04-30,P1076,0.0921,1910.15,0,2
2026-05-01,P1076,0.1241,1842.76,0,4
2026-05-02,P1076,0.3564,1354.07,1,5
2026-05-03,P1076,0.2931,1487.28,1,3
2026-05-04,P1076,0.229,1622.14,1,0
2026-05-05,P1076,0.2918,1489.95,1,2
2026-05-06,P1076,0.3243,1421.7,1,1
2026-05-07,P1076,0.2216,1637.71,1,4
2026-05-08,P1076,0.0822,1930.97,0,0
2026-05-09,P1076,0.0959,1902.08,0,2
2026-05-10,P1076,0.0704,1955.79,0,0
2026-05-11,P1076,0.0884,1917.87,0,0
2026-05-12,P1076,0.0734,1949.4,0,2
2026-05-13,P1076,0.0629,1971.67,0,1
2026-05-14,P1076,0.0824,1930.65,0,1
2026-05-15,P1076,0.1013,1890.8,0,1
2026-05-16,P1076,0.0629,1971.63,0,0
2026-05-17,P1076,0.1084,1875.92,0,2
2026-05-18,P1076,0.0584,1981.02,0,3
2026-05-19,P1076,0.0569,1984.13,0,0
2026-05-20,P1076,0.0775,1940.79,0,0
2026-05-21,P1076,0.0877,1919.49,0,1
2026-05-22,P1076,0.0708,1954.88,0,0
2026-05-23,P1076,0.0871,1920.73,0,1
2026-05-24,P1076,0.072,1952.46,0,1
2026-05-25,P1076,0.0695,1957.75,0,1
2026-05-26,P1076,0.0783,1939.21,0,0
2026-05-27,P1076,0.0761,1943.77,0,3
2026-05-28,P1076,0.079,1937.79,0,3
2026-05-29,P1076,0.0845,1926.12,0,0
2026-05-30,P1076,0.0972,1899.49,0,1
2026-05-31,P1076,0.0979,1897.85,0,0
2026-06-01,P1076,0.1019,1889.61,0,1
2026-06-02,P1076,0.0681,1960.61,0,1
2026-06-03,P1076,0.0701,1956.53,0,0
2026-06-04,P1076,0.0906,1913.34,0,0
2026-06-05,P1076,0.0894,1915.87,0,1
2026-06-06,P1076,0.102,1889.27,0,2
2026-06-07,P1076,0.0839,1927.42,0,2
2026-06-08,P1076,0.0875,1919.78,0,2
2026-06-09,P1076,0.0929,1908.47,0,0
2026-06-10,P1076,0.113,1866.12,0,0
2026-06-11,P1076,0.0953,1903.53,0,0
2026-06-12,P1076,0.0681,1960.69,0,1
2026-06-13,P1076,0.0591,1979.53,0,0
2026-06-14,P1076,0.0702,1956.18,0,5
2026-06-15,P1076,0.0663,1964.42,0,4
2026-06-16,P1076,0.0922,1909.97,0,3
2026-06-17,P1076,0.0683,1960.13,0,2
2026-06-18,P1076,0.0917,1910.91,0,2
2026-06-19,P1076,0.1035,1886.14,0,0
2026-06-20,P1076,0.0882,1918.43,0,1
2026-06-21,P1076,0.0684,1960.11,0,3
2026-06-22,P1076,0.0691,1958.64,0,0
2026-06-23,P1076,0.0806,1934.4,0,1
2026-06-24,P1076,0.0833,1928.78,0,3
2026-06-25,P1076,0.0623,1972.91,0,2
2026-06-26,P1076,0.0961,1901.84,0,0
2026-06-27,P1076,0.0893,1916.12,0,1
2026-06-28,P1076,0.0696,1957.52,0,1
2026-06-29,P1076,0.068,1960.94,0,1
2026-06-30,P1076,0.0648,1967.54,0,2
2026-07-01,P1076,0.0936,1907.09,0,1
2026-07-02,P1076,0.091,1912.51,0,1
2026-07-03,P1076,0.0946,1904.9,0,1
2026-07-04,P1076,0.0744,1947.5,0,1
2026-07-05,P1076,0.0647,1967.9,0,1
2026-07-06,P1076,0.1038,1885.46,0,1
2026-07-07,P1076,0.0828,1929.67,0,7
2026-07-08,P1076,0.0837,1927.83,0,2
2026-07-09,P1076,0.1134,1865.35,0,1
2026-07-10,P1076,0.0682,1960.48,0,0
2026-07-11,P1076,0.085,1925.01,0,0
2026-07-12,P1076,0.0762,1943.65,0,2
2026-07-13,P1076,0.0937,1906.81,0,0
2026-07-14,P1076,0.0869,1921.14,0,1
2026-03-17,P1077,0.1208,3890.97,0,3
2026-03-18,P1077,0.1426,3794.75,0,1
2026-03-19,P1077,0.131,3845.84,0,0
2026-03-20,P1077,0.1155,3914.67,0,0
2026-03-21,P1077,0.1199,3894.91,0,0
2026-03-22,P1077,0.1421,3796.69,0,1
2026-03-23,P1077,0.1186,3900.83,0,0
2026-03-24,P1077,0.1026,3971.62,0,0
2026-03-25,P1077,0.1329,3837.43,0,3
2026-03-26,P1077,0.1291,3854.45,0,2
2026-03-27,P1077,0.1337,3833.95,0,0
2026-03-28,P1077,0.1335,3834.68,0,0
2026-03-29,P1077,0.1254,3870.58,0,1
2026-03-30,P1077,0.1275,3861.43,0,1
2026-03-31,P1077,0.141,3801.74,0,0
2026-04-01,P1077,0.1245,3874.52,0,1
2026-04-02,P1077,0.124,3877.11,0,3
2026-04-03,P1077,0.1228,3882.41,0,1
2026-04-04,P1077,0.1395,3808.26,0,2
2026-04-05,P1077,0.1289,3855.39,0,1
2026-04-06,P1077,0.1237,3878.42,0,1
2026-04-07,P1077,0.1218,3886.72,0,1
2026-04-08,P1077,0.1354,3826.41,0,0
2026-04-09,P1077,0.1118,3931.13,0,0
2026-04-10,P1077,0.113,3925.82,0,0
2026-04-11,P1077,0.1084,3946.09,0,2
2026-04-12,P1077,0.1332,3836.12,0,0
2026-04-13,P1077,0.2606,3272.57,1,0
2026-04-14,P1077,0.3034,3082.9,1,1
2026-04-15,P1077,0.4089,2615.83,1,3
2026-04-16,P1077,0.3269,2979.16,1,0
2026-04-17,P1077,0.3397,2922.45,1,1
2026-04-18,P1077,0.1547,3741.12,0,1
2026-04-19,P1077,0.1128,3926.67,0,0
2026-04-20,P1077,0.1339,3833.24,0,0
2026-04-21,P1077,0.138,3815.03,0,3
2026-04-22,P1077,0.139,3810.65,0,0
2026-04-23,P1077,0.1484,3769.12,0,0
2026-04-24,P1077,0.1218,3886.61,0,1
2026-04-25,P1077,0.0917,4019.91,0,1
2026-04-26,P1077,0.2969,3111.62,1,1
2026-04-27,P1077,0.3295,2967.24,1,2
2026-04-28,P1077,0.3092,3057.49,1,2
2026-04-29,P1077,0.2804,3184.71,1,0
2026-04-30,P1077,0.1374,3817.66,0,0
2026-05-01,P1077,0.1342,3831.93,0,0
2026-05-02,P1077,0.1154,3915.02,0,0
2026-05-03,P1077,0.117,3907.78,0,0
2026-05-04,P1077,0.1567,3732.02,0,1
2026-05-05,P1077,0.1108,3935.39,0,0
2026-05-06,P1077,0.1332,3836.34,0,1
2026-05-07,P1077,0.1374,3817.85,0,0
2026-05-08,P1077,0.1024,3972.45,0,0
2026-05-09,P1077,0.1309,3846.27,0,1
2026-05-10,P1077,0.1375,3817.24,0,1
2026-05-11,P1077,0.1344,3831.05,0,1
2026-05-12,P1077,0.1448,3785.03,0,0
2026-05-13,P1077,0.1137,3922.34,0,1
2026-05-14,P1077,0.1379,3815.39,0,0
2026-05-15,P1077,0.0902,4026.6,0,1
2026-05-16,P1077,0.1259,3868.44,0,3
2026-05-17,P1077,0.1298,3851.42,0,0
2026-05-18,P1077,0.1497,3763.37,0,2
2026-05-19,P1077,0.1305,3848.03,0,0
2026-05-20,P1077,0.1418,3798.0,0,0
2026-05-21,P1077,0.1278,3860.02,0,0
2026-05-22,P1077,0.1087,3944.77,0,2
2026-05-23,P1077,0.1262,3867.36,0,2
2026-05-24,P1077,0.1222,3885.01,0,2
2026-05-25,P1077,0.1064,3955.01,0,1
2026-05-26,P1077,0.1171,3907.6,0,3
2026-05-27,P1077,0.1227,3882.89,0,0
2026-05-28,P1077,0.1364,3822.14,0,0
2026-05-29,P1077,0.0981,3991.51,0,0
2026-05-30,P1077,0.1325,3839.43,0,1
2026-05-31,P1077,0.1125,3927.77,0,0
2026-06-01,P1077,0.1231,3881.03,0,1
2026-06-02,P1077,0.1243,3875.82,0,0
2026-06-03,P1077,0.1477,3771.99,0,3
2026-06-04,P1077,0.1098,3939.66,0,0
2026-06-05,P1077,0.1417,3798.64,0,0
2026-06-06,P1077,0.1177,3904.81,0,0
2026-06-07,P1077,0.1083,3946.63,0,1
2026-06-08,P1077,0.1393,3809.07,0,2
2026-06-09,P1077,0.1221,3885.23,0,1
2026-06-10,P1077,0.151,3757.53,0,1
2026-06-11,P1077,0.1023,3973.0,0,0
2026-06-12,P1077,0.1257,3869.53,0,1
2026-06-13,P1077,0.1547,3740.95,0,0
2026-06-14,P1077,0.1428,3793.59,0,0
2026-06-15,P1077,0.146,3779.71,0,0
2026-06-16,P1077,0.1171,3907.31,0,0
2026-06-17,P1077,0.1393,3809.23,0,1
2026-06-18,P1077,0.114,3921.17,0,1
2026-06-19,P1077,0.1068,3953.14,0,1
2026-06-20,P1077,0.1178,3904.59,0,1
2026-06-21,P1077,0.0927,4015.55,0,1
2026-06-22,P1077,0.1391,3810.32,0,2
2026-06-23,P1077,0.144,3788.58,0,0
2026-06-24,P1077,0.1306,3847.51,0,1
2026-06-25,P1077,0.1369,3819.97,0,0
2026-06-26,P1077,0.1,3983.07,0,0
2026-06-27,P1077,0.1119,3930.6,0,1
2026-06-28,P1077,0.1086,3945.0,0,0
2026-06-29,P1077,0.1114,3932.72,0,0
2026-06-30,P1077,0.1287,3855.98,0,1
2026-07-01,P1077,0.136,3823.87,0,0
2026-07-02,P1077,0.1243,3875.83,0,0
2026-07-03,P1077,0.1288,3855.6,0,1
2026-07-04,P1077,0.1509,3757.76,0,1
2026-07-05,P1077,0.1322,3840.46,0,0
2026-07-06,P1077,0.1092,3942.46,0,1
2026-07-07,P1077,0.0978,3992.71,0,1
2026-07-08,P1077,0.1268,3864.54,0,1
2026-07-09,P1077,0.129,3854.76,0,3
2026-07-10,P1077,0.1311,3845.66,0,1
2026-07-11,P1077,0.1099,3939.15,0,0
2026-07-12,P1077,0.1195,3896.96,0,0
2026-07-13,P1077,0.1357,3824.98,0,3
2026-07-14,P1077,0.1198,3895.54,0,1
2026-03-17,P1078,0.0568,3394.98,0,0
2026-03-18,P1078,0.0786,3316.27,0,0
2026-03-19,P1078,0.0742,3332.22,0,0
2026-03-20,P1078,0.0947,3258.44,0,0
2026-03-21,P1078,0.0677,3355.47,0,1
2026-03-22,P1078,0.0653,3364.15,0,0
2026-03-23,P1078,0.0773,3321.1,0,1
2026-03-24,P1078,0.0618,3376.9,0,1
2026-03-25,P1078,0.058,3390.42,0,0
2026-03-26,P1078,0.0762,3324.84,0,1
2026-03-27,P1078,0.0857,3290.78,0,1
2026-03-28,P1078,0.0946,3258.9,0,0
2026-03-29,P1078,0.0779,3318.99,0,1
2026-03-30,P1078,0.0784,3317.24,0,2
2026-03-31,P1078,0.0974,3248.75,0,0
2026-04-01,P1078,0.0535,3406.88,0,1
2026-04-02,P1078,0.0367,3467.28,0,0
2026-04-03,P1078,0.0777,3319.55,0,0
2026-04-04,P1078,0.0706,3344.99,0,0
2026-04-05,P1078,0.0653,3364.25,0,0
2026-04-06,P1078,0.0673,3357.16,0,0
2026-04-07,P1078,0.0699,3347.55,0,0
2026-04-08,P1078,0.0647,3366.37,0,1
2026-04-09,P1078,0.0621,3375.91,0,0
2026-04-10,P1078,0.0682,3353.69,0,0
2026-04-11,P1078,0.0756,3327.1,0,1
2026-04-12,P1078,0.0781,3318.05,0,0
2026-04-13,P1078,0.0669,3358.49,0,0
2026-04-14,P1078,0.0579,3390.74,0,0
2026-04-15,P1078,0.0365,3467.76,0,1
2026-04-16,P1078,0.0673,3357.03,0,0
2026-04-17,P1078,0.0992,3242.08,0,0
2026-04-18,P1078,0.0365,3468.0,0,2
2026-04-19,P1078,0.3149,2465.96,1,1
2026-04-20,P1078,0.2909,2552.26,1,1
2026-04-21,P1078,0.3511,2335.5,1,1
2026-04-22,P1078,0.2807,2589.04,1,1
2026-04-23,P1078,0.3344,2395.53,1,2
2026-04-24,P1078,0.358,2310.87,1,1
2026-04-25,P1078,0.0731,3336.28,0,0
2026-04-26,P1078,0.0808,3308.47,0,1
2026-04-27,P1078,0.0681,3354.15,0,1
2026-04-28,P1078,0.0818,3304.97,0,0
2026-04-29,P1078,0.0834,3299.04,0,0
2026-04-30,P1078,0.063,3372.69,0,0
2026-05-01,P1078,0.0593,3385.95,0,0
2026-05-02,P1078,0.0575,3392.24,0,0
2026-05-03,P1078,0.0505,3417.52,0,0
2026-05-04,P1078,0.0698,3348.12,0,0
2026-05-05,P1078,0.065,3365.49,0,1
2026-05-06,P1078,0.0646,3366.65,0,0
2026-05-07,P1078,0.062,3376.18,0,1
2026-05-08,P1078,0.0506,3417.27,0,0
2026-05-09,P1078,0.0584,3388.89,0,1
2026-05-10,P1078,0.0481,3426.2,0,1
2026-05-11,P1078,0.089,3279.04,0,2
2026-05-12,P1078,0.0715,3341.94,0,1
2026-05-13,P1078,0.0728,3337.07,0,0
2026-05-14,P1078,0.0817,3305.3,0,0
2026-05-15,P1078,0.0593,3385.79,0,0
2026-05-16,P1078,0.093,3264.6,0,0
2026-05-17,P1078,0.0965,3251.81,0,0
2026-05-18,P1078,0.0569,3394.33,0,0
2026-05-19,P1078,0.0867,3287.34,0,1
2026-05-20,P1078,0.0473,3429.12,0,0
2026-05-21,P1078,0.087,3286.16,0,0
2026-05-22,P1078,0.0826,3301.81,0,1
2026-05-23,P1078,0.0963,3252.75,0,4
2026-05-24,P1078,0.0375,3464.24,0,2
2026-05-25,P1078,0.3194,2449.76,1,0
2026-05-26,P1078,0.2414,2730.41,1,2
2026-05-27,P1078,0.2524,2690.84,1,3
2026-05-28,P1078,0.1973,2889.0,1,0
2026-05-29,P1078,0.3163,2460.94,1,1
2026-05-30,P1078,0.3231,2436.47,1,2
2026-05-31,P1078,0.2867,2567.38,1,0
2026-06-01,P1078,0.2771,2602.01,1,3
2026-06-02,P1078,0.3436,2362.67,1,2
2026-06-03,P1078,0.2389,2739.36,1,2
2026-06-04,P1078,0.3525,2330.59,1,2
2026-06-05,P1078,0.0861,3289.35,0,1
2026-06-06,P1078,0.063,3372.37,0,0
2026-06-07,P1078,0.0777,3319.54,0,0
2026-06-08,P1078,0.0799,3311.63,0,0
2026-06-09,P1078,0.0895,3277.2,0,0
2026-06-10,P1078,0.0373,3465.15,0,1
2026-06-11,P1078,0.0457,3434.66,0,1
2026-06-12,P1078,0.0692,3350.08,0,0
2026-06-13,P1078,0.0779,3318.76,0,0
2026-06-14,P1078,0.0729,3336.88,0,0
2026-06-15,P1078,0.0555,3399.57,0,1
2026-06-16,P1078,0.0842,3296.24,0,0
2026-06-17,P1078,0.0662,3360.86,0,1
2026-06-18,P1078,0.0627,3373.56,0,0
2026-06-19,P1078,0.0598,3384.18,0,1
2026-06-20,P1078,0.062,3376.21,0,1
2026-06-21,P1078,0.0893,3277.81,0,0
2026-06-22,P1078,0.0638,3369.62,0,1
2026-06-23,P1078,0.0597,3384.47,0,0
2026-06-24,P1078,0.0609,3380.12,0,1
2026-06-25,P1078,0.067,3358.21,0,0
2026-06-26,P1078,0.0816,3305.45,0,1
2026-06-27,P1078,0.0828,3301.32,0,1
2026-06-28,P1078,0.0541,3404.46,0,0
2026-06-29,P1078,0.059,3387.08,0,0
2026-06-30,P1078,0.0652,3364.67,0,0
2026-07-01,P1078,0.0573,3393.01,0,0
2026-07-02,P1078,0.0822,3303.5,0,1
2026-07-03,P1078,0.0828,3301.2,0,2
2026-07-04,P1078,0.0544,3403.34,0,1
2026-07-05,P1078,0.1001,3239.15,0,0
2026-07-06,P1078,0.0916,3269.43,0,1
2026-07-07,P1078,0.0673,3357.06,0,0
2026-07-08,P1078,0.0483,3425.41,0,0
2026-07-09,P1078,0.054,3404.84,0,0
2026-07-10,P1078,0.1102,3202.46,0,1
2026-07-11,P1078,0.0542,3404.2,0,0
2026-07-12,P1078,0.0857,3290.93,0,0
2026-07-13,P1078,0.0881,3282.19,0,0
2026-07-14,P1078,0.0666,3359.66,0,1
2026-03-17,P1079,0.1034,657.89,0,3
2026-03-18,P1079,0.1197,645.9,0,4
2026-03-19,P1079,0.1044,657.14,0,4
2026-03-20,P1079,0.0942,664.62,0,4
2026-03-21,P1079,0.1138,650.27,0,6
2026-03-22,P1079,0.0983,661.63,0,3
2026-03-23,P1079,0.1003,660.14,0,2
2026-03-24,P1079,0.3709,461.6,1,3
2026-03-25,P1079,0.289,521.7,1,11
2026-03-26,P1079,0.3463,479.64,1,12
2026-03-27,P1079,0.2398,557.82,1,6
2026-03-28,P1079,0.295,517.31,1,6
2026-03-29,P1079,0.1644,613.16,1,14
2026-03-30,P1079,0.3362,487.04,1,5
2026-03-31,P1079,0.2926,519.04,1,8
2026-04-01,P1079,0.2519,548.91,1,7
2026-04-02,P1079,0.1029,658.28,0,2
2026-04-03,P1079,0.0936,665.09,0,5
2026-04-04,P1079,0.1041,657.36,0,5
2026-04-05,P1079,0.1172,647.76,0,2
2026-04-06,P1079,0.0898,667.88,0,1
2026-04-07,P1079,0.0829,672.93,0,2
2026-04-08,P1079,0.1215,644.57,0,1
2026-04-09,P1079,0.0856,670.97,0,6
2026-04-10,P1079,0.099,661.13,0,5
2026-04-11,P1079,0.0918,666.37,0,6
2026-04-12,P1079,0.0852,671.23,0,4
2026-04-13,P1079,0.0873,669.7,0,4
2026-04-14,P1079,0.0836,672.39,0,2
2026-04-15,P1079,0.0809,674.42,0,7
2026-04-16,P1079,0.0958,663.46,0,8
2026-04-17,P1079,0.0891,668.41,0,4
2026-04-18,P1079,0.0953,663.8,0,2
2026-04-19,P1079,0.1171,647.82,0,4
2026-04-20,P1079,0.1086,654.07,0,2
2026-04-21,P1079,0.1044,657.16,0,3
2026-04-22,P1079,0.0941,664.7,0,2
2026-04-23,P1079,0.1067,655.43,0,3
2026-04-24,P1079,0.0964,663.03,0,2
2026-04-25,P1079,0.1262,641.17,0,4
2026-04-26,P1079,0.1131,650.75,0,1
2026-04-27,P1079,0.2445,554.35,1,1
2026-04-28,P1079,0.2021,585.48,1,9
2026-04-29,P1079,0.3,513.6,1,4
2026-04-30,P1079,0.2867,523.38,1,12
2026-05-01,P1079,0.4271,420.35,1,9
2026-05-02,P1079,0.3566,472.1,1,7
2026-05-03,P1079,0.3682,463.58,1,2
2026-05-04,P1079,0.0986,661.38,0,4
2026-05-05,P1079,0.1034,657.87,0,2
2026-05-06,P1079,0.1028,658.35,0,2
2026-05-07,P1079,0.1285,639.48,0,4
2026-05-08,P1079,0.0758,678.14,0,1
2026-05-09,P1079,0.0926,665.79,0,1
2026-05-10,P1079,0.1092,653.6,0,5
2026-05-11,P1079,0.1124,651.3,0,2
2026-05-12,P1079,0.0897,667.92,0,3
2026-05-13,P1079,0.0912,666.85,0,2
2026-05-14,P1079,0.1075,654.88,0,3
2026-05-15,P1079,0.0749,678.79,0,0
2026-05-16,P1079,0.0881,669.13,0,5
2026-05-17,P1079,0.0908,667.12,0,0
2026-05-18,P1079,0.1097,653.29,0,1
2026-05-19,P1079,0.0521,695.55,0,4
2026-05-20,P1079,0.101,659.63,0,1
2026-05-21,P1079,0.0894,668.17,0,3
2026-05-22,P1079,0.1016,659.21,0,6
2026-05-23,P1079,0.0809,674.4,0,8
2026-05-24,P1079,0.0782,676.38,0,3
2026-05-25,P1079,0.0896,667.99,0,1
2026-05-26,P1079,0.1165,648.3,0,2
2026-05-27,P1079,0.093,665.54,0,3
2026-05-28,P1079,0.0871,669.83,0,4
2026-05-29,P1079,0.0914,666.66,0,1
2026-05-30,P1079,0.0635,687.12,0,3
2026-05-31,P1079,0.1193,646.18,0,3
2026-06-01,P1079,0.0836,672.44,0,3
2026-06-02,P1079,0.1247,642.25,0,0
2026-06-03,P1079,0.1067,655.43,0,7
2026-06-04,P1079,0.0977,662.09,0,2
2026-06-05,P1079,0.0961,663.21,0,2
2026-06-06,P1079,0.0831,672.8,0,3
2026-06-07,P1079,0.1031,658.11,0,2
2026-06-08,P1079,0.0931,665.45,0,1
2026-06-09,P1079,0.0992,661.0,0,1
2026-06-10,P1079,0.1025,658.56,0,3
2026-06-11,P1079,0.0977,662.04,0,2
2026-06-12,P1079,0.0826,673.18,0,1
2026-06-13,P1079,0.0962,663.13,0,3
2026-06-14,P1079,0.0887,668.63,0,3
2026-06-15,P1079,0.1037,657.7,0,4
2026-06-16,P1079,0.0996,660.68,0,2
2026-06-17,P1079,0.0962,663.15,0,2
2026-06-18,P1079,0.1079,654.61,0,3
2026-06-19,P1079,0.1181,647.07,0,3
2026-06-20,P1079,0.1093,653.53,0,1
2026-06-21,P1079,0.1109,652.35,0,4
2026-06-22,P1079,0.1102,652.86,0,4
2026-06-23,P1079,0.0869,669.99,0,2
2026-06-24,P1079,0.0954,663.77,0,3
2026-06-25,P1079,0.1041,657.39,0,1
2026-06-26,P1079,0.0787,676.0,0,3
2026-06-27,P1079,0.1159,648.72,0,2
2026-06-28,P1079,0.0882,669.01,0,5
2026-06-29,P1079,0.0929,665.61,0,4
2026-06-30,P1079,0.1019,658.97,0,1
2026-07-01,P1079,0.0979,661.93,0,3
2026-07-02,P1079,0.0904,667.38,0,2
2026-07-03,P1079,0.1131,650.73,0,3
2026-07-04,P1079,0.0941,664.69,0,1
2026-07-05,P1079,0.1074,654.93,0,0
2026-07-06,P1079,0.0703,682.19,0,0
2026-07-07,P1079,0.1257,641.49,0,0
2026-07-08,P1079,0.1277,640.05,0,6
2026-07-09,P1079,0.0852,671.2,0,4
2026-07-10,P1079,0.0893,668.26,0,2
2026-07-11,P1079,0.0858,670.8,0,2
2026-07-12,P1079,0.0876,669.48,0,1
2026-07-13,P1079,0.106,656.0,0,2
2026-07-14,P1079,0.0907,667.19,0,2
