data/DailyScrapeLog.csv
ScrapingDate,ProductID,DiscountPercentage,SellingPrice,IsPromotional,UnitsSold
2026-03-17,P1080,0.0839,705.71,0,3
2026-03-18,P1080,0.0639,721.12,0,1
2026-03-19,P1080,0.0818,707.28,0,4
2026-03-20,P1080,0.0702,716.29,0,4
2026-03-21,P1080,0.2127,606.45,1,10
2026-03-22,P1080,0.4087,455.53,1,11
2026-03-23,P1080,0.2969,541.64,1,6
2026-03-24,P1080,0.2392,586.05,1,5
2026-03-25,P1080,0.321,523.05,1,2
2026-03-26,P1080,0.2951,543.04,1,3
2026-03-27,P1080,0.0737,713.59,0,2
2026-03-28,P1080,0.0821,707.09,0,4
2026-03-29,P1080,0.0525,729.9,0,2
2026-03-30,P1080,0.0854,704.56,0,2
2026-03-31,P1080,0.0679,718.06,0,2
2026-04-01,P1080,0.0671,718.67,0,6
2026-04-02,P1080,0.0724,714.58,0,2
2026-04-03,P1080,0.0722,714.74,0,0
2026-04-04,P1080,0.0662,719.35,0,1
2026-04-05,P1080,0.0494,732.29,0,4
2026-04-06,P1080,0.0845,705.26,0,5
2026-04-07,P1080,0.0605,723.76,0,1
2026-04-08,P1080,0.0715,715.24,0,2
2026-04-09,P1080,0.0809,708.01,0,5
2026-04-10,P1080,0.0809,708.0,0,5
2026-04-11,P1080,0.0584,725.34,0,3
2026-04-12,P1080,0.0824,706.84,0,4
2026-04-13,P1080,0.0673,718.48,0,5
2026-04-14,P1080,0.0649,720.37,0,1
2026-04-15,P1080,0.0636,721.3,0,6
2026-04-16,P1080,0.0652,720.07,0,2
2026-04-17,P1080,0.0821,707.11,0,9
2026-04-18,P1080,0.0455,735.27,0,1
2026-04-19,P1080,0.0861,703.97,0,4
2026-04-20,P1080,0.0673,718.47,0,3
2026-04-21,P1080,0.0942,697.78,0,3
2026-04-22,P1080,0.088,702.54,0,0
2026-04-23,P1080,0.0297,747.43,0,3
2026-04-24,P1080,0.0586,725.16,0,4
2026-04-25,P1080,0.0479,733.46,0,2
2026-04-26,P1080,0.0721,714.81,0,6
2026-04-27,P1080,0.0607,723.55,0,4
2026-04-28,P1080,0.0912,700.05,0,3
2026-04-29,P1080,0.0762,711.62,0,3
2026-04-30,P1080,0.0615,722.96,0,2
2026-05-01,P1080,0.0503,731.56,0,3
2026-05-02,P1080,0.0721,714.78,0,10
2026-05-03,P1080,0.0758,711.92,0,4
2026-05-04,P1080,0.0668,718.87,0,5
2026-05-05,P1080,0.0759,711.84,0,5
2026-05-06,P1080,0.0768,711.17,0,2
2026-05-07,P1080,0.0678,718.07,0,4
2026-05-08,P1080,0.069,717.2,0,2
2026-05-09,P1080,0.0508,731.2,0,4
2026-05-10,P1080,0.0837,705.87,0,0
2026-05-11,P1080,0.0926,698.96,0,3
2026-05-12,P1080,0.0818,707.34,0,7
2026-05-13,P1080,0.0879,702.61,0,2
2026-05-14,P1080,0.067,718.69,0,3
2026-05-15,P1080,0.0382,740.89,0,5
2026-05-16,P1080,0.0649,720.32,0,2
2026-05-17,P1080,0.0984,694.54,0,4
2026-05-18,P1080,0.0559,727.26,0,0
2026-05-19,P1080,0.0507,731.25,0,1
2026-05-20,P1080,0.0581,725.59,0,2
2026-05-21,P1080,0.0562,727.03,0,3
2026-05-22,P1080,0.0799,708.76,0,3
2026-05-23,P1080,0.0595,724.51,0,3
2026-05-24,P1080,0.0417,738.17,0,7
2026-05-25,P1080,0.0522,730.1,0,1
2026-05-26,P1080,0.0606,723.68,0,2
2026-05-27,P1080,0.0824,706.88,0,1
2026-05-28,P1080,0.0758,711.91,0,8
2026-05-29,P1080,0.0836,705.95,0,4
2026-05-30,P1080,0.0828,706.54,0,6
2026-05-31,P1080,0.0936,698.2,0,4
2026-06-01,P1080,0.0746,712.9,0,3
2026-06-02,P1080,0.0799,708.8,0,4
2026-06-03,P1080,0.0975,695.23,0,0
2026-06-04,P1080,0.06,724.11,0,4
2026-06-05,P1080,0.0566,726.72,0,1
2026-06-06,P1080,0.0637,721.23,0,3
2026-06-07,P1080,0.0635,721.42,0,1
2026-06-08,P1080,0.1012,692.38,0,3
2026-06-09,P1080,0.0765,711.44,0,1
2026-06-10,P1080,0.0677,718.15,0,4
2026-06-11,P1080,0.0804,708.42,0,2
2026-06-12,P1080,0.0571,726.33,0,3
2026-06-13,P1080,0.0961,696.3,0,5
2026-06-14,P1080,0.0601,724.02,0,3
2026-06-15,P1080,0.0587,725.14,0,6
2026-06-16,P1080,0.0861,704.04,0,2
2026-06-17,P1080,0.0486,732.88,0,5
2026-06-18,P1080,0.089,701.78,0,2
2026-06-19,P1080,0.0634,721.5,0,3
2026-06-20,P1080,0.0732,713.95,0,2
2026-06-21,P1080,0.0494,732.24,0,2
2026-06-22,P1080,0.0838,705.75,0,3
2026-06-23,P1080,0.062,722.57,0,2
2026-06-24,P1080,0.0534,729.21,0,5
2026-06-25,P1080,0.1017,691.98,0,4
2026-06-26,P1080,0.0724,714.6,0,2
2026-06-27,P1080,0.0519,730.35,0,2
2026-06-28,P1080,0.0705,716.02,0,4
2026-06-29,P1080,0.0521,730.22,0,1
2026-06-30,P1080,0.0969,695.71,0,3
2026-07-01,P1080,0.0702,716.28,0,2
2026-07-02,P1080,0.0566,726.76,0,4
2026-07-03,P1080,0.0763,711.54,0,7
2026-07-04,P1080,0.0652,720.14,0,1
2026-07-05,P1080,0.0739,713.42,0,2
2026-07-06,P1080,0.069,717.18,0,1
2026-07-07,P1080,0.0597,724.31,0,1
2026-07-08,P1080,0.0612,723.15,0,4
2026-07-09,P1080,0.0638,721.16,0,2
2026-07-10,P1080,0.0644,720.68,0,3
2026-07-11,P1080,0.0514,730.77,0,5
2026-07-12,P1080,0.0585,725.24,0,4
2026-07-13,P1080,0.0652,720.1,0,0
2026-07-14,P1080,0.0495,732.2,0,3
2026-03-17,P1081,0.0989,538.74,0,5
2026-03-18,P1081,0.0918,543.01,0,2
2026-03-19,P1081,0.0917,543.03,0,2
2026-03-20,P1081,0.104,535.68,0,5
2026-03-21,P1081,0.1049,535.15,0,1
2026-03-22,P1081,0.0907,543.63,0,0
2026-03-23,P1081,0.0646,559.25,0,2
2026-03-24,P1081,0.1034,536.03,0,2
2026-03-25,P1081,0.1042,535.6,0,3
2026-03-26,P1081,0.0907,543.66,0,2
2026-03-27,P1081,0.0837,547.85,0,4
2026-03-28,P1081,0.0991,538.62,0,0
2026-03-29,P1081,0.0777,551.45,0,2
2026-03-30,P1081,0.0939,541.77,0,3
2026-03-31,P1081,0.0747,553.19,0,3
2026-04-01,P1081,0.092,542.87,0,2
2026-04-02,P1081,0.061,561.41,0,1
2026-04-03,P1081,0.0919,542.94,0,2
2026-04-04,P1081,0.1077,533.47,0,0
2026-04-05,P1081,0.0649,559.09,0,3
2026-04-06,P1081,0.0872,545.75,0,3
2026-04-07,P1081,0.0614,561.17,0,1
2026-04-08,P1081,0.0919,542.93,0,4
2026-04-09,P1081,0.0812,549.35,0,1
2026-04-10,P1081,0.0717,555.03,0,2
2026-04-11,P1081,0.1224,524.68,0,2
2026-04-12,P1081,0.0747,553.21,0,2
2026-04-13,P1081,0.1212,525.42,0,1
2026-04-14,P1081,0.0666,558.05,0,2
2026-04-15,P1081,0.082,548.86,0,1
2026-04-16,P1081,0.0671,557.76,0,2
2026-04-17,P1081,0.0907,543.62,0,3
2026-04-18,P1081,0.1011,537.44,0,4
2026-04-19,P1081,0.0757,552.64,0,2
2026-04-20,P1081,0.0626,560.48,0,5
2026-04-21,P1081,0.0941,541.62,0,2
2026-04-22,P1081,0.0958,540.62,0,5
2026-04-23,P1081,0.1125,530.62,0,3
2026-04-24,P1081,0.061,561.43,0,3
2026-04-25,P1081,0.0779,551.29,0,1
2026-04-26,P1081,0.0795,550.36,0,1
2026-04-27,P1081,0.1011,537.44,0,2
2026-04-28,P1081,0.0829,548.3,0,4
2026-04-29,P1081,0.0834,548.04,0,2
2026-04-30,P1081,0.1092,532.56,0,4
2026-05-01,P1081,0.0885,544.94,0,4
2026-05-02,P1081,0.1026,536.56,0,1
2026-05-03,P1081,0.0781,551.2,0,2
2026-05-04,P1081,0.0778,551.39,0,4
2026-05-05,P1081,0.1154,528.91,0,2
2026-05-06,P1081,0.0829,548.32,0,4
2026-05-07,P1081,0.0562,564.3,0,1
2026-05-08,P1081,0.0949,541.12,0,0
2026-05-09,P1081,0.0903,543.91,0,2
2026-05-10,P1081,0.1036,535.95,0,5
2026-05-11,P1081,0.0409,573.43,0,3
2026-05-12,P1081,0.0917,543.03,0,2
2026-05-13,P1081,0.0932,542.14,0,0
2026-05-14,P1081,0.0693,556.47,0,1
2026-05-15,P1081,0.0745,553.35,0,2
2026-05-16,P1081,0.0973,539.69,0,5
2026-05-17,P1081,0.0644,559.39,0,0
2026-05-18,P1081,0.0913,543.31,0,1
2026-05-19,P1081,0.1192,526.59,0,2
2026-05-20,P1081,0.0603,561.82,0,2
2026-05-21,P1081,0.0678,557.35,0,3
2026-05-22,P1081,0.0658,558.52,0,7
2026-05-23,P1081,0.1121,530.89,0,1
2026-05-24,P1081,0.0861,546.37,0,3
2026-05-25,P1081,0.0894,544.44,0,3
2026-05-26,P1081,0.0709,555.46,0,3
2026-05-27,P1081,0.08,550.07,0,2
2026-05-28,P1081,0.0813,549.26,0,1
2026-05-29,P1081,0.0727,554.41,0,1
2026-05-30,P1081,0.061,561.4,0,5
2026-05-31,P1081,0.078,551.23,0,1
2026-06-01,P1081,0.0797,550.21,0,5
2026-06-02,P1081,0.083,548.23,0,5
2026-06-03,P1081,0.0662,558.31,0,2
2026-06-04,P1081,0.0927,542.47,0,3
2026-06-05,P1081,0.0657,558.6,0,2
2026-06-06,P1081,0.0626,560.45,0,2
2026-06-07,P1081,0.0796,550.26,0,0
2026-06-08,P1081,0.0884,545.0,0,1
2026-06-09,P1081,0.0808,549.54,0,10
2026-06-10,P1081,0.08,550.04,0,2
2026-06-11,P1081,0.0969,539.97,0,0
2026-06-12,P1081,0.0762,552.35,0,0
2026-06-13,P1081,0.0793,550.49,0,1
2026-06-14,P1081,0.0785,550.96,0,2
2026-06-15,P1081,0.0646,559.25,0,2
2026-06-16,P1081,0.0713,555.23,0,2
2026-06-17,P1081,0.0908,543.58,0,6
2026-06-18,P1081,0.0489,568.63,0,4
2026-06-19,P1081,0.0785,550.96,0,2
2026-06-20,P1081,0.0871,545.81,0,0
2026-06-21,P1081,0.0854,546.84,0,3
2026-06-22,P1081,0.0881,545.19,0,0
2026-06-23,P1081,0.0858,546.58,0,4
2026-06-24,P1081,0.0959,540.56,0,4
2026-06-25,P1081,0.0752,552.9,0,2
2026-06-26,P1081,0.0843,547.46,0,5
2026-06-27,P1081,0.1046,535.33,0,3
2026-06-28,P1081,0.1243,523.58,0,1
2026-06-29,P1081,0.0992,538.57,0,1
2026-06-30,P1081,0.0819,548.9,0,1
2026-07-01,P1081,0.0866,546.1,0,1
2026-07-02,P1081,0.0774,551.59,0,1
2026-07-03,P1081,0.0932,542.17,0,2
2026-07-04,P1081,0.3225,405.09,1,7
2026-07-05,P1081,0.3951,361.65,1,6
2026-07-06,P1081,0.3045,415.84,1,6
2026-07-07,P1081,0.231,459.74,1,2
2026-07-08,P1081,0.2823,429.08,1,5
2026-07-09,P1081,0.2075,473.85,1,2
2026-07-10,P1081,0.3724,375.24,1,2
2026-07-11,P1081,0.2415,453.51,1,5
2026-07-12,P1081,0.0757,552.62,0,3
2026-07-13,P1081,0.0882,545.15,0,1
2026-07-14,P1081,0.0702,555.93,0,1
2026-03-17,P1082,0.0417,390.2,0,3
2026-03-18,P1082,0.0165,400.44,0,2
2026-03-19,P1082,0.0246,397.15,0,6
2026-03-20,P1082,0.008,403.91,0,5
2026-03-21,P1082,0.0304,394.78,0,3
2026-03-22,P1082,0.0133,401.76,0,2
2026-03-23,P1082,0.0211,398.58,0,6
2026-03-24,P1082,0.0651,380.67,0,5
2026-03-25,P1082,0.0156,400.83,0,2
2026-03-26,P1082,0.036,392.51,0,7
2026-03-27,P1082,0.0308,394.64,0,6
2026-03-28,P1082,0.0285,395.55,0,3
2026-03-29,P1082,0.0113,402.58,0,4
2026-03-30,P1082,0.0455,388.64,0,6
2026-03-31,P1082,0.0383,391.58,0,6
2026-04-01,P1082,0.0344,393.15,0,8
2026-04-02,P1082,0.0264,396.43,0,5
2026-04-03,P1082,0.0256,396.75,0,2
2026-04-04,P1082,0.0514,386.25,0,6
2026-04-05,P1082,0.0015,406.57,0,6
2026-04-06,P1082,0.0175,400.04,0,5
2026-04-07,P1082,0.0307,394.65,0,2
2026-04-08,P1082,0.0358,392.58,0,2
2026-04-09,P1082,0.0342,393.24,0,4
2026-04-10,P1082,0.0103,402.99,0,3
2026-04-11,P1082,0.0345,393.11,0,4
2026-04-12,P1082,0.0442,389.18,0,4
2026-04-13,P1082,0.0261,396.56,0,6
2026-04-14,P1082,0.0207,398.76,0,3
2026-04-15,P1082,0.0183,399.74,0,3
2026-04-16,P1082,0.0201,399.0,0,3
2026-04-17,P1082,0.0523,385.86,0,3
2026-04-18,P1082,0.0262,396.52,0,5
2026-04-19,P1082,0.0091,403.47,0,2
2026-04-20,P1082,0.0,407.17,0,6
2026-04-21,P1082,0.0279,395.81,0,5
2026-04-22,P1082,0.0222,398.15,0,7
2026-04-23,P1082,0.0208,398.71,0,5
2026-04-24,P1082,0.0434,389.51,0,6
2026-04-25,P1082,0.0332,393.66,0,4
2026-04-26,P1082,0.0082,403.85,0,3
2026-04-27,P1082,0.0127,402.0,0,3
2026-04-28,P1082,0.0155,400.86,0,2
2026-04-29,P1082,0.0106,402.84,0,5
2026-04-30,P1082,0.0176,400.01,0,8
2026-05-01,P1082,0.0221,398.16,0,2
2026-05-02,P1082,0.0067,404.43,0,5
2026-05-03,P1082,0.0235,397.59,0,6
2026-05-04,P1082,0.0195,399.23,0,4
2026-05-05,P1082,0.0375,391.91,0,4
2026-05-06,P1082,0.0154,400.91,0,7
2026-05-07,P1082,0.0473,387.91,0,4
2026-05-08,P1082,0.2348,311.55,1,6
2026-05-09,P1082,0.2474,306.45,1,9
2026-05-10,P1082,0.1873,330.91,1,10
2026-05-11,P1082,0.2421,308.6,1,14
2026-05-12,P1082,0.2544,303.6,1,9
2026-05-13,P1082,0.0,407.17,0,5
2026-05-14,P1082,0.0,407.17,0,9
2026-05-15,P1082,0.0391,391.26,0,1
2026-05-16,P1082,0.0316,394.3,0,8
2026-05-17,P1082,0.019,399.42,0,3
2026-05-18,P1082,0.0519,386.05,0,8
2026-05-19,P1082,0.0,407.17,0,6
2026-05-20,P1082,0.0494,387.07,0,3
2026-05-21,P1082,0.024,397.39,0,3
2026-05-22,P1082,0.037,392.1,0,6
2026-05-23,P1082,0.0146,401.22,0,11
2026-05-24,P1082,0.0313,394.43,0,1
2026-05-25,P1082,0.012,402.3,0,10
2026-05-26,P1082,0.0107,402.8,0,6
2026-05-27,P1082,0.0095,403.31,0,1
2026-05-28,P1082,0.306,282.57,1,15
2026-05-29,P1082,0.2527,304.27,1,9
2026-05-30,P1082,0.2225,316.58,1,5
2026-05-31,P1082,0.2735,295.83,1,13
2026-06-01,P1082,0.1904,329.63,1,7
2026-06-02,P1082,0.2462,306.93,1,8
2026-06-03,P1082,0.2674,298.27,1,13
2026-06-04,P1082,0.2457,307.12,1,9
2026-06-05,P1082,0.0364,392.36,0,6
2026-06-06,P1082,0.0168,400.35,0,3
2026-06-07,P1082,0.0399,390.94,0,6
2026-06-08,P1082,0.0465,388.23,0,9
2026-06-09,P1082,0.0336,393.48,0,1
2026-06-10,P1082,0.041,390.48,0,1
2026-06-11,P1082,0.0088,403.58,0,5
2026-06-12,P1082,0.0697,378.77,0,8
2026-06-13,P1082,0.0305,394.77,0,1
2026-06-14,P1082,0.0291,395.31,0,2
2026-06-15,P1082,0.0106,402.85,0,1
2026-06-16,P1082,0.0313,394.41,0,1
2026-06-17,P1082,0.0177,399.95,0,2
2026-06-18,P1082,0.028,395.78,0,3
2026-06-19,P1082,0.0169,400.27,0,6
2026-06-20,P1082,0.0282,395.7,0,2
2026-06-21,P1082,0.0578,383.63,0,5
2026-06-22,P1082,0.0329,393.77,0,1
2026-06-23,P1082,0.0148,401.15,0,1
2026-06-24,P1082,0.0464,388.27,0,6
2026-06-25,P1082,0.0556,384.54,0,2
2026-06-26,P1082,0.0508,386.48,0,8
2026-06-27,P1082,0.0,407.17,0,5
2026-06-28,P1082,0.0273,396.07,0,7
2026-06-29,P1082,0.039,391.27,0,3
2026-06-30,P1082,0.0077,404.02,0,6
2026-07-01,P1082,0.0259,396.62,0,7
2026-07-02,P1082,0.0238,397.49,0,7
2026-07-03,P1082,0.0264,396.42,0,2
2026-07-04,P1082,0.0389,391.33,0,4
2026-07-05,P1082,0.0384,391.52,0,4
2026-07-06,P1082,0.0538,385.26,0,10
2026-07-07,P1082,0.0385,391.51,0,7
2026-07-08,P1082,0.0,407.17,0,4
2026-07-09,P1082,0.0433,389.55,0,2
2026-07-10,P1082,0.0416,390.23,0,5
2026-07-11,P1082,0.0422,390.0,0,5
2026-07-12,P1082,0.0268,396.25,0,3
2026-07-13,P1082,0.0495,387.01,0,5
2026-07-14,P1082,0.0321,394.1,0,7
2026-03-17,P1083,0.0934,2591.62,0,0
2026-03-18,P1083,0.0781,2635.23,0,0
2026-03-19,P1083,0.0857,2613.5,0,1
2026-03-20,P1083,0.078,2635.6,0,1
2026-03-21,P1083,0.093,2592.69,0,0
2026-03-22,P1083,0.0717,2653.5,0,0
2026-03-23,P1083,0.0527,2707.85,0,3
2026-03-24,P1083,0.0711,2655.23,0,0
2026-03-25,P1083,0.0749,2644.32,0,1
2026-03-26,P1083,0.0737,2647.91,0,0
2026-03-27,P1083,0.0789,2633.07,0,1
2026-03-28,P1083,0.0944,2588.77,0,0
2026-03-29,P1083,0.0664,2668.83,0,1
2026-03-30,P1083,0.0861,2612.37,0,1
2026-03-31,P1083,0.0898,2601.89,0,2
2026-04-01,P1083,0.0958,2584.59,0,2
2026-04-02,P1083,0.0927,2593.51,0,0
2026-04-03,P1083,0.0583,2691.92,0,1
2026-04-04,P1083,0.0501,2715.43,0,0
2026-04-05,P1083,0.0743,2646.15,0,1
2026-04-06,P1083,0.0557,2699.4,0,1
2026-04-07,P1083,0.0778,2636.12,0,0
2026-04-08,P1083,0.0883,2606.23,0,1
2026-04-09,P1083,0.0999,2572.89,0,2
2026-04-10,P1083,0.224,2218.19,1,0
2026-04-11,P1083,0.1973,2294.46,1,1
2026-04-12,P1083,0.1555,2413.99,1,4
2026-04-13,P1083,0.2621,2109.2,1,2
2026-04-14,P1083,0.4037,1704.57,1,3
2026-04-15,P1083,0.3657,1813.01,1,5
2026-04-16,P1083,0.261,2112.46,1,2
2026-04-17,P1083,0.4151,1671.98,1,3
2026-04-18,P1083,0.0818,2624.64,0,2
2026-04-19,P1083,0.0709,2655.71,0,1
2026-04-20,P1083,0.0791,2632.47,0,3
2026-04-21,P1083,0.0978,2578.87,0,0
2026-04-22,P1083,0.0904,2600.18,0,3
2026-04-23,P1083,0.0763,2640.26,0,2
2026-04-24,P1083,0.0885,2605.42,0,1
2026-04-25,P1083,0.0852,2615.09,0,1
2026-04-26,P1083,0.106,2555.44,0,1
2026-04-27,P1083,0.0939,2590.22,0,1
2026-04-28,P1083,0.0862,2612.02,0,2
2026-04-29,P1083,0.0666,2668.0,0,0
2026-04-30,P1083,0.0846,2616.55,0,1
2026-05-01,P1083,0.0772,2637.69,0,1
2026-05-02,P1083,0.0545,2702.83,0,2
2026-05-03,P1083,0.0952,2586.3,0,1
2026-05-04,P1083,0.071,2655.65,0,3
2026-05-05,P1083,0.1017,2567.66,0,0
2026-05-06,P1083,0.0477,2722.09,0,3
2026-05-07,P1083,0.0704,2657.34,0,0
2026-05-08,P1083,0.0941,2589.6,0,0
2026-05-09,P1083,0.0672,2666.39,0,1
2026-05-10,P1083,0.0879,2607.35,0,1
2026-05-11,P1083,0.0854,2614.42,0,0
2026-05-12,P1083,0.0746,2645.14,0,1
2026-05-13,P1083,0.066,2669.8,0,1
2026-05-14,P1083,0.0709,2655.78,0,2
2026-05-15,P1083,0.0993,2574.67,0,0
2026-05-16,P1083,0.0888,2604.65,0,2
2026-05-17,P1083,0.0668,2667.55,0,1
2026-05-18,P1083,0.0936,2590.91,0,0
2026-05-19,P1083,0.0938,2590.46,0,1
2026-05-20,P1083,0.073,2649.81,0,1
2026-05-21,P1083,0.0809,2627.27,0,0
2026-05-22,P1083,0.1023,2565.99,0,1
2026-05-23,P1083,0.0523,2709.0,0,3
2026-05-24,P1083,0.4567,1553.01,1,2
2026-05-25,P1083,0.2947,2016.16,1,3
2026-05-26,P1083,0.2384,2177.08,1,3
2026-05-27,P1083,0.2548,2130.07,1,0
2026-05-28,P1083,0.2428,2164.57,1,4
2026-05-29,P1083,0.0604,2685.95,0,3
2026-05-30,P1083,0.0809,2627.16,0,0
2026-05-31,P1083,0.0777,2636.31,0,3
2026-06-01,P1083,0.1046,2559.37,0,3
2026-06-02,P1083,0.1023,2566.22,0,2
2026-06-03,P1083,0.0672,2666.37,0,0
2026-06-04,P1083,0.0982,2577.79,0,0
2026-06-05,P1083,0.0783,2634.63,0,0
2026-06-06,P1083,0.0813,2626.19,0,1
2026-06-07,P1083,0.0903,2600.52,0,1
2026-06-08,P1083,0.0775,2637.05,0,0
2026-06-09,P1083,0.0861,2612.42,0,1
2026-06-10,P1083,0.0972,2580.57,0,0
2026-06-11,P1083,0.0762,2640.63,0,5
2026-06-12,P1083,0.0774,2637.12,0,3
2026-06-13,P1083,0.0679,2664.53,0,3
2026-06-14,P1083,0.0695,2659.84,0,2
2026-06-15,P1083,0.0537,2704.89,0,0
2026-06-16,P1083,0.0523,2708.88,0,0
2026-06-17,P1083,0.0748,2644.62,0,3
2026-06-18,P1083,0.0564,2697.17,0,1
2026-06-19,P1083,0.0669,2667.3,0,2
2026-06-20,P1083,0.0956,2585.18,0,1
2026-06-21,P1083,0.0922,2594.92,0,1
2026-06-22,P1083,0.0651,2672.51,0,1
2026-06-23,P1083,0.0794,2631.48,0,1
2026-06-24,P1083,0.0772,2637.84,0,0
2026-06-25,P1083,0.3334,1905.47,1,3
2026-06-26,P1083,0.323,1935.12,1,6
2026-06-27,P1083,0.3432,1877.52,1,4
2026-06-28,P1083,0.3057,1984.68,1,2
2026-06-29,P1083,0.3357,1898.98,1,2
2026-06-30,P1083,0.2716,2082.18,1,0
2026-07-01,P1083,0.3108,1970.06,1,2
2026-07-02,P1083,0.2964,2011.38,1,2
2026-07-03,P1083,0.1074,2551.59,0,2
2026-07-04,P1083,0.0526,2708.07,0,2
2026-07-05,P1083,0.075,2644.2,0,1
2026-07-06,P1083,0.0754,2643.03,0,1
2026-07-07,P1083,0.0916,2596.54,0,0
2026-07-08,P1083,0.0774,2637.24,0,4
2026-07-09,P1083,0.1019,2567.12,0,3
2026-07-10,P1083,0.1062,2554.89,0,1
2026-07-11,P1083,0.1137,2533.56,0,1
2026-07-12,P1083,0.0549,2701.57,0,1
2026-07-13,P1083,0.0909,2598.53,0,0
2026-07-14,P1083,0.0754,2643.03,0,1
