data/DailyScrapeLog.csv
ScrapingDate,ProductID,DiscountPercentage,SellingPrice,IsPromotional,UnitsSold
2026-03-17,P1084,0.1391,2050.44,0,2
2026-03-18,P1084,0.1515,2020.96,0,0
2026-03-19,P1084,0.1489,2027.14,0,0
2026-03-20,P1084,0.1638,1991.64,0,1
2026-03-21,P1084,0.133,2065.0,0,1
2026-03-22,P1084,0.1367,2056.28,0,1
2026-03-23,P1084,0.1335,2063.78,0,0
2026-03-24,P1084,0.1229,2089.04,0,0
2026-03-25,P1084,0.1486,2027.86,0,3
2026-03-26,P1084,0.1274,2078.46,0,1
2026-03-27,P1084,0.1452,2035.86,0,0
2026-03-28,P1084,0.1319,2067.58,0,1
2026-03-29,P1084,0.1356,2058.82,0,1
2026-03-30,P1084,0.1315,2068.52,0,1
2026-03-31,P1084,0.1523,2019.08,0,0
2026-04-01,P1084,0.1465,2032.89,0,3
2026-04-02,P1084,0.1377,2053.88,0,2
2026-04-03,P1084,0.127,2079.32,0,3
2026-04-04,P1084,0.128,2076.84,0,2
2026-04-05,P1084,0.15,2024.59,0,2
2026-04-06,P1084,0.1628,1994.14,0,1
2026-04-07,P1084,0.144,2038.79,0,0
2026-04-08,P1084,0.1273,2078.62,0,2
2026-04-09,P1084,0.1486,2027.84,0,1
2026-04-10,P1084,0.1434,2040.29,0,3
2026-04-11,P1084,0.1267,2079.98,0,2
2026-04-12,P1084,0.1317,2068.16,0,1
2026-04-13,P1084,0.1224,2090.38,0,1
2026-04-14,P1084,0.1507,2022.79,0,1
2026-04-15,P1084,0.1392,2050.26,0,1
2026-04-16,P1084,0.1468,2032.09,0,2
2026-04-17,P1084,0.1682,1981.22,0,1
2026-04-18,P1084,0.1712,1973.97,0,1
2026-04-19,P1084,0.1374,2054.53,0,0
2026-04-20,P1084,0.1052,2131.25,0,1
2026-04-21,P1084,0.1333,2064.2,0,2
2026-04-22,P1084,0.1228,2089.38,0,2
2026-04-23,P1084,0.1367,2056.22,0,1
2026-04-24,P1084,0.1405,2047.18,0,0
2026-04-25,P1084,0.1258,2082.14,0,1
2026-04-26,P1084,0.1339,2062.94,0,1
2026-04-27,P1084,0.1257,2082.39,0,1
2026-04-28,P1084,0.1358,2058.31,0,2
2026-04-29,P1084,0.1471,2031.36,0,1
2026-04-30,P1084,0.1673,1983.43,0,1
2026-05-01,P1084,0.1371,2055.18,0,3
2026-05-02,P1084,0.1273,2078.63,0,6
2026-05-03,P1084,0.1272,2078.75,0,3
2026-05-04,P1084,0.1559,2010.46,0,1
2026-05-05,P1084,0.1482,2028.73,0,0
2026-05-06,P1084,0.1425,2042.38,0,4
2026-05-07,P1084,0.1406,2046.9,0,2
2026-05-08,P1084,0.1515,2020.94,0,1
2026-05-09,P1084,0.1206,2094.64,0,3
2026-05-10,P1084,0.1271,2079.16,0,2
2026-05-11,P1084,0.1367,2056.25,0,1
2026-05-12,P1084,0.3923,1447.3,1,2
2026-05-13,P1084,0.2328,1827.39,1,3
2026-05-14,P1084,0.3233,1611.78,1,2
2026-05-15,P1084,0.2887,1694.22,1,3
2026-05-16,P1084,0.3558,1534.37,1,1
2026-05-17,P1084,0.3626,1518.15,1,7
2026-05-18,P1084,0.3669,1508.03,1,6
2026-05-19,P1084,0.3604,1523.31,1,3
2026-05-20,P1084,0.3475,1554.23,1,6
2026-05-21,P1084,0.285,1703.09,1,3
2026-05-22,P1084,0.2411,1807.54,1,2
2026-05-23,P1084,0.1399,2048.55,0,1
2026-05-24,P1084,0.1266,2080.19,0,1
2026-05-25,P1084,0.1413,2045.29,0,1
2026-05-26,P1084,0.1221,2090.9,0,2
2026-05-27,P1084,0.1439,2039.07,0,3
2026-05-28,P1084,0.1484,2028.24,0,2
2026-05-29,P1084,0.146,2033.95,0,0
2026-05-30,P1084,0.1315,2068.54,0,1
2026-05-31,P1084,0.1397,2049.11,0,3
2026-06-01,P1084,0.1426,2042.25,0,2
2026-06-02,P1084,0.1482,2028.9,0,0
2026-06-03,P1084,0.1616,1996.97,0,6
2026-06-04,P1084,0.1481,2028.97,0,0
2026-06-05,P1084,0.1318,2067.89,0,5
2026-06-06,P1084,0.1457,2034.74,0,1
2026-06-07,P1084,0.1493,2026.21,0,2
2026-06-08,P1084,0.1567,2008.56,0,2
2026-06-09,P1084,0.1138,2110.76,0,0
2026-06-10,P1084,0.1409,2046.27,0,0
2026-06-11,P1084,0.1257,2082.46,0,2
2026-06-12,P1084,0.1586,2004.02,0,2
2026-06-13,P1084,0.1267,2079.98,0,2
2026-06-14,P1084,0.1522,2019.23,0,1
2026-06-15,P1084,0.1617,1996.64,0,2
2026-06-16,P1084,0.1663,1985.7,0,1
2026-06-17,P1084,0.159,2003.04,0,4
2026-06-18,P1084,0.1598,2001.21,0,3
2026-06-19,P1084,0.1303,2071.35,0,3
2026-06-20,P1084,0.1223,2090.56,0,1
2026-06-21,P1084,0.1392,2050.32,0,2
2026-06-22,P1084,0.1227,2089.48,0,3
2026-06-23,P1084,0.1294,2073.58,0,2
2026-06-24,P1084,0.1549,2012.89,0,2
2026-06-25,P1084,0.1547,2013.22,0,4
2026-06-26,P1084,0.1355,2059.18,0,2
2026-06-27,P1084,0.118,2100.68,0,2
2026-06-28,P1084,0.1331,2064.88,0,0
2026-06-29,P1084,0.1167,2103.76,0,1
2026-06-30,P1084,0.153,2017.4,0,1
2026-07-01,P1084,0.1346,2061.17,0,2
2026-07-02,P1084,0.1462,2033.67,0,1
2026-07-03,P1084,0.1292,2074.11,0,0
2026-07-04,P1084,0.1622,1995.38,0,3
2026-07-05,P1084,0.1425,2042.47,0,2
2026-07-06,P1084,0.1241,2086.21,0,2
2026-07-07,P1084,0.1251,2083.77,0,1
2026-07-08,P1084,0.1347,2061.09,0,2
2026-07-09,P1084,0.1243,2085.63,0,1
2026-07-10,P1084,0.1368,2056.04,0,2
2026-07-11,P1084,0.1731,1969.55,0,1
2026-07-12,P1084,0.1367,2056.32,0,0
2026-07-13,P1084,0.1459,2034.29,0,1
2026-07-14,P1084,0.1549,2012.83,0,2
2026-03-17,P1085,0.1235,1357.36,0,3
2026-03-18,P1085,0.1083,1380.94,0,3
2026-03-19,P1085,0.1005,1392.91,0,2
2026-03-20,P1085,0.0724,1436.53,0,3
2026-03-21,P1085,0.1026,1389.81,0,2
2026-03-22,P1085,0.1273,1351.49,0,3
2026-03-23,P1085,0.1144,1371.42,0,2
2026-03-24,P1085,0.1398,1332.12,0,2
2026-03-25,P1085,0.1138,1372.41,0,2
2026-03-26,P1085,0.1154,1369.85,0,1
2026-03-27,P1085,0.0999,1393.93,0,3
2026-03-28,P1085,0.074,1433.95,0,2
2026-03-29,P1085,0.1258,1353.78,0,5
2026-03-30,P1085,0.0984,1396.18,0,5
2026-03-31,P1085,0.1132,1373.29,0,0
2026-04-01,P1085,0.1088,1380.17,0,3
2026-04-02,P1085,0.1358,1338.32,0,2
2026-04-03,P1085,0.132,1344.24,0,1
2026-04-04,P1085,0.1033,1388.65,0,2
2026-04-05,P1085,0.1083,1380.97,0,2
2026-04-06,P1085,0.1143,1371.54,0,3
2026-04-07,P1085,0.1099,1378.45,0,3
2026-04-08,P1085,0.1382,1334.66,0,1
2026-04-09,P1085,0.1405,1331.01,0,5
2026-04-10,P1085,0.1397,1332.21,0,1
2026-04-11,P1085,0.1149,1370.73,0,4
2026-04-12,P1085,0.1092,1379.55,0,4
2026-04-13,P1085,0.1502,1316.06,0,4
2026-04-14,P1085,0.1178,1366.25,0,4
2026-04-15,P1085,0.0923,1405.73,0,1
2026-04-16,P1085,0.0941,1402.92,0,3
2026-04-17,P1085,0.1095,1378.99,0,1
2026-04-18,P1085,0.1448,1324.44,0,1
2026-04-19,P1085,0.1027,1389.53,0,3
2026-04-20,P1085,0.1351,1339.33,0,3
2026-04-21,P1085,0.1323,1343.79,0,1
2026-04-22,P1085,0.1124,1374.59,0,3
2026-04-23,P1085,0.103,1389.12,0,2
2026-04-24,P1085,0.1288,1349.21,0,2
2026-04-25,P1085,0.1003,1393.28,0,3
2026-04-26,P1085,0.0967,1398.9,0,5
2026-04-27,P1085,0.1077,1381.81,0,5
2026-04-28,P1085,0.1173,1367.04,0,2
2026-04-29,P1085,0.1256,1354.09,0,5
2026-04-30,P1085,0.1195,1363.6,0,0
2026-05-01,P1085,0.1041,1387.43,0,4
2026-05-02,P1085,0.0952,1401.12,0,0
2026-05-03,P1085,0.0961,1399.77,0,3
2026-05-04,P1085,0.0946,1402.06,0,3
2026-05-05,P1085,0.1021,1390.46,0,2
2026-05-06,P1085,0.0974,1397.76,0,4
2026-05-07,P1085,0.1226,1358.79,0,4
2026-05-08,P1085,0.1353,1339.15,0,3
2026-05-09,P1085,0.0926,1405.25,0,1
2026-05-10,P1085,0.1084,1380.73,0,4
2026-05-11,P1085,0.0986,1395.97,0,1
2026-05-12,P1085,0.1322,1343.82,0,4
2026-05-13,P1085,0.1369,1336.65,0,3
2026-05-14,P1085,0.1096,1378.87,0,5
2026-05-15,P1085,0.1026,1389.7,0,2
2026-05-16,P1085,0.1022,1390.41,0,2
2026-05-17,P1085,0.1049,1386.17,0,1
2026-05-18,P1085,0.1097,1378.77,0,1
2026-05-19,P1085,0.1067,1383.42,0,3
2026-05-20,P1085,0.1348,1339.83,0,3
2026-05-21,P1085,0.1059,1384.56,0,1
2026-05-22,P1085,0.0967,1398.81,0,5
2026-05-23,P1085,0.1365,1337.28,0,2
2026-05-24,P1085,0.1071,1382.73,0,4
2026-05-25,P1085,0.1234,1357.59,0,0
2026-05-26,P1085,0.1326,1343.25,0,3
2026-05-27,P1085,0.1138,1372.36,0,3
2026-05-28,P1085,0.0962,1399.65,0,1
2026-05-29,P1085,0.1112,1376.45,0,0
2026-05-30,P1085,0.0846,1417.65,0,3
2026-05-31,P1085,0.0942,1402.79,0,3
2026-06-01,P1085,0.1057,1384.93,0,4
2026-06-02,P1085,0.1077,1381.85,0,4
2026-06-03,P1085,0.0869,1414.08,0,2
2026-06-04,P1085,0.1081,1381.16,0,1
2026-06-05,P1085,0.0988,1395.55,0,3
2026-06-06,P1085,0.0977,1397.3,0,1
2026-06-07,P1085,0.1177,1366.33,0,2
2026-06-08,P1085,0.0832,1419.82,0,1
2026-06-09,P1085,0.1178,1366.26,0,3
2026-06-10,P1085,0.0973,1397.9,0,2
2026-06-11,P1085,0.1117,1375.62,0,1
2026-06-12,P1085,0.1013,1391.73,0,5
2026-06-13,P1085,0.0949,1401.65,0,2
2026-06-14,P1085,0.0871,1413.75,0,1
2026-06-15,P1085,0.0947,1401.92,0,0
2026-06-16,P1085,0.117,1367.49,0,2
2026-06-17,P1085,0.1302,1346.97,0,2
2026-06-18,P1085,0.0924,1405.5,0,3
2026-06-19,P1085,0.1081,1381.23,0,2
2026-06-20,P1085,0.0992,1395.06,0,1
2026-06-21,P1085,0.1167,1367.93,0,1
2026-06-22,P1085,0.1085,1380.59,0,1
2026-06-23,P1085,0.1096,1378.9,0,3
2026-06-24,P1085,0.1312,1345.5,0,5
2026-06-25,P1085,0.0807,1423.61,0,3
2026-06-26,P1085,0.1118,1375.43,0,2
2026-06-27,P1085,0.1335,1341.93,0,0
2026-06-28,P1085,0.1121,1375.01,0,1
2026-06-29,P1085,0.1062,1384.13,0,4
2026-06-30,P1085,0.086,1415.49,0,2
2026-07-01,P1085,0.1168,1367.76,0,3
2026-07-02,P1085,0.3078,1071.89,1,7
2026-07-03,P1085,0.2827,1110.83,1,5
2026-07-04,P1085,0.4076,917.43,1,2
2026-07-05,P1085,0.3406,1021.11,1,6
2026-07-06,P1085,0.3458,1013.16,1,9
2026-07-07,P1085,0.2707,1129.48,1,7
2026-07-08,P1085,0.3738,969.79,1,6
2026-07-09,P1085,0.4332,877.8,1,4
2026-07-10,P1085,0.3308,1036.37,1,4
2026-07-11,P1085,0.1009,1392.33,0,1
2026-07-12,P1085,0.1045,1386.74,0,1
2026-07-13,P1085,0.1064,1383.78,0,2
2026-07-14,P1085,0.1172,1367.18,0,3
2026-03-17,P1086,0.1118,2154.53,0,5
2026-03-18,P1086,0.1099,2159.21,0,0
2026-03-19,P1086,0.091,2205.12,0,0
2026-03-20,P1086,0.0646,2269.08,0,2
2026-03-21,P1086,0.1134,2150.66,0,2
2026-03-22,P1086,0.0985,2186.93,0,1
2026-03-23,P1086,0.0984,2187.1,0,1
2026-03-24,P1086,0.0892,2209.37,0,1
2026-03-25,P1086,0.0695,2257.06,0,3
2026-03-26,P1086,0.0783,2235.88,0,2
2026-03-27,P1086,0.0497,2305.27,0,3
2026-03-28,P1086,0.0972,2189.99,0,1
2026-03-29,P1086,0.0937,2198.53,0,0
2026-03-30,P1086,0.0879,2212.56,0,0
2026-03-31,P1086,0.0675,2261.91,0,3
2026-04-01,P1086,0.1017,2179.05,0,1
2026-04-02,P1086,0.0763,2240.55,0,3
2026-04-03,P1086,0.1049,2171.25,0,1
2026-04-04,P1086,0.1073,2165.58,0,0
2026-04-05,P1086,0.0961,2192.62,0,0
2026-04-06,P1086,0.0476,2310.31,0,1
2026-04-07,P1086,0.0875,2213.6,0,2
2026-04-08,P1086,0.0713,2252.76,0,1
2026-04-09,P1086,0.089,2209.8,0,2
2026-04-10,P1086,0.0995,2184.42,0,3
2026-04-11,P1086,0.0777,2237.35,0,3
2026-04-12,P1086,0.08,2231.7,0,0
2026-04-13,P1086,0.0938,2198.25,0,3
2026-04-14,P1086,0.0861,2217.0,0,1
2026-04-15,P1086,0.0919,2202.88,0,3
2026-04-16,P1086,0.0852,2219.15,0,1
2026-04-17,P1086,0.0782,2236.08,0,3
2026-04-18,P1086,0.0808,2229.69,0,2
2026-04-19,P1086,0.1068,2166.77,0,3
2026-04-20,P1086,0.0731,2248.45,0,3
2026-04-21,P1086,0.069,2258.3,0,2
2026-04-22,P1086,0.0984,2186.95,0,1
2026-04-23,P1086,0.0936,2198.63,0,2
2026-04-24,P1086,0.0681,2260.64,0,2
2026-04-25,P1086,0.0672,2262.84,0,2
2026-04-26,P1086,0.0939,2197.9,0,1
2026-04-27,P1086,0.0977,2188.69,0,3
2026-04-28,P1086,0.0873,2214.05,0,1
2026-04-29,P1086,0.0865,2215.85,0,2
2026-04-30,P1086,0.0635,2271.73,0,0
2026-05-01,P1086,0.1305,2109.12,0,0
2026-05-02,P1086,0.0698,2256.54,0,0
2026-05-03,P1086,0.0781,2236.35,0,0
2026-05-04,P1086,0.1154,2145.9,0,3
2026-05-05,P1086,0.1128,2152.19,0,5
2026-05-06,P1086,0.1142,2148.82,0,3
2026-05-07,P1086,0.1087,2162.09,0,1
2026-05-08,P1086,0.0876,2213.27,0,2
2026-05-09,P1086,0.0625,2274.08,0,2
2026-05-10,P1086,0.0965,2191.74,0,3
2026-05-11,P1086,0.104,2173.44,0,2
2026-05-12,P1086,0.0941,2197.43,0,2
2026-05-13,P1086,0.1068,2166.58,0,1
2026-05-14,P1086,0.0924,2201.71,0,2
2026-05-15,P1086,0.0859,2217.32,0,2
2026-05-16,P1086,0.0668,2263.65,0,3
2026-05-17,P1086,0.0897,2208.08,0,1
2026-05-18,P1086,0.085,2219.5,0,0
2026-05-19,P1086,0.1091,2161.17,0,1
2026-05-20,P1086,0.1026,2176.88,0,2
2026-05-21,P1086,0.1227,2128.09,0,0
2026-05-22,P1086,0.09,2207.54,0,2
2026-05-23,P1086,0.0701,2255.68,0,0
2026-05-24,P1086,0.1011,2180.52,0,3
2026-05-25,P1086,0.0881,2212.16,0,2
2026-05-26,P1086,0.0731,2248.36,0,4
2026-05-27,P1086,0.0702,2255.4,0,1
2026-05-28,P1086,0.0981,2187.84,0,0
2026-05-29,P1086,0.102,2178.43,0,3
2026-05-30,P1086,0.1125,2152.85,0,1
2026-05-31,P1086,0.0694,2257.42,0,3
2026-06-01,P1086,0.0604,2279.25,0,2
2026-06-02,P1086,0.0823,2226.18,0,0
2026-06-03,P1086,0.0798,2232.11,0,1
2026-06-04,P1086,0.0997,2183.93,0,1
2026-06-05,P1086,0.064,2270.51,0,2
2026-06-06,P1086,0.0681,2260.56,0,2
2026-06-07,P1086,0.0959,2193.11,0,2
2026-06-08,P1086,0.1043,2172.69,0,0
2026-06-09,P1086,0.0787,2234.73,0,3
2026-06-10,P1086,0.0816,2227.93,0,0
2026-06-11,P1086,0.0813,2228.5,0,1
2026-06-12,P1086,0.0906,2205.94,0,1
2026-06-13,P1086,0.1105,2157.73,0,1
2026-06-14,P1086,0.0922,2202.03,0,0
2026-06-15,P1086,0.1078,2164.26,0,1
2026-06-16,P1086,0.0972,2189.92,0,0
2026-06-17,P1086,0.0779,2236.76,0,1
2026-06-18,P1086,0.0806,2230.25,0,1
2026-06-19,P1086,0.0706,2254.49,0,3
2026-06-20,P1086,0.0941,2197.37,0,2
2026-06-21,P1086,0.1,2183.13,0,0
2026-06-22,P1086,0.0882,2211.88,0,0
2026-06-23,P1086,0.077,2239.09,0,2
2026-06-24,P1086,0.1086,2162.31,0,2
2026-06-25,P1086,0.1066,2167.27,0,4
2026-06-26,P1086,0.0869,2215.03,0,0
2026-06-27,P1086,0.371,1525.85,1,5
2026-06-28,P1086,0.3388,1603.83,1,0
2026-06-29,P1086,0.4086,1434.54,1,3
2026-06-30,P1086,0.2742,1760.66,1,4
2026-07-01,P1086,0.2659,1780.63,1,6
2026-07-02,P1086,0.2122,1910.95,1,7
2026-07-03,P1086,0.2729,1763.78,1,1
2026-07-04,P1086,0.3325,1619.31,1,5
2026-07-05,P1086,0.4627,1303.4,1,4
2026-07-06,P1086,0.0982,2187.61,0,0
2026-07-07,P1086,0.0818,2227.3,0,2
2026-07-08,P1086,0.1031,2175.67,0,2
2026-07-09,P1086,0.0958,2193.39,0,0
2026-07-10,P1086,0.0865,2215.93,0,2
2026-07-11,P1086,0.0756,2242.3,0,2
2026-07-12,P1086,0.1145,2147.95,0,3
2026-07-13,P1086,0.1036,2174.45,0,4
2026-07-14,P1086,0.0796,2232.63,0,0
2026-03-17,P1087,0.0329,4771.32,0,1
2026-03-18,P1087,0.0574,4650.7,0,0
2026-03-19,P1087,0.0568,4653.69,0,2
2026-03-20,P1087,0.0378,4747.13,0,1
2026-03-21,P1087,0.0576,4649.41,0,0
2026-03-22,P1087,0.0529,4672.78,0,0
2026-03-23,P1087,0.038,4746.44,0,0
2026-03-24,P1087,0.0165,4852.63,0,1
2026-03-25,P1087,0.069,4593.27,0,0
2026-03-26,P1087,0.0595,4640.34,0,0
2026-03-27,P1087,0.0412,4730.53,0,0
2026-03-28,P1087,0.042,4726.65,0,1
2026-03-29,P1087,0.034,4766.27,0,2
2026-03-30,P1087,0.0627,4624.62,0,2
2026-03-31,P1087,0.0422,4725.71,0,2
2026-04-01,P1087,0.0343,4764.76,0,1
2026-04-02,P1087,0.0613,4631.27,0,1
2026-04-03,P1087,0.0574,4650.57,0,1
2026-04-04,P1087,0.0354,4759.28,0,0
2026-04-05,P1087,0.0,4933.81,0,1
2026-04-06,P1087,0.0369,4751.52,0,3
2026-04-07,P1087,0.0638,4619.08,0,0
2026-04-08,P1087,0.0495,4689.55,0,3
2026-04-09,P1087,0.0558,4658.64,0,0
2026-04-10,P1087,0.0495,4689.37,0,2
2026-04-11,P1087,0.0298,4786.65,0,2
2026-04-12,P1087,0.0122,4873.73,0,1
2026-04-13,P1087,0.057,4652.62,0,0
2026-04-14,P1087,0.0474,4699.86,0,0
2026-04-15,P1087,0.0483,4695.69,0,2
2026-04-16,P1087,0.0846,4516.28,0,2
2026-04-17,P1087,0.0253,4808.79,0,2
2026-04-18,P1087,0.1952,3970.55,1,3
2026-04-19,P1087,0.1906,3993.22,1,0
2026-04-20,P1087,0.3009,3449.11,1,1
2026-04-21,P1087,0.2835,3535.12,1,0
2026-04-22,P1087,0.2559,3671.25,1,0
2026-04-23,P1087,0.0439,4717.04,0,0
2026-04-24,P1087,0.0385,4743.71,0,2
2026-04-25,P1087,0.0595,4640.08,0,1
2026-04-26,P1087,0.0305,4783.54,0,1
2026-04-27,P1087,0.071,4583.63,0,0
2026-04-28,P1087,0.0397,4738.11,0,3
2026-04-29,P1087,0.0277,4797.24,0,2
2026-04-30,P1087,0.0638,4618.89,0,1
2026-05-01,P1087,0.0458,4707.83,0,1
2026-05-02,P1087,0.0345,4763.48,0,3
2026-05-03,P1087,0.0392,4740.37,0,0
2026-05-04,P1087,0.0482,4695.97,0,0
2026-05-05,P1087,0.0768,4554.86,0,0
2026-05-06,P1087,0.0306,4782.72,0,0
2026-05-07,P1087,0.0556,4659.67,0,0
2026-05-08,P1087,0.0255,4807.94,0,0
2026-05-09,P1087,0.0328,4772.06,0,0
2026-05-10,P1087,0.0399,4736.99,0,0
2026-05-11,P1087,0.0279,4796.26,0,1
2026-05-12,P1087,0.0492,4691.26,0,1
2026-05-13,P1087,0.0545,4665.07,0,1
2026-05-14,P1087,0.0366,4753.02,0,2
2026-05-15,P1087,0.009,4889.25,0,0
2026-05-16,P1087,0.0329,4771.58,0,0
2026-05-17,P1087,0.0621,4627.23,0,1
2026-05-18,P1087,0.0827,4525.8,0,1
2026-05-19,P1087,0.0542,4666.5,0,1
2026-05-20,P1087,0.0534,4670.56,0,0
2026-05-21,P1087,0.0327,4772.45,0,1
2026-05-22,P1087,0.0751,4563.04,0,0
2026-05-23,P1087,0.0728,4574.65,0,2
2026-05-24,P1087,0.038,4746.45,0,0
2026-05-25,P1087,0.0489,4692.66,0,1
2026-05-26,P1087,0.1703,4093.55,1,1
2026-05-27,P1087,0.1999,3947.58,1,2
2026-05-28,P1087,0.2315,3791.66,1,2
2026-05-29,P1087,0.2928,3488.99,1,1
2026-05-30,P1087,0.2776,3564.25,1,1
2026-05-31,P1087,0.2728,3588.0,1,3
2026-06-01,P1087,0.0555,4659.8,0,0
2026-06-02,P1087,0.041,4731.67,0,0
2026-06-03,P1087,0.0147,4861.3,0,0
2026-06-04,P1087,0.0455,4709.54,0,2
2026-06-05,P1087,0.0354,4759.39,0,0
2026-06-06,P1087,0.0398,4737.65,0,0
2026-06-07,P1087,0.0104,4882.64,0,1
2026-06-08,P1087,0.0268,4801.67,0,1
2026-06-09,P1087,0.0417,4728.22,0,0
2026-06-10,P1087,0.0581,4647.03,0,0
2026-06-11,P1087,0.039,4741.59,0,2
2026-06-12,P1087,0.0303,4784.21,0,2
2026-06-13,P1087,0.0471,4701.65,0,2
2026-06-14,P1087,0.0588,4643.63,0,0
2026-06-15,P1087,0.0356,4757.92,0,1
2026-06-16,P1087,0.0467,4703.57,0,1
2026-06-17,P1087,0.0426,4723.78,0,0
2026-06-18,P1087,0.0718,4579.39,0,2
2026-06-19,P1087,0.3032,3437.66,1,1
2026-06-20,P1087,0.2492,3704.09,1,4
2026-06-21,P1087,0.2427,3736.23,1,1
2026-06-22,P1087,0.2372,3763.7,1,5
2026-06-23,P1087,0.1512,4187.97,1,1
2026-06-24,P1087,0.0254,4808.56,0,1
2026-06-25,P1087,0.0537,4668.79,0,1
2026-06-26,P1087,0.049,4691.89,0,0
2026-06-27,P1087,0.029,4790.61,0,1
2026-06-28,P1087,0.0487,4693.74,0,0
2026-06-29,P1087,0.0776,4550.83,0,3
2026-06-30,P1087,0.0566,4654.74,0,2
2026-07-01,P1087,0.0521,4676.91,0,1
2026-07-02,P1087,0.0478,4698.08,0,1
2026-07-03,P1087,0.0229,4820.64,0,0
2026-07-04,P1087,0.0301,4785.18,0,2
2026-07-05,P1087,0.0279,4796.2,0,1
2026-07-06,P1087,0.0645,4615.73,0,1
2026-07-07,P1087,0.051,4682.08,0,3
2026-07-08,P1087,0.0454,4709.66,0,0
2026-07-09,P1087,0.0401,4735.77,0,1
2026-07-10,P1087,0.0471,4701.6,0,1
2026-07-11,P1087,0.0203,4833.69,0,1
2026-07-12,P1087,0.0539,4667.73,0,0
2026-07-13,P1087,0.071,4583.49,0,0
2026-07-14,P1087,0.0318,4777.01,0,1
