data/DailyScrapeLog.csv
ScrapingDate,ProductID,DiscountPercentage,SellingPrice,IsPromotional,UnitsSold
2026-03-17,P1088,0.0237,3404.0,0,2
2026-03-18,P1088,0.0,3486.71,0,0
2026-03-19,P1088,0.0083,3457.9,0,0
2026-03-20,P1088,0.0045,3471.17,0,1
2026-03-21,P1088,0.0176,3425.49,0,1
2026-03-22,P1088,0.0147,3435.54,0,0
2026-03-23,P1088,0.0039,3473.16,0,1
2026-03-24,P1088,0.0205,3415.14,0,1
2026-03-25,P1088,0.0114,3446.82,0,2
2026-03-26,P1088,0.038,3354.24,0,0
2026-03-27,P1088,0.0226,3407.9,0,1
2026-03-28,P1088,0.026,3395.92,0,2
2026-03-29,P1088,0.0086,3456.7,0,1
2026-03-30,P1088,0.0139,3438.18,0,0
2026-03-31,P1088,0.0,3486.7,0,1
2026-04-01,P1088,0.0224,3408.53,0,3
2026-04-02,P1088,0.0022,3478.89,0,1
2026-04-03,P1088,0.0,3486.71,0,0
2026-04-04,P1088,0.0212,3412.73,0,1
2026-04-05,P1088,0.0261,3395.74,0,1
2026-04-06,P1088,0.0481,3319.08,0,3
2026-04-07,P1088,0.0285,3387.44,0,2
2026-04-08,P1088,0.0097,3452.95,0,2
2026-04-09,P1088,0.0168,3428.09,0,0
2026-04-10,P1088,0.0321,3374.84,0,0
2026-04-11,P1088,0.0,3486.71,0,0
2026-04-12,P1088,0.0,3486.71,0,3
2026-04-13,P1088,0.0137,3439.05,0,0
2026-04-14,P1088,0.028,3389.22,0,1
2026-04-15,P1088,0.0325,3373.43,0,0
2026-04-16,P1088,0.0283,3388.15,0,1
2026-04-17,P1088,0.0028,3476.82,0,0
2026-04-18,P1088,0.0054,3467.82,0,3
2026-04-19,P1088,0.0194,3419.07,0,2
2026-04-20,P1088,0.2463,2628.01,1,2
2026-04-21,P1088,0.2406,2647.78,1,1
2026-04-22,P1088,0.2612,2576.03,1,5
2026-04-23,P1088,0.2957,2455.76,1,1
2026-04-24,P1088,0.2756,2525.66,1,3
2026-04-25,P1088,0.1738,2880.77,1,3
2026-04-26,P1088,0.2048,2772.63,1,4
2026-04-27,P1088,0.0,3486.71,0,4
2026-04-28,P1088,0.0,3486.71,0,0
2026-04-29,P1088,0.0184,3422.62,0,0
2026-04-30,P1088,0.0063,3464.84,0,0
2026-05-01,P1088,0.007,3462.14,0,1
2026-05-02,P1088,0.0139,3438.08,0,0
2026-05-03,P1088,0.0,3486.71,0,1
2026-05-04,P1088,0.0018,3480.47,0,3
2026-05-05,P1088,0.0308,3379.42,0,1
2026-05-06,P1088,0.0,3486.71,0,0
2026-05-07,P1088,0.0192,3419.66,0,0
2026-05-08,P1088,0.0,3486.71,0,2
2026-05-09,P1088,0.0197,3417.97,0,1
2026-05-10,P1088,0.0048,3469.91,0,2
2026-05-11,P1088,0.0342,3367.46,0,0
2026-05-12,P1088,0.0,3486.71,0,2
2026-05-13,P1088,0.0055,3467.46,0,1
2026-05-14,P1088,0.0136,3439.37,0,2
2026-05-15,P1088,0.0092,3454.53,0,2
2026-05-16,P1088,0.0038,3473.57,0,1
2026-05-17,P1088,0.0422,3339.71,0,5
2026-05-18,P1088,0.0322,3374.53,0,1
2026-05-19,P1088,0.0,3486.71,0,0
2026-05-20,P1088,0.0016,3481.29,0,1
2026-05-21,P1088,0.0175,3425.84,0,0
2026-05-22,P1088,0.0,3486.71,0,0
2026-05-23,P1088,0.0,3486.71,0,1
2026-05-24,P1088,0.0013,3482.08,0,2
2026-05-25,P1088,0.0337,3369.25,0,1
2026-05-26,P1088,0.0157,3432.13,0,2
2026-05-27,P1088,0.0146,3435.93,0,0
2026-05-28,P1088,0.0242,3402.29,0,1
2026-05-29,P1088,0.0026,3477.54,0,0
2026-05-30,P1088,0.0072,3461.74,0,1
2026-05-31,P1088,0.0,3486.71,0,0
2026-06-01,P1088,0.0123,3443.81,0,0
2026-06-02,P1088,0.0341,3367.72,0,1
2026-06-03,P1088,0.0027,3477.43,0,1
2026-06-04,P1088,0.0291,3385.15,0,1
2026-06-05,P1088,0.0368,3358.51,0,1
2026-06-06,P1088,0.0,3486.71,0,2
2026-06-07,P1088,0.0034,3475.0,0,2
2026-06-08,P1088,0.0,3486.71,0,0
2026-06-09,P1088,0.0338,3368.97,0,0
2026-06-10,P1088,0.0176,3425.26,0,2
2026-06-11,P1088,0.0,3486.71,0,2
2026-06-12,P1088,0.0056,3467.32,0,3
2026-06-13,P1088,0.0245,3401.18,0,2
2026-06-14,P1088,0.0195,3418.77,0,1
2026-06-15,P1088,0.0258,3396.69,0,3
2026-06-16,P1088,0.0129,3441.6,0,1
2026-06-17,P1088,0.0222,3409.41,0,1
2026-06-18,P1088,0.0183,3422.73,0,2
2026-06-19,P1088,0.0133,3440.5,0,0
2026-06-20,P1088,0.0,3486.71,0,0
2026-06-21,P1088,0.0072,3461.54,0,1
2026-06-22,P1088,0.0116,3446.15,0,0
2026-06-23,P1088,0.0278,3389.81,0,0
2026-06-24,P1088,0.0185,3422.12,0,0
2026-06-25,P1088,0.0119,3445.21,0,0
2026-06-26,P1088,0.3472,2276.15,1,1
2026-06-27,P1088,0.2679,2552.6,1,3
2026-06-28,P1088,0.2188,2723.83,1,2
2026-06-29,P1088,0.2362,2663.01,1,5
2026-06-30,P1088,0.2484,2620.66,1,5
2026-07-01,P1088,0.2272,2694.48,1,1
2026-07-02,P1088,0.3243,2356.0,1,4
2026-07-03,P1088,0.0356,3362.45,0,0
2026-07-04,P1088,0.0071,3461.81,0,0
2026-07-05,P1088,0.0241,3402.72,0,0
2026-07-06,P1088,0.0172,3426.77,0,0
2026-07-07,P1088,0.0009,3483.53,0,2
2026-07-08,P1088,0.0295,3384.02,0,1
2026-07-09,P1088,0.005,3469.36,0,0
2026-07-10,P1088,0.0113,3447.2,0,2
2026-07-11,P1088,0.0222,3409.35,0,1
2026-07-12,P1088,0.0,3486.71,0,0
2026-07-13,P1088,0.0127,3442.59,0,1
2026-07-14,P1088,0.0454,3328.47,0,2
2026-03-17,P1089,0.0745,2635.59,0,0
2026-03-18,P1089,0.1117,2529.57,0,2
2026-03-19,P1089,0.0989,2566.12,0,2
2026-03-20,P1089,0.088,2596.94,0,2
2026-03-21,P1089,0.0872,2599.44,0,1
2026-03-22,P1089,0.0704,2647.07,0,0
2026-03-23,P1089,0.102,2557.22,0,2
2026-03-24,P1089,0.0831,2611.0,0,1
2026-03-25,P1089,0.0966,2572.58,0,2
2026-03-26,P1089,0.0986,2566.94,0,1
2026-03-27,P1089,0.0984,2567.39,0,1
2026-03-28,P1089,0.0833,2610.38,0,0
2026-03-29,P1089,0.0737,2637.88,0,0
2026-03-30,P1089,0.0624,2669.86,0,0
2026-03-31,P1089,0.0937,2580.76,0,2
2026-04-01,P1089,0.1049,2549.04,0,2
2026-04-02,P1089,0.0957,2575.04,0,0
2026-04-03,P1089,0.083,2611.28,0,1
2026-04-04,P1089,0.0742,2636.23,0,1
2026-04-05,P1089,0.095,2577.19,0,0
2026-04-06,P1089,0.0945,2578.4,0,1
2026-04-07,P1089,0.1069,2543.3,0,1
2026-04-08,P1089,0.1039,2551.8,0,0
2026-04-09,P1089,0.1057,2546.72,0,1
2026-04-10,P1089,0.0845,2607.12,0,3
2026-04-11,P1089,0.0866,2601.0,0,0
2026-04-12,P1089,0.3338,1897.05,1,6
2026-04-13,P1089,0.4385,1598.89,1,2
2026-04-14,P1089,0.2903,2021.02,1,4
2026-04-15,P1089,0.3284,1912.5,1,0
2026-04-16,P1089,0.3505,1849.45,1,2
2026-04-17,P1089,0.2662,2089.63,1,2
2026-04-18,P1089,0.2383,2168.98,1,2
2026-04-19,P1089,0.0633,2667.31,0,1
2026-04-20,P1089,0.091,2588.38,0,2
2026-04-21,P1089,0.089,2594.18,0,1
2026-04-22,P1089,0.0758,2631.83,0,2
2026-04-23,P1089,0.1117,2529.68,0,1
2026-04-24,P1089,0.1026,2555.48,0,3
2026-04-25,P1089,0.0934,2581.63,0,1
2026-04-26,P1089,0.1073,2542.15,0,3
2026-04-27,P1089,0.3285,1912.1,1,3
2026-04-28,P1089,0.3489,1854.1,1,2
2026-04-29,P1089,0.3618,1817.38,1,3
2026-04-30,P1089,0.2739,2067.75,1,2
2026-05-01,P1089,0.3011,1990.19,1,1
2026-05-02,P1089,0.1007,2560.82,0,1
2026-05-03,P1089,0.1091,2536.86,0,2
2026-05-04,P1089,0.0954,2575.96,0,2
2026-05-05,P1089,0.0939,2580.14,0,5
2026-05-06,P1089,0.0972,2570.73,0,0
2026-05-07,P1089,0.0867,2600.73,0,1
2026-05-08,P1089,0.0807,2617.72,0,0
2026-05-09,P1089,0.0907,2589.48,0,2
2026-05-10,P1089,0.0996,2564.0,0,0
2026-05-11,P1089,0.0958,2574.73,0,0
2026-05-12,P1089,0.0985,2567.1,0,1
2026-05-13,P1089,0.0995,2564.32,0,0
2026-05-14,P1089,0.1014,2558.85,0,1
2026-05-15,P1089,0.0766,2629.62,0,0
2026-05-16,P1089,0.1208,2503.68,0,0
2026-05-17,P1089,0.0773,2627.44,0,0
2026-05-18,P1089,0.1047,2549.42,0,2
2026-05-19,P1089,0.0938,2580.4,0,0
2026-05-20,P1089,0.1112,2531.05,0,1
2026-05-21,P1089,0.0848,2606.13,0,0
2026-05-22,P1089,0.1262,2488.37,0,1
2026-05-23,P1089,0.0721,2642.4,0,2
2026-05-24,P1089,0.1028,2554.94,0,1
2026-05-25,P1089,0.067,2656.93,0,2
2026-05-26,P1089,0.046,2716.66,0,2
2026-05-27,P1089,0.1013,2559.09,0,0
2026-05-28,P1089,0.1033,2553.53,0,1
2026-05-29,P1089,0.0759,2631.5,0,1
2026-05-30,P1089,0.0932,2582.31,0,0
2026-05-31,P1089,0.0819,2614.41,0,2
2026-06-01,P1089,0.0907,2589.42,0,0
2026-06-02,P1089,0.0714,2644.26,0,0
2026-06-03,P1089,0.0876,2598.12,0,0
2026-06-04,P1089,0.1119,2528.89,0,2
2026-06-05,P1089,0.1076,2541.2,0,1
2026-06-06,P1089,0.0983,2567.56,0,1
2026-06-07,P1089,0.0976,2569.59,0,1
2026-06-08,P1089,0.0803,2618.85,0,2
2026-06-09,P1089,0.0935,2581.45,0,1
2026-06-10,P1089,0.0674,2655.78,0,1
2026-06-11,P1089,0.0986,2566.82,0,1
2026-06-12,P1089,0.0632,2667.64,0,1
2026-06-13,P1089,0.0861,2602.3,0,1
2026-06-14,P1089,0.1011,2559.63,0,1
2026-06-15,P1089,0.1079,2540.49,0,3
2026-06-16,P1089,0.1349,2463.37,0,1
2026-06-17,P1089,0.0969,2571.6,0,1
2026-06-18,P1089,0.1008,2560.55,0,0
2026-06-19,P1089,0.0916,2586.85,0,1
2026-06-20,P1089,0.1194,2507.49,0,2
2026-06-21,P1089,0.119,2508.72,0,1
2026-06-22,P1089,0.0809,2617.3,0,1
2026-06-23,P1089,0.0744,2635.9,0,1
2026-06-24,P1089,0.0909,2588.68,0,1
2026-06-25,P1089,0.0659,2659.99,0,1
2026-06-26,P1089,0.0838,2609.12,0,0
2026-06-27,P1089,0.0962,2573.59,0,3
2026-06-28,P1089,0.0817,2615.03,0,3
2026-06-29,P1089,0.074,2636.77,0,1
2026-06-30,P1089,0.098,2568.56,0,0
2026-07-01,P1089,0.1038,2552.12,0,4
2026-07-02,P1089,0.1074,2541.77,0,2
2026-07-03,P1089,0.0877,2597.99,0,2
2026-07-04,P1089,0.0907,2589.43,0,1
2026-07-05,P1089,0.0959,2574.53,0,3
2026-07-06,P1089,0.0921,2585.37,0,1
2026-07-07,P1089,0.0881,2596.86,0,2
2026-07-08,P1089,0.0837,2609.18,0,3
2026-07-09,P1089,0.0833,2610.41,0,0
2026-07-10,P1089,0.0769,2628.73,0,0
2026-07-11,P1089,0.0775,2626.82,0,2
2026-07-12,P1089,0.1018,2557.66,0,0
2026-07-13,P1089,0.0963,2573.37,0,0
2026-07-14,P1089,0.1263,2487.87,0,1
2026-03-17,P1090,0.1332,2066.08,0,1
2026-03-18,P1090,0.1476,2031.97,0,1
2026-03-19,P1090,0.1325,2067.97,0,1
2026-03-20,P1090,0.1218,2093.4,0,1
2026-03-21,P1090,0.1393,2051.56,0,0
2026-03-22,P1090,0.1156,2108.2,0,0
2026-03-23,P1090,0.1444,2039.41,0,0
2026-03-24,P1090,0.1551,2014.06,0,3
2026-03-25,P1090,0.1194,2099.03,0,2
2026-03-26,P1090,0.1073,2127.92,0,2
2026-03-27,P1090,0.1342,2063.89,0,1
2026-03-28,P1090,0.1131,2114.13,0,1
2026-03-29,P1090,0.1325,2067.79,0,0
2026-03-30,P1090,0.0964,2153.81,0,0
2026-03-31,P1090,0.1389,2052.7,0,2
2026-04-01,P1090,0.1467,2034.06,0,4
2026-04-02,P1090,0.1319,2069.21,0,3
2026-04-03,P1090,0.1496,2027.17,0,1
2026-04-04,P1090,0.1228,2090.9,0,0
2026-04-05,P1090,0.1036,2136.75,0,2
2026-04-06,P1090,0.1309,2071.63,0,0
2026-04-07,P1090,0.1456,2036.61,0,0
2026-04-08,P1090,0.1302,2073.29,0,1
2026-04-09,P1090,0.1292,2075.63,0,1
2026-04-10,P1090,0.1289,2076.37,0,0
2026-04-11,P1090,0.132,2069.15,0,0
2026-04-12,P1090,0.1236,2089.02,0,1
2026-04-13,P1090,0.1297,2074.58,0,0
2026-04-14,P1090,0.1271,2080.84,0,0
2026-04-15,P1090,0.1376,2055.6,0,0
2026-04-16,P1090,0.1348,2062.41,0,0
2026-04-17,P1090,0.1406,2048.45,0,0
2026-04-18,P1090,0.1315,2070.21,0,2
2026-04-19,P1090,0.1321,2068.87,0,2
2026-04-20,P1090,0.1415,2046.49,0,1
2026-04-21,P1090,0.1373,2056.32,0,1
2026-04-22,P1090,0.1545,2015.47,0,3
2026-04-23,P1090,0.1056,2131.96,0,2
2026-04-24,P1090,0.1034,2137.22,0,0
2026-04-25,P1090,0.1254,2084.81,0,1
2026-04-26,P1090,0.1586,2005.69,0,1
2026-04-27,P1090,0.3906,1452.54,1,1
2026-04-28,P1090,0.2926,1686.24,1,2
2026-04-29,P1090,0.4068,1414.06,1,1
2026-04-30,P1090,0.5099,1168.22,1,2
2026-05-01,P1090,0.3193,1622.47,1,4
2026-05-02,P1090,0.4203,1381.82,1,2
2026-05-03,P1090,0.323,1613.84,1,0
2026-05-04,P1090,0.3574,1531.81,1,1
2026-05-05,P1090,0.3419,1568.59,1,4
2026-05-06,P1090,0.1352,2061.45,0,0
2026-05-07,P1090,0.1209,2095.45,0,1
2026-05-08,P1090,0.1303,2073.14,0,1
2026-05-09,P1090,0.1104,2120.45,0,1
2026-05-10,P1090,0.1461,2035.49,0,1
2026-05-11,P1090,0.1093,2123.1,0,2
2026-05-12,P1090,0.1391,2052.2,0,1
2026-05-13,P1090,0.1469,2033.46,0,0
2026-05-14,P1090,0.1151,2109.29,0,2
2026-05-15,P1090,0.1206,2096.33,0,1
2026-05-16,P1090,0.1136,2112.94,0,2
2026-05-17,P1090,0.1108,2119.53,0,3
2026-05-18,P1090,0.12,2097.7,0,2
2026-05-19,P1090,0.1563,2011.09,0,3
2026-05-20,P1090,0.1514,2022.69,0,4
2026-05-21,P1090,0.1362,2058.92,0,2
2026-05-22,P1090,0.1111,2118.76,0,2
2026-05-23,P1090,0.1437,2041.19,0,0
2026-05-24,P1090,0.1126,2115.24,0,0
2026-05-25,P1090,0.0976,2150.95,0,3
2026-05-26,P1090,0.1345,2063.08,0,1
2026-05-27,P1090,0.1308,2071.85,0,1
2026-05-28,P1090,0.1278,2079.13,0,1
2026-05-29,P1090,0.1184,2101.47,0,1
2026-05-30,P1090,0.1172,2104.27,0,0
2026-05-31,P1090,0.135,2061.95,0,2
2026-06-01,P1090,0.1555,2012.93,0,0
2026-06-02,P1090,0.1242,2087.75,0,1
2026-06-03,P1090,0.1234,2089.58,0,0
2026-06-04,P1090,0.1244,2087.22,0,0
2026-06-05,P1090,0.1302,2073.41,0,2
2026-06-06,P1090,0.1417,2045.98,0,0
2026-06-07,P1090,0.128,2078.55,0,0
2026-06-08,P1090,0.1371,2056.78,0,2
2026-06-09,P1090,0.1518,2021.77,0,2
2026-06-10,P1090,0.1524,2020.48,0,1
2026-06-11,P1090,0.1283,2077.87,0,2
2026-06-12,P1090,0.1437,2041.07,0,2
2026-06-13,P1090,0.161,1999.81,0,2
2026-06-14,P1090,0.1368,2057.57,0,3
2026-06-15,P1090,0.14,2050.03,0,2
2026-06-16,P1090,0.1199,2097.97,0,1
2026-06-17,P1090,0.1366,2058.17,0,2
2026-06-18,P1090,0.1131,2114.06,0,2
2026-06-19,P1090,0.1558,2012.21,0,1
2026-06-20,P1090,0.152,2021.45,0,1
2026-06-21,P1090,0.1143,2111.34,0,2
2026-06-22,P1090,0.1063,2130.3,0,1
2026-06-23,P1090,0.1226,2091.52,0,0
2026-06-24,P1090,0.1255,2084.56,0,0
2026-06-25,P1090,0.1204,2096.62,0,0
2026-06-26,P1090,0.1142,2111.46,0,0
2026-06-27,P1090,0.1522,2020.87,0,0
2026-06-28,P1090,0.1079,2126.51,0,2
2026-06-29,P1090,0.1311,2071.21,0,0
2026-06-30,P1090,0.163,1995.12,0,0
2026-07-01,P1090,0.1201,2097.44,0,2
2026-07-02,P1090,0.1398,2050.41,0,2
2026-07-03,P1090,0.1363,2058.87,0,0
2026-07-04,P1090,0.1298,2074.22,0,1
2026-07-05,P1090,0.1369,2057.35,0,3
2026-07-06,P1090,0.107,2128.6,0,2
2026-07-07,P1090,0.1391,2052.18,0,0
2026-07-08,P1090,0.1297,2074.52,0,2
2026-07-09,P1090,0.1339,2064.49,0,0
2026-07-10,P1090,0.1417,2045.96,0,2
2026-07-11,P1090,0.1408,2048.13,0,1
2026-07-12,P1090,0.1376,2055.75,0,0
2026-07-13,P1090,0.1177,2103.17,0,0
2026-07-14,P1090,0.1105,2120.18,0,1
2026-03-17,P1091,0.0478,11997.13,0,0
2026-03-18,P1091,0.0489,11983.69,0,0
2026-03-19,P1091,0.0225,12315.84,0,0
2026-03-20,P1091,0.0822,11562.99,0,2
2026-03-21,P1091,0.0493,11978.4,0,1
2026-03-22,P1091,0.0643,11789.66,0,0
2026-03-23,P1091,0.0595,11848.97,0,0
2026-03-24,P1091,0.0514,11951.26,0,0
2026-03-25,P1091,0.0911,11451.33,0,0
2026-03-26,P1091,0.03,12221.68,0,0
2026-03-27,P1091,0.0551,11904.68,0,0
2026-03-28,P1091,0.0787,11607.27,0,1
2026-03-29,P1091,0.057,11880.42,0,0
2026-03-30,P1091,0.0551,11904.63,0,1
2026-03-31,P1091,0.0762,11638.68,0,0
2026-04-01,P1091,0.0255,12278.17,0,0
2026-04-02,P1091,0.0648,11782.14,0,0
2026-04-03,P1091,0.0539,11920.09,0,2
2026-04-04,P1091,0.0262,12269.69,0,0
2026-04-05,P1091,0.0314,12203.55,0,0
2026-04-06,P1091,0.0518,11945.95,0,0
2026-04-07,P1091,0.0552,11903.42,0,0
2026-04-08,P1091,0.0227,12313.33,0,0
2026-04-09,P1091,0.0708,11706.62,0,1
2026-04-10,P1091,0.0321,12194.68,0,0
2026-04-11,P1091,0.0653,11776.46,0,1
2026-04-12,P1091,0.048,11995.0,0,0
2026-04-13,P1091,0.0688,11732.11,0,0
2026-04-14,P1091,0.037,12133.19,0,0
2026-04-15,P1091,0.0418,12072.08,0,0
2026-04-16,P1091,0.0405,12088.99,0,0
2026-04-17,P1091,0.0584,11863.28,0,0
2026-04-18,P1091,0.0672,11752.71,0,0
2026-04-19,P1091,0.0595,11848.94,0,1
2026-04-20,P1091,0.0699,11719.06,0,0
2026-04-21,P1091,0.0616,11823.37,0,0
2026-04-22,P1091,0.0482,11992.06,0,1
2026-04-23,P1091,0.0504,11964.42,0,0
2026-04-24,P1091,0.0491,11981.16,0,1
2026-04-25,P1091,0.049,11981.84,0,0
2026-04-26,P1091,0.0473,12002.64,0,0
2026-04-27,P1091,0.0706,11709.19,0,1
2026-04-28,P1091,0.0544,11913.71,0,1
2026-04-29,P1091,0.0444,12039.84,0,0
2026-04-30,P1091,0.0662,11765.13,0,0
2026-05-01,P1091,0.0489,11982.76,0,1
2026-05-02,P1091,0.0482,11992.43,0,0
2026-05-03,P1091,0.0592,11853.9,0,0
2026-05-04,P1091,0.0646,11785.62,0,0
2026-05-05,P1091,0.0352,12155.55,0,0
2026-05-06,P1091,0.0525,11938.34,0,1
2026-05-07,P1091,0.0487,11985.47,0,1
2026-05-08,P1091,0.0564,11888.07,0,0
2026-05-09,P1091,0.0424,12065.09,0,0
2026-05-10,P1091,0.0707,11708.9,0,1
2026-05-11,P1091,0.059,11855.36,0,0
2026-05-12,P1091,0.0774,11624.32,0,0
2026-05-13,P1091,0.0558,11896.39,0,0
2026-05-14,P1091,0.0466,12011.92,0,0
2026-05-15,P1091,0.0442,12042.37,0,0
2026-05-16,P1091,0.0686,11735.21,0,0
2026-05-17,P1091,0.059,11855.5,0,0
2026-05-18,P1091,0.0568,11884.06,0,0
2026-05-19,P1091,0.06,11842.75,0,0
2026-05-20,P1091,0.0404,12090.0,0,0
2026-05-21,P1091,0.0419,12071.69,0,0
2026-05-22,P1091,0.0497,11972.82,0,0
2026-05-23,P1091,0.0697,11721.13,0,0
2026-05-24,P1091,0.0471,12006.22,0,0
2026-05-25,P1091,0.0392,12104.82,0,0
2026-05-26,P1091,0.0402,12093.24,0,0
2026-05-27,P1091,0.0523,11939.78,0,0
2026-05-28,P1091,0.0358,12148.23,0,0
2026-05-29,P1091,0.0564,11888.98,0,0
2026-05-30,P1091,0.0242,12294.61,0,0
2026-05-31,P1091,0.0825,11559.88,0,0
2026-06-01,P1091,0.0322,12193.87,0,0
2026-06-02,P1091,0.0408,12085.28,0,0
2026-06-03,P1091,0.0373,12129.77,0,0
2026-06-04,P1091,0.2423,9546.05,1,0
2026-06-05,P1091,0.2982,8842.0,1,0
2026-06-06,P1091,0.2169,9866.41,1,0
2026-06-07,P1091,0.4713,6661.58,1,1
2026-06-08,P1091,0.3153,8626.11,1,0
2026-06-09,P1091,0.1824,10301.63,1,0
2026-06-10,P1091,0.1552,10643.92,1,1
2026-06-11,P1091,0.3304,8436.03,1,0
2026-06-12,P1091,0.2135,9909.42,1,1
2026-06-13,P1091,0.2635,9279.49,1,0
2026-06-14,P1091,0.0282,12244.5,0,0
2026-06-15,P1091,0.0461,12018.7,0,1
2026-06-16,P1091,0.0773,11625.64,0,0
2026-06-17,P1091,0.0627,11809.13,0,1
2026-06-18,P1091,0.0889,11479.29,0,0
2026-06-19,P1091,0.0754,11649.79,0,0
2026-06-20,P1091,0.0657,11771.73,0,1
2026-06-21,P1091,0.0461,12018.65,0,0
2026-06-22,P1091,0.0426,12062.17,0,2
2026-06-23,P1091,0.2559,9375.2,1,0
2026-06-24,P1091,0.292,8920.8,1,0
2026-06-25,P1091,0.2041,10027.3,1,1
2026-06-26,P1091,0.3029,8783.45,1,2
2026-06-27,P1091,0.3388,8330.2,1,0
2026-06-28,P1091,0.248,9475.08,1,0
2026-06-29,P1091,0.2036,10034.32,1,0
2026-06-30,P1091,0.373,7899.3,1,0
2026-07-01,P1091,0.2315,9681.98,1,0
2026-07-02,P1091,0.0773,11625.36,0,0
2026-07-03,P1091,0.0769,11630.19,0,0
2026-07-04,P1091,0.0578,11870.63,0,0
2026-07-05,P1091,0.0657,11771.56,0,0
2026-07-06,P1091,0.0451,12030.68,0,0
2026-07-07,P1091,0.0633,11802.11,0,0
2026-07-08,P1091,0.0717,11695.34,0,0
2026-07-09,P1091,0.0628,11807.96,0,0
2026-07-10,P1091,0.064,11792.82,0,0
2026-07-11,P1091,0.0513,11953.43,0,0
2026-07-12,P1091,0.0461,12018.07,0,1
2026-07-13,P1091,0.0334,12178.66,0,0
2026-07-14,P1091,0.0402,12093.17,0,0
