data/DailyScrapeLog.csv
ScrapingDate,ProductID,DiscountPercentage,SellingPrice,IsPromotional,UnitsSold
2026-03-17,P1092,0.0996,9384.08,0,0
2026-03-18,P1092,0.1179,9193.17,0,1
2026-03-19,P1092,0.0888,9496.92,0,0
2026-03-20,P1092,0.0977,9404.12,0,3
2026-03-21,P1092,0.0936,9446.14,0,0
2026-03-22,P1092,0.1288,9079.37,0,0
2026-03-23,P1092,0.0987,9393.55,0,1
2026-03-24,P1092,0.0958,9423.15,0,0
2026-03-25,P1092,0.1186,9186.03,0,0
2026-03-26,P1092,0.1037,9340.8,0,0
2026-03-27,P1092,0.1187,9184.94,0,1
2026-03-28,P1092,0.0885,9499.68,0,1
2026-03-29,P1092,0.1086,9290.52,0,0
2026-03-30,P1092,0.1382,8982.11,0,0
2026-03-31,P1092,0.1017,9362.24,0,2
2026-04-01,P1092,0.1115,9259.54,0,1
2026-04-02,P1092,0.1021,9358.36,0,1
2026-04-03,P1092,0.0982,9398.55,0,0
2026-04-04,P1092,0.1082,9294.08,0,0
2026-04-05,P1092,0.114,9233.6,0,0
2026-04-06,P1092,0.0983,9397.91,0,0
2026-04-07,P1092,0.105,9327.3,0,0
2026-04-08,P1092,0.1016,9362.73,0,2
2026-04-09,P1092,0.0915,9468.16,0,0
2026-04-10,P1092,0.139,8973.22,0,0
2026-04-11,P1092,0.1384,8979.36,0,0
2026-04-12,P1092,0.0909,9474.74,0,0
2026-04-13,P1092,0.1168,9204.63,0,1
2026-04-14,P1092,0.3143,7146.46,1,1
2026-04-15,P1092,0.3032,7261.51,1,0
2026-04-16,P1092,0.3867,6391.9,1,0
2026-04-17,P1092,0.3046,7247.83,1,0
2026-04-18,P1092,0.3748,6515.46,1,2
2026-04-19,P1092,0.3175,7113.03,1,1
2026-04-20,P1092,0.3052,7240.9,1,1
2026-04-21,P1092,0.1066,9311.16,0,1
2026-04-22,P1092,0.1034,9344.53,0,0
2026-04-23,P1092,0.1249,9119.91,0,1
2026-04-24,P1092,0.1038,9340.2,0,1
2026-04-25,P1092,0.1211,9159.6,0,1
2026-04-26,P1092,0.1175,9197.71,0,0
2026-04-27,P1092,0.1298,9069.22,0,1
2026-04-28,P1092,0.0876,9508.6,0,0
2026-04-29,P1092,0.0822,9565.51,0,0
